 num     #instances         #bytes  class name (module)
-------------------------------------------------------
   1:        179567       52562040  [B (java.base@17.0.13)
   2:        163843        3932232  java.lang.String (java.base@17.0.13)
   3:        101558        3249856  java.util.concurrent.ConcurrentHashMap$Node (java.base@17.0.13)
   4:         29597        2448032  [Ljava.lang.Object; (java.base@17.0.13)
   5:         20174        2383744  java.lang.Class (java.base@17.0.13)
   6:         64914        2077248  java.util.HashMap$Node (java.base@17.0.13)
   7:         23307        1836768  [Ljava.util.HashMap$Node; (java.base@17.0.13)
   8:         12071        1605544  [I (java.base@17.0.13)
   9:         38764        1550560  java.util.LinkedHashMap$Entry (java.base@17.0.13)
  10:           441        1348608  [C (java.base@17.0.13)
  11:         17623         986888  java.util.LinkedHashMap (java.base@17.0.13)
  12:           979         954256  [Ljava.util.concurrent.ConcurrentHashMap$Node; (java.base@17.0.13)
  13:         44313         709008  java.lang.Object (java.base@17.0.13)
  14:         10403         499344  java.util.HashMap (java.base@17.0.13)
  15:          5081         447128  java.lang.reflect.Method (java.base@17.0.13)
  16:         17443         418632  java.util.ArrayList (java.base@17.0.13)
  17:          6547         314256  java.lang.invoke.MemberName (java.base@17.0.13)
  18:         12448         298752  io.micrometer.core.instrument.ImmutableTag
  19:            52         265664  [S (java.base@17.0.13)
  20:          5290         211600  java.lang.ref.SoftReference (java.base@17.0.13)
  21:          5180         207200  java.lang.invoke.MethodType (java.base@17.0.13)
  22:          7166         192912  [Ljava.lang.Class; (java.base@17.0.13)
  23:          3439         192584  org.springframework.core.ResolvableType
  24:          4792         191680  io.micrometer.core.instrument.Meter$Id
  25:          5940         190080  org.apache.kafka.common.message.ApiVersionsResponseData$ApiVersion
  26:          3955         189840  org.apache.kafka.common.metrics.stats.SampledStat$Sample
  27:          5865         187680  java.lang.ref.WeakReference (java.base@17.0.13)
  28:          2467         172480  [Ljava.lang.String; (java.base@17.0.13)
  29:          5188         166016  java.lang.invoke.MethodType$ConcurrentWeakInternSet$WeakEntry (java.base@17.0.13)
  30:          5030         160960  org.apache.kafka.common.MetricName
  31:          4974         159168  org.apache.kafka.common.metrics.KafkaMetric
  32:            96         157896  [Ljava.nio.ByteBuffer; (java.base@17.0.13)
  33:          4707         152824  [Lio.micrometer.core.instrument.Tag;
  34:          4674         149568  java.util.Collections$UnmodifiableMap (java.base@17.0.13)
  35:          2082         133248  org.apache.kafka.common.metrics.Sensor
  36:          1987         127168  java.util.concurrent.ConcurrentHashMap (java.base@17.0.13)
  37:           647         124224  org.springframework.context.annotation.ConfigurationClassBeanDefinitionReader$ConfigurationClassBeanDefinition
  38:          4707         112968  io.micrometer.core.instrument.Tags
  39:          4567         109608  io.micrometer.core.instrument.binder.kafka.KafkaMetrics$$Lambda$2315/0x0000000100c1a238
  40:          4485         107640  java.lang.invoke.ResolvedMethodName (java.base@17.0.13)
  41:          3905          93720  java.time.Instant (java.base@17.0.13)
  42:          3848          92352  org.apache.kafka.common.telemetry.internals.MetricKey
  43:           510          89760  org.springframework.beans.factory.support.RootBeanDefinition
  44:          1221          87912  java.lang.reflect.Constructor (java.base@17.0.13)
  45:          2735          87520  org.apache.kafka.common.protocol.types.Field
  46:          5302          84832  java.util.HashMap$EntrySet (java.base@17.0.13)
  47:          3430          82320  org.apache.kafka.common.metrics.Sensor$StatAndConfig
  48:          5058          80928  java.util.LinkedHashMap$LinkedEntrySet (java.base@17.0.13)
  49:          1986          79440  sun.util.locale.LocaleObjectCache$CacheEntry (java.base@17.0.13)
  50:          3263          78312  sun.reflect.generics.tree.SimpleClassTypeSignature (java.base@17.0.13)
  51:          1932          77280  java.security.cert.TrustAnchor (java.base@17.0.13)
  52:          1379          77224  org.springframework.core.annotation.TypeMappedAnnotation
  53:          3149          75576  org.apache.kafka.common.protocol.types.BoundField
  54:          2332          74624  java.util.concurrent.locks.ReentrantLock$NonfairSync (java.base@17.0.13)
  55:          3005          72120  io.micrometer.core.instrument.internal.DefaultGauge
  56:          2247          71904  java.lang.invoke.DirectMethodHandle (java.base@17.0.13)
  57:          2969          71256  java.lang.ProcessEnvironment$Value (java.base@17.0.13)
  58:          2969          71256  java.lang.ProcessEnvironment$Variable (java.base@17.0.13)
  59:          1024          65536  io.netty.channel.epoll.NativeDatagramPacketArray$NativeDatagramPacket
  60:          1610          64400  java.lang.invoke.DirectMethodHandle$Constructor (java.base@17.0.13)
  61:          1356          64048  [Lorg.springframework.boot.context.properties.source.ConfigurationPropertyName$ElementType;
  62:          1596          63840  java.util.TreeMap$Entry (java.base@17.0.13)
  63:           976          62464  org.springframework.core.MethodParameter
  64:           862          62064  io.netty.buffer.PoolSubpage
  65:          3263          60800  [Lsun.reflect.generics.tree.TypeArgument; (java.base@17.0.13)
  66:          1889          60448  sun.security.util.ObjectIdentifier (java.base@17.0.13)
  67:          1434          57144  [Ljava.lang.CharSequence; (java.base@17.0.13)
  68:          1171          56208  ch.qos.logback.classic.Logger
  69:          1355          54200  org.springframework.boot.context.properties.source.ConfigurationPropertyName$Elements
  70:          3332          53312  java.util.LinkedHashSet (java.base@17.0.13)
  71:          2203          52872  java.util.concurrent.ConcurrentLinkedDeque$Node (java.base@17.0.13)
  72:          1649          52768  io.micrometer.core.instrument.cumulative.CumulativeFunctionCounter
  73:          1099          52752  org.springframework.util.ConcurrentReferenceHashMap$SoftEntryReference
  74:           722          51984  java.lang.reflect.Field (java.base@17.0.13)
  75:          2162          51888  java.util.concurrent.CopyOnWriteArrayList (java.base@17.0.13)
  76:          3193          51088  sun.reflect.generics.tree.ClassTypeSignature (java.base@17.0.13)
  77:          2096          50304  sun.reflect.annotation.AnnotationInvocationHandler (java.base@17.0.13)
  78:           743          48376  [J (java.base@17.0.13)
  79:          1196          47840  sun.security.util.DerInputStream (java.base@17.0.13)
  80:           592          44992  [Ljava.lang.ref.SoftReference; (java.base@17.0.13)
  81:          1863          44712  javax.management.ObjectName$Property (java.management@17.0.13)
  82:          2728          43648  java.util.LinkedHashMap$LinkedKeySet (java.base@17.0.13)
  83:          1812          43488  java.lang.Class$AnnotationData (java.base@17.0.13)
  84:          1355          43360  org.springframework.boot.context.properties.source.ConfigurationPropertyName
  85:          1348          43136  java.lang.ref.ReferenceQueue (java.base@17.0.13)
  86:          1336          42752  org.apache.kafka.common.metrics.stats.Meter
  87:          1758          42192  com.fasterxml.jackson.databind.type.ClassKey
  88:          1393          40896  [Ljavax.management.ObjectName$Property; (java.management@17.0.13)
  89:          1239          39648  java.lang.invoke.LambdaForm$Name (java.base@17.0.13)
  90:           375          39360  [Z (java.base@17.0.13)
  91:          1647          38920  [Ljava.lang.reflect.Type; (java.base@17.0.13)
  92:          1196          38272  sun.security.util.DerValue (java.base@17.0.13)
  93:          1195          38240  java.lang.invoke.BoundMethodHandle$Species_L (java.base@17.0.13)
  94:           956          38240  java.math.BigInteger (java.base@17.0.13)
  95:          1584          38016  org.springframework.cloud.config.client.ConfigServicePropertySourceLocator$ConfigServiceOrigin
  96:          1562          37488  org.apache.kafka.common.metrics.stats.CumulativeSum
  97:           928          37120  java.lang.Package$VersionInfo (java.base@17.0.13)
  98:           511          36792  org.springframework.beans.factory.support.ConstructorResolver$ConstructorDependencyDescriptor
  99:          2230          35680  java.util.LinkedHashMap$LinkedValues (java.base@17.0.13)
 100:           739          35472  java.util.TreeMap (java.base@17.0.13)
 101:          1472          35328  org.apache.kafka.common.metrics.stats.Rate
 102:           848          33920  org.springframework.util.ConcurrentReferenceHashMap$Segment
 103:          2082          33856  [Lorg.apache.kafka.common.metrics.Sensor;
 104:          1056          33792  java.lang.Package (java.base@17.0.13)
 105:           848          33592  [Lorg.springframework.util.ConcurrentReferenceHashMap$Reference;
 106:          2094          33504  org.apache.kafka.common.metrics.Sensor$$Lambda$1848/0x0000000100aca608
 107:          2039          32624  java.lang.Integer (java.base@17.0.13)
 108:          1011          32352  sun.util.locale.BaseLocale (java.base@17.0.13)
 109:           992          31744  sun.util.locale.BaseLocale$Key (java.base@17.0.13)
 110:          1295          31080  org.apache.commons.logging.LogAdapter$Slf4jLocationAwareLog
 111:           640          30720  io.netty.util.internal.shaded.org.jctools.queues.unpadded.MpscUnpaddedArrayQueue
 112:          1278          30672  org.springframework.beans.factory.annotation.InjectionMetadata
 113:          1269          30456  java.util.LinkedList$Node (java.base@17.0.13)
 114:            19          29968  [Lorg.apache.kafka.common.utils.ImplicitLinkedHashCollection$Element;
 115:          1045          29592  [Lorg.apache.kafka.common.Node;
 116:           337          29168  [Ljava.util.WeakHashMap$Entry; (java.base@17.0.13)
 117:           904          28928  org.apache.kafka.common.metrics.stats.WindowedSum
 118:          1196          28704  [Lsun.security.x509.AVA; (java.base@17.0.13)
 119:          1196          28704  sun.security.x509.AVA (java.base@17.0.13)
 120:          1196          28704  sun.security.x509.RDN (java.base@17.0.13)
 121:           393          28296  com.dynatrace.agent.measures.jmx.MBeanAttributeSubscription
 122:            32          28288  [Lio.netty.buffer.PoolSubpage;
 123:           847          27832  [Lorg.apache.kafka.common.protocol.types.BoundField;
 124:          1143          27432  org.apache.kafka.common.TopicPartition
 125:           847          27104  org.apache.kafka.common.protocol.types.Schema
 126:           661          26440  org.springframework.core.type.classreading.SimpleMethodMetadata
 127:           792          25344  org.apache.kafka.common.metrics.stats.Avg
 128:          1045          25080  org.springframework.boot.origin.OriginTrackedValue
 129:          1029          24696  java.util.concurrent.ConcurrentLinkedDeque (java.base@17.0.13)
 130:          1016          24384  java.lang.Double (java.base@17.0.13)
 131:           380          24320  java.net.URL (java.base@17.0.13)
 132:           215          24080  org.springframework.beans.factory.annotation.AnnotatedGenericBeanDefinition
 133:           745          23840  org.springframework.core.SerializableTypeWrapper$MethodParameterTypeProvider
 134:            40          23360  io.netty.util.internal.shaded.org.jctools.queues.MpscChunkedArrayQueue
 135:          1436          22976  java.util.concurrent.locks.ReentrantLock (java.base@17.0.13)
 136:          1425          22800  java.util.concurrent.CopyOnWriteArraySet (java.base@17.0.13)
 137:           712          22784  org.apache.kafka.common.MetricNameTemplate
 138:           942          22608  org.springframework.core.convert.converter.GenericConverter$ConvertiblePair
 139:           939          22536  sun.reflect.generics.factory.CoreReflectionFactory (java.base@17.0.13)
 140:          1405          22480  org.springframework.beans.factory.support.MethodOverrides
 141:           697          22304  javax.management.ObjectName (java.management@17.0.13)
 142:           960          22272  [Lorg.springframework.core.ResolvableType;
 143:           688          22016  sun.reflect.generics.repository.ClassRepository (java.base@17.0.13)
 144:           208          21632  java.util.jar.JarFile$JarFileEntry (java.base@17.0.13)
 145:          1351          21616  java.lang.ref.ReferenceQueue$Lock (java.base@17.0.13)
 146:          1338          21408  java.util.HashSet (java.base@17.0.13)
 147:           535          21400  java.lang.invoke.BoundMethodHandle$Species_LL (java.base@17.0.13)
 148:          1336          21376  org.apache.kafka.common.metrics.Sensor$$Lambda$1847/0x0000000100ac9fc8
 149:           444          21312  jdk.internal.ref.CleanerImpl$PhantomCleanableRef (java.base@17.0.13)
 150:           661          21152  org.springframework.core.type.classreading.SimpleMethodMetadataReadingVisitor$Source
 151:           327          20928  org.apache.kafka.common.config.ConfigDef$ConfigKey
 152:           648          20736  org.apache.kafka.common.metrics.stats.Max
 153:           854          20496  sun.reflect.generics.reflectiveObjects.ParameterizedTypeImpl (java.base@17.0.13)
 154:           848          20352  org.springframework.util.ConcurrentReferenceHashMap$ReferenceManager
 155:           624          19968  io.netty.buffer.PoolThreadCache$SubPageMemoryRegionCache
 156:          1244          19904  org.springframework.core.ResolvableType$DefaultVariableResolver
 157:            97          19576  [Ljava.lang.invoke.MethodHandle; (java.base@17.0.13)
 158:           603          19296  java.util.LinkedList (java.base@17.0.13)
 159:           801          19224  org.springframework.boot.autoconfigure.condition.ConditionEvaluationReport$ConditionAndOutcome
 160:           801          19224  org.springframework.boot.autoconfigure.condition.ConditionOutcome
 161:           338          18928  sun.security.ssl.CipherSuite (java.base@17.0.13)
 162:           568          18176  org.apache.kafka.common.metrics.stats.WindowedCount
 163:           131          17816  sun.nio.fs.UnixFileAttributes (java.base@17.0.13)
 164:           444          17760  java.util.WeakHashMap$Entry (java.base@17.0.13)
 165:           734          17616  java.lang.module.ModuleDescriptor$Exports (java.base@17.0.13)
 166:          1097          17552  java.util.concurrent.atomic.AtomicInteger (java.base@17.0.13)
 167:           933          17408  [Lsun.reflect.generics.tree.FormalTypeParameter; (java.base@17.0.13)
 168:           355          17240  [Ljava.lang.invoke.LambdaForm$Name; (java.base@17.0.13)
 169:           795          17112  [Lsun.reflect.generics.tree.FieldTypeSignature; (java.base@17.0.13)
 170:           640          17104  [Lorg.springframework.core.annotation.AnnotationTypeMappings;
 171:           710          17040  java.util.Arrays$ArrayList (java.base@17.0.13)
 172:           705          16920  sun.reflect.generics.scope.ClassScope (java.base@17.0.13)
 173:           350          16800  java.lang.invoke.LambdaForm (java.base@17.0.13)
 174:           623          16632  [Lorg.springframework.core.annotation.MergedAnnotation;
 175:           692          16608  org.springframework.beans.factory.config.BeanDefinitionHolder
 176:           688          16512  sun.reflect.generics.tree.ClassSignature (java.base@17.0.13)
 177:           677          16248  org.apache.kafka.common.utils.LogContext$LocationAwareKafkaLogger
 178:           337          16176  sun.security.x509.X500Name (java.base@17.0.13)
 179:           673          16152  java.security.Provider$ServiceKey (java.base@17.0.13)
 180:           672          16128  org.springframework.boot.origin.OriginTrackedValue$OriginTrackedCharSequence
 181:           249          15936  java.security.Provider$Service (java.base@17.0.13)
 182:           653          15672  org.springframework.beans.MutablePropertyValues
 183:           962          15392  org.springframework.core.convert.support.GenericConversionService$ConvertersForPair
 184:           641          15384  java.util.Collections$UnmodifiableRandomAccessList (java.base@17.0.13)
 185:           468          14976  jdk.internal.reflect.NativeConstructorAccessorImpl (java.base@17.0.13)
 186:           623          14952  org.springframework.core.annotation.MergedAnnotationsCollection
 187:           602          14448  java.lang.invoke.LambdaForm$NamedFunction (java.base@17.0.13)
 188:           449          14368  java.lang.ThreadLocal$ThreadLocalMap$Entry (java.base@17.0.13)
 189:           688          14240  [Lsun.reflect.generics.tree.ClassTypeSignature; (java.base@17.0.13)
 190:           443          14176  jdk.internal.reflect.NativeMethodAccessorImpl (java.base@17.0.13)
 191:           588          14112  org.springframework.beans.BeanMetadataAttribute
 192:           159          13992  java.util.regex.Pattern (java.base@17.0.13)
 193:           348          13920  org.apache.kafka.common.PartitionInfo
 194:           348          13920  org.apache.kafka.common.requests.MetadataResponse$PartitionMetadata
 195:           434          13888  org.apache.kafka.common.protocol.types.Field$TaggedFieldsSection
 196:           374          13616  [Lorg.apache.kafka.common.protocol.types.Schema;
 197:           282          13536  java.util.WeakHashMap (java.base@17.0.13)
 198:           211          13504  java.util.zip.Inflater (java.base@17.0.13)
 199:           140          13440  org.apache.kafka.clients.ClusterConnectionStates$NodeConnectionState
 200:           836          13376  java.util.Optional (java.base@17.0.13)
 201:           167          13360  com.fasterxml.jackson.databind.util.internal.PrivateMaxEntriesMap
 202:           165          13200  java.net.URI (java.base@17.0.13)
 203:           164          13120  sun.security.x509.X509CertImpl (java.base@17.0.13)
 204:           406          12992  org.springframework.core.convert.support.GenericConversionService$ConverterAdapter
 205:           801          12816  org.springframework.boot.autoconfigure.condition.ConditionMessage
 206:           532          12768  java.util.concurrent.atomic.AtomicLong (java.base@17.0.13)
 207:           199          12736  java.nio.DirectByteBuffer (java.base@17.0.13)
 208:           397          12704  sun.reflect.generics.reflectiveObjects.TypeVariableImpl (java.base@17.0.13)
 209:           521          12504  java.lang.Long (java.base@17.0.13)
 210:           381          12192  java.lang.invoke.MethodTypeForm (java.base@17.0.13)
 211:           215          12040  org.springframework.core.type.classreading.SimpleAnnotationMetadata
 212:           492          11808  sun.security.x509.AlgorithmId (java.base@17.0.13)
 213:           489          11736  java.util.ImmutableCollections$List12 (java.base@17.0.13)
 214:           483          11592  java.util.ImmutableCollections$Set12 (java.base@17.0.13)
 215:           161          11592  org.springframework.core.annotation.AnnotationTypeMapping
 216:           479          11496  com.sun.jmx.mbeanserver.NamedObject (java.management@17.0.13)
 217:           204          11424  com.dynatrace.agent.util.json.JSONObject
 218:           234          11232  sun.security.util.MemoryCache$SoftCacheEntry (java.base@17.0.13)
 219:           337          11224  [Lsun.security.x509.RDN; (java.base@17.0.13)
 220:           341          10912  jdk.internal.math.FDBigInteger (java.base@17.0.13)
 221:           448          10752  java.util.ArrayDeque (java.base@17.0.13)
 222:           131          10480  java.util.zip.ZipFile$Source (java.base@17.0.13)
 223:           187          10472  java.nio.HeapByteBuffer (java.base@17.0.13)
 224:           324          10368  java.util.RegularEnumSet (java.base@17.0.13)
 225:           647          10352  org.springframework.boot.autoconfigure.condition.ConditionEvaluationReport$ConditionAndOutcomes
 226:            28          10304  java.lang.Thread (java.base@17.0.13)
 227:           426          10224  org.apache.kafka.common.metrics.JmxReporter$KafkaMbean
 228:           211          10128  java.util.logging.LogManager$LoggerWeakRef (java.logging@17.0.13)
 229:           312           9984  com.fasterxml.jackson.databind.util.internal.PrivateMaxEntriesMap$Node
 230:           249           9960  java.lang.invoke.MethodHandleImpl$AsVarargsCollector (java.base@17.0.13)
 231:           260           9752  [Ljava.lang.reflect.Method; (java.base@17.0.13)
 232:           403           9672  java.util.regex.Pattern$BmpCharProperty (java.base@17.0.13)
 233:           301           9632  java.lang.module.ModuleDescriptor$Requires (java.base@17.0.13)
 234:           399           9576  sun.reflect.generics.tree.FormalTypeParameter (java.base@17.0.13)
 235:            34           9520  java.util.concurrent.atomic.Striped64$Cell (java.base@17.0.13)
 236:           237           9480  org.apache.kafka.common.Node
 237:           582           9312  java.util.Collections$UnmodifiableSet (java.base@17.0.13)
 238:           384           9216  io.netty.buffer.IntPriorityQueue
 239:            16           9216  io.netty.util.internal.shaded.org.jctools.queues.MpscUnboundedArrayQueue
 240:           230           9200  sun.reflect.generics.repository.MethodRepository (java.base@17.0.13)
 241:           164           9184  sun.security.x509.X509CertInfo (java.base@17.0.13)
 242:           226           9040  java.security.CodeSource (java.base@17.0.13)
 243:           160           8960  java.lang.Module (java.base@17.0.13)
 244:            39           8816  [D (java.base@17.0.13)
 245:           183           8784  org.springframework.core.annotation.TypeMappedAnnotations
 246:           472           8592  [Ljava.lang.annotation.Annotation; (java.base@17.0.13)
 247:           134           8576  java.lang.module.ModuleDescriptor (java.base@17.0.13)
 248:           262           8384  sun.security.util.KnownOIDs (java.base@17.0.13)
 249:           516           8256  jdk.internal.reflect.DelegatingConstructorAccessorImpl (java.base@17.0.13)
 250:            30           8160  [Lcom.dynatrace.agent.states.SensorState;
 251:           203           8120  java.security.ProtectionDomain (java.base@17.0.13)
 252:           334           8016  java.util.Date (java.base@17.0.13)
 253:           328           7872  org.apache.kafka.common.protocol.types.CompactArrayOf
 254:           324           7864  [Ljava.lang.reflect.TypeVariable; (java.base@17.0.13)
 255:           245           7840  sun.reflect.generics.tree.MethodTypeSignature (java.base@17.0.13)
 256:           325           7800  org.apache.kafka.common.protocol.types.ArrayOf
 257:           483           7728  jdk.internal.reflect.DelegatingMethodAccessorImpl (java.base@17.0.13)
 258:           476           7616  java.util.concurrent.atomic.AtomicReference (java.base@17.0.13)
 259:           237           7584  org.springframework.boot.context.properties.source.ConfigurationProperty
 260:           312           7488  com.fasterxml.jackson.databind.util.internal.PrivateMaxEntriesMap$WeightedValue
 261:           133           7448  java.io.FileCleanable (java.base@17.0.13)
 262:           132           7392  jdk.internal.module.ModuleReferenceImpl (java.base@17.0.13)
 263:           184           7360  java.io.FileDescriptor (java.base@17.0.13)
 264:           131           7336  java.util.jar.JarFile (java.base@17.0.13)
 265:            51           7224  [Ljava.lang.ClassValue$Entry; (java.base@17.0.13)
 266:            63           7216  [Ljava.lang.ThreadLocal$ThreadLocalMap$Entry; (java.base@17.0.13)
 267:           223           7136  java.net.InetAddress$InetAddressHolder (java.base@17.0.13)
 268:           294           7056  java.util.concurrent.ConcurrentLinkedQueue$Node (java.base@17.0.13)
 269:            88           7040  jdk.internal.reflect.DelegatingClassLoader (java.base@17.0.13)
 270:           283           7000  [Lcom.fasterxml.jackson.databind.JavaType;
 271:           218           6976  io.netty.util.AsciiString
 272:           290           6960  java.util.Collections$SetFromMap (java.base@17.0.13)
 273:           434           6944  org.apache.kafka.common.protocol.types.TaggedFields
 274:           288           6912  java.util.ImmutableCollections$SetN (java.base@17.0.13)
 275:           171           6840  com.fasterxml.jackson.databind.introspect.AnnotatedMethod
 276:           212           6784  jdk.internal.reflect.UnsafeStaticBooleanFieldAccessorImpl (java.base@17.0.13)
 277:           211           6752  java.util.zip.Inflater$InflaterZStreamRef (java.base@17.0.13)
 278:           208           6656  java.util.zip.ZipFile$CleanableResource (java.base@17.0.13)
 279:           160           6400  java.lang.invoke.BoundMethodHandle$Species_LJ (java.base@17.0.13)
 280:           159           6360  java.lang.invoke.DirectMethodHandle$Special (java.base@17.0.13)
 281:           262           6288  java.util.concurrent.ConcurrentLinkedQueue (java.base@17.0.13)
 282:           262           6288  jdk.internal.loader.AbstractClassLoaderValue$Sub (java.base@17.0.13)
 283:           131           6288  jdk.internal.loader.URLClassPath$JarLoader (java.base@17.0.13)
 284:           257           6168  javax.management.ImmutableDescriptor (java.management@17.0.13)
 285:           154           6160  java.lang.invoke.DirectMethodHandle$Interface (java.base@17.0.13)
 286:           192           6144  java.util.logging.LogManager$LogNode (java.logging@17.0.13)
 287:           245           6072  [Lsun.reflect.generics.tree.TypeSignature; (java.base@17.0.13)
 288:            42           6048  [Lcom.fasterxml.jackson.core.sym.CharsToNameCanonicalizer$Bucket;
 289:           149           5960  io.netty.buffer.PoolThreadCache$MemoryRegionCache$Entry
 290:           124           5952  org.apache.kafka.common.utils.ExponentialBackoff
 291:           248           5952  org.springframework.boot.autoconfigure.condition.OnBeanCondition
 292:           148           5920  java.lang.WeakPairMap$Pair$Weak (java.base@17.0.13)
 293:           185           5920  java.util.Collections$SynchronizedMap (java.base@17.0.13)
 294:           181           5792  java.io.File (java.base@17.0.13)
 295:           241           5784  java.security.Provider$UString (java.base@17.0.13)
 296:           241           5784  org.springframework.boot.origin.PropertySourceOrigin
 297:           120           5760  io.netty.buffer.PoolChunkList
 298:           180           5760  org.springframework.http.MediaType
 299:           120           5760  sun.security.rsa.RSAPublicKeyImpl (java.base@17.0.13)
 300:           178           5696  com.dynatrace.agent.measures.jmx.MBeanSubscription
 301:           178           5696  com.dynatrace.agent.measures.jmx.ObjectNameQuery
 302:            77           5544  sun.net.www.protocol.jar.URLJarFile (java.base@17.0.13)
 303:           230           5520  sun.reflect.generics.scope.MethodScope (java.base@17.0.13)
 304:           343           5488  java.util.HashMap$KeySet (java.base@17.0.13)
 305:            98           5488  java.util.logging.Logger (java.logging@17.0.13)
 306:           340           5440  jdk.proxy2.$Proxy52 (jdk.proxy2)
 307:           170           5440  org.springframework.core.type.StandardAnnotationMetadata
 308:           336           5376  java.util.concurrent.atomic.AtomicLongArray (java.base@17.0.13)
 309:            82           5248  com.fasterxml.jackson.databind.cfg.BaseSettings
 310:           328           5248  sun.reflect.generics.tree.TypeVariableSignature (java.base@17.0.13)
 311:             8           5184  org.apache.kafka.streams.processor.internals.StreamThread
 312:           161           5152  sun.security.pkcs11.SunPKCS11$Descriptor (jdk.crypto.cryptoki@17.0.13)
 313:           161           5152  sun.security.x509.BasicConstraintsExtension (java.base@17.0.13)
 314:           160           5120  sun.security.x509.SubjectKeyIdentifierExtension (java.base@17.0.13)
 315:           212           5088  com.dynatrace.agent.config.wiring.ReflectiveFieldWiring$BooleanFieldHandler
 316:           212           5088  java.util.regex.Pattern$$Lambda$6/0x000000010001d600 (java.base@17.0.13)
 317:           106           5088  org.apache.tomcat.util.buf.ByteChunk
 318:            21           5072  [Lorg.springframework.boot.context.properties.source.ConfigurationPropertyName;
 319:           158           5056  com.sun.jmx.mbeanserver.ConvertingMethod (java.management@17.0.13)
 320:           158           5056  sun.security.x509.KeyUsageExtension (java.base@17.0.13)
 321:            45           5040  org.springframework.beans.GenericTypeAwarePropertyDescriptor
 322:            45           5040  sun.nio.ch.SocketChannelImpl (java.base@17.0.13)
 323:           157           5024  org.springframework.core.io.ClassPathResource
 324:           101           4848  com.fasterxml.jackson.databind.type.SimpleType
 325:           201           4824  org.hibernate.validator.internal.engine.constraintvalidation.ClassBasedValidatorDescriptor
 326:           148           4736  java.lang.WeakPairMap$Pair$Weak$1 (java.base@17.0.13)
 327:           117           4680  java.security.AccessControlContext (java.base@17.0.13)
 328:            96           4664  [Ljava.security.ProtectionDomain; (java.base@17.0.13)
 329:           193           4632  java.net.Inet4Address (java.base@17.0.13)
 330:            96           4608  org.apache.tomcat.util.buf.CharChunk
 331:            82           4592  org.springframework.boot.context.config.ConfigDataEnvironmentContributor
 332:           142           4544  com.fasterxml.jackson.databind.type.TypeBindings
 333:            12           4512  org.apache.kafka.common.utils.KafkaThread
 334:            94           4512  org.apache.tomcat.util.buf.MessageBytes
 335:            12           4512  org.apache.tomcat.util.threads.TaskThread
 336:           187           4488  jdk.internal.module.ServicesCatalog$ServiceProvider (java.base@17.0.13)
 337:           174           4432  [Lorg.springframework.core.annotation.AnnotationTypeMapping$MirrorSets$MirrorSet;
 338:           274           4384  java.util.concurrent.atomic.AtomicReferenceArray (java.base@17.0.13)
 339:           272           4352  com.fasterxml.jackson.databind.introspect.AnnotationMap
 340:            67           4288  sun.security.ssl.SSLExtension (java.base@17.0.13)
 341:           178           4272  org.springframework.boot.autoconfigure.condition.OnClassCondition
 342:            53           4240  [Lorg.springframework.util.ConcurrentReferenceHashMap$Segment;
 343:            75           4200  com.fasterxml.jackson.databind.type.CollectionType
 344:           131           4192  java.io.RandomAccessFile (java.base@17.0.13)
 345:           131           4192  sun.nio.fs.UnixFileKey (java.base@17.0.13)
 346:           104           4160  java.lang.invoke.DirectMethodHandle$Accessor (java.base@17.0.13)
 347:             8           4160  org.apache.kafka.clients.consumer.internals.AbstractCoordinator$HeartbeatThread
 348:           259           4144  java.lang.Short (java.base@17.0.13)
 349:           161           4128  [Lorg.springframework.core.annotation.AnnotationTypeMapping;
 350:             1           4112  [Lio.netty.channel.epoll.NativeDatagramPacketArray$NativeDatagramPacket;
 351:           128           4096  io.netty.handler.codec.CodecOutputList
 352:           256           4096  java.lang.Byte (java.base@17.0.13)
 353:           102           4080  java.io.FilePermission (java.base@17.0.13)
 354:           169           4056  java.util.regex.Pattern$GroupHead (java.base@17.0.13)
 355:           169           4056  java.util.regex.Pattern$GroupTail (java.base@17.0.13)
 356:            42           4032  com.fasterxml.jackson.databind.DeserializationConfig
 357:           168           4032  java.beans.MethodRef (java.desktop@17.0.13)
 358:            72           4032  java.lang.invoke.BoundMethodHandle$Species_LLLLLLL (java.base@17.0.13)
 359:            63           4032  org.springframework.util.LinkedCaseInsensitiveMap$1
 360:             8           4032  reactor.netty.resources.DefaultLoopResources$EventLoop
 361:           167           4008  com.fasterxml.jackson.databind.util.LRUMap
 362:           167           4008  com.fasterxml.jackson.databind.util.internal.LinkedDeque
 363:           167           4008  java.util.Collections$SingletonList (java.base@17.0.13)
 364:           167           4008  java.util.concurrent.ConcurrentHashMap$KeySetView (java.base@17.0.13)
 365:           124           3968  sun.nio.fs.UnixPath (java.base@17.0.13)
 366:           124           3968  sun.reflect.annotation.AnnotationType (java.base@17.0.13)
 367:            99           3960  java.util.logging.Logger$ConfigurationData (java.logging@17.0.13)
 368:            45           3960  org.apache.kafka.common.network.KafkaChannel
 369:           164           3936  sun.security.util.BitArray (java.base@17.0.13)
 370:           164           3936  sun.security.util.Cache$EqualByteArray (java.base@17.0.13)
 371:           164           3936  sun.security.x509.CertificateValidity (java.base@17.0.13)
 372:           162           3888  sun.security.x509.CertificateExtensions (java.base@17.0.13)
 373:           121           3872  org.apache.kafka.common.protocol.Errors
 374:           161           3864  org.springframework.core.annotation.AnnotationTypeMapping$MirrorSets
 375:           160           3840  org.apache.kafka.common.metrics.stats.CumulativeCount
 376:           120           3840  org.springframework.format.support.FormattingConversionService$AnnotationParserConverter
 377:           120           3840  org.springframework.format.support.FormattingConversionService$AnnotationPrinterConverter
 378:            94           3760  jdk.internal.ref.Cleaner (java.base@17.0.13)
 379:           156           3744  java.util.AbstractMap$SimpleImmutableEntry (java.base@17.0.13)
 380:           156           3744  java.util.regex.Pattern$Slice (java.base@17.0.13)
 381:            42           3696  com.fasterxml.jackson.databind.SerializationConfig
 382:            91           3640  java.io.ObjectStreamField (java.base@17.0.13)
 383:            75           3600  org.apache.kafka.common.message.ApiMessageType
 384:            64           3584  org.hibernate.validator.internal.util.ConcurrentReferenceHashMap$Segment
 385:            74           3552  com.fasterxml.jackson.core.json.JsonWriteContext
 386:            37           3552  com.fasterxml.jackson.core.json.UTF8JsonGenerator
 387:            74           3552  net.logstash.logback.util.ThreadLocalHolder$HolderRef
 388:            63           3528  com.fasterxml.jackson.databind.type.MapType
 389:           218           3488  org.springframework.expression.common.LiteralExpression
 390:           214           3424  org.springframework.core.type.classreading.SimpleAnnotationMetadataReadingVisitor$Source
 391:           212           3392  java.util.WeakHashMap$KeySet (java.base@17.0.13)
 392:           169           3368  [Lcom.sun.jmx.mbeanserver.MXBeanMapping; (java.management@17.0.13)
 393:            96           3368  [Ljava.util.regex.Pattern$Node; (java.base@17.0.13)
 394:            60           3360  org.apache.kafka.common.config.AbstractConfig$RecordingMap
 395:           139           3336  com.fasterxml.jackson.databind.type.TypeBindings$AsKey
 396:            82           3280  com.sun.management.internal.DiagnosticCommandArgumentInfo (jdk.management@17.0.13)
 397:           203           3248  [Ljava.security.Principal; (java.base@17.0.13)
 398:           203           3248  java.security.ProtectionDomain$Key (java.base@17.0.13)
 399:           101           3232  java.lang.ClassValue$Entry (java.base@17.0.13)
 400:            32           3200  [Lio.netty.buffer.PoolThreadCache$MemoryRegionCache;
 401:            50           3200  java.lang.ClassValue$ClassValueMap (java.base@17.0.13)
 402:           200           3200  sun.security.x509.KeyIdentifier (java.base@17.0.13)
 403:           133           3192  org.springframework.boot.origin.TextResourceOrigin
 404:           133           3192  org.springframework.boot.origin.TextResourceOrigin$Location
 405:           133           3192  org.springframework.core.convert.TypeDescriptor
 406:           132           3168  jdk.internal.module.SystemModuleFinders$2 (java.base@17.0.13)
 407:           131           3144  java.util.zip.ZipFile$Source$Key (java.base@17.0.13)
 408:           196           3136  java.util.HashMap$Values (java.base@17.0.13)
 409:            49           3136  javax.management.openmbean.OpenMBeanAttributeInfoSupport (java.management@17.0.13)
 410:            56           3136  org.apache.kafka.common.metrics.internals.IntGaugeSuite
 411:            28           3136  org.apache.kafka.common.network.Selector$SelectorMetrics
 412:            39           3120  org.springframework.beans.PropertyDescriptorUtils$BasicPropertyDescriptor
 413:           117           3096  [Ljava.lang.annotation.ElementType; (java.base@17.0.13)
 414:            96           3072  java.util.regex.Pattern$Branch (java.base@17.0.13)
 415:            76           3040  java.util.EnumMap (java.base@17.0.13)
 416:            42           3024  com.fasterxml.jackson.core.sym.ByteQuadsCanonicalizer
 417:            42           3024  com.fasterxml.jackson.databind.deser.DefaultDeserializationContext$Impl
 418:            42           3024  com.fasterxml.jackson.databind.ser.DefaultSerializerProvider$Impl
 419:            42           3024  java.util.ResourceBundle$CacheKey (java.base@17.0.13)
 420:            94           3008  io.netty.util.internal.LongAdderCounter
 421:            94           3008  java.nio.DirectByteBuffer$Deallocator (java.base@17.0.13)
 422:            94           3008  jdk.internal.loader.NativeLibraries (java.base@17.0.13)
 423:            57           3000  [Ljavax.management.MBeanAttributeInfo; (java.management@17.0.13)
 424:            75           3000  java.util.IdentityHashMap (java.base@17.0.13)
 425:            75           3000  org.apache.kafka.common.protocol.ApiKeys
 426:           186           2976  org.springframework.core.log.CompositeLog
 427:           122           2928  java.net.InetSocketAddress$InetSocketAddressHolder (java.base@17.0.13)
 428:            91           2912  com.dynatrace.agent.util.ClassLoaderLifecycle$WeakIdentityReference
 429:            91           2912  java.lang.ref.PhantomReference (java.base@17.0.13)
 430:            28           2912  org.apache.kafka.common.network.Selector
 431:           121           2904  com.fasterxml.jackson.databind.introspect.MemberKey
 432:           121           2904  java.lang.module.ModuleDescriptor$Provides (java.base@17.0.13)
 433:            19           2888  sun.security.ssl.SSLSessionImpl (java.base@17.0.13)
 434:           176           2816  java.util.regex.Pattern$$Lambda$4/0x000000010001b6b8 (java.base@17.0.13)
 435:           117           2808  org.springframework.cglib.core.Signature
 436:            70           2800  java.lang.invoke.VarHandle$AccessDescriptor (java.base@17.0.13)
 437:            70           2800  sun.security.util.MemoryCache (java.base@17.0.13)
 438:            58           2784  java.util.concurrent.locks.ReentrantReadWriteLock$NonfairSync (java.base@17.0.13)
 439:           172           2752  sun.security.x509.SerialNumber (java.base@17.0.13)
 440:            57           2736  java.lang.invoke.BoundMethodHandle$Species_LLLLL (java.base@17.0.13)
 441:            34           2720  com.fasterxml.jackson.databind.MappingJsonFactory
 442:            68           2720  java.lang.reflect.Parameter (java.base@17.0.13)
 443:            64           2688  [Lorg.hibernate.validator.internal.util.ConcurrentReferenceHashMap$HashEntry;
 444:            42           2688  com.fasterxml.jackson.core.sym.CharsToNameCanonicalizer
 445:            84           2688  java.util.ResourceBundle$KeyElementReference (java.base@17.0.13)
 446:            56           2688  javax.management.MBeanInfo (java.management@17.0.13)
 447:            28           2688  org.apache.kafka.clients.NetworkClient
 448:            84           2688  org.springframework.format.support.FormattingConversionService$PrinterConverter
 449:           167           2672  javax.security.auth.x500.X500Principal (java.base@17.0.13)
 450:            37           2664  com.fasterxml.jackson.core.io.IOContext
 451:           111           2664  java.security.Permissions (java.base@17.0.13)
 452:           164           2624  sun.security.x509.CertificateAlgorithmId (java.base@17.0.13)
 453:           164           2624  sun.security.x509.CertificateSerialNumber (java.base@17.0.13)
 454:           164           2624  sun.security.x509.CertificateVersion (java.base@17.0.13)
 455:           164           2624  sun.security.x509.CertificateX509Key (java.base@17.0.13)
 456:           109           2616  java.util.regex.Pattern$Start (java.base@17.0.13)
 457:            65           2600  org.springframework.boot.context.properties.bind.Bindable
 458:           162           2592  java.util.concurrent.atomic.AtomicBoolean (java.base@17.0.13)
 459:           161           2576  jdk.proxy2.$Proxy43 (jdk.proxy2)
 460:            32           2560  com.fasterxml.jackson.databind.deser.impl.MethodProperty
 461:            63           2520  org.springframework.util.LinkedCaseInsensitiveMap
 462:           104           2496  com.dynatrace.agent.util.json.JSONObject$JSONArray
 463:           103           2472  [[C (java.base@17.0.13)
 464:            77           2464  java.security.AlgorithmParameters (java.base@17.0.13)
 465:           154           2464  java.util.Collections$SingletonSet (java.base@17.0.13)
 466:            34           2448  com.fasterxml.jackson.databind.ObjectMapper
 467:            38           2432  javax.crypto.Cipher (java.base@17.0.13)
 468:           100           2400  java.util.ImmutableCollections$ListN (java.base@17.0.13)
 469:            43           2384  [Lcom.fasterxml.jackson.databind.cfg.CoercionAction;
 470:            33           2376  com.fasterxml.jackson.datatype.jsr310.JavaTimeModule
 471:            74           2368  com.fasterxml.jackson.core.io.SerializedString
 472:            74           2368  javax.management.MBeanAttributeInfo (java.management@17.0.13)
 473:            98           2352  java.security.spec.ECPoint (java.base@17.0.13)
 474:            29           2320  sun.nio.ch.EPollSelectorImpl (java.base@17.0.13)
 475:            16           2304  [Ljava.lang.invoke.MemberName; (java.base@17.0.13)
 476:            96           2304  java.io.FilePermissionCollection (java.base@17.0.13)
 477:           144           2304  org.apache.kafka.clients.consumer.internals.ConsumerCoordinator$PartitionRackInfo
 478:            22           2288  org.springframework.beans.factory.support.GenericBeanDefinition
 479:            94           2256  java.util.regex.Pattern$CharPropertyGreedy (java.base@17.0.13)
 480:            94           2248  [Lorg.springframework.util.MimeType;
 481:            56           2240  org.springframework.beans.factory.support.DisposableBeanAdapter
 482:            56           2240  org.springframework.beans.propertyeditors.CustomNumberEditor
 483:            70           2240  org.springframework.core.annotation.AttributeMethods
 484:            12           2208  org.apache.kafka.streams.processor.internals.StreamTask
 485:            69           2208  org.springframework.http.HttpStatus
 486:            91           2184  java.time.Duration (java.base@17.0.13)
 487:            91           2184  javax.management.ObjectName$PatternProperty (java.management@17.0.13)
 488:            68           2176  java.lang.invoke.LambdaForm$Kind (java.base@17.0.13)
 489:           135           2160  jdk.proxy2.$Proxy30 (jdk.proxy2)
 490:            45           2160  sun.nio.ch.SelectionKeyImpl (java.base@17.0.13)
 491:            45           2160  sun.nio.ch.SocketAdaptor (java.base@17.0.13)
 492:            53           2120  org.springframework.util.ConcurrentReferenceHashMap
 493:            53           2120  sun.security.util.NamedCurve (java.base@17.0.13)
 494:            88           2112  com.fasterxml.jackson.databind.module.SimpleSerializers
 495:            44           2112  com.sun.management.internal.DiagnosticCommandInfo (jdk.management@17.0.13)
 496:            97           2104  [Ljava.util.Map$Entry; (java.base@17.0.13)
 497:           131           2096  sun.nio.fs.UnixFileAttributes$UnixAsBasicFileAttributes (java.base@17.0.13)
 498:            52           2080  org.springframework.core.annotation.SynthesizedMergedAnnotationInvocationHandler
 499:           128           2048  java.lang.Character (java.base@17.0.13)
 500:            16           2048  org.apache.kafka.clients.consumer.internals.FetchMetricsRegistry
 501:            56           2016  [Ljava.time.format.DateTimeFormatterBuilder$DateTimePrinterParser; (java.base@17.0.13)
 502:            84           2016  java.util.concurrent.locks.AbstractQueuedSynchronizer$ConditionObject (java.base@17.0.13)
 503:           126           2016  jdk.internal.module.SystemModuleFinders$3 (java.base@17.0.13)
 504:            28           2016  org.apache.kafka.common.Cluster
 505:            42           2016  org.apache.kafka.common.metrics.MetricConfig
 506:            42           2016  org.apache.kafka.common.utils.Timer
 507:            63           2016  org.springframework.asm.Type
 508:            84           2016  org.springframework.format.support.FormattingConversionService$ParserConverter
 509:            81           2000  [Lcom.fasterxml.jackson.databind.ser.Serializers;
 510:            62           1984  java.time.format.DateTimeFormatterBuilder$NumberPrinterParser (java.base@17.0.13)
 511:            49           1960  java.lang.ref.Finalizer (java.base@17.0.13)
 512:            49           1960  java.util.Collections$SingletonMap (java.base@17.0.13)
 513:           122           1952  java.net.InetSocketAddress (java.base@17.0.13)
 514:            61           1952  java.util.regex.Pattern$Curly (java.base@17.0.13)
 515:            61           1952  jdk.internal.loader.BuiltinClassLoader$LoadedModule (java.base@17.0.13)
 516:            60           1920  com.fasterxml.jackson.databind.introspect.AnnotatedField
 517:            80           1920  java.util.regex.Pattern$BmpCharPropertyGreedy (java.base@17.0.13)
 518:            16           1920  org.apache.kafka.clients.consumer.internals.LegacyKafkaConsumer
 519:            40           1920  org.apache.kafka.common.config.AbstractConfig$ResolvingMap
 520:            80           1920  org.apache.kafka.common.config.ConfigDef$Range
 521:            80           1920  org.apache.kafka.common.metrics.stats.Value
 522:            34           1904  sun.security.ssl.NamedGroup (java.base@17.0.13)
 523:           117           1872  com.dynatrace.agent.states.EntryPointTracker
 524:            26           1872  com.fasterxml.jackson.databind.deser.std.MapDeserializer
 525:            78           1872  org.springframework.core.annotation.AnnotationTypeMappings
 526:            58           1856  io.netty.handler.codec.http.HttpResponseStatus
 527:           116           1856  jdk.proxy1.$Proxy0 (jdk.proxy1)
 528:            77           1848  java.util.regex.Pattern$SliceI (java.base@17.0.13)
 529:           115           1840  jdk.proxy1.$Proxy3 (jdk.proxy1)
 530:            38           1824  com.sun.crypto.provider.GaloisCounterMode$AESGCM (java.base@17.0.13)
 531:            76           1824  io.netty.util.Recycler$DefaultHandle
 532:            45           1800  java.time.format.DateTimeFormatter (java.base@17.0.13)
 533:            75           1800  sun.reflect.generics.tree.Wildcard (java.base@17.0.13)
 534:            16           1792  org.apache.kafka.clients.consumer.internals.ConsumerMetadata
 535:            56           1792  org.apache.kafka.common.Uuid
 536:            56           1792  org.springframework.util.MimeType
 537:            74           1776  net.logstash.logback.util.ThreadLocalHolder$Holder
 538:            44           1760  org.apache.kafka.clients.producer.internals.TxnPartitionEntry
 539:            44           1760  sun.security.ec.ECPublicKeyImpl (jdk.crypto.ec@17.0.13)
 540:           109           1744  jdk.proxy2.$Proxy6 (jdk.proxy2)
 541:            12           1728  [Lio.netty.buffer.IntPriorityQueue;
 542:            72           1728  java.util.regex.Pattern$BmpCharPredicate$$Lambda$7/0x000000010001dc40 (java.base@17.0.13)
 543:            18           1728  org.apache.kafka.common.security.authenticator.SaslClientAuthenticator
 544:           107           1712  java.util.Collections$UnmodifiableCollection (java.base@17.0.13)
 545:           106           1696  java.security.SecureClassLoader$CodeSourceKey (java.base@17.0.13)
 546:            53           1696  java.security.spec.EllipticCurve (java.base@17.0.13)
 547:            53           1696  org.apache.kafka.clients.NodeApiVersions
 548:            42           1680  com.fasterxml.jackson.core.sym.ByteQuadsCanonicalizer$TableInfo
 549:            42           1680  com.fasterxml.jackson.databind.cfg.ConfigOverrides
 550:            42           1680  java.util.ResourceBundle$BundleReference (java.base@17.0.13)
 551:             6           1680  java.util.concurrent.ConcurrentHashMap$CounterCell (java.base@17.0.13)
 552:           105           1680  jdk.proxy1.$Proxy4 (jdk.proxy1)
 553:            30           1680  org.apache.tomcat.util.res.StringManager$1
 554:            19           1672  sun.security.ssl.TransportContext (java.base@17.0.13)
 555:            16           1664  io.netty.buffer.PoolArena$HeapArena
 556:           104           1664  java.util.regex.Pattern$BitClass (java.base@17.0.13)
 557:             8           1664  org.apache.kafka.clients.consumer.internals.ConsumerCoordinator
 558:            52           1664  org.apache.kafka.common.metrics.stats.Min
 559:            52           1664  org.springframework.boot.context.properties.source.SoftReferenceConfigurationPropertyCache
 560:            52           1664  org.springframework.boot.context.properties.source.SpringIterableConfigurationPropertySource
 561:            41           1640  ch.qos.logback.core.status.InfoStatus
 562:            41           1640  sun.security.x509.AuthorityKeyIdentifierExtension (java.base@17.0.13)
 563:           102           1632  jdk.proxy2.$Proxy23 (jdk.proxy2)
 564:            51           1632  org.hibernate.validator.internal.metadata.core.BuiltinConstraint
 565:            67           1608  java.lang.RuntimePermission (java.base@17.0.13)
 566:            50           1600  io.netty.channel.ChannelOption
 567:            40           1600  io.netty.util.Recycler$LocalPool
 568:            33           1584  java.time.temporal.ValueRange (java.base@17.0.13)
 569:             3           1560  [[B (java.base@17.0.13)
 570:            65           1560  sun.reflect.generics.reflectiveObjects.WildcardTypeImpl (java.base@17.0.13)
 571:            96           1536  java.util.regex.Pattern$BranchConn (java.base@17.0.13)
 572:            24           1536  org.springframework.beans.factory.support.DefaultListableBeanFactory$NestedDependencyDescriptor
 573:            48           1536  org.springframework.expression.spel.standard.TokenKind
 574:            38           1520  javax.management.MBeanOperationInfo (java.management@17.0.13)
 575:            19           1520  sun.security.ssl.SSLConfiguration (java.base@17.0.13)
 576:            63           1512  java.lang.ThreadLocal$ThreadLocalMap (java.base@17.0.13)
 577:            21           1512  org.springframework.core.annotation.AnnotatedMethod$AnnotatedMethodParameter
 578:            62           1488  com.fasterxml.jackson.databind.introspect.AnnotationIntrospectorPair
 579:            62           1488  java.lang.module.ResolvedModule (java.base@17.0.13)
 580:            62           1488  jdk.internal.module.SystemModuleFinders$SystemModuleReader (java.base@17.0.13)
 581:            46           1472  sun.nio.ch.DummySocketImpl (java.base@17.0.13)
 582:            16           1448  [Ljava.lang.Byte; (java.base@17.0.13)
 583:            10           1440  com.dynatrace.agent.introspection.servlet.ServletState
 584:            60           1440  io.netty.util.internal.logging.LocationAwareSlf4JLogger
 585:            59           1416  com.dynatrace.agent.util.reflector.CachingReflector$ClassSignatureMemberKey
 586:            59           1416  java.util.concurrent.locks.ReentrantReadWriteLock (java.base@17.0.13)
 587:            59           1416  sun.security.util.DomainName$Rule (java.base@17.0.13)
 588:            44           1408  com.sun.management.internal.DiagnosticCommandImpl$Wrapper (jdk.management@17.0.13)
 589:            16           1408  io.netty.buffer.PooledUnsafeDirectByteBuf
 590:            44           1408  java.util.PriorityQueue (java.base@17.0.13)
 591:            44           1408  org.apache.kafka.clients.producer.internals.BuiltInPartitioner
 592:            44           1408  org.xml.sax.helpers.LocatorImpl (java.xml@17.0.13)
 593:            22           1408  sun.security.ec.SunEC$ProviderServiceA (jdk.crypto.ec@17.0.13)
 594:            22           1408  sun.security.ssl.SignatureScheme (java.base@17.0.13)
 595:            41           1376  [Ljava.math.BigInteger; (java.base@17.0.13)
 596:             1           1376  [Ljdk.internal.math.FDBigInteger; (java.base@17.0.13)
 597:            86           1376  com.fasterxml.jackson.databind.ser.std.ToStringSerializer
 598:            43           1376  javax.management.MBeanParameterInfo (java.management@17.0.13)
 599:            47           1368  [Ljavax.management.MBeanOperationInfo; (java.management@17.0.13)
 600:             1           1368  [Lsun.security.ssl.CipherSuite; (java.base@17.0.13)
 601:            34           1360  org.springframework.core.io.ResourceEditor
 602:            34           1360  sun.security.ssl.SSLSessionContextImpl (java.base@17.0.13)
 603:            42           1344  com.fasterxml.jackson.core.sym.CharsToNameCanonicalizer$TableInfo
 604:            42           1344  com.fasterxml.jackson.databind.cfg.CoercionConfigs
 605:            24           1344  io.netty.channel.DefaultChannelHandlerContext
 606:            28           1344  java.lang.invoke.BoundMethodHandle$Species_LLLL (java.base@17.0.13)
 607:            28           1344  java.lang.invoke.MethodHandleImpl$CountingWrapper (java.base@17.0.13)
 608:            21           1344  java.security.SecureRandom (java.base@17.0.13)
 609:            56           1344  java.time.format.DateTimeFormatterBuilder$CompositePrinterParser (java.base@17.0.13)
 610:            24           1344  org.apache.kafka.clients.MetadataSnapshot
 611:            14           1344  org.apache.kafka.common.network.SaslChannelBuilder
 612:            84           1344  org.apache.kafka.common.utils.AppInfoParser$ImmutableValue
 613:            24           1344  org.apache.kafka.common.utils.FixedOrderMap
 614:            55           1320  java.lang.invoke.Invokers (java.base@17.0.13)
 615:            33           1320  java.util.PropertyResourceBundle (java.base@17.0.13)
 616:            33           1320  org.apache.kafka.shaded.io.opentelemetry.proto.common.v1.AnyValue
 617:            33           1320  org.apache.kafka.shaded.io.opentelemetry.proto.common.v1.KeyValue
 618:            41           1312  com.fasterxml.jackson.databind.cfg.DeserializerFactoryConfig
 619:            41           1312  java.util.PropertyPermission (java.base@17.0.13)
 620:            41           1312  java.util.concurrent.atomic.AtomicReferenceFieldUpdater$AtomicReferenceFieldUpdaterImpl (java.base@17.0.13)
 621:            54           1296  com.dynatrace.agent.introspection.agentcore.ProcessGroupTechType
 622:            18           1296  org.apache.kafka.common.network.SslTransportLayer
 623:            54           1296  org.springframework.beans.factory.config.ConstructorArgumentValues
 624:            18           1296  sun.security.ssl.SSLEngineOutputRecord (java.base@17.0.13)
 625:            40           1280  com.fasterxml.jackson.databind.type.TypeFactory
 626:             8           1280  io.netty.channel.epoll.EpollEventLoop
 627:            10           1280  io.netty.util.internal.InternalThreadLocalMap
 628:            32           1280  java.math.BigDecimal (java.base@17.0.13)
 629:            40           1280  jdk.internal.reflect.UnsafeStaticLongFieldAccessorImpl (java.base@17.0.13)
 630:            16           1280  org.apache.kafka.clients.consumer.internals.Fetcher
 631:            20           1280  sun.security.ec.SunEC$ProviderService (jdk.crypto.ec@17.0.13)
 632:            39           1248  com.fasterxml.jackson.core.io.ContentReference
 633:            78           1248  org.apache.juli.logging.DirectJDKLog
 634:            52           1248  org.springframework.boot.context.properties.ConfigurationPropertiesBean
 635:            14           1232  com.fasterxml.jackson.databind.deser.CreatorProperty
 636:            51           1224  com.dynatrace.agent.measures.jmx.MBeanKeyPropertySplittingProvider
 637:            51           1224  com.fasterxml.jackson.core.util.BufferRecycler
 638:            38           1216  com.fasterxml.jackson.databind.util.TypeKey
 639:            38           1216  com.sun.crypto.provider.AESCrypt (java.base@17.0.13)
 640:             8           1216  org.apache.kafka.clients.producer.internals.SenderMetricsRegistry
 641:            30           1200  com.dynatrace.agent.SubPath
 642:            30           1200  com.dynatrace.agent.TraceTag
 643:            30           1200  com.dynatrace.agent.states.ValueCapturingState
 644:            50           1200  com.fasterxml.jackson.databind.PropertyName
 645:            30           1200  java.time.temporal.ChronoField (java.base@17.0.13)
 646:            30           1200  org.apache.kafka.common.metrics.Metrics
 647:            37           1184  net.logstash.logback.composite.AbstractCompositeJsonFormatter$JsonFormatter
 648:            37           1184  net.logstash.logback.util.ReusableByteBuffer
 649:            21           1176  com.fasterxml.jackson.core.util.DefaultPrettyPrinter
 650:            21           1176  javax.management.openmbean.CompositeType (java.management@17.0.13)
 651:            49           1176  org.apache.coyote.ActionCode
 652:            73           1168  java.time.format.DateTimeFormatterBuilder$CharLiteralPrinterParser (java.base@17.0.13)
 653:            29           1160  java.lang.invoke.VarHandleReferences$FieldInstanceReadWrite (java.base@17.0.13)
 654:            29           1160  org.apache.kafka.common.network.ByteBufferSend
 655:            48           1152  com.dynatrace.agent.measures.jmx.MBeanReference
 656:            16           1152  com.fasterxml.jackson.databind.introspect.AnnotatedClass
 657:            36           1152  java.util.concurrent.atomic.AtomicIntegerFieldUpdater$AtomicIntegerFieldUpdaterImpl (java.base@17.0.13)
 658:            16           1152  org.apache.kafka.clients.consumer.internals.ConsumerNetworkClient
 659:            24           1152  org.apache.kafka.common.telemetry.internals.ClientTelemetryReporter$DefaultClientTelemetrySender
 660:            24           1152  org.apache.kafka.streams.processor.internals.ProcessorNode
 661:            16           1152  org.apache.kafka.streams.state.internals.ThreadCache
 662:            18           1152  org.springframework.beans.factory.config.DependencyDescriptor
 663:            72           1152  org.springframework.core.convert.support.ObjectToStringConverter
 664:            36           1152  org.springframework.format.datetime.standard.TemporalAccessorParser
 665:            18           1152  sun.security.ssl.SSLCipher$T12GcmReadCipherGenerator$GcmReadCipher (java.base@17.0.13)
 666:            18           1152  sun.security.ssl.SSLCipher$T12GcmWriteCipherGenerator$GcmWriteCipher (java.base@17.0.13)
 667:             2           1136  [Lsun.security.util.KnownOIDs; (java.base@17.0.13)
 668:            71           1136  jdk.proxy2.$Proxy76 (jdk.proxy2)
 669:            47           1128  org.springframework.http.codec.DecoderHttpMessageReader
 670:            70           1120  java.util.Collections$UnmodifiableMap$UnmodifiableEntrySet (java.base@17.0.13)
 671:            70           1120  java.util.TreeSet (java.base@17.0.13)
 672:            28           1120  org.apache.kafka.clients.ClusterConnectionStates
 673:            41           1104  [[I (java.base@17.0.13)
 674:            23           1104  java.lang.invoke.LambdaFormEditor$Transform (java.base@17.0.13)
 675:            69           1104  sun.security.util.ECParameters (java.base@17.0.13)
 676:            34           1088  com.dynatrace.agent.util.classvalue.ClassValue$1
 677:            34           1088  com.fasterxml.jackson.databind.MapperFeature
 678:            34           1088  java.util.Random (java.base@17.0.13)
 679:            34           1088  sun.security.ssl.Alert (java.base@17.0.13)
 680:            34           1088  sun.security.ssl.EphemeralKeyManager$EphemeralKeyPair (java.base@17.0.13)
 681:            44           1080  [Lcom.sun.management.internal.DiagnosticCommandArgumentInfo; (jdk.management@17.0.13)
 682:            45           1080  [Ljava.nio.channels.SelectionKey; (java.base@17.0.13)
 683:            45           1080  java.util.regex.Pattern$Ques (java.base@17.0.13)
 684:            45           1080  org.apache.kafka.common.network.Selector$SelectorChannelMetadataRegistry
 685:            15           1080  sun.security.ssl.SSLCipher (java.base@17.0.13)
 686:            19           1064  java.util.Properties (java.base@17.0.13)
 687:            17           1056  [Ljava.util.Hashtable$Entry; (java.base@17.0.13)
 688:            12           1056  io.netty.buffer.PoolChunk
 689:            44           1056  org.apache.kafka.clients.producer.internals.RecordAccumulator$TopicInfo
 690:            22           1056  org.apache.kafka.common.requests.FetchRequest$PartitionData
 691:            33           1056  org.springframework.cloud.vault.config.VaultConfigDataLoader$$Lambda$335/0x0000000100333b58
 692:            44           1056  org.springframework.core.convert.support.GenericConversionService$ConverterFactoryAdapter
 693:             1           1040  [Ljava.lang.Integer; (java.base@17.0.13)
 694:             1           1040  [Ljava.lang.Long; (java.base@17.0.13)
 695:             1           1040  [Ljava.lang.Short; (java.base@17.0.13)
 696:            65           1040  jdk.proxy1.$Proxy1 (jdk.proxy1)
 697:            43           1032  org.springframework.http.codec.EncoderHttpMessageWriter
 698:            16           1024  org.apache.kafka.clients.consumer.internals.KafkaConsumerMetrics
 699:             7           1008  com.dynatrace.agent.introspection.uem.ApplicationConfiguration
 700:            42           1008  com.fasterxml.jackson.databind.cfg.MutableCoercionConfig
 701:            42           1008  com.fasterxml.jackson.databind.deser.DeserializerCache
 702:            42           1008  com.fasterxml.jackson.databind.introspect.SimpleMixInResolver
 703:            42           1008  com.fasterxml.jackson.databind.ser.SerializerCache
 704:            42           1008  io.netty.handler.codec.dns.DnsRecordType
 705:            42           1008  javax.crypto.spec.SecretKeySpec (java.base@17.0.13)
 706:            63           1008  jdk.proxy2.$Proxy79 (jdk.proxy2)
 707:            18           1008  org.apache.kafka.common.security.authenticator.SaslClientAuthenticator$ReauthInfo
 708:            25           1000  org.apache.kafka.shaded.io.opentelemetry.proto.resource.v1.Resource
 709:            25           1000  org.springframework.util.AntPathMatcher
 710:            42            992  [Lcom.fasterxml.jackson.databind.deser.Deserializers;
 711:            31            992  java.lang.invoke.VarHandle$AccessMode (java.base@17.0.13)
 712:            41            984  [Lcom.fasterxml.jackson.databind.deser.KeyDeserializers;
 713:            41            984  com.fasterxml.jackson.databind.cfg.SerializerFactoryConfig
 714:            41            984  com.sun.jmx.mbeanserver.PerInterface$MethodAndSig (java.management@17.0.13)
 715:            41            984  org.springframework.boot.autoconfigure.condition.OnWebApplicationCondition
 716:            41            976  [Lcom.fasterxml.jackson.databind.deser.BeanDeserializerModifier;
 717:            41            976  [Lcom.fasterxml.jackson.databind.deser.ValueInstantiators;
 718:            41            976  [Lcom.fasterxml.jackson.databind.ser.BeanSerializerModifier;
 719:            61            976  jdk.proxy2.$Proxy57 (jdk.proxy2)
 720:            42            968  [Lsun.security.ssl.ProtocolVersion; (java.base@17.0.13)
 721:            40            960  com.dynatrace.agent.config.wiring.ReflectiveFieldWiring$LongFieldHandler
 722:            40            960  com.dynatrace.agent.util.stringpattern.CaseSensitiveStringPattern
 723:            40            960  com.fasterxml.jackson.databind.module.SimpleDeserializers
 724:            24            960  com.sun.jmx.mbeanserver.MXBeanSupport (java.management@17.0.13)
 725:             8            960  io.netty.resolver.dns.DnsNameResolver
 726:            15            960  java.lang.Class$ReflectionData (java.base@17.0.13)
 727:            40            960  java.lang.ClassValue$Version (java.base@17.0.13)
 728:            30            960  java.net.Inet6Address$Inet6AddressHolder (java.base@17.0.13)
 729:             8            960  org.apache.kafka.clients.producer.KafkaProducer
 730:             8            960  org.apache.kafka.clients.producer.internals.ProducerMetadata
 731:            60            960  org.apache.kafka.common.utils.CopyOnWriteMap
 732:            12            960  org.apache.kafka.streams.processor.internals.ProcessorContextImpl
 733:            15            960  org.springframework.boot.autoconfigure.kafka.KafkaProperties$Ssl
 734:            59            944  java.util.concurrent.locks.ReentrantReadWriteLock$ReadLock (java.base@17.0.13)
 735:            59            944  java.util.concurrent.locks.ReentrantReadWriteLock$Sync$ThreadLocalHoldCounter (java.base@17.0.13)
 736:            59            944  java.util.concurrent.locks.ReentrantReadWriteLock$WriteLock (java.base@17.0.13)
 737:            39            936  [Lcom.fasterxml.jackson.databind.type.TypeModifier;
 738:            39            936  java.lang.management.ManagementPermission (java.management@17.0.13)
 739:            13            936  org.springframework.beans.factory.annotation.AutowiredAnnotationBeanPostProcessor$ShortcutDependencyDescriptor
 740:            38            928  [Ljavax.management.MBeanParameterInfo; (java.management@17.0.13)
 741:            29            928  com.fasterxml.jackson.databind.DeserializationFeature
 742:            29            928  com.fasterxml.jackson.databind.ser.impl.ReadOnlyClassToSerializerMap$Bucket
 743:            29            928  java.util.concurrent.atomic.DoubleAdder (java.base@17.0.13)
 744:            58            928  org.springframework.boot.autoconfigure.condition.OnPropertyCondition
 745:            58            928  sun.security.x509.GeneralName (java.base@17.0.13)
 746:            38            912  java.lang.StringBuilder (java.base@17.0.13)
 747:            19            912  javax.management.openmbean.ArrayType (java.management@17.0.13)
 748:            57            912  org.springframework.core.SerializableTypeWrapper$TypeProxyInvocationHandler
 749:            38            912  sun.nio.ch.Util$BufferCache (java.base@17.0.13)
 750:            35            904  [Ljava.lang.reflect.Parameter; (java.base@17.0.13)
 751:            29            896  [Ljava.io.ObjectStreamField; (java.base@17.0.13)
 752:            28            896  java.util.concurrent.atomic.LongAdder (java.base@17.0.13)
 753:            16            896  org.apache.kafka.clients.consumer.internals.FetchMetricsManager
 754:            16            896  org.apache.kafka.clients.consumer.internals.OffsetFetcher
 755:            16            896  org.apache.kafka.clients.consumer.internals.OffsetFetcherUtils
 756:            28            896  org.apache.kafka.common.network.Selector$IdleExpiryManager
 757:            14            896  org.apache.kafka.common.security.ssl.DefaultSslEngineFactory
 758:            14            896  org.springframework.web.method.HandlerMethod
 759:            37            888  net.logstash.logback.util.SimpleObjectJsonGeneratorDelegate
 760:            10            880  com.fasterxml.jackson.databind.ser.BeanPropertyWriter
 761:            11            880  java.util.concurrent.ScheduledThreadPoolExecutor$ScheduledFutureTask (java.base@17.0.13)
 762:            22            880  org.springframework.beans.factory.config.ConstructorArgumentValues$ValueHolder
 763:            55            880  org.springframework.core.$Proxy7
 764:            12            864  com.fasterxml.jackson.databind.ser.std.MapSerializer
 765:             6            864  java.text.DecimalFormat (java.base@17.0.13)
 766:            27            864  java.util.Locale (java.base@17.0.13)
 767:            18            864  org.apache.kafka.common.message.ApiVersionsResponseData
 768:            12            864  org.apache.kafka.streams.processor.internals.PartitionGroup
 769:            12            864  org.apache.kafka.streams.processor.internals.RecordQueue
 770:            12            864  org.apache.kafka.streams.processor.internals.SinkNode
 771:            12            864  org.apache.kafka.streams.processor.internals.SourceNode
 772:            18            864  org.springframework.beans.PropertyValue
 773:            36            864  org.springframework.boot.web.server.MimeMappings$Mapping
 774:            27            864  org.springframework.cglib.proxy.MethodProxy
 775:            18            864  sun.security.ssl.SSLEngineInputRecord (java.base@17.0.13)
 776:            21            840  sun.security.ssl.SSLHandshake (java.base@17.0.13)
 777:            20            832  [Ljava.lang.invoke.MethodType; (java.base@17.0.13)
 778:            26            832  com.dynatrace.agent.introspection.uem.HealthCheckResult
 779:            26            832  com.fasterxml.jackson.databind.SerializationFeature
 780:             8            832  io.netty.channel.epoll.EpollDatagramChannel
 781:            26            832  org.apache.kafka.clients.admin.NewTopic
 782:             8            832  org.apache.kafka.clients.producer.internals.RecordAccumulator
 783:             8            832  org.apache.kafka.clients.producer.internals.TransactionManager
 784:            13            832  org.jcp.xml.dsig.internal.dom.XMLDSigRI$ProviderService (java.xml.crypto@17.0.13)
 785:            52            832  org.springframework.boot.context.properties.bind.Bindable$$Lambda$675/0x0000000100600220
 786:            26            832  sun.security.x509.URIName (java.base@17.0.13)
 787:            17            816  io.netty.util.collection.IntObjectHashMap
 788:            51            816  java.util.IdentityHashMap$KeySet (java.base@17.0.13)
 789:            34            816  org.apache.kafka.common.requests.FetchMetadata
 790:            34            816  org.jboss.logging.Slf4jLocationAwareLogger
 791:            10            800  [Ljava.util.concurrent.RunnableScheduledFuture; (java.base@17.0.13)
 792:            25            800  com.sun.jmx.mbeanserver.WeakIdentityHashMap$IdentityWeakReference (java.management@17.0.13)
 793:            50            800  java.util.concurrent.ConcurrentHashMap$EntrySetView (java.base@17.0.13)
 794:            25            800  jdk.internal.reflect.UnsafeObjectFieldAccessorImpl (java.base@17.0.13)
 795:            20            800  org.springframework.web.util.pattern.LiteralPathElement
 796:            33            792  java.util.jar.Attributes$Name (java.base@17.0.13)
 797:            33            792  org.springframework.core.io.DefaultResourceLoader
 798:            14            784  javax.management.openmbean.OpenMBeanParameterInfoSupport (java.management@17.0.13)
 799:             7            784  org.springframework.context.annotation.ScannedGenericBeanDefinition
 800:            14            784  sun.security.ssl.SSLContextImpl$TLS13Context (java.base@17.0.13)
 801:            32            768  com.sun.jmx.mbeanserver.DefaultMXBeanMappingFactory$IdentityMapping (java.management@17.0.13)
 802:            48            768  java.lang.ThreadLocal (java.base@17.0.13)
 803:            16            768  java.lang.invoke.BoundMethodHandle$SpeciesData (java.base@17.0.13)
 804:            12            768  java.lang.invoke.BoundMethodHandle$Species_LLLLLLLLL (java.base@17.0.13)
 805:            16            768  java.util.Hashtable (java.base@17.0.13)
 806:            24            768  java.util.concurrent.locks.AbstractQueuedSynchronizer$ConditionNode (java.base@17.0.13)
 807:            48            768  jdk.internal.reflect.BootstrapConstructorAccessorImpl (java.base@17.0.13)
 808:             8            768  org.apache.kafka.clients.consumer.internals.CompletedFetch
 809:            16            768  org.apache.kafka.clients.consumer.internals.FetchConfig
 810:            16            768  org.apache.kafka.clients.consumer.internals.SubscriptionState
 811:            24            768  org.apache.kafka.common.telemetry.internals.ClientTelemetryReporter
 812:            24            768  org.apache.kafka.common.telemetry.internals.KafkaMetricsCollector
 813:            24            768  org.apache.kafka.common.telemetry.internals.KafkaMetricsCollector$StateLedger
 814:            12            768  org.apache.kafka.streams.processor.internals.ProcessorStateManager
 815:             8            768  org.apache.kafka.streams.processor.internals.StreamsPartitionAssignor
 816:            24            768  org.springframework.beans.factory.support.DefaultListableBeanFactory$DependencyObjectProvider
 817:            16            768  org.springframework.web.util.pattern.PathPattern
 818:            24            768  org.springframework.web.util.pattern.SeparatorPathElement
 819:            24            768  sun.security.x509.OIDMap$OIDInfo (java.base@17.0.13)
 820:            19            760  ch.qos.logback.core.joran.event.StartEvent
 821:            19            760  org.springframework.beans.factory.annotation.AutowiredAnnotationBeanPostProcessor$AutowiredFieldElement
 822:            19            760  org.springframework.core.codec.StringDecoder
 823:             2            752  jdk.internal.misc.InnocuousThread (java.base@17.0.13)
 824:            31            744  com.fasterxml.jackson.module.paramnames.ParameterNamesAnnotationIntrospector
 825:            31            744  java.security.Provider$EngineDescription (java.base@17.0.13)
 826:            23            736  java.util.concurrent.CountDownLatch$Sync (java.base@17.0.13)
 827:            23            736  sun.management.MappedMXBeanType$BasicMXBeanType (java.management@17.0.13)
 828:            13            728  org.springframework.expression.spel.support.StandardEvaluationContext
 829:            30            720  com.dynatrace.agent.states.LinkInsertionArea
 830:             9            720  com.fasterxml.jackson.databind.deser.impl.FieldProperty
 831:            30            720  java.net.Inet6Address (java.base@17.0.13)
 832:            18            720  javax.net.ssl.SSLEngineResult (java.base@17.0.13)
 833:            45            720  jdk.proxy2.$Proxy14 (jdk.proxy2)
 834:            30            720  org.apache.kafka.common.metrics.JmxReporter
 835:            30            720  org.apache.kafka.common.metrics.JmxReporter$$Lambda$1819/0x0000000100a7a030
 836:            30            720  org.apache.tomcat.util.res.StringManager
 837:            18            720  org.hibernate.validator.internal.metadata.aggregated.CascadingMetaDataBuilder
 838:            22            704  com.dynatrace.agent.introspection.uem.RequestHeaderRule
 839:            22            704  java.util.Hashtable$Entry (java.base@17.0.13)
 840:            11            704  org.apache.kafka.clients.NetworkClient$InFlightRequest
 841:            11            704  org.apache.kafka.common.message.FetchRequestData
 842:             8            704  org.apache.kafka.streams.processor.internals.TaskManager
 843:             4            704  org.springframework.context.support.GenericApplicationContext$ClassDerivedBeanDefinition
 844:            44            704  sun.security.ssl.SessionId (java.base@17.0.13)
 845:            29            696  io.micrometer.common.ImmutableKeyValue
 846:            29            696  io.micrometer.core.instrument.cumulative.CumulativeCounter
 847:            29            696  org.apache.hc.core5.http.ContentType
 848:            43            688  jdk.proxy2.$Proxy25 (jdk.proxy2)
 849:            43            688  sun.security.x509.DNSName (java.base@17.0.13)
 850:            17            680  sun.security.ssl.X509TrustManagerImpl (java.base@17.0.13)
 851:            42            672  com.dynatrace.agent.util.collections.CopyOnWriteHashMap
 852:            42            672  com.fasterxml.jackson.databind.introspect.BasicClassIntrospector
 853:            42            672  com.fasterxml.jackson.databind.jsontype.impl.StdSubtypeResolver
 854:            42            672  com.fasterxml.jackson.databind.util.RootNameLookup
 855:            28            672  com.sun.jmx.mbeanserver.StandardMBeanSupport (java.management@17.0.13)
 856:            12            672  java.security.cert.PKIXBuilderParameters (java.base@17.0.13)
 857:            28            672  java.util.BitSet (java.base@17.0.13)
 858:            28            672  java.util.regex.Pattern$Dollar (java.base@17.0.13)
 859:            28            672  org.apache.kafka.clients.ApiVersions
 860:            21            672  org.apache.kafka.clients.FetchSessionHandler
 861:            28            672  org.apache.kafka.clients.InFlightRequests
 862:            12            672  org.apache.kafka.clients.consumer.internals.SubscriptionState$TopicPartitionState
 863:            28            672  org.apache.kafka.common.network.CipherInformation
 864:            28            672  org.apache.kafka.common.network.Selector$SelectorMetrics$$Lambda$1850/0x0000000100acb3d8
 865:            28            672  org.apache.kafka.common.network.Selector$SelectorMetrics$$Lambda$1851/0x0000000100acb840
 866:            12            672  org.apache.kafka.streams.processor.internals.ProcessorTopology
 867:            12            672  org.apache.kafka.streams.processor.internals.RecordCollectorImpl
 868:            28            672  org.apache.tomcat.util.http.MimeHeaderField
 869:            21            672  org.springframework.boot.env.OriginTrackedMapPropertySource
 870:            42            672  org.springframework.core.log.LogAccessor
 871:            14            672  sun.nio.ch.IOVecWrapper (java.base@17.0.13)
 872:            12            672  sun.security.validator.PKIXValidator (java.base@17.0.13)
 873:            12            672  sun.util.calendar.ZoneInfo (java.base@17.0.13)
 874:            41            656  com.fasterxml.jackson.databind.deser.BeanDeserializerFactory
 875:            41            656  com.fasterxml.jackson.databind.ser.BeanSerializerFactory
 876:            41            656  java.util.TreeMap$KeySet (java.base@17.0.13)
 877:            41            656  jdk.proxy2.$Proxy32 (jdk.proxy2)
 878:            27            648  org.apache.kafka.common.network.PlaintextChannelBuilder$$Lambda$2015/0x0000000100b691c8
 879:            27            648  org.apache.kafka.common.network.PlaintextChannelBuilder$PlaintextAuthenticator
 880:            27            648  org.apache.kafka.common.network.PlaintextTransportLayer
 881:            27            648  org.apache.kafka.common.security.authenticator.DefaultKafkaPrincipalBuilder
 882:             3            648  org.springframework.beans.factory.support.DefaultListableBeanFactory
 883:            27            648  sun.security.provider.PolicyFile$PolicyEntry (java.base@17.0.13)
 884:             8            640  [Lio.netty.handler.codec.CodecOutputList;
 885:            16            640  [Ljava.lang.invoke.BoundMethodHandle$SpeciesData; (java.base@17.0.13)
 886:             2            640  [Lorg.apache.kafka.common.protocol.ApiKeys;
 887:             8            640  com.fasterxml.jackson.core.JsonFactory
 888:            40            640  com.fasterxml.jackson.databind.module.SimpleKeyDeserializers
 889:            40            640  com.fasterxml.jackson.databind.type.TypeParser
 890:            40            640  com.fasterxml.jackson.datatype.jsr310.JavaTimeModule$1
 891:            40            640  com.fasterxml.jackson.datatype.jsr310.deser.JavaTimeDeserializerModifier
 892:            40            640  com.fasterxml.jackson.datatype.jsr310.ser.JavaTimeSerializerModifier
 893:            40            640  com.fasterxml.jackson.datatype.jsr310.ser.ZoneIdSerializer
 894:             8            640  io.netty.buffer.PooledUnsafeHeapByteBuf
 895:            40            640  java.lang.ClassValue$Identity (java.base@17.0.13)
 896:            16            640  org.apache.kafka.clients.consumer.internals.FetchBuffer
 897:            16            640  org.apache.kafka.clients.consumer.internals.FetchCollector
 898:             8            640  org.apache.kafka.clients.producer.internals.Sender
 899:            40            640  org.apache.kafka.common.utils.LogContext
 900:             8            640  org.apache.kafka.streams.processor.internals.StoreChangelogReader
 901:            16            640  org.springframework.beans.factory.annotation.AutowiredAnnotationBeanPostProcessor$AutowiredMethodElement
 902:             3            624  [Ljava.lang.invoke.LambdaForm; (java.base@17.0.13)
 903:            13            624  com.fasterxml.jackson.core.JsonToken
 904:            39            624  com.fasterxml.jackson.datatype.jdk8.Jdk8Deserializers
 905:            39            624  com.fasterxml.jackson.datatype.jdk8.Jdk8Serializers
 906:            39            624  com.fasterxml.jackson.datatype.jdk8.Jdk8TypeModifier
 907:            26            624  java.security.spec.ECFieldF2m (java.base@17.0.13)
 908:            39            624  jdk.proxy2.$Proxy39 (jdk.proxy2)
 909:            26            624  org.springframework.web.servlet.mvc.condition.ProducesRequestCondition$ProduceMediaTypeExpression
 910:             7            616  java.text.DecimalFormatSymbols (java.base@17.0.13)
 911:            11            616  org.springframework.web.servlet.mvc.method.RequestMappingInfo
 912:            19            608  ch.qos.logback.core.joran.event.EndEvent
 913:            19            608  com.fasterxml.jackson.core.JsonParser$Feature
 914:            19            608  com.sun.security.sasl.PlainClient (java.security.sasl@17.0.13)
 915:            38            608  java.lang.constant.ReferenceClassDescImpl (java.base@17.0.13)
 916:            19            608  java.security.cert.PolicyQualifierInfo (java.base@17.0.13)
 917:            38            608  jdk.proxy2.$Proxy46 (jdk.proxy2)
 918:            15            600  [F (java.base@17.0.13)
 919:            25            600  com.dynatrace.agent.introspection.messaging.kafka.KafkaClusterContextInfo
 920:            25            600  java.time.LocalTime (java.base@17.0.13)
 921:            25            600  org.springframework.expression.TypedValue
 922:            15            600  org.springframework.expression.spel.ast.Identifier
 923:             5            600  org.springframework.http.codec.support.ClientDefaultCodecsImpl
 924:            25            600  org.springframework.util.AntPathMatcher$PathSeparatorPatternCache
 925:            10            592  [Lio.netty.util.internal.PriorityQueueNode;
 926:             2            592  [Lorg.springframework.http.HttpStatus;
 927:            37            592  ch.qos.logback.core.joran.spi.ElementSelector
 928:            37            592  com.fasterxml.jackson.core.util.JacksonFeatureSet
 929:            37            592  jdk.proxy2.$Proxy37 (jdk.proxy2)
 930:            37            592  net.logstash.logback.composite.AbstractCompositeJsonFormatter$DisconnectedOutputStream
 931:            22            584  [Lcom.fasterxml.jackson.databind.introspect.AnnotationMap;
 932:             6            576  com.fasterxml.jackson.databind.deser.BeanDeserializer
 933:             8            576  com.fasterxml.jackson.databind.json.JsonMapper
 934:             9            576  io.netty.buffer.UnpooledUnsafeDirectByteBuf
 935:             9            576  io.netty.channel.DefaultChannelPipeline$HeadContext
 936:            24            576  io.netty.channel.unix.FileDescriptor
 937:             8            576  java.util.concurrent.ScheduledThreadPoolExecutor (java.base@17.0.13)
 938:            36            576  java.util.regex.Pattern$Begin (java.base@17.0.13)
 939:            36            576  jdk.proxy2.$Proxy2 (jdk.proxy2)
 940:            24            576  org.apache.kafka.clients.NetworkClient$DefaultMetadataUpdater
 941:            24            576  org.apache.kafka.clients.NetworkClient$TelemetrySender
 942:            24            576  org.apache.kafka.common.internals.KafkaCompletableFuture
 943:            24            576  org.apache.kafka.common.internals.KafkaFutureImpl
 944:             8            576  org.apache.kafka.common.message.FetchResponseData$PartitionData
 945:            18            576  org.apache.kafka.common.network.SaslChannelBuilder$$Lambda$1860/0x0000000100ad3588
 946:            24            576  org.apache.kafka.common.telemetry.internals.ClientTelemetryProvider
 947:            12            576  org.apache.kafka.streams.TopologyConfig$TaskConfig
 948:             8            576  org.apache.kafka.streams.processor.internals.ActiveTaskCreator
 949:            12            576  org.hibernate.validator.internal.metadata.raw.ConstrainedExecutable
 950:            12            576  org.springframework.beans.SimpleTypeConverter
 951:             9            576  org.springframework.boot.actuate.endpoint.web.servlet.AbstractWebMvcEndpointHandlerMapping$WebMvcEndpointHandlerMethod
 952:             9            576  org.springframework.cloud.stream.binder.kafka.properties.KafkaProducerProperties
 953:            36            576  org.springframework.format.datetime.standard.TemporalAccessorPrinter
 954:            36            576  sun.security.ssl.Authenticator$TLS10Authenticator (java.base@17.0.13)
 955:            18            576  sun.security.ssl.SSLEngineImpl (java.base@17.0.13)
 956:            18            576  sun.security.x509.DistributionPoint (java.base@17.0.13)
 957:            14            560  com.sun.jmx.mbeanserver.PerInterface (java.management@17.0.13)
 958:            10            560  io.netty.buffer.PooledSlicedByteBuf
 959:            14            560  java.lang.invoke.BoundMethodHandle$Species_LLL (java.base@17.0.13)
 960:             5            560  java.util.GregorianCalendar (java.base@17.0.13)
 961:             7            560  java.util.concurrent.TimeUnit (java.base@17.0.13)
 962:            35            560  java.util.regex.Pattern$CharPredicate$$Lambda$129/0x0000000100177958 (java.base@17.0.13)
 963:            14            560  javax.management.openmbean.SimpleType (java.management@17.0.13)
 964:            14            560  org.apache.kafka.common.security.ssl.SslFactory
 965:            14            560  org.apache.tomcat.util.collections.ManagedConcurrentWeakHashMap$Key
 966:            10            560  org.apache.tomcat.util.threads.ThreadPoolExecutor$Worker
 967:             5            560  org.springframework.cloud.stream.binder.kafka.streams.properties.KafkaStreamsBinderConfigurationProperties
 968:            14            560  org.springframework.core.io.support.ResourceArrayPropertyEditor
 969:            10            560  sun.invoke.util.Wrapper (java.base@17.0.13)
 970:            23            552  com.dynatrace.agent.introspection.uem.RUMSensorBehavior
 971:            23            552  com.nimbusds.jose.JWEAlgorithm
 972:            23            552  java.security.SecurityPermission (java.base@17.0.13)
 973:            23            552  org.yaml.snakeyaml.tokens.Token$ID
 974:            17            544  com.dynatrace.agent.ThreadInfo
 975:            17            544  java.util.ImmutableCollections$MapN (java.base@17.0.13)
 976:            17            544  org.hibernate.validator.internal.engine.valueextraction.ValueExtractorDescriptor
 977:            34            544  org.hibernate.validator.internal.util.logging.Log_$logger
 978:             1            544  org.springframework.boot.web.embedded.tomcat.TomcatEmbeddedContext
 979:            17            544  org.springframework.cglib.proxy.MethodProxy$FastClassInfo
 980:            17            544  org.springframework.core.annotation.TypeMappedAnnotations$Aggregate
 981:            17            544  sun.security.ssl.CipherSuite$KeyExchange (java.base@17.0.13)
 982:            17            544  sun.security.x509.CertificatePoliciesExtension (java.base@17.0.13)
 983:             1            528  [Ljava.lang.Character; (java.base@17.0.13)
 984:             1            528  [Ljava.net.URL; (java.base@17.0.13)
 985:             2            528  [Lorg.apache.kafka.common.protocol.Errors;
 986:             6            528  com.fasterxml.jackson.databind.deser.std.StdValueInstantiator
 987:            11            528  com.sun.jmx.mbeanserver.DefaultMXBeanMappingFactory$CompositeMapping (java.management@17.0.13)
 988:            11            528  io.micrometer.core.instrument.cumulative.CumulativeTimer
 989:            11            528  io.micrometer.core.instrument.distribution.TimeWindowMax
 990:            22            528  java.io.ByteArrayOutputStream (java.base@17.0.13)
 991:            22            528  org.apache.kafka.common.feature.SupportedVersionRange
 992:            22            528  org.apache.kafka.streams.internals.UpgradeFromValues
 993:            11            528  org.springframework.http.converter.json.MappingJackson2HttpMessageConverter
 994:            33            528  sun.security.x509.GeneralNames (java.base@17.0.13)
 995:            19            520  [Lorg.springframework.expression.spel.ast.SpelNodeImpl;
 996:            16            512  com.dynatrace.agent.introspection.IntrospectionUtils
 997:            16            512  com.fasterxml.jackson.databind.introspect.AnnotatedConstructor
 998:             8            512  com.sun.security.sasl.Provider$ProviderService (java.security.sasl@17.0.13)
 999:            16            512  io.netty.buffer.PoolThreadCache$NormalMemoryRegionCache
1000:             8            512  io.netty.channel.ChannelOutboundBuffer
1001:             8            512  io.netty.channel.ChannelOutboundBuffer$Entry
1002:             8            512  io.netty.channel.epoll.EpollDatagramChannelConfig
1003:            16            512  java.lang.invoke.VarForm (java.base@17.0.13)
1004:            16            512  java.time.temporal.ChronoUnit (java.base@17.0.13)
1005:            16            512  java.util.concurrent.locks.AbstractQueuedSynchronizer$ExclusiveNode (java.base@17.0.13)
1006:            16            512  java.util.concurrent.locks.ReentrantLock$FairSync (java.base@17.0.13)
1007:            16            512  org.apache.kafka.clients.consumer.ConsumerConfig
1008:             8            512  org.apache.kafka.clients.consumer.internals.Heartbeat
1009:             8            512  org.apache.kafka.clients.producer.internals.BufferPool
1010:            32            512  org.apache.kafka.common.internals.IdempotentCloser
1011:            32            512  org.apache.kafka.common.serialization.ByteArrayDeserializer
1012:            16            512  org.springframework.beans.propertyeditors.CustomCollectionEditor
1013:            12            504  [Lcom.fasterxml.jackson.databind.deser.SettableBeanProperty;
1014:            21            504  com.fasterxml.jackson.core.util.DefaultIndenter
1015:             9            504  io.netty.channel.DefaultChannelPipeline$TailContext
1016:            21            504  sun.security.x509.AVAKeyword (java.base@17.0.13)
1017:            21            504  sun.security.x509.Extension (java.base@17.0.13)
1018:             7            496  [Lsun.invoke.util.Wrapper; (java.base@17.0.13)
1019:            31            496  com.fasterxml.jackson.module.paramnames.ParameterExtractor
1020:            31            496  jdk.proxy2.$Proxy82 (jdk.proxy2)
1021:            19            488  [Lsun.security.ssl.NamedGroup$NamedGroupSpec; (java.base@17.0.13)
1022:            20            480  com.dynatrace.agent.introspection.exception.rules.ExceptionRule
1023:            10            480  com.dynatrace.agent.introspection.uem.UemState
1024:            30            480  com.dynatrace.agent.states.SensorStates
1025:            20            480  com.dynatrace.agent.util.MutableLong
1026:            12            480  io.netty.buffer.LongLongHashMap
1027:            12            480  java.lang.OutOfMemoryError (java.base@17.0.13)
1028:            12            480  java.lang.invoke.MethodHandleImpl$IntrinsicMethodHandle (java.base@17.0.13)
1029:            10            480  java.util.concurrent.ThreadPoolExecutor$Worker (java.base@17.0.13)
1030:            30            480  org.apache.kafka.common.metrics.Metrics$$Lambda$1823/0x0000000100a7b468
1031:            20            480  org.apache.kafka.common.utils.KafkaThread$$Lambda$1853/0x0000000100ace918
1032:            20            480  org.springframework.boot.actuate.endpoint.EndpointId
1033:            20            480  org.springframework.core.ResolvableType$SyntheticParameterizedType
1034:            10            480  org.springframework.expression.spel.ast.MethodReference
1035:            15            480  sun.reflect.generics.repository.ConstructorRepository (java.base@17.0.13)
1036:             5            480  sun.util.calendar.Gregorian$Date (java.base@17.0.13)
1037:            20            464  [Ljava.security.cert.X509Certificate; (java.base@17.0.13)
1038:            11            464  [Lorg.hibernate.validator.internal.metadata.core.BuiltinConstraint;
1039:            29            464  ch.qos.logback.core.model.processor.AllowModelFilter
1040:            29            464  org.springframework.boot.actuate.autoconfigure.endpoint.condition.OnAvailableEndpointCondition
1041:            29            464  reactor.util.Loggers$Slf4JLogger
1042:            29            464  sun.nio.ch.EventFD (java.base@17.0.13)
1043:            29            464  sun.nio.ch.Util$2 (java.base@17.0.13)
1044:            19            456  javax.net.ssl.SNIHostName (java.base@17.0.13)
1045:            19            456  jdk.internal.util.jar.JarIndex (java.base@17.0.13)
1046:            19            456  org.apache.kafka.common.utils.ImplicitLinkedHashCollection$HeadElement
1047:            19            456  org.springframework.beans.factory.config.BeanExpressionContext
1048:            19            456  org.springframework.context.support.MessageSourceAccessor
1049:            19            456  org.springframework.core.ResolvableType$TypeVariablesVariableResolver
1050:            19            456  org.xml.sax.helpers.AttributesImpl (java.xml@17.0.13)
1051:            19            456  sun.security.ssl.HandshakeHash (java.base@17.0.13)
1052:             8            448  com.fasterxml.jackson.databind.deser.std.CollectionDeserializer
1053:            14            448  com.fasterxml.jackson.databind.introspect.AnnotatedParameter
1054:             8            448  io.netty.bootstrap.Bootstrap
1055:             8            448  io.netty.buffer.PoolThreadCache
1056:             8            448  io.netty.channel.FixedRecvByteBufAllocator$HandleImpl
1057:            14            448  java.lang.invoke.SimpleMethodHandle (java.base@17.0.13)
1058:            14            448  java.time.format.DateTimeFormatterBuilder$TextPrinterParser (java.base@17.0.13)
1059:            14            448  java.util.ServiceLoader$ProviderImpl (java.base@17.0.13)
1060:            14            448  java.util.Stack (java.base@17.0.13)
1061:            28            448  jdk.proxy1.$Proxy20 (jdk.proxy1)
1062:            28            448  org.apache.kafka.clients.DefaultHostResolver
1063:             8            448  org.apache.kafka.clients.GroupRebalanceConfig
1064:             8            448  org.apache.kafka.clients.producer.internals.Sender$SenderMetrics
1065:            28            448  org.apache.kafka.common.ClusterResource
1066:            28            448  org.apache.kafka.common.config.types.Password
1067:            28            448  org.apache.kafka.common.network.Selector$SelectorMetrics$$Lambda$1852/0x0000000100acba88
1068:            14            448  org.apache.kafka.common.security.JaasContext
1069:            28            448  org.apache.kafka.common.utils.AppInfoParser$AppInfo
1070:             8            448  org.apache.kafka.streams.processor.internals.InternalTopicManager
1071:             8            448  org.apache.kafka.streams.processor.internals.StreamsProducer
1072:             8            448  org.apache.kafka.streams.processor.internals.assignment.AssignorConfiguration$AssignmentConfigs
1073:            14            448  org.springframework.beans.propertyeditors.ClassArrayEditor
1074:            14            448  org.springframework.beans.propertyeditors.ClassEditor
1075:            14            448  org.springframework.beans.propertyeditors.FileEditor
1076:            14            448  org.springframework.beans.propertyeditors.InputSourceEditor
1077:            14            448  org.springframework.beans.propertyeditors.InputStreamEditor
1078:            14            448  org.springframework.beans.propertyeditors.PathEditor
1079:            14            448  org.springframework.beans.propertyeditors.ReaderEditor
1080:            14            448  org.springframework.beans.propertyeditors.URIEditor
1081:            14            448  org.springframework.beans.propertyeditors.URLEditor
1082:            14            448  org.springframework.boot.logging.LoggingSystemProperty
1083:            14            448  org.springframework.expression.spel.SpelParserConfiguration
1084:             8            448  sun.management.MemoryPoolImpl (java.management@17.0.13)
1085:            14            448  sun.nio.ch.AllocatedNativeObject (java.base@17.0.13)
1086:            20            440  [Ljavax.management.MBeanNotificationInfo; (java.management@17.0.13)
1087:            11            440  java.util.regex.Pattern$Loop (java.base@17.0.13)
1088:            11            440  org.apache.kafka.clients.FetchSessionHandler$FetchRequestData
1089:            11            440  org.apache.kafka.common.requests.FetchRequest
1090:             1            432  [[[C (java.base@17.0.13)
1091:             9            432  io.netty.channel.AbstractChannel$CloseFuture
1092:             9            432  io.netty.channel.DefaultChannelPipeline
1093:            18            432  io.netty.channel.VoidChannelPromise
1094:             9            432  io.netty.channel.unix.IovArray
1095:            27            432  java.security.spec.ECFieldFp (java.base@17.0.13)
1096:            18            432  java.text.DateFormat$Field (java.base@17.0.13)
1097:            18            432  java.time.format.DateTimeFormatterBuilder$LocalizedPrinterParser (java.base@17.0.13)
1098:            18            432  javax.management.StandardMBean (java.management@17.0.13)
1099:            18            432  org.apache.kafka.common.message.ApiVersionsResponseData$ApiVersionCollection
1100:            18            432  org.apache.kafka.common.message.ApiVersionsResponseData$FinalizedFeatureKeyCollection
1101:            18            432  org.apache.kafka.common.message.ApiVersionsResponseData$SupportedFeatureKeyCollection
1102:            18            432  org.apache.kafka.common.requests.ApiVersionsResponse
1103:             2            432  reactor.netty.http.client.HttpClientConfig
1104:            18            432  sun.security.ssl.SSLEngineOutputRecord$HandshakeFragment (java.base@17.0.13)
1105:            13            416  com.dynatrace.agent.util.reflector.invoker.ReflectiveInvoker
1106:            26            416  com.dynatrace.agent.util.reflector.invoker.SensorLogHandler
1107:            13            416  com.dynatrace.agent.util.reflector.invoker.StaticReflectiveInvoker
1108:            13            416  com.fasterxml.jackson.core.JsonGenerator$Feature
1109:             4            416  io.netty.buffer.PoolArena$DirectArena
1110:             2            416  org.apache.coyote.Request
1111:            26            416  org.springframework.boot.context.config.ConfigData$Options
1112:            13            416  sun.security.jca.ProviderConfig (java.base@17.0.13)
1113:            13            416  sun.security.x509.CRLDistributionPointsExtension (java.base@17.0.13)
1114:            17            408  [Ljava.util.concurrent.atomic.Striped64$Cell; (java.base@17.0.13)
1115:            17            408  [Lsun.security.ssl.EphemeralKeyManager$EphemeralKeyPair; (java.base@17.0.13)
1116:            17            408  com.sun.crypto.provider.TlsMasterSecretGenerator$TlsMasterSecretKey (java.base@17.0.13)
1117:            17            408  io.netty.handler.codec.dns.DnsResponseCode
1118:            17            408  java.lang.NamedPackage (java.base@17.0.13)
1119:            17            408  javax.security.auth.login.AppConfigurationEntry (java.base@17.0.13)
1120:            17            408  net.jpountz.lz4.LZ4HCJavaUnsafeCompressor
1121:            17            408  org.hibernate.validator.internal.engine.valueextraction.ValueExtractorDescriptor$Key
1122:            17            408  org.springframework.boot.ansi.AnsiColor
1123:            17            408  sun.nio.ch.OptionKey (java.base@17.0.13)
1124:            17            408  sun.nio.ch.SocketOptionRegistry$RegistryKey (java.base@17.0.13)
1125:            17            408  sun.security.ssl.EphemeralKeyManager (java.base@17.0.13)
1126:            17            408  sun.security.x509.PolicyInformation (java.base@17.0.13)
1127:             4            400  [Ljava.lang.Thread; (java.base@17.0.13)
1128:            12            400  [Ljava.lang.constant.ClassDesc; (java.base@17.0.13)
1129:            10            400  com.dynatrace.agent.introspection.webservice.WebServiceServerState
1130:            25            400  java.util.concurrent.ConcurrentHashMap$ValuesView (java.base@17.0.13)
1131:            25            400  jdk.proxy2.$Proxy44 (jdk.proxy2)
1132:            10            400  org.springframework.cglib.proxy.Enhancer$EnhancerKey
1133:            10            400  sun.nio.cs.ISO_8859_1$Decoder (java.base@17.0.13)
1134:            12            392  [Ljava.util.concurrent.atomic.AtomicLong; (java.base@17.0.13)
1135:             7            392  org.springframework.cloud.stream.binder.ProducerProperties
1136:             8            384  ch.qos.logback.classic.model.LoggerModel
1137:             8            384  com.dynatrace.agent.measures.core.AggregatedValue
1138:             8            384  io.netty.channel.epoll.EpollDatagramChannel$EpollDatagramChannelUnsafe
1139:             8            384  java.lang.StackTraceElement (java.base@17.0.13)
1140:            12            384  java.nio.file.attribute.FileTime (java.base@17.0.13)
1141:            16            384  javax.net.ssl.SSLContext (java.base@17.0.13)
1142:            12            384  org.apache.catalina.LifecycleState
1143:             4            384  org.apache.kafka.clients.admin.KafkaAdminClient
1144:            16            384  org.apache.kafka.clients.consumer.KafkaConsumer
1145:            16            384  org.apache.kafka.clients.consumer.internals.Deserializers
1146:            16            384  org.apache.kafka.clients.consumer.internals.FetchMetricsAggregator$FetchMetrics
1147:            16            384  org.apache.kafka.clients.consumer.internals.OffsetsForLeaderEpochClient
1148:            12            384  org.apache.kafka.clients.consumer.internals.SubscriptionState$FetchPosition
1149:            16            384  org.apache.kafka.clients.consumer.internals.TopicMetadataFetcher
1150:             8            384  org.apache.kafka.clients.producer.internals.KafkaProducerMetrics
1151:            24            384  org.apache.kafka.common.internals.ClusterResourceListeners
1152:            16            384  org.apache.kafka.common.internals.PartitionStates
1153:            24            384  org.apache.kafka.common.telemetry.internals.LastValueTracker
1154:            24            384  org.apache.kafka.common.telemetry.internals.TelemetryMetricNamingConvention$1
1155:            24            384  org.apache.kafka.streams.processor.internals.PunctuationQueue
1156:            12            384  org.apache.kafka.streams.processor.internals.RecordDeserializer
1157:             8            384  org.apache.kafka.streams.processor.internals.StandbyTaskCreator
1158:            12            384  org.apache.kafka.streams.processor.internals.StreamTask$RecordQueueCreator
1159:            12            384  org.apache.kafka.streams.processor.internals.TaskMetadataImpl
1160:             8            384  org.apache.kafka.streams.processor.internals.Tasks
1161:             8            384  org.apache.kafka.streams.processor.internals.ThreadMetadataImpl
1162:             8            384  org.apache.kafka.streams.processor.internals.assignment.ReferenceContainer
1163:            16            384  org.springframework.core.env.MapPropertySource
1164:             8            384  org.springframework.kafka.support.mapping.DefaultJackson2JavaTypeMapper
1165:            24            384  sun.reflect.generics.tree.ArrayTypeSignature (java.base@17.0.13)
1166:             1            376  java.lang.ref.Finalizer$FinalizerThread (java.base@17.0.13)
1167:             1            376  java.util.logging.LogManager$Cleaner (java.logging@17.0.13)
1168:             1            376  org.springframework.boot.web.embedded.tomcat.TomcatWebServer$1
1169:             1            376  org.springframework.context.support.AbstractApplicationContext$1
1170:             1            368  com.dynatrace.agent.AgentManaged$2
1171:             1            368  java.lang.ref.Reference$ReferenceHandler (java.base@17.0.13)
1172:            23            368  java.util.concurrent.CountDownLatch (java.base@17.0.13)
1173:            10            360  [Ljava.lang.reflect.Field; (java.base@17.0.13)
1174:            12            360  [Lorg.springframework.asm.Type;
1175:             9            360  ch.qos.logback.core.model.ImplicitModel
1176:            15            360  com.fasterxml.jackson.databind.ser.impl.PropertySerializerMap$Single
1177:             9            360  com.sun.org.apache.xerces.internal.utils.XMLSecurityManager$Limit (java.xml@17.0.13)
1178:            15            360  jakarta.websocket.CloseReason$CloseCodes
1179:             9            360  jdk.internal.loader.NativeLibraries$NativeLibraryImpl (java.base@17.0.13)
1180:            15            360  org.apache.kafka.common.acl.AclOperation
1181:             5            360  org.springframework.cloud.config.client.ConfigClientProperties
1182:             9            360  org.springframework.expression.spel.support.ReflectivePropertyAccessor
1183:             9            360  org.springframework.http.codec.json.Jackson2JsonEncoder
1184:            15            360  org.springframework.util.unit.DataSize
1185:            15            360  org.yaml.snakeyaml.nodes.Tag
1186:            15            360  sun.reflect.generics.scope.ConstructorScope (java.base@17.0.13)
1187:            15            360  sun.security.util.DisabledAlgorithmConstraints$DisabledConstraint (java.base@17.0.13)
1188:             9            360  sun.util.locale.provider.LocaleResources$ResourceReference (java.base@17.0.13)
1189:             9            360  sun.util.resources.Bundles$BundleReference (java.base@17.0.13)
1190:             6            352  [Lorg.apache.tomcat.util.http.MimeHeaderField;
1191:            11            352  java.lang.constant.DirectMethodHandleDesc$Kind (java.base@17.0.13)
1192:            22            352  java.util.TreeMap$Values (java.base@17.0.13)
1193:            11            352  org.apache.kafka.clients.consumer.internals.ConsumerNetworkClient$RequestFutureCompletionHandler
1194:            11            352  org.apache.kafka.clients.consumer.internals.Fetcher$1
1195:            11            352  org.apache.kafka.common.message.FetchRequestData$ReplicaState
1196:            11            352  org.apache.kafka.common.message.RequestHeaderData
1197:            11            352  org.springframework.http.converter.StringHttpMessageConverter
1198:            11            352  org.springframework.web.servlet.handler.AbstractHandlerMethodMapping$MappingRegistration
1199:            18            336  [Ljavax.management.MBeanConstructorInfo; (java.management@17.0.13)
1200:             6            336  ch.qos.logback.core.model.PropertyModel
1201:            14            336  com.nimbusds.jose.JWSAlgorithm
1202:             7            336  io.micrometer.core.instrument.distribution.DistributionStatisticConfig
1203:             7            336  io.netty.bootstrap.AbstractBootstrap$PendingRegistrationPromise
1204:             6            336  java.nio.DirectLongBufferU (java.base@17.0.13)
1205:             6            336  java.nio.HeapCharBuffer (java.base@17.0.13)
1206:            21            336  java.nio.channels.spi.AbstractSelector$1 (java.base@17.0.13)
1207:            14            336  java.security.cert.CertificateFactory (java.base@17.0.13)
1208:             1            336  java.util.concurrent.ForkJoinPool (java.base@17.0.13)
1209:            14            336  java.util.regex.Pattern$CharProperty (java.base@17.0.13)
1210:            21            336  jdk.proxy2.$Proxy78 (jdk.proxy2)
1211:             2            336  org.apache.catalina.connector.Request
1212:            14            336  org.apache.kafka.common.network.PlaintextChannelBuilder
1213:            14            336  org.apache.kafka.common.security.JaasConfig
1214:             6            336  org.apache.tomcat.util.descriptor.web.FilterDef
1215:            14            336  org.springframework.boot.actuate.endpoint.invoke.reflect.OperationMethodParameter
1216:            14            336  org.springframework.boot.logging.DeferredLog
1217:            14            336  org.springframework.core.convert.support.GenericConversionService$Converters
1218:             3            336  org.springframework.kafka.core.DefaultKafkaProducerFactory
1219:            14            336  org.springframework.web.util.pattern.PathPatternParser
1220:            14            336  sun.nio.ch.IOVecWrapper$Deallocator (java.base@17.0.13)
1221:            21            336  sun.security.provider.NativePRNG (java.base@17.0.13)
1222:            14            336  sun.security.ssl.SunX509KeyManagerImpl (java.base@17.0.13)
1223:             2            320  [Lcom.fasterxml.jackson.databind.ser.impl.ReadOnlyClassToSerializerMap$Bucket;
1224:             1            320  [Lorg.apache.kafka.common.message.ApiMessageType;
1225:             4            320  [Lorg.hibernate.validator.internal.util.ConcurrentReferenceHashMap$Segment;
1226:            20            320  ch.qos.logback.core.joran.spi.ElementPath
1227:            10            320  com.dynatrace.agent.introspection.shared.webrequest.WebRequestCapturedInfo
1228:            10            320  com.dynatrace.agent.util.classvalue.MethodClassValue
1229:            10            320  com.sun.org.apache.xerces.internal.impl.XMLEntityManager$EncodingInfo (java.xml@17.0.13)
1230:            10            320  java.lang.constant.DirectMethodHandleDescImpl (java.base@17.0.13)
1231:             8            320  java.lang.invoke.VarHandleInts$FieldInstanceReadWrite (java.base@17.0.13)
1232:             5            320  java.text.DateFormatSymbols (java.base@17.0.13)
1233:            10            320  java.util.concurrent.ScheduledThreadPoolExecutor$DelayedWorkQueue (java.base@17.0.13)
1234:            10            320  java.util.concurrent.atomic.AtomicLongFieldUpdater$CASUpdater (java.base@17.0.13)
1235:             8            320  jdk.internal.math.FloatingDecimal$BinaryToASCIIBuffer (java.base@17.0.13)
1236:            20            320  jdk.proxy2.$Proxy9 (jdk.proxy2)
1237:             8            320  org.apache.kafka.clients.consumer.internals.AbstractCoordinator$GroupCoordinatorMetrics
1238:             8            320  org.apache.kafka.common.telemetry.internals.ClientTelemetryReporter$ClientTelemetrySubscription
1239:             8            320  org.apache.kafka.streams.processor.internals.ClientUtils$QuietStreamsConfig
1240:             8            320  org.apache.kafka.streams.processor.internals.assignment.AssignorConfiguration
1241:            10            320  org.hibernate.validator.internal.properties.javabean.JavaBeanMethod
1242:             8            320  org.springframework.beans.propertyeditors.CustomBooleanEditor
1243:             8            320  org.springframework.boot.actuate.endpoint.web.WebOperationRequestPredicate
1244:             8            320  org.springframework.boot.actuate.endpoint.web.annotation.DiscoveredWebEndpoint
1245:            10            320  org.springframework.cglib.core.WeakCacheKey
1246:            10            320  org.springframework.cglib.proxy.Enhancer$EnhancerFactoryData
1247:            10            320  org.springframework.cglib.proxy.MethodProxy$CreateInfo
1248:            10            320  org.springframework.expression.spel.ast.MethodReference$CachedMethodExecutor
1249:            10            320  org.springframework.expression.spel.support.ReflectiveMethodExecutor
1250:            10            320  org.springframework.util.AntPathMatcher$AntPathStringMatcher
1251:             8            320  sun.management.MemoryPoolImpl$CollectionSensor (java.management@17.0.13)
1252:             8            320  sun.management.MemoryPoolImpl$PoolSensor (java.management@17.0.13)
1253:            13            312  [Lorg.springframework.beans.factory.config.DependencyDescriptor;
1254:            13            312  com.fasterxml.jackson.databind.type.LogicalType
1255:            13            312  java.lang.ThreadLocal$SuppliedThreadLocal (java.base@17.0.13)
1256:            13            312  java.util.regex.Pattern$StartS (java.base@17.0.13)
1257:            13            312  org.apache.coyote.AsyncStateMachine$AsyncState
1258:            13            312  org.apache.kafka.clients.Metadata$LeaderAndEpoch
1259:            13            312  org.apache.kafka.common.security.authenticator.SaslClientAuthenticator$SaslState
1260:            13            312  org.springframework.cloud.stream.binder.kafka.properties.KafkaTopicProperties
1261:            13            312  org.springframework.cloud.vault.config.VaultProperties$AuthenticationMethod
1262:             3            312  org.springframework.kafka.core.KafkaTemplate
1263:             2            304  [Lcom.fasterxml.jackson.databind.MapperFeature;
1264:            12            304  [Lcom.fasterxml.jackson.databind.ser.BeanPropertyWriter;
1265:             2            304  [[Ljava.lang.Object; (java.base@17.0.13)
1266:            19            304  sun.security.ssl.HandshakeHash$CacheOnlyHash (java.base@17.0.13)
1267:            14            296  [Ljava.lang.StackTraceElement; (java.base@17.0.13)
1268:             1            288  [Ljava.lang.invoke.LambdaForm$Kind; (java.base@17.0.13)
1269:             1            288  [Lsun.security.ssl.SSLExtension; (java.base@17.0.13)
1270:            12            288  ch.qos.logback.core.joran.spi.HostClassAndPropertyDouble
1271:             9            288  com.dynatrace.agent.introspection.uem.ApplicationDetectionRule
1272:             9            288  com.fasterxml.classmate.types.ResolvedPrimitiveType
1273:             6            288  com.fasterxml.jackson.databind.deser.impl.BeanPropertyMap
1274:             6            288  com.fasterxml.jackson.databind.deser.std.StringCollectionDeserializer
1275:             6            288  com.fasterxml.jackson.databind.deser.std.UntypedObjectDeserializer
1276:            12            288  com.fasterxml.jackson.databind.introspect.AnnotatedClass$Creators
1277:             3            288  com.fasterxml.jackson.databind.ser.impl.UnwrappingBeanPropertyWriter
1278:             9            288  io.netty.channel.DefaultChannelId
1279:             9            288  io.netty.util.concurrent.DefaultPromise
1280:            12            288  java.lang.annotation.ElementType (java.base@17.0.13)
1281:             9            288  java.lang.constant.PrimitiveClassDescImpl (java.base@17.0.13)
1282:            12            288  java.net.StandardSocketOptions$StdSocketOption (java.base@17.0.13)
1283:            12            288  java.time.Month (java.base@17.0.13)
1284:            12            288  java.util.concurrent.Executors$RunnableAdapter (java.base@17.0.13)
1285:             4            288  java.util.concurrent.ThreadPoolExecutor (java.base@17.0.13)
1286:             9            288  java.util.logging.Level (java.logging@17.0.13)
1287:             9            288  java.util.logging.Level$KnownLevel (java.logging@17.0.13)
1288:            12            288  java.util.regex.Pattern$Prolog (java.base@17.0.13)
1289:             9            288  javax.management.MBeanNotificationInfo (java.management@17.0.13)
1290:             9            288  jdk.internal.org.objectweb.asm.Type (java.base@17.0.13)
1291:             3            288  org.apache.catalina.webresources.CachedResource
1292:             4            288  org.apache.kafka.clients.admin.internals.AdminMetadataManager
1293:            12            288  org.apache.kafka.clients.consumer.internals.FetchMetricsManager$$Lambda$2585/0x0000000100c56910
1294:            12            288  org.apache.kafka.clients.consumer.internals.RequestFuture
1295:             9            288  org.apache.kafka.common.record.MemoryRecords
1296:            12            288  org.apache.kafka.streams.kstream.internals.KStreamFilter$KStreamFilterProcessor
1297:            12            288  org.apache.kafka.streams.kstream.internals.KStreamFlatMapValues$KStreamFlatMapValuesProcessor
1298:            12            288  org.apache.kafka.streams.processor.TaskId
1299:            12            288  org.apache.kafka.streams.processor.internals.ProcessorMetadata
1300:            12            288  org.apache.kafka.streams.state.internals.OffsetCheckpoint
1301:            12            288  org.apache.tomcat.util.threads.TaskThread$WrappingRunnable
1302:            12            288  org.springframework.beans.TypeConverterDelegate
1303:            12            288  org.springframework.context.event.AbstractApplicationEventMulticaster$CachedListenerRetriever
1304:            12            288  org.springframework.context.event.AbstractApplicationEventMulticaster$ListenerCacheKey
1305:            12            288  org.springframework.core.annotation.AnnotationTypeMapping$MirrorSets$MirrorSet
1306:            18            288  org.springframework.core.convert.support.CollectionToArrayConverter
1307:            18            288  org.springframework.core.convert.support.CollectionToStringConverter
1308:            12            288  org.springframework.core.type.StandardMethodMetadata
1309:             9            288  org.springframework.http.codec.json.Jackson2JsonDecoder
1310:             9            288  org.springframework.http.converter.ResourceHttpMessageConverter
1311:            12            288  org.springframework.kafka.support.AbstractKafkaHeaderMapper$SimplePatternBasedHeaderMatcher
1312:            18            288  org.springframework.util.LinkedMultiValueMap
1313:             4            288  org.springframework.web.reactive.function.client.DefaultWebClientBuilder
1314:            18            288  org.springframework.web.servlet.mvc.condition.RequestMethodsRequestCondition
1315:            12            288  org.springframework.web.util.UrlPathHelper
1316:             4            288  reactor.netty.tcp.SslProvider
1317:            12            288  sun.reflect.annotation.TypeAnnotation$TypeAnnotationTarget (java.base@17.0.13)
1318:             9            288  sun.security.ssl.ProtocolVersion (java.base@17.0.13)
1319:             9            288  sun.security.util.math.intpoly.IntegerPolynomial$ImmutableElement (java.base@17.0.13)
1320:            12            288  sun.security.validator.EndEntityChecker (java.base@17.0.13)
1321:             9            288  sun.util.resources.Bundles$CacheKey (java.base@17.0.13)
1322:            12            280  [Lorg.springframework.core.MethodParameter;
1323:             7            280  java.time.zone.ZoneRules (java.base@17.0.13)
1324:             5            280  org.springframework.http.codec.multipart.DefaultPartHttpMessageReader
1325:             5            280  org.springframework.web.client.RestTemplate
1326:             1            272  [Lcom.dynatrace.agent.util.StringMurmur2HashCache$StringWithHash;
1327:             2            272  [Lcom.fasterxml.jackson.databind.DeserializationFeature;
1328:            11            272  [Lorg.springframework.boot.actuate.autoconfigure.endpoint.expose.EndpointExposure;
1329:            17            272  io.netty.util.collection.IntObjectHashMap$1
1330:            17            272  io.netty.util.collection.IntObjectHashMap$EntrySet
1331:            17            272  io.netty.util.collection.IntObjectHashMap$KeySet
1332:            17            272  org.apache.kafka.common.config.ConfigDef$ValidString
1333:            17            272  org.apache.kafka.common.serialization.ByteArraySerializer
1334:             2            272  org.apache.kafka.streams.processor.internals.InternalTopologyBuilder
1335:             2            272  org.springframework.cloud.stream.binder.kafka.streams.properties.KafkaStreamsConsumerProperties
1336:             2            272  org.springframework.context.annotation.AnnotationConfigApplicationContext
1337:            17            272  sun.invoke.util.ValueConversions$WrapperCache (java.base@17.0.13)
1338:            17            272  sun.security.x509.CertificatePolicyId (java.base@17.0.13)
1339:            11            264  com.fasterxml.jackson.annotation.JsonFormat$Feature
1340:            11            264  com.fasterxml.jackson.annotation.JsonFormat$Shape
1341:            11            264  io.micrometer.common.util.internal.logging.LocationAwareSlf4JLogger
1342:            11            264  io.netty.handler.codec.http.HttpObjectDecoder$State
1343:            11            264  io.netty.util.DefaultAttributeMap$DefaultAttribute
1344:            11            264  java.beans.PropertyChangeSupport (java.desktop@17.0.13)
1345:            11            264  java.lang.invoke.MethodHandleImpl$Intrinsic (java.base@17.0.13)
1346:            11            264  org.apache.kafka.common.requests.RequestHeader
1347:            11            264  org.springframework.util.ConcurrentReferenceHashMap$Entry
1348:            11            264  org.springframework.web.servlet.mvc.condition.ProducesRequestCondition
1349:            11            264  org.yaml.snakeyaml.events.Event$ID
1350:            11            264  sun.security.ssl.SSLSecretDerivation$SecretSchedule (java.base@17.0.13)
1351:            11            264  sun.security.util.LazyCodeSourcePermissionCollection (java.base@17.0.13)
1352:             8            256  [Lio.netty.resolver.dns.DnsQueryIdSpace$DnsQueryIdRange;
1353:             8            256  [Lsun.nio.fs.NativeBuffer; (java.base@17.0.13)
1354:             8            256  ch.qos.logback.classic.model.processor.LoggerModelHandler
1355:             8            256  com.dynatrace.agent.measures.jmx.MBeanAttributeSubscriptionInstance
1356:             4            256  com.dynatrace.agent.util.LRUCache$1
1357:             8            256  io.netty.channel.epoll.EpollEventArray
1358:             8            256  io.netty.channel.epoll.EpollRecvByteAllocatorHandle
1359:             8            256  io.netty.handler.codec.CodecOutputList$CodecOutputLists
1360:             8            256  io.netty.resolver.dns.InflightNameResolver
1361:             8            256  java.lang.reflect.ProxyGenerator$PrimitiveTypeInfo (java.base@17.0.13)
1362:             4            256  java.text.SimpleDateFormat (java.base@17.0.13)
1363:             8            256  org.apache.kafka.clients.consumer.ConsumerGroupMetadata
1364:             8            256  org.apache.kafka.clients.consumer.CooperativeStickyAssignor
1365:             8            256  org.apache.kafka.clients.consumer.internals.ConsumerCoordinatorMetrics
1366:            16            256  org.apache.kafka.clients.consumer.internals.ConsumerInterceptors
1367:            16            256  org.apache.kafka.clients.consumer.internals.ConsumerNetworkClient$UnsentRequests
1368:             8            256  org.apache.kafka.clients.consumer.internals.ConsumerRebalanceListenerInvoker
1369:             8            256  org.apache.kafka.clients.consumer.internals.FetchMetricsAggregator
1370:            16            256  org.apache.kafka.clients.consumer.internals.KafkaConsumerMetrics$$Lambda$2256/0x0000000100c00968
1371:             8            256  org.apache.kafka.clients.producer.ProducerConfig
1372:             8            256  org.apache.kafka.common.message.FetchResponseData$EpochEndOffset
1373:             8            256  org.apache.kafka.common.message.FetchResponseData$SnapshotId
1374:            16            256  org.apache.kafka.common.utils.BufferSupplier$DefaultSupplier
1375:             2            256  org.apache.kafka.streams.KafkaStreams
1376:             8            256  org.apache.kafka.streams.processor.internals.StreamsRebalanceListener
1377:             8            256  org.apache.kafka.streams.processor.internals.TaskExecutor
1378:             8            256  org.springframework.beans.propertyeditors.CharacterEditor
1379:             8            256  org.springframework.boot.actuate.endpoint.annotation.DiscoveredOperationMethod
1380:             8            256  org.springframework.boot.actuate.endpoint.web.annotation.DiscoveredWebOperation
1381:             8            256  org.springframework.security.web.util.matcher.AntPathRequestMatcher
1382:             8            256  org.springframework.util.ConcurrentLruCache$Node
1383:             8            256  org.springframework.util.PropertyPlaceholderHelper
1384:             8            256  sun.nio.fs.NativeBuffer (java.base@17.0.13)
1385:             8            256  sun.security.util.DisabledAlgorithmConstraints$KeySizeConstraint (java.base@17.0.13)
1386:             2            240  [Lcom.fasterxml.jackson.databind.SerializationFeature;
1387:            10            240  [Lio.netty.util.DefaultAttributeMap$DefaultAttribute;
1388:             5            240  [Ljava.lang.invoke.LambdaForm$NamedFunction; (java.base@17.0.13)
1389:             7            240  [Lorg.apache.kafka.common.telemetry.ClientTelemetryState;
1390:            10            240  [Lorg.springframework.http.MediaType;
1391:            10            240  com.dynatrace.agent.introspection.servlet.HttpRouteHolder
1392:            10            240  com.dynatrace.agent.util.classvalue.FieldClassValue
1393:            10            240  com.fasterxml.classmate.util.ClassKey
1394:            10            240  com.fasterxml.jackson.databind.cfg.CoercionInputShape
1395:             5            240  com.fasterxml.jackson.databind.introspect.BasicBeanDescription
1396:             5            240  com.fasterxml.jackson.databind.ser.BeanSerializer
1397:            10            240  com.sun.org.apache.xerces.internal.impl.XMLScanner$NameType (java.xml@17.0.13)
1398:             6            240  io.netty.util.internal.ObjectPool$RecyclerObjectPool$1
1399:            10            240  java.lang.constant.MethodTypeDescImpl (java.base@17.0.13)
1400:             3            240  java.lang.invoke.BoundMethodHandle$Species_LLLLLLLLLLLLL (java.base@17.0.13)
1401:             5            240  java.net.URLPermission (java.base@17.0.13)
1402:            10            240  java.nio.charset.CoderResult (java.base@17.0.13)
1403:            10            240  java.nio.file.StandardOpenOption (java.base@17.0.13)
1404:            10            240  java.security.CryptoPrimitive (java.base@17.0.13)
1405:             6            240  java.text.DigitList (java.base@17.0.13)
1406:            15            240  java.util.Comparator$$Lambda$873/0x00000001005fa388 (java.base@17.0.13)
1407:            10            240  java.util.concurrent.ConcurrentSkipListMap$Index (java.base@17.0.13)
1408:             6            240  java.util.stream.StreamOpFlag (java.base@17.0.13)
1409:            15            240  jdk.proxy2.$Proxy41 (jdk.proxy2)
1410:            10            240  org.apache.hc.core5.util.Timeout
1411:            10            240  org.apache.kafka.common.metrics.internals.IntGaugeSuite$StoredIntGauge
1412:             6            240  org.apache.tomcat.util.descriptor.web.FilterMap
1413:            10            240  org.springframework.boot.autoconfigure.cache.CacheType
1414:             3            240  org.springframework.boot.autoconfigure.kafka.KafkaProperties$Consumer
1415:             3            240  org.springframework.boot.autoconfigure.kafka.KafkaProperties$Listener
1416:            15            240  org.springframework.boot.autoconfigure.kafka.KafkaProperties$Security
1417:            10            240  org.springframework.boot.autoconfigure.web.embedded.TomcatWebServerFactoryCustomizer$$Lambda$1108/0x00000001008a8000
1418:             5            240  org.springframework.cloud.config.client.RetryProperties
1419:             5            240  org.springframework.cloud.configuration.TlsProperties
1420:            10            240  org.springframework.core.NamedThreadLocal
1421:            10            240  org.springframework.core.codec.CharSequenceEncoder
1422:             5            240  org.springframework.http.codec.multipart.PartEventHttpMessageReader
1423:            10            240  org.springframework.http.converter.ByteArrayHttpMessageConverter
1424:            10            240  org.springframework.kafka.listener.DeadLetterPublishingRecoverer$HeaderNames$HeadersToAdd
1425:            10            240  org.springframework.security.authentication.AuthenticationTrustResolverImpl
1426:             2            240  org.springframework.web.servlet.resource.ResourceHttpRequestHandler
1427:            10            240  reactor.core.publisher.SignalType
1428:             1            232  [Lcom.dynatrace.agent.introspection.agentcore.ProcessGroupTechType;
1429:             4            232  [[Ljava.lang.String; (java.base@17.0.13)
1430:             1            232  org.apache.catalina.core.StandardWrapper
1431:             7            224  [Ljava.lang.Boolean; (java.base@17.0.13)
1432:            13            224  [Ljava.lang.constant.ConstantDesc; (java.base@17.0.13)
1433:             7            224  com.dynatrace.agent.introspection.uem.InjectionSettings
1434:             7            224  com.dynatrace.agent.introspection.uem.throttling.Percentage
1435:             4            224  java.lang.invoke.BoundMethodHandle$Species_LLLLLL (java.base@17.0.13)
1436:             4            224  java.net.SocketPermission (java.base@17.0.13)
1437:            14            224  java.security.spec.MGF1ParameterSpec (java.base@17.0.13)
1438:            14            224  java.util.Comparator$$Lambda$1278/0x0000000100752e38 (java.base@17.0.13)
1439:             2            224  org.apache.coyote.Response
1440:            14            224  org.apache.kafka.common.security.authenticator.SaslClientCallbackHandler
1441:            14            224  org.apache.kafka.streams.processor.internals.metrics.StreamsMetricsImpl$ImmutableMetricValue
1442:             7            224  org.springframework.boot.convert.DurationStyle$Unit
1443:            14            224  org.springframework.boot.logging.DeferredLogs$$Lambda$126/0x00000001001adf60
1444:             2            224  org.springframework.cloud.vault.config.VaultProperties
1445:            14            224  org.springframework.expression.spel.standard.SpelExpressionParser
1446:             4            224  org.springframework.retry.backoff.ExponentialBackOffPolicy
1447:             7            224  org.springframework.vault.client.VaultClients$PrefixAwareUriBuilderFactory
1448:             4            224  org.springframework.web.reactive.function.client.DefaultWebClient
1449:            14            224  sun.security.provider.X509Factory (java.base@17.0.13)
1450:             1            216  [Lorg.apache.coyote.ActionCode;
1451:             9            216  ch.qos.logback.core.joran.util.ParentTag_Tag_Class_Tuple
1452:             3            216  com.fasterxml.jackson.databind.deser.impl.SetterlessProperty
1453:             9            216  com.fasterxml.jackson.databind.introspect.TypeResolutionContext$Basic
1454:             9            216  com.nimbusds.jose.EncryptionMethod
1455:             9            216  io.netty.channel.SucceededChannelFuture
1456:             9            216  io.netty.channel.epoll.AbstractEpollChannel$AbstractEpollUnsafe$1
1457:             9            216  io.netty.channel.epoll.LinuxSocket
1458:             9            216  io.netty.handler.codec.http.HttpMethod$EnumNameMap$Node
1459:             9            216  io.netty.util.internal.DefaultPriorityQueue
1460:             9            216  java.net.NetPermission (java.base@17.0.13)
1461:             9            216  java.nio.file.attribute.PosixFilePermission (java.base@17.0.13)
1462:             9            216  java.time.LocalDate (java.base@17.0.13)
1463:             9            216  java.util.concurrent.locks.ReentrantReadWriteLock$Sync$HoldCounter (java.base@17.0.13)
1464:             9            216  org.apache.hc.core5.http.Method
1465:             9            216  org.apache.kafka.clients.consumer.internals.AbstractCoordinator$Generation
1466:             9            216  org.apache.kafka.common.config.ConfigDef$Type
1467:             9            216  org.apache.kafka.common.utils.ProducerIdAndEpoch
1468:             9            216  org.apache.tomcat.util.net.AbstractEndpoint$Handler$SocketState
1469:             1            216  org.apache.tomcat.util.net.NioEndpoint
1470:             9            216  org.springframework.beans.AbstractNestablePropertyAccessor$PropertyTokenHolder
1471:             9            216  org.springframework.boot.actuate.autoconfigure.endpoint.expose.IncludeExcludeEndpointFilter$EndpointPatterns
1472:             9            216  org.springframework.boot.context.config.ConfigDataLocation
1473:             3            216  org.springframework.context.annotation.ClassPathBeanDefinitionScanner
1474:             3            216  org.springframework.context.annotation.ConfigurationClassPostProcessor
1475:             9            216  org.springframework.core.codec.ByteArrayDecoder
1476:             9            216  org.springframework.core.codec.ByteArrayEncoder
1477:             9            216  org.springframework.core.convert.support.ArrayToArrayConverter
1478:             9            216  org.springframework.security.oauth2.jose.jws.SignatureAlgorithm
1479:             3            216  sun.security.provider.NativePRNG$RandomIO (java.base@17.0.13)
1480:             9            216  sun.security.util.SafeDHParameterSpec (java.base@17.0.13)
1481:             9            216  sun.util.logging.PlatformLogger$Level (java.base@17.0.13)
1482:             1            208  [Lorg.springframework.expression.spel.standard.TokenKind;
1483:             2            208  [Lsun.security.ssl.NamedGroup; (java.base@17.0.13)
1484:             3            208  [[J (java.base@17.0.13)
1485:             2            208  brave.handler.MutableSpan
1486:            13            208  io.netty.util.internal.TypeParameterMatcher$ReflectiveMatcher
1487:             2            208  org.apache.coyote.http11.Http11Processor
1488:             2            208  org.springframework.kafka.config.StreamsBuilderFactoryBean
1489:             1            208  org.springframework.kafka.listener.ContainerProperties
1490:             2            200  [Ljava.text.DateFormat$Field; (java.base@17.0.13)
1491:             5            200  ch.qos.logback.core.model.ConversionRuleModel
1492:             5            200  com.dynatrace.agent.util.StringMurmur2HashCache$StringWithHash
1493:             5            200  io.micrometer.core.instrument.internal.DefaultLongTaskTimer
1494:             5            200  io.netty.resolver.dns.DnsResolveContext$DnsResolveContextException
1495:             5            200  org.springframework.core.SerializableTypeWrapper$MethodInvokeTypeProvider
1496:             5            200  org.springframework.expression.spel.ast.StringLiteral
1497:             5            200  org.springframework.expression.spel.standard.SpelExpression
1498:             5            200  org.springframework.http.codec.multipart.MultipartHttpMessageWriter
1499:             5            200  org.springframework.security.web.context.HttpSessionSecurityContextRepository
1500:             5            200  reactor.core.publisher.MonoCacheTime
1501:             5            200  sun.security.ssl.CipherSuite$MacAlg (java.base@17.0.13)
1502:             2            192  [Lcom.fasterxml.jackson.core.JsonParser$Feature;
1503:             8            192  [Lio.netty.util.concurrent.GenericFutureListener;
1504:             6            192  ch.qos.logback.core.joran.event.BodyEvent
1505:             8            192  com.dynatrace.agent.introspection.agentcore.TechTypeEdition
1506:             4            192  com.dynatrace.agent.introspection.messaging.ReceiveEntrypointState
1507:             6            192  com.fasterxml.jackson.core.StreamReadFeature
1508:             6            192  com.fasterxml.jackson.core.json.JsonWriteFeature
1509:            12            192  com.fasterxml.jackson.databind.node.IntNode
1510:             8            192  com.fasterxml.jackson.databind.ser.impl.PropertySerializerMap$TypeAndSerializer
1511:             6            192  com.sun.jmx.mbeanserver.DefaultMXBeanMappingFactory$CollectionMapping (java.management@17.0.13)
1512:             8            192  io.micrometer.core.instrument.Statistic
1513:             8            192  io.netty.channel.FixedRecvByteBufAllocator
1514:             8            192  io.netty.resolver.AddressResolverGroup$1
1515:             8            192  io.netty.resolver.InetSocketAddressResolver
1516:             8            192  io.netty.resolver.dns.DnsNameResolver$DnsResponseHandler
1517:             8            192  io.netty.resolver.dns.DnsQueryContextManager$DnsQueryContextMap
1518:             8            192  io.netty.resolver.dns.DnsQueryIdSpace$DnsQueryIdRange
1519:             8            192  io.netty.resolver.dns.ThreadLocalNameServerAddressStream
1520:             8            192  io.netty.resolver.dns.ThreadLocalNameServerAddressStream$1
1521:             6            192  io.netty.util.AttributeKey
1522:             8            192  io.netty.util.concurrent.DefaultFutureListeners
1523:             8            192  io.netty.util.internal.ThreadExecutorMap$1
1524:             8            192  io.netty.util.internal.ThreadExecutorMap$2
1525:             4            192  java.lang.ThreadGroup (java.base@17.0.13)
1526:             6            192  java.lang.invoke.LambdaForm$BasicType (java.base@17.0.13)
1527:             8            192  java.lang.module.ModuleDescriptor$Opens (java.base@17.0.13)
1528:             8            192  java.math.RoundingMode (java.base@17.0.13)
1529:             3            192  java.nio.DirectByteBufferR (java.base@17.0.13)
1530:             6            192  java.time.format.TextStyle (java.base@17.0.13)
1531:             8            192  java.util.Collections$SynchronizedSet (java.base@17.0.13)
1532:             4            192  java.util.concurrent.ConcurrentSkipListMap (java.base@17.0.13)
1533:             4            192  java.util.concurrent.LinkedBlockingQueue (java.base@17.0.13)
1534:             2            192  java.util.jar.JarVerifier (java.base@17.0.13)
1535:             8            192  java.util.regex.Pattern$CharPredicate$$Lambda$938/0x00000001005ffd60 (java.base@17.0.13)
1536:            12            192  jdk.proxy2.$Proxy40 (jdk.proxy2)
1537:             6            192  org.apache.catalina.core.ApplicationFilterConfig
1538:             8            192  org.apache.hc.client5.http.impl.ChainElement
1539:             4            192  org.apache.kafka.clients.admin.KafkaAdminClient$AdminClientRunnable
1540:             8            192  org.apache.kafka.clients.consumer.internals.ConsumerCoordinator$MetadataSnapshot
1541:             8            192  org.apache.kafka.clients.producer.internals.TransactionManager$State
1542:             8            192  org.apache.kafka.clients.producer.internals.TxnPartitionMap
1543:             8            192  org.apache.kafka.common.message.FetchResponseData$LeaderIdAndEpoch
1544:             8            192  org.apache.kafka.common.record.ByteBufferLogInputStream
1545:             8            192  org.apache.kafka.common.record.RecordBatchIterator
1546:             8            192  org.apache.kafka.common.resource.ResourceType
1547:             8            192  org.apache.kafka.streams.KafkaStreams$$Lambda$2244/0x0000000100be6430
1548:             2            192  org.apache.kafka.streams.TopologyConfig
1549:            12            192  org.apache.kafka.streams.errors.DefaultProductionExceptionHandler
1550:             4            192  org.apache.kafka.streams.kstream.internals.graph.ProcessorGraphNode
1551:            12            192  org.apache.kafka.streams.processor.FailOnInvalidTimestamp
1552:            12            192  org.apache.kafka.streams.processor.internals.AbstractPartitionGroup$RecordInfo
1553:            12            192  org.apache.kafka.streams.processor.internals.StreamTask$$Lambda$2543/0x0000000100c4c7a8
1554:             8            192  org.apache.kafka.streams.processor.internals.StreamThreadTotalBlockedTime
1555:             8            192  org.apache.kafka.streams.processor.internals.assignment.CopartitionedTopicsEnforcer
1556:             4            192  org.hibernate.validator.internal.metadata.raw.ConstrainedParameter
1557:             4            192  org.hibernate.validator.internal.util.ConcurrentReferenceHashMap
1558:             3            192  org.springframework.aop.framework.ProxyFactory
1559:             8            192  org.springframework.boot.actuate.autoconfigure.health.OnEnabledHealthIndicatorCondition
1560:             8            192  org.springframework.boot.actuate.endpoint.invoke.reflect.ReflectiveOperationInvoker
1561:             3            192  org.springframework.boot.autoconfigure.kafka.KafkaProperties
1562:             3            192  org.springframework.boot.autoconfigure.kafka.KafkaProperties$Producer
1563:            12            192  org.springframework.boot.convert.CollectionToDelimitedStringConverter
1564:             8            192  org.springframework.classify.BinaryExceptionClassifier
1565:             2            192  org.springframework.cloud.stream.binder.kafka.properties.KafkaBinderConfigurationProperties
1566:             3            192  org.springframework.context.annotation.CommonAnnotationBeanPostProcessor
1567:             6            192  org.springframework.context.annotation.ConditionEvaluator$ConditionContextImpl
1568:             8            192  org.springframework.core.io.FileSystemResource
1569:             3            192  org.springframework.core.type.classreading.CachingMetadataReaderFactory$LocalResourceCache
1570:            12            192  org.springframework.format.datetime.DateFormatterRegistrar$CalendarToDateConverter
1571:            12            192  org.springframework.format.datetime.DateFormatterRegistrar$CalendarToLongConverter
1572:            12            192  org.springframework.format.datetime.DateFormatterRegistrar$DateToCalendarConverter
1573:            12            192  org.springframework.format.datetime.DateFormatterRegistrar$DateToLongConverter
1574:            12            192  org.springframework.format.datetime.DateFormatterRegistrar$LongToCalendarConverter
1575:            12            192  org.springframework.format.datetime.DateFormatterRegistrar$LongToDateConverter
1576:             8            192  org.springframework.integration.util.BeanFactoryTypeConverter
1577:            12            192  org.springframework.kafka.streams.RecoveringDeserializationExceptionHandler
1578:             4            192  org.springframework.kafka.support.DefaultKafkaHeaderMapper
1579:             4            192  org.springframework.kafka.support.serializer.JsonDeserializer
1580:             2            192  org.springframework.scheduling.concurrent.ThreadPoolTaskScheduler
1581:             8            192  org.springframework.security.web.header.Header
1582:             8            192  org.springframework.util.ConcurrentLruCache$CacheEntry
1583:             8            192  org.springframework.web.bind.annotation.RequestMethod
1584:            12            192  org.springframework.web.servlet.mvc.condition.PathPatternsRequestCondition
1585:             8            192  sun.nio.fs.NativeBuffer$Deallocator (java.base@17.0.13)
1586:             6            192  sun.security.ssl.SSLKeyExchange$T12KeyAgreement (java.base@17.0.13)
1587:             6            192  sun.security.ssl.X509Authentication (java.base@17.0.13)
1588:             6            192  sun.security.x509.SubjectAlternativeNameExtension (java.base@17.0.13)
1589:            12            192  sun.util.logging.internal.LoggingProviderImpl$JULWrapper (java.logging@17.0.13)
1590:            11            176  com.fasterxml.jackson.databind.introspect.AnnotatedMethodMap
1591:            11            176  java.beans.PropertyChangeSupport$PropertyChangeListenerMap (java.desktop@17.0.13)
1592:            11            176  jdk.proxy2.$Proxy54 (jdk.proxy2)
1593:            11            176  jdk.proxy2.$Proxy63 (jdk.proxy2)
1594:             1            176  org.apache.catalina.core.StandardHost
1595:             2            176  org.apache.coyote.RequestInfo
1596:             2            176  org.apache.coyote.http11.Http11InputBuffer
1597:            11            176  org.apache.kafka.clients.consumer.internals.Fetcher$$Lambda$2339/0x0000000100c23cb0
1598:            11            176  org.apache.kafka.clients.consumer.internals.Fetcher$$Lambda$2340/0x0000000100c23ed8
1599:            11            176  org.springframework.cloud.vault.config.VaultConfigDataLoader$$Lambda$334/0x0000000100333910
1600:            11            176  org.springframework.core.DefaultParameterNameDiscoverer
1601:            11            176  org.springframework.core.StandardReflectionParameterNameDiscoverer
1602:             7            168  [Ljava.time.ZoneOffset; (java.base@17.0.13)
1603:             1            168  [[Ljava.math.BigInteger; (java.base@17.0.13)
1604:             7            168  ch.qos.logback.classic.Level
1605:             7            168  ch.qos.logback.core.spi.ConfigurationEvent$EventType
1606:             7            168  com.dynatrace.agent.introspection.shared.webrequest.CapturingKeys
1607:             7            168  com.dynatrace.agent.introspection.uem.PercentageInjectionSettings
1608:             7            168  com.dynatrace.agent.introspection.uem.RequestMethod
1609:             7            168  com.fasterxml.jackson.annotation.JsonInclude$Include
1610:             7            168  com.fasterxml.jackson.annotation.PropertyAccessor
1611:             3            168  com.fasterxml.jackson.databind.ser.impl.UnwrappingBeanSerializer
1612:             3            168  com.fasterxml.jackson.datatype.jsr310.deser.InstantDeserializer
1613:             7            168  com.sun.org.apache.xerces.internal.util.FeatureState (java.xml@17.0.13)
1614:             7            168  java.lang.System$Logger$Level (java.base@17.0.13)
1615:             7            168  java.time.ZoneRegion (java.base@17.0.13)
1616:             7            168  java.util.concurrent.Executors$DelegatedScheduledExecutorService (java.base@17.0.13)
1617:             7            168  java.util.regex.Pattern$$Lambda$782/0x00000001005ed4e0 (java.base@17.0.13)
1618:             3            168  javax.management.openmbean.OpenMBeanOperationInfoSupport (java.management@17.0.13)
1619:             7            168  jdk.xml.internal.JdkProperty$State (java.xml@17.0.13)
1620:             7            168  org.apache.kafka.common.network.ChannelState$State
1621:             7            168  org.apache.kafka.common.telemetry.ClientTelemetryState
1622:             7            168  org.apache.kafka.streams.KafkaStreams$State
1623:             7            168  org.apache.kafka.streams.processor.internals.StreamThread$State
1624:             7            168  org.apache.tomcat.util.net.SocketEvent
1625:             7            168  org.hibernate.validator.internal.metadata.location.ConstraintLocation$ConstraintLocationKind
1626:             3            168  org.springframework.beans.factory.annotation.AutowiredAnnotationBeanPostProcessor
1627:             7            168  org.springframework.beans.factory.config.EmbeddedValueResolver
1628:             3            168  org.springframework.boot.autoconfigure.kafka.KafkaProperties$Streams
1629:             7            168  org.springframework.boot.logging.LogLevel
1630:             1            168  org.springframework.boot.web.embedded.tomcat.TomcatServletWebServerFactory
1631:             7            168  org.springframework.cglib.proxy.CallbackInfo
1632:             7            168  org.springframework.cloud.stream.binder.kafka.properties.KafkaBinderConfigurationProperties$CombinedProducerProperties
1633:             7            168  org.springframework.cloud.stream.binder.kafka.properties.KafkaBinderConfigurationProperties$Metrics
1634:             7            168  org.springframework.cloud.stream.binder.kafka.properties.KafkaBinderConfigurationProperties$Transaction
1635:             3            168  org.springframework.cloud.vault.config.Secrets
1636:             7            168  org.springframework.context.annotation.AnnotationScopeMetadataResolver
1637:             3            168  org.springframework.core.env.PropertySourcesPropertyResolver
1638:             7            168  org.springframework.core.type.filter.AnnotationTypeFilter
1639:             3            168  org.springframework.expression.spel.ast.PropertyOrFieldReference
1640:             7            168  org.springframework.kafka.listener.ContainerProperties$AckMode
1641:             7            168  org.springframework.security.web.util.matcher.AntPathRequestMatcher$SpringAntMatcher
1642:             7            168  org.springframework.web.servlet.handler.PathPatternMatchableHandlerMapping
1643:             7            168  org.springframework.web.servlet.mvc.method.annotation.RequestResponseBodyAdviceChain
1644:             7            168  org.yaml.snakeyaml.scanner.Constant
1645:             7            168  sun.reflect.generics.repository.FieldRepository (java.base@17.0.13)
1646:             3            168  sun.security.ssl.SSLContextImpl$TLSContext (java.base@17.0.13)
1647:             7            168  sun.security.x509.AccessDescription (java.base@17.0.13)
1648:             7            168  sun.security.x509.NetscapeCertTypeExtension$MapEntry (java.base@17.0.13)
1649:             2            160  [Ljava.lang.constant.DirectMethodHandleDesc$Kind; (java.base@17.0.13)
1650:             2            160  [Ljava.time.temporal.ChronoUnit; (java.base@17.0.13)
1651:             3            160  [Ljava.util.logging.Level; (java.logging@17.0.13)
1652:             5            160  ch.qos.logback.core.model.processor.ConversionRuleModelHandler
1653:             4            160  com.dynatrace.agent.introspection.http.HttpSensorState
1654:             5            160  com.dynatrace.agent.introspection.uem.constants.SerializationConstants$ApplicationDetectionMatcher
1655:             4            160  com.fasterxml.jackson.core.Base64Variant
1656:             5            160  com.fasterxml.jackson.core.JsonEncoding
1657:             4            160  com.fasterxml.jackson.core.Version
1658:             4            160  com.fasterxml.jackson.databind.ObjectWriter
1659:             5            160  com.fasterxml.jackson.databind.cfg.JsonNodeFeature
1660:             5            160  io.netty.handler.codec.http.HttpStatusClass
1661:             5            160  java.lang.invoke.BoundMethodHandle$Species_I (java.base@17.0.13)
1662:             5            160  java.lang.invoke.MethodHandles$Lookup (java.base@17.0.13)
1663:             5            160  java.lang.invoke.VarHandle$AccessType (java.base@17.0.13)
1664:             5            160  java.net.HostPortrange (java.base@17.0.13)
1665:             4            160  java.time.format.DateTimeFormatterBuilder$ZoneTextPrinterParser (java.base@17.0.13)
1666:            10            160  java.util.Formatter$Flags (java.base@17.0.13)
1667:            10            160  java.util.TreeMap$EntrySet (java.base@17.0.13)
1668:             5            160  java.util.Vector (java.base@17.0.13)
1669:             5            160  javax.management.StandardEmitterMBean (java.management@17.0.13)
1670:             4            160  javax.xml.catalog.CatalogFeatures$Feature (java.xml@17.0.13)
1671:             4            160  jdk.internal.loader.URLClassPath (java.base@17.0.13)
1672:            10            160  jdk.proxy1.$Proxy17 (jdk.proxy1)
1673:            10            160  jdk.proxy2.$Proxy45 (jdk.proxy2)
1674:            10            160  jdk.proxy2.$Proxy51 (jdk.proxy2)
1675:            10            160  jdk.proxy2.$Proxy88 (jdk.proxy2)
1676:             4            160  org.apache.catalina.core.StandardPipeline
1677:             2            160  org.apache.catalina.deploy.NamingResourcesImpl
1678:             1            160  org.apache.coyote.http11.Http11NioProtocol
1679:             4            160  org.apache.kafka.streams.processor.internals.ProcessorRecordContext
1680:             4            160  org.apache.tomcat.util.log.UserDataHelper
1681:             4            160  org.hibernate.validator.internal.properties.javabean.JavaBeanParameter
1682:             4            160  org.springframework.beans.factory.annotation.InitDestroyAnnotationBeanPostProcessor$LifecycleMetadata
1683:             5            160  org.springframework.beans.factory.config.RuntimeBeanReference
1684:             4            160  org.springframework.boot.actuate.endpoint.annotation.EndpointDiscoverer$EndpointBean
1685:             5            160  org.springframework.boot.context.properties.bind.Binder
1686:             5            160  org.springframework.boot.logging.logback.RollingPolicySystemProperty
1687:             1            160  org.springframework.boot.web.servlet.context.AnnotationConfigServletWebServerApplicationContext
1688:             5            160  org.springframework.cloud.config.client.ConfigServerConfigDataResource
1689:             2            160  org.springframework.cloud.stream.binder.ExtendedConsumerProperties
1690:             2            160  org.springframework.cloud.stream.binder.kafka.streams.properties.KafkaStreamsProducerProperties
1691:            10            160  org.springframework.context.annotation.ConfigurationClassEnhancer$BeanFactoryAwareGeneratorStrategy
1692:             4            160  org.springframework.context.event.SimpleApplicationEventMulticaster
1693:            10            160  org.springframework.context.expression.BeanFactoryResolver
1694:             5            160  org.springframework.http.codec.FormHttpMessageReader
1695:             5            160  org.springframework.http.codec.multipart.PartEventHttpMessageWriter
1696:             5            160  org.springframework.http.codec.multipart.PartHttpMessageWriter
1697:             5            160  org.springframework.http.codec.support.BaseCodecConfigurer$DefaultCustomCodecs
1698:             2            160  org.springframework.kafka.listener.DeadLetterPublishingRecoverer
1699:             4            160  org.springframework.retry.support.RetryTemplate
1700:             2            160  org.springframework.scheduling.concurrent.ThreadPoolTaskScheduler$1
1701:            10            160  org.springframework.security.config.annotation.SecurityConfigurerAdapter$CompositeObjectPostProcessor
1702:             4            160  org.springframework.web.servlet.handler.AbstractHandlerMethodMapping$MappingRegistry
1703:             1            160  org.springframework.web.servlet.mvc.method.annotation.RequestMappingHandlerAdapter
1704:             2            160  reactor.netty.transport.NameResolverProvider
1705:             2            160  sun.nio.ch.NioSocketImpl (java.base@17.0.13)
1706:             5            160  sun.reflect.annotation.AnnotatedTypeFactory$AnnotatedTypeBaseImpl (java.base@17.0.13)
1707:             5            160  sun.security.ssl.ContentType (java.base@17.0.13)
1708:             5            160  sun.security.ssl.NamedGroup$NamedGroupSpec (java.base@17.0.13)
1709:            10            160  sun.security.ssl.SSLKeyExchange$T13KeyAgreement (java.base@17.0.13)
1710:             5            160  sun.util.locale.provider.LocaleProviderAdapter$Type (java.base@17.0.13)
1711:             3            152  [Lsun.security.jca.ProviderConfig; (java.base@17.0.13)
1712:             1            152  [Lsun.security.ssl.Alert; (java.base@17.0.13)
1713:             1            152  com.dynatrace.agent.introspection.uem.UemConfiguration
1714:             1            152  org.apache.catalina.core.StandardServer
1715:             1            152  org.apache.catalina.session.StandardManager
1716:             1            152  org.springframework.boot.web.embedded.tomcat.TomcatEmbeddedWebappClassLoader
1717:             2            144  [Lcom.fasterxml.jackson.core.JsonGenerator$Feature;
1718:             1            144  [Ljava.lang.invoke.VarHandle$AccessMode; (java.base@17.0.13)
1719:             2            144  [Ljava.math.BigDecimal; (java.base@17.0.13)
1720:             3            144  [Ljava.nio.file.attribute.PosixFilePermission; (java.base@17.0.13)
1721:             2            144  [Lorg.springframework.cloud.vault.config.VaultProperties$AuthenticationMethod;
1722:             6            144  com.dynatrace.agent.introspection.servlet.MappingResolver
1723:             6            144  com.dynatrace.agent.introspection.uem.ApplicationChoiceReason
1724:             6            144  com.dynatrace.agent.introspection.uem.constants.SerializationConstants$RequestHeaderValueMatcher
1725:             6            144  com.dynatrace.agent.util.reflector.MemberMapClassValues$MemberMapClassValue
1726:             6            144  com.fasterxml.jackson.annotation.JsonAutoDetect$Visibility
1727:             6            144  com.fasterxml.jackson.core.JsonParser$NumberType
1728:             6            144  com.fasterxml.jackson.databind.introspect.AnnotationCollector$OneAnnotation
1729:             3            144  com.fasterxml.jackson.databind.ser.impl.IndexedListSerializer
1730:             6            144  com.sun.org.apache.xerces.internal.util.Status (java.xml@17.0.13)
1731:             6            144  io.micrometer.core.instrument.Meter$Type
1732:             9            144  io.netty.channel.DefaultMaxMessagesRecvByteBufAllocator$MaxMessageHandle$1
1733:             9            144  io.netty.channel.VoidChannelPromise$1
1734:             9            144  io.netty.channel.epoll.EpollRecvByteAllocatorHandle$1
1735:             9            144  io.netty.channel.unix.PreferredDirectByteBufAllocator
1736:             9            144  io.netty.handler.codec.http.HttpMethod
1737:             9            144  io.netty.resolver.dns.NameServerComparator
1738:             6            144  io.netty.util.Recycler$2
1739:             6            144  jakarta.validation.executable.ExecutableType
1740:             6            144  java.lang.Thread$State (java.base@17.0.13)
1741:             2            144  java.lang.invoke.BoundMethodHandle$Species_LLLLLLLLLLL (java.base@17.0.13)
1742:             6            144  java.lang.invoke.VarHandleByteArrayAsLongs$ArrayHandle (java.base@17.0.13)
1743:             3            144  java.time.temporal.JulianFields$Field (java.base@17.0.13)
1744:             6            144  java.util.Comparator$$Lambda$1363/0x00000001007600a8 (java.base@17.0.13)
1745:             9            144  java.util.EnumMap$EntrySet (java.base@17.0.13)
1746:             6            144  java.util.concurrent.ConcurrentSkipListMap$Node (java.base@17.0.13)
1747:             3            144  javax.management.openmbean.TabularType (java.management@17.0.13)
1748:             6            144  javax.net.ssl.SSLEngineResult$HandshakeStatus (java.base@17.0.13)
1749:             6            144  jdk.internal.perf.PerfCounter (java.base@17.0.13)
1750:             6            144  jdk.net.ExtendedSocketOptions$ExtSocketOption (jdk.net@17.0.13)
1751:             9            144  jdk.proxy2.$Proxy59 (jdk.proxy2)
1752:             9            144  jdk.proxy2.$Proxy68 (jdk.proxy2)
1753:             9            144  jdk.proxy2.$Proxy98 (jdk.proxy2)
1754:             2            144  org.apache.catalina.connector.InputBuffer
1755:             6            144  org.apache.coyote.http11.Http11InputBuffer$HeaderParsePosition
1756:             2            144  org.apache.coyote.http11.filters.ChunkedInputFilter
1757:             6            144  org.apache.coyote.http11.filters.ChunkedInputFilter$ParseState
1758:             6            144  org.apache.hc.client5.http.impl.classic.ExecChainElement
1759:             6            144  org.apache.hc.core5.http.message.StatusLine$StatusClass
1760:             6            144  org.apache.hc.core5.util.TimeValue
1761:             6            144  org.apache.kafka.common.network.ChannelState
1762:             6            144  org.apache.kafka.common.network.SslTransportLayer$State
1763:             9            144  org.apache.kafka.common.record.AbstractRecords$$Lambda$2659/0x0000000100c65418
1764:             9            144  org.apache.kafka.common.record.MemoryRecords$$Lambda$2660/0x0000000100c65660
1765:             2            144  org.apache.kafka.streams.processor.internals.metrics.StreamsMetricsImpl
1766:             6            144  org.apache.tomcat.util.http.MimeHeaders
1767:             2            144  org.apache.tomcat.util.http.Parameters
1768:             6            144  org.apache.tomcat.util.http.parser.HttpHeaderParser$HeaderParsePosition
1769:             9            144  org.hibernate.validator.internal.engine.valueextraction.ArrayElement
1770:             6            144  org.hibernate.validator.internal.metadata.raw.ConstrainedElement$ConstrainedElementKind
1771:             6            144  org.jboss.logging.Logger$Level
1772:             6            144  org.springframework.boot.actuate.autoconfigure.info.OnEnabledInfoContributorCondition
1773:             6            144  org.springframework.boot.context.config.ConfigDataEnvironmentContributor$Kind
1774:             6            144  org.springframework.boot.context.properties.source.ConfigurationPropertyName$ElementType
1775:             2            144  org.springframework.cloud.stream.binder.ConsumerProperties
1776:             9            144  org.springframework.context.expression.MapAccessor
1777:             6            144  org.springframework.core.SerializableTypeWrapper$FieldTypeProvider
1778:             9            144  org.springframework.core.convert.support.ArrayToCollectionConverter
1779:             9            144  org.springframework.core.convert.support.ArrayToObjectConverter
1780:             9            144  org.springframework.core.convert.support.ArrayToStringConverter
1781:             9            144  org.springframework.core.convert.support.CollectionToCollectionConverter
1782:             9            144  org.springframework.core.convert.support.CollectionToObjectConverter
1783:             9            144  org.springframework.core.convert.support.MapToMapConverter
1784:             9            144  org.springframework.core.convert.support.ObjectToArrayConverter
1785:             9            144  org.springframework.core.convert.support.ObjectToCollectionConverter
1786:             9            144  org.springframework.core.convert.support.StreamConverter
1787:             9            144  org.springframework.core.convert.support.StringToArrayConverter
1788:             9            144  org.springframework.core.convert.support.StringToCollectionConverter
1789:             6            144  org.springframework.core.io.support.PathMatchingResourcePatternResolver
1790:             1            144  org.springframework.integration.channel.PublishSubscribeChannel
1791:             6            144  org.springframework.integration.handler.LoggingHandler$Level
1792:             6            144  org.springframework.kafka.KafkaException$Level
1793:             6            144  org.springframework.kafka.support.LogIfLevelEnabled$Level
1794:             2            144  org.springframework.security.web.servletapi.SecurityContextHolderAwareRequestFilter
1795:             9            144  org.springframework.web.context.request.RequestScope
1796:             9            144  org.springframework.web.cors.DefaultCorsProcessor
1797:             6            144  org.springframework.web.servlet.mvc.method.annotation.ServletModelAttributeMethodProcessor
1798:             6            144  reactor.core.publisher.FluxConcatMapNoPrefetch$FluxConcatMapNoPrefetchSubscriber$State
1799:             6            144  reactor.core.publisher.Sinks$EmitResult
1800:             3            144  reactor.netty.transport.logging.ReactorNettyLoggingHandler
1801:             1            144  sun.security.pkcs11.SunPKCS11 (jdk.crypto.cryptoki@17.0.13)
1802:             6            144  sun.security.util.DisabledAlgorithmConstraints$Constraint$Operator (java.base@17.0.13)
1803:             1            136  [Ljava.time.temporal.ChronoField; (java.base@17.0.13)
1804:             7            136  [Lorg.springframework.context.annotation.ComponentScan$Filter;
1805:             4            136  [Lsun.invoke.util.ValueConversions$WrapperCache; (java.base@17.0.13)
1806:             2            128  [Ljava.time.Month; (java.base@17.0.13)
1807:             4            128  [Lorg.apache.coyote.http11.InputFilter;
1808:             4            128  [Lorg.apache.coyote.http11.OutputFilter;
1809:             4            128  [Lorg.springframework.web.bind.annotation.RequestMethod;
1810:             2            128  [Lsun.security.ssl.SSLSecretDerivation$SecretSchedule; (java.base@17.0.13)
1811:             8            128  brave.propagation.SamplingFlags
1812:             4            128  com.dynatrace.agent.constants.MatchType
1813:             4            128  com.dynatrace.agent.introspection.messaging.kafka.KafkaMessagingState
1814:             4            128  com.dynatrace.agent.introspection.uem.statecookie.ApplicationSessionState
1815:             4            128  com.dynatrace.agent.introspection.uem.statecookie.SessionStateFormat
1816:             4            128  com.dynatrace.agent.measures.jmx.MBeanServerProxy
1817:             4            128  com.fasterxml.jackson.core.StreamReadCapability
1818:             4            128  com.fasterxml.jackson.core.util.Separators$Spacing
1819:             2            128  com.fasterxml.jackson.databind.ObjectReader
1820:             4            128  com.sun.jmx.mbeanserver.DefaultMXBeanMappingFactory$ArrayMapping (java.management@17.0.13)
1821:             2            128  com.sun.security.sasl.gsskerb.JdkSASL$ProviderService (jdk.security.jgss@17.0.13)
1822:             8            128  io.netty.bootstrap.BootstrapConfig
1823:             8            128  io.netty.buffer.PoolThreadCache$FreeOnFinalize
1824:             2            128  io.netty.buffer.SizeClasses
1825:             2            128  io.netty.buffer.UnpooledByteBufAllocator$InstrumentedUnpooledUnsafeDirectByteBuf
1826:             8            128  io.netty.channel.epoll.EpollEventLoop$1
1827:             1            128  io.netty.channel.epoll.EpollSocketChannel
1828:             8            128  io.netty.resolver.dns.DnsNameResolver$DnsResolveChannelPerResolverProvider
1829:             8            128  io.netty.resolver.dns.DnsQueryContextManager
1830:             8            128  io.netty.resolver.dns.DnsQueryIdSpace
1831:             8            128  io.netty.util.concurrent.FastThreadLocalRunnable
1832:             8            128  io.netty.util.concurrent.SingleThreadEventExecutor$4
1833:             2            128  java.net.SocksSocketImpl (java.base@17.0.13)
1834:             4            128  java.security.spec.PSSParameterSpec (java.base@17.0.13)
1835:             4            128  java.util.stream.FindOps$FindOp (java.base@17.0.13)
1836:             4            128  javax.management.MBeanConstructorInfo (java.management@17.0.13)
1837:             2            128  jdk.internal.icu.impl.Trie2_16 (java.base@17.0.13)
1838:             4            128  jdk.internal.reflect.UnsafeStaticObjectFieldAccessorImpl (java.base@17.0.13)
1839:             8            128  jdk.proxy2.$Proxy118 (jdk.proxy2)
1840:             8            128  jdk.proxy2.$Proxy34 (jdk.proxy2)
1841:             8            128  jdk.proxy2.$Proxy60 (jdk.proxy2)
1842:             2            128  org.apache.catalina.connector.OutputBuffer
1843:             2            128  org.apache.catalina.connector.Response
1844:             1            128  org.apache.catalina.core.StandardEngine
1845:             4            128  org.apache.coyote.ErrorState
1846:             4            128  org.apache.hc.core5.http.ssl.TLS
1847:             4            128  org.apache.kafka.clients.admin.AdminClientConfig
1848:             8            128  org.apache.kafka.clients.consumer.RangeAssignor
1849:             8            128  org.apache.kafka.clients.consumer.internals.AbstractCoordinator$GroupCoordinatorMetrics$$Lambda$2278/0x0000000100c13630
1850:             8            128  org.apache.kafka.clients.consumer.internals.AbstractCoordinator$GroupCoordinatorMetrics$$Lambda$2279/0x0000000100c13858
1851:             8            128  org.apache.kafka.clients.consumer.internals.ConsumerCoordinator$DefaultOffsetCommitCallback
1852:             8            128  org.apache.kafka.clients.consumer.internals.ConsumerCoordinatorMetrics$$Lambda$2280/0x0000000100c140d8
1853:             8            128  org.apache.kafka.clients.producer.internals.IncompleteBatches
1854:             8            128  org.apache.kafka.clients.producer.internals.ProducerInterceptors
1855:             8            128  org.apache.kafka.clients.producer.internals.RecordAccumulator$$Lambda$2262/0x0000000100c07760
1856:             8            128  org.apache.kafka.clients.producer.internals.RecordAccumulator$$Lambda$2263/0x0000000100c07988
1857:             8            128  org.apache.kafka.clients.producer.internals.RecordAccumulator$$Lambda$2264/0x0000000100c07bb0
1858:             8            128  org.apache.kafka.clients.producer.internals.Sender$SenderMetrics$$Lambda$2266/0x0000000100c09008
1859:             8            128  org.apache.kafka.clients.producer.internals.Sender$SenderMetrics$$Lambda$2267/0x0000000100c09230
1860:             4            128  org.apache.kafka.common.header.internals.RecordHeader
1861:             4            128  org.apache.kafka.common.security.auth.SecurityProtocol
1862:             8            128  org.apache.kafka.common.telemetry.internals.ClientTelemetryUtils$$Lambda$2388/0x0000000100c2f948
1863:             4            128  org.apache.kafka.streams.kstream.internals.graph.ProcessorParameters
1864:             4            128  org.apache.kafka.streams.processor.internals.InternalTopologyBuilder$FixedKeyProcessorNodeFactory
1865:             8            128  org.apache.kafka.streams.processor.internals.PartitionGrouper
1866:             8            128  org.apache.kafka.streams.processor.internals.StreamThread$$Lambda$2281/0x0000000100c14528
1867:             8            128  org.apache.kafka.streams.processor.internals.StreamThread$$Lambda$2283/0x0000000100c15460
1868:             8            128  org.apache.kafka.streams.processor.internals.StreamsPartitionAssignor$$Lambda$2275/0x0000000100c0fcb8
1869:             8            128  org.apache.kafka.streams.processor.internals.StreamsPartitionAssignor$$Lambda$2276/0x0000000100c0c800
1870:             8            128  org.apache.kafka.streams.processor.internals.metrics.ThreadMetrics$$Lambda$2284/0x0000000100c15688
1871:             8            128  org.apache.kafka.streams.state.internals.StreamThreadStateStoreProvider
1872:             4            128  org.springframework.beans.propertyeditors.CustomMapEditor
1873:             4            128  org.springframework.beans.propertyeditors.PatternEditor
1874:             8            128  org.springframework.boot.actuate.endpoint.invoke.reflect.OperationMethodParameters
1875:             8            128  org.springframework.boot.actuate.endpoint.web.servlet.AbstractWebMvcEndpointHandlerMapping$OperationHandler
1876:             8            128  org.springframework.boot.actuate.endpoint.web.servlet.AbstractWebMvcEndpointHandlerMapping$ServletWebOperationAdapter
1877:             8            128  org.springframework.boot.actuate.health.AbstractHealthIndicator$$Lambda$1416/0x000000010098f388
1878:             8            128  org.springframework.core.convert.support.ByteBufferConverter
1879:             8            128  org.springframework.core.convert.support.CharacterToNumberFactory
1880:             8            128  org.springframework.core.convert.support.EnumToIntegerConverter
1881:             8            128  org.springframework.core.convert.support.EnumToStringConverter
1882:             8            128  org.springframework.core.convert.support.FallbackObjectToStringConverter
1883:             8            128  org.springframework.core.convert.support.IntegerToEnumConverterFactory
1884:             8            128  org.springframework.core.convert.support.NumberToCharacterConverter
1885:             8            128  org.springframework.core.convert.support.NumberToNumberConverterFactory
1886:             8            128  org.springframework.core.convert.support.ObjectToOptionalConverter
1887:             8            128  org.springframework.core.convert.support.PropertiesToStringConverter
1888:             8            128  org.springframework.core.convert.support.StringToBooleanConverter
1889:             8            128  org.springframework.core.convert.support.StringToCharacterConverter
1890:             8            128  org.springframework.core.convert.support.StringToCharsetConverter
1891:             8            128  org.springframework.core.convert.support.StringToCurrencyConverter
1892:             8            128  org.springframework.core.convert.support.StringToEnumConverterFactory
1893:             8            128  org.springframework.core.convert.support.StringToLocaleConverter
1894:             8            128  org.springframework.core.convert.support.StringToNumberConverterFactory
1895:             8            128  org.springframework.core.convert.support.StringToPatternConverter
1896:             8            128  org.springframework.core.convert.support.StringToPropertiesConverter
1897:             8            128  org.springframework.core.convert.support.StringToRegexConverter
1898:             8            128  org.springframework.core.convert.support.StringToTimeZoneConverter
1899:             8            128  org.springframework.core.convert.support.StringToUUIDConverter
1900:             8            128  org.springframework.core.convert.support.ZoneIdToTimeZoneConverter
1901:             8            128  org.springframework.core.convert.support.ZonedDateTimeToCalendarConverter
1902:             8            128  org.springframework.core.io.DescriptiveResource
1903:             4            128  org.springframework.expression.spel.ast.CompoundExpression
1904:             8            128  org.springframework.http.HttpMethod
1905:             4            128  org.springframework.http.converter.support.AllEncompassingFormHttpMessageConverter
1906:             8            128  org.springframework.kafka.support.JacksonMimeTypeModule$MimeTypeSerializer
1907:             4            128  org.springframework.kafka.support.serializer.JsonSerializer
1908:             4            128  org.springframework.retry.policy.SimpleRetryPolicy
1909:             4            128  org.springframework.vault.client.VaultEndpoint
1910:             4            128  org.springframework.web.method.annotation.RequestParamMethodArgumentResolver
1911:             1            128  org.springframework.web.servlet.DispatcherServlet
1912:             4            128  org.springframework.web.servlet.mvc.method.RequestMappingInfo$BuilderConfiguration
1913:             4            128  sun.management.NotificationEmitterSupport$ListenerInfo (java.management@17.0.13)
1914:             2            128  sun.security.jgss.SunProvider$ProviderService (java.security.jgss@17.0.13)
1915:             4            128  sun.security.ssl.Finished$VerifyDataScheme (java.base@17.0.13)
1916:             4            128  sun.security.ssl.SSLTrafficKeyDerivation (java.base@17.0.13)
1917:             4            128  sun.security.x509.AuthorityInfoAccessExtension (java.base@17.0.13)
1918:             4            128  sun.util.locale.provider.LocaleResources (java.base@17.0.13)
1919:             1            120  [Lcom.dynatrace.agent.introspection.uem.HealthCheckResult;
1920:             5            120  [Lio.netty.channel.socket.InternetProtocolFamily;
1921:             3            120  [Ljava.lang.invoke.LambdaForm$BasicType; (java.base@17.0.13)
1922:             2            120  [Lsun.security.util.ObjectIdentifier; (java.base@17.0.13)
1923:             1            120  ch.qos.logback.classic.LoggerContext
1924:             5            120  ch.qos.logback.core.subst.Token$Type
1925:             5            120  ch.qos.logback.core.util.AggregationType
1926:             5            120  com.dynatrace.agent.introspection.agentcore.ApacheHttpClientTechnologyDetector$Version
1927:             5            120  com.dynatrace.agent.introspection.shared.webrequest.WebRequestAttributeSourceType
1928:             3            120  com.dynatrace.agent.measures.jmx.MBeanSubscriptionInstance
1929:             5            120  com.fasterxml.jackson.annotation.Nulls
1930:             5            120  com.fasterxml.jackson.core.JsonFactory$Feature
1931:             5            120  com.fasterxml.jackson.core.JsonParser$NumberTypeFP
1932:             3            120  com.fasterxml.jackson.databind.PropertyMetadata
1933:             5            120  com.fasterxml.jackson.databind.annotation.JsonSerialize$Inclusion
1934:             5            120  com.fasterxml.jackson.databind.ser.std.StdKeySerializers$Dynamic
1935:             5            120  com.fasterxml.jackson.databind.util.internal.PrivateMaxEntriesMap$EntrySet
1936:             5            120  com.sun.crypto.provider.DHParameters (java.base@17.0.13)
1937:             5            120  com.sun.org.apache.xerces.internal.util.PropertyState (java.xml@17.0.13)
1938:             5            120  com.sun.org.apache.xerces.internal.utils.XMLSecurityPropertyManager$State (java.xml@17.0.13)
1939:             5            120  io.micrometer.common.util.internal.logging.InternalLogLevel
1940:             5            120  io.micrometer.core.instrument.MeterRegistry$$Lambda$2052/0x0000000100b71020
1941:             5            120  io.micrometer.core.instrument.MeterRegistry$1
1942:             5            120  io.micrometer.core.instrument.StrongReferenceGaugeFunction
1943:             5            120  io.netty.handler.codec.dns.DnsOpCode
1944:             3            120  io.netty.handler.codec.http.HttpVersion
1945:             5            120  io.netty.handler.logging.LogLevel
1946:             5            120  io.netty.util.internal.logging.InternalLogLevel
1947:             5            120  jakarta.servlet.DispatcherType
1948:             5            120  jakarta.servlet.http.MappingMatch
1949:             3            120  java.lang.invoke.MethodHandleImpl$WrappedMember (java.base@17.0.13)
1950:             3            120  java.lang.invoke.VarHandleLongs$FieldInstanceReadWrite (java.base@17.0.13)
1951:             3            120  java.lang.reflect.ProxyGenerator$ProxyMethod (java.base@17.0.13)
1952:             3            120  java.time.format.DateTimeFormatterBuilder$FractionPrinterParser (java.base@17.0.13)
1953:             5            120  java.time.format.DateTimeFormatterBuilder$OffsetIdPrinterParser (java.base@17.0.13)
1954:             5            120  java.time.format.SignStyle (java.base@17.0.13)
1955:             5            120  java.util.concurrent.LinkedBlockingQueue$Node (java.base@17.0.13)
1956:             5            120  java.util.stream.StreamOpFlag$Type (java.base@17.0.13)
1957:             5            120  jdk.internal.math.FloatingDecimal$PreparedASCIIToBinaryBuffer (java.base@17.0.13)
1958:             5            120  jdk.internal.platform.cgroupv1.CgroupV1SubsystemController (java.base@17.0.13)
1959:             1            120  net.logstash.logback.LogstashFormatter
1960:             1            120  org.apache.catalina.connector.Connector
1961:             5            120  org.apache.hc.client5.http.auth.AuthExchange$State
1962:             5            120  org.apache.kafka.clients.ConnectionState
1963:             5            120  org.apache.kafka.common.config.ConfigDef
1964:             5            120  org.apache.kafka.common.network.KafkaChannel$ChannelMuteState
1965:             5            120  org.apache.kafka.streams.processor.internals.Task$State
1966:             5            120  org.apache.kafka.streams.processor.internals.assignment.AssignorError
1967:             3            120  org.apache.tomcat.util.buf.UDecoder$DecodeException
1968:             5            120  org.hibernate.validator.messageinterpolation.ExpressionLanguageFeatureLevel
1969:             3            120  org.springframework.beans.factory.annotation.InitDestroyAnnotationBeanPostProcessor$1
1970:             3            120  org.springframework.beans.propertyeditors.StringArrayPropertyEditor
1971:             1            120  org.springframework.boot.actuate.endpoint.web.servlet.AdditionalHealthEndpointPathsWebMvcHandlerMapping
1972:             1            120  org.springframework.boot.actuate.endpoint.web.servlet.ControllerEndpointHandlerMapping
1973:             5            120  org.springframework.boot.ansi.AnsiStyle
1974:             3            120  org.springframework.boot.autoconfigure.kafka.KafkaProperties$Admin
1975:             3            120  org.springframework.boot.autoconfigure.kafka.KafkaProperties$Retry$Topic
1976:             5            120  org.springframework.boot.context.config.ConfigDataProperties
1977:             3            120  org.springframework.boot.context.properties.ConfigurationPropertiesBinder
1978:             1            120  org.springframework.boot.loader.launch.LaunchedClassLoader
1979:             5            120  org.springframework.boot.web.servlet.DispatcherType
1980:             5            120  org.springframework.cloud.config.client.ConfigClientProperties$Discovery
1981:             5            120  org.springframework.cloud.stream.binder.kafka.properties.KafkaProducerProperties$CompressionType
1982:             5            120  org.springframework.cloud.stream.binder.kafka.streams.properties.KafkaStreamsBinderConfigurationProperties$StateStoreRetry
1983:             3            120  org.springframework.cloud.vault.config.VaultPropertySource
1984:             3            120  org.springframework.context.annotation.ConfigurationClassBeanDefinitionReader
1985:             5            120  org.springframework.context.annotation.FilterType
1986:             3            120  org.springframework.context.event.EventListenerMethodProcessor
1987:             3            120  org.springframework.context.expression.StandardBeanExpressionResolver
1988:             3            120  org.springframework.context.support.DefaultLifecycleProcessor
1989:             5            120  org.springframework.core.ReactiveAdapterRegistry$ReactorAdapter
1990:             5            120  org.springframework.core.ReactiveTypeDescriptor
1991:             5            120  org.springframework.core.codec.ByteBufferDecoder
1992:             5            120  org.springframework.core.codec.ByteBufferEncoder
1993:             5            120  org.springframework.core.codec.DataBufferDecoder
1994:             5            120  org.springframework.core.codec.DataBufferEncoder
1995:             5            120  org.springframework.core.codec.NettyByteBufDecoder
1996:             5            120  org.springframework.core.codec.NettyByteBufEncoder
1997:             5            120  org.springframework.core.codec.ResourceDecoder
1998:             5            120  org.springframework.core.codec.ResourceEncoder
1999:             5            120  org.springframework.core.codec.ResourceRegionEncoder
2000:             5            120  org.springframework.core.type.classreading.CachingMetadataReaderFactory
2001:             3            120  org.springframework.expression.spel.ast.QualifiedIdentifier
2002:             3            120  org.springframework.expression.spel.ast.TypeReference
2003:             5            120  org.springframework.http.HttpStatus$Series
2004:             5            120  org.springframework.http.codec.FormHttpMessageWriter
2005:             5            120  org.springframework.http.codec.ResourceHttpMessageReader
2006:             5            120  org.springframework.http.codec.ResourceHttpMessageWriter
2007:             5            120  org.springframework.http.codec.ServerSentEventHttpMessageReader
2008:             5            120  org.springframework.http.codec.multipart.FileStorage$TempFileStorage
2009:             5            120  org.springframework.http.codec.multipart.MultipartHttpMessageReader
2010:             5            120  org.springframework.http.codec.support.DefaultClientCodecConfigurer
2011:             1            120  org.springframework.integration.handler.LoggingHandler
2012:             3            120  org.springframework.integration.handler.support.PayloadExpressionArgumentResolver
2013:             3            120  org.springframework.jndi.support.SimpleJndiBeanFactory
2014:             3            120  org.springframework.scheduling.concurrent.ExecutorLifecycleDelegate
2015:             5            120  org.springframework.security.config.annotation.AbstractConfiguredSecurityBuilder$BuildState
2016:             5            120  org.springframework.security.web.util.matcher.NegatedRequestMatcher
2017:             5            120  org.springframework.web.accept.ContentNegotiationManager
2018:             5            120  org.springframework.web.reactive.function.client.DefaultExchangeStrategiesBuilder$DefaultExchangeStrategies
2019:             3            120  org.springframework.web.servlet.mvc.method.annotation.HttpEntityMethodProcessor
2020:             3            120  org.springframework.web.servlet.mvc.method.annotation.RequestResponseBodyMethodProcessor
2021:             3            120  org.springframework.web.util.pattern.CaptureVariablePathElement
2022:             5            120  org.yaml.snakeyaml.DumperOptions$ScalarStyle
2023:             5            120  reactor.core.publisher.FluxSink$OverflowStrategy
2024:             5            120  reactor.core.publisher.MonoCallable
2025:             3            120  reactor.core.scheduler.BoundedElasticScheduler$BoundedServices
2026:             3            120  sun.nio.cs.UTF_8$Decoder (java.base@17.0.13)
2027:             5            120  sun.security.jca.ServiceId (java.base@17.0.13)
2028:             5            120  sun.security.util.DomainName$Rules$RuleSet (java.base@17.0.13)
2029:             5            120  uk.co.santander.datadomainclientsplitter.config.KafkaConfig$$SpringCGLIB$$FastClass$$0
2030:             5            120  uk.co.santander.datadomainclientsplitter.config.KafkaConfig$$SpringCGLIB$$FastClass$$1
2031:             2            112  [Lio.netty.buffer.PoolArena;
2032:             3            112  [Ljava.lang.management.MemoryPoolMXBean; (java.management@17.0.13)
2033:             2            112  [Ljava.security.CryptoPrimitive; (java.base@17.0.13)
2034:             1            112  [Ljava.time.LocalTime; (java.base@17.0.13)
2035:             2            112  [Ljavax.management.openmbean.OpenType; (java.management@17.0.13)
2036:             2            112  [Lorg.apache.catalina.core.ApplicationFilterConfig;
2037:             2            112  [Lorg.apache.hc.core5.http.Method;
2038:             2            112  [Lorg.springframework.boot.autoconfigure.cache.CacheType;
2039:             2            112  [Lorg.springframework.kafka.listener.DeadLetterPublishingRecoverer$HeaderNames$HeadersToAdd;
2040:             1            112  [Lorg.yaml.snakeyaml.tokens.Token$ID;
2041:             2            112  com.fasterxml.jackson.databind.type.ResolvedRecursiveType
2042:             2            112  io.netty.handler.ssl.JdkSslClientContext
2043:             1            112  io.netty.resolver.dns.DnsNameResolverBuilder
2044:             2            112  java.nio.DirectIntBufferRU (java.base@17.0.13)
2045:             7            112  jdk.internal.loader.ClassLoaderValue (java.base@17.0.13)
2046:             7            112  jdk.proxy2.$Proxy114 (jdk.proxy2)
2047:             7            112  jdk.proxy2.$Proxy5 (jdk.proxy2)
2048:             7            112  jdk.proxy2.$Proxy69 (jdk.proxy2)
2049:             7            112  jdk.proxy2.$Proxy77 (jdk.proxy2)
2050:             2            112  org.apache.catalina.mapper.MappingData
2051:             2            112  org.apache.coyote.http11.Http11OutputBuffer
2052:             2            112  org.apache.hc.client5.http.config.RequestConfig
2053:             2            112  org.apache.hc.client5.http.impl.PrefixedIncrementingId
2054:             7            112  org.apache.kafka.common.config.ConfigDef$NonNullValidator
2055:             2            112  org.apache.kafka.streams.kstream.internals.graph.StreamSourceNode
2056:             2            112  org.apache.kafka.streams.processor.internals.TopologyMetadata
2057:             1            112  org.springframework.boot.actuate.endpoint.web.servlet.WebMvcEndpointHandlerMapping
2058:             2            112  org.springframework.cloud.stream.binder.kafka.streams.KStreamBinder
2059:             7            112  org.springframework.core.convert.support.IdToEntityConverter
2060:             7            112  org.springframework.core.convert.support.ObjectToObjectConverter
2061:             1            112  org.springframework.kafka.config.ConcurrentKafkaListenerContainerFactory
2062:             1            112  org.springframework.scheduling.concurrent.ThreadPoolTaskExecutor
2063:             7            112  reactor.core.Disposables$AlwaysDisposable
2064:             2            112  reactor.netty.internal.shaded.reactor.pool.SimpleDequePool$QueuePooledRef
2065:             2            112  sun.security.ec.ed.EdDSAParameters (jdk.crypto.ec@17.0.13)
2066:             2            112  sun.security.jca.ProviderList$ServiceList (java.base@17.0.13)
2067:             1            104  [Lcom.dynatrace.agent.introspection.uem.RequestHeaderRule;
2068:             4            104  [Ljava.util.stream.Collector$Characteristics; (java.base@17.0.13)
2069:             1            104  [Lorg.apache.kafka.streams.internals.UpgradeFromValues;
2070:             1            104  [Lsun.security.ssl.SSLHandshake; (java.base@17.0.13)
2071:             1            104  [Lsun.security.ssl.SignatureScheme; (java.base@17.0.13)
2072:             2            104  [Lsun.util.logging.PlatformLogger$Level; (java.base@17.0.13)
2073:             1            104  com.sun.crypto.provider.SunJCE (java.base@17.0.13)
2074:             1            104  com.sun.security.sasl.Provider (java.security.sasl@17.0.13)
2075:             1            104  com.sun.security.sasl.gsskerb.JdkSASL (jdk.security.jgss@17.0.13)
2076:             1            104  io.micrometer.core.instrument.composite.CompositeMeterRegistry
2077:             1            104  jdk.internal.loader.ClassLoaders$AppClassLoader (java.base@17.0.13)
2078:             1            104  jdk.internal.loader.ClassLoaders$BootClassLoader (java.base@17.0.13)
2079:             1            104  jdk.internal.loader.ClassLoaders$PlatformClassLoader (java.base@17.0.13)
2080:             1            104  org.apache.kafka.common.security.plain.internals.PlainSaslServerProvider
2081:             1            104  org.apache.tomcat.util.net.SocketProperties
2082:             1            104  org.jcp.xml.dsig.internal.dom.XMLDSigRI (java.xml.crypto@17.0.13)
2083:             1            104  org.springframework.boot.autoconfigure.web.ServerProperties$Tomcat
2084:             1            104  org.springframework.security.config.annotation.web.builders.WebSecurity
2085:             1            104  org.springframework.web.servlet.mvc.method.annotation.RequestMappingHandlerMapping
2086:             1            104  org.springframework.web.servlet.view.InternalResourceViewResolver
2087:             1            104  sun.security.ec.SunEC (jdk.crypto.ec@17.0.13)
2088:             1            104  sun.security.jca.ProviderList$1 (java.base@17.0.13)
2089:             1            104  sun.security.jgss.SunProvider (java.security.jgss@17.0.13)
2090:             1            104  sun.security.provider.Sun (java.base@17.0.13)
2091:             1            104  sun.security.provider.certpath.ldap.JdkLDAP (java.naming@17.0.13)
2092:             1            104  sun.security.rsa.SunRsaSign (java.base@17.0.13)
2093:             1            104  sun.security.smartcardio.SunPCSC (java.smartcardio@17.0.13)
2094:             1            104  sun.security.ssl.SunJSSE (java.base@17.0.13)
2095:             1             96  [Lcom.dynatrace.agent.introspection.exception.rules.ExceptionRule;
2096:             2             96  [Lcom.fasterxml.jackson.annotation.JsonInclude$Include;
2097:             2             96  [Lcom.fasterxml.jackson.annotation.PropertyAccessor;
2098:             4             96  [Lio.netty.handler.codec.dns.DnsRecordType;
2099:             2             96  [Ljava.lang.System$Logger$Level; (java.base@17.0.13)
2100:             2             96  [Ljava.util.concurrent.TimeUnit; (java.base@17.0.13)
2101:             3             96  [Lorg.apache.kafka.common.metrics.Sensor$RecordingLevel;
2102:             2             96  [Lorg.springframework.boot.cloud.CloudPlatform;
2103:             2             96  [Lorg.springframework.boot.logging.LogLevel;
2104:             4             96  [Lorg.springframework.core.io.Resource;
2105:             1             96  [Lsun.util.locale.BaseLocale; (java.base@17.0.13)
2106:             1             96  [[Ljava.lang.Byte; (java.base@17.0.13)
2107:             4             96  brave.Span$Kind
2108:             4             96  brave.baggage.BaggageField
2109:             4             96  brave.baggage.CorrelationScopeConfig$SingleCorrelationField
2110:             4             96  brave.handler.SpanHandler$Cause
2111:             4             96  brave.internal.codec.IpLiteral$IpFamily
2112:             3             96  brave.internal.propagation.InjectorFactory
2113:             4             96  brave.propagation.TraceContextOrSamplingFlags
2114:             3             96  ch.qos.logback.core.joran.util.beans.BeanDescription
2115:             4             96  ch.qos.logback.core.subst.Token
2116:             3             96  com.dynatrace.agent.LazyMethodHash
2117:             4             96  com.dynatrace.agent.config.wiring.ReflectiveFieldWiring$StringFieldHandler
2118:             3             96  com.dynatrace.agent.introspection.threading.ThreadingSensorState
2119:             4             96  com.dynatrace.agent.introspection.uem.constants.SerializationConstants$Behavior
2120:             4             96  com.dynatrace.agent.introspection.uem.constants.SerializationConstants$InjectionPoint
2121:             3             96  com.dynatrace.agent.introspection.uem.constants.SerializationConstants$IpMasking
2122:             4             96  com.dynatrace.agent.measures.core.AggregationType
2123:             4             96  com.dynatrace.agent.measures.jmx.MBeanServerProxy$MBeanInvokeOperationExecutor
2124:             4             96  com.dynatrace.agent.util.IntStack
2125:             4             96  com.fasterxml.jackson.annotation.JsonCreator$Mode
2126:             3             96  com.fasterxml.jackson.annotation.JsonInclude$Value
2127:             4             96  com.fasterxml.jackson.annotation.JsonProperty$Access
2128:             2             96  com.fasterxml.jackson.core.util.Separators
2129:             4             96  com.fasterxml.jackson.databind.cfg.CoercionAction
2130:             4             96  com.fasterxml.jackson.databind.cfg.ConstructorDetector
2131:             4             96  com.fasterxml.jackson.databind.cfg.ConstructorDetector$SingleArgConstructor
2132:             3             96  com.fasterxml.jackson.databind.deser.impl.PropertyBasedCreator
2133:             3             96  com.fasterxml.jackson.databind.ser.impl.PropertySerializerMap$Double
2134:             2             96  com.fasterxml.jackson.databind.ser.std.CollectionSerializer
2135:             3             96  com.fasterxml.jackson.datatype.jsr310.JavaTimeFeature
2136:             3             96  com.fasterxml.jackson.datatype.jsr310.deser.JSR310StringParsableDeserializer
2137:             4             96  com.sun.jmx.interceptor.DefaultMBeanServerInterceptor$ListenerWrapper (java.management@17.0.13)
2138:             3             96  com.sun.jmx.mbeanserver.DefaultMXBeanMappingFactory$EnumMapping (java.management@17.0.13)
2139:             2             96  com.sun.jmx.mbeanserver.MBeanIntrospector$MBeanInfoMap (java.management@17.0.13)
2140:             2             96  com.sun.jmx.mbeanserver.MBeanIntrospector$PerInterfaceMap (java.management@17.0.13)
2141:             2             96  com.sun.management.internal.GarbageCollectorExtImpl (jdk.management@17.0.13)
2142:             2             96  com.sun.management.internal.GcInfoBuilder (jdk.management@17.0.13)
2143:             3             96  com.sun.org.apache.xerces.internal.utils.XMLSecurityManager$NameMap (java.xml@17.0.13)
2144:             6             96  com.sun.proxy.jdk.proxy1.$Proxy36 (jdk.proxy1)
2145:             4             96  io.micrometer.common.util.internal.logging.WarnThenDebugLogger
2146:             6             96  io.micrometer.core.instrument.binder.jvm.JvmThreadMetrics$$Lambda$2043/0x0000000100b6d660
2147:             2             96  io.micrometer.core.instrument.binder.kafka.KafkaStreamsMetrics
2148:             4             96  io.micrometer.core.instrument.binder.tomcat.TomcatMetrics$$Lambda$2399/0x0000000100c30000
2149:             4             96  io.micrometer.core.instrument.binder.tomcat.TomcatMetrics$1
2150:             3             96  io.micrometer.observation.ObservationRegistry$ObservationConfig
2151:             4             96  io.micrometer.observation.transport.Kind
2152:             4             96  io.micrometer.tracing.Span$Kind
2153:             4             96  io.netty.channel.DefaultChannelPipeline$AddStrategy
2154:             4             96  io.netty.handler.codec.dns.DnsSection
2155:             4             96  io.netty.handler.codec.http.DefaultHttpHeadersFactory
2156:             4             96  io.netty.handler.ssl.ApplicationProtocolConfig$Protocol
2157:             4             96  io.netty.resolver.ResolvedAddressTypes
2158:             4             96  io.netty.util.ResourceLeakDetector$Level
2159:             6             96  io.netty.util.internal.ObjectPool$RecyclerObjectPool
2160:             3             96  java.io.FileInputStream (java.base@17.0.13)
2161:             3             96  java.lang.Runtime$Version (java.base@17.0.13)
2162:             3             96  java.lang.constant.DynamicConstantDesc$AnonymousDynamicConstantDesc (java.base@17.0.13)
2163:             4             96  java.lang.module.ModuleDescriptor$Modifier (java.base@17.0.13)
2164:             4             96  java.lang.module.ModuleDescriptor$Requires$Modifier (java.base@17.0.13)
2165:             4             96  java.net.InterfaceAddress (java.base@17.0.13)
2166:             2             96  java.net.NetworkInterface (java.base@17.0.13)
2167:             4             96  java.nio.file.FileVisitResult (java.base@17.0.13)
2168:             4             96  java.security.BasicPermissionCollection (java.base@17.0.13)
2169:             4             96  java.text.Normalizer$Form (java.base@17.0.13)
2170:             4             96  java.time.LocalDateTime (java.base@17.0.13)
2171:             4             96  java.time.format.DateTimeFormatterBuilder$SettingsParser (java.base@17.0.13)
2172:             4             96  java.time.format.FormatStyle (java.base@17.0.13)
2173:             4             96  java.util.Collections$SynchronizedCollection (java.base@17.0.13)
2174:             6             96  java.util.Comparator$$Lambda$10/0x0000000100093a30 (java.base@17.0.13)
2175:             3             96  java.util.HexFormat (java.base@17.0.13)
2176:             3             96  java.util.JumboEnumSet (java.base@17.0.13)
2177:             3             96  java.util.UUID (java.base@17.0.13)
2178:             4             96  java.util.concurrent.Executors$DefaultThreadFactory (java.base@17.0.13)
2179:             3             96  java.util.concurrent.SynchronousQueue (java.base@17.0.13)
2180:             4             96  java.util.regex.Pattern$Qtype (java.base@17.0.13)
2181:             4             96  java.util.stream.StreamShape (java.base@17.0.13)
2182:             4             96  javax.management.NotificationBroadcasterSupport (java.management@17.0.13)
2183:             4             96  javax.management.NotificationBroadcasterSupport$ListenerInfo (java.management@17.0.13)
2184:             4             96  javax.net.ssl.SSLEngineResult$Status (java.base@17.0.13)
2185:             1             96  jdk.internal.jimage.ImageReader$SharedImageReader (java.base@17.0.13)
2186:             4             96  jdk.internal.logger.BootstrapLogger$LoggingBackend (java.base@17.0.13)
2187:             3             96  jdk.internal.reflect.UnsafeIntegerFieldAccessorImpl (java.base@17.0.13)
2188:             3             96  jdk.internal.reflect.UnsafeQualifiedObjectFieldAccessorImpl (java.base@17.0.13)
2189:             6             96  jdk.proxy2.$Proxy10 (jdk.proxy2)
2190:             1             96  net.logstash.logback.fieldnames.LogstashFieldNames
2191:             1             96  org.apache.catalina.authenticator.NonLoginAuthenticator
2192:             4             96  org.apache.hc.core5.http.HttpVersion
2193:             4             96  org.apache.hc.core5.http.ProtocolVersion
2194:             3             96  org.apache.hc.core5.util.Deadline
2195:             4             96  org.apache.kafka.clients.consumer.internals.AbstractCoordinator$MemberState
2196:             4             96  org.apache.kafka.clients.consumer.internals.SubscriptionState$SubscriptionType
2197:             4             96  org.apache.kafka.common.acl.AclPermissionType
2198:             4             96  org.apache.kafka.common.config.ConfigDef$Width
2199:             4             96  org.apache.kafka.common.header.internals.RecordHeaders
2200:             3             96  org.apache.kafka.common.metrics.Sensor$RecordingLevel
2201:             3             96  org.apache.kafka.common.record.TimestampType
2202:             4             96  org.apache.kafka.common.serialization.Serdes$StringSerde
2203:             4             96  org.apache.kafka.common.utils.AbstractIterator$State
2204:             2             96  org.apache.kafka.streams.kstream.internals.InternalStreamsBuilder
2205:             2             96  org.apache.kafka.streams.kstream.internals.InternalStreamsBuilder$1
2206:             2             96  org.apache.kafka.streams.kstream.internals.KStreamImpl
2207:             2             96  org.apache.kafka.streams.kstream.internals.graph.StreamSinkNode
2208:             2             96  org.apache.kafka.streams.processor.internals.InternalTopologyBuilder$SourceNodeFactory
2209:             2             96  org.apache.kafka.streams.processor.internals.StateDirectory
2210:             2             96  org.apache.kafka.streams.processor.internals.StreamsMetadataState
2211:             3             96  org.apache.tomcat.util.http.ConcurrentDateFormat
2212:             4             96  org.apache.tomcat.util.http.SameSiteCookies
2213:             4             96  org.apache.tomcat.util.log.UserDataHelper$Config
2214:             4             96  org.apache.tomcat.util.net.AbstractEndpoint$BindState
2215:             4             96  org.apache.tomcat.util.net.Acceptor$AcceptorState
2216:             1             96  org.apache.tomcat.util.threads.ThreadPoolExecutor
2217:             1             96  org.apache.tomcat.websocket.server.WsServerContainer
2218:             3             96  org.hibernate.validator.resourceloading.PlatformResourceBundleLocator
2219:             4             96  org.slf4j.helpers.Reporter$Level
2220:             4             96  org.springframework.beans.factory.annotation.InitDestroyAnnotationBeanPostProcessor$LifecycleMethod
2221:             3             96  org.springframework.beans.factory.support.AbstractBeanFactory$BeanPostProcessorCache
2222:             3             96  org.springframework.beans.factory.support.BeanDefinitionDefaults
2223:             4             96  org.springframework.beans.propertyeditors.ByteArrayPropertyEditor
2224:             4             96  org.springframework.beans.propertyeditors.CharArrayPropertyEditor
2225:             4             96  org.springframework.beans.propertyeditors.CharsetEditor
2226:             4             96  org.springframework.beans.propertyeditors.CurrencyEditor
2227:             4             96  org.springframework.beans.propertyeditors.LocaleEditor
2228:             4             96  org.springframework.beans.propertyeditors.PropertiesEditor
2229:             4             96  org.springframework.beans.propertyeditors.TimeZoneEditor
2230:             4             96  org.springframework.beans.propertyeditors.UUIDEditor
2231:             4             96  org.springframework.beans.propertyeditors.ZoneIdEditor
2232:             1             96  org.springframework.boot.SpringApplication
2233:             3             96  org.springframework.boot.actuate.autoconfigure.endpoint.expose.IncludeExcludeEndpointFilter
2234:             4             96  org.springframework.boot.actuate.endpoint.annotation.EndpointDiscoverer$$Lambda$1263/0x000000010091bd28
2235:             6             96  org.springframework.boot.actuate.health.HealthIndicatorReactiveAdapter
2236:             4             96  org.springframework.boot.actuate.health.Status
2237:             3             96  org.springframework.boot.autoconfigure.condition.ConditionEvaluationReport
2238:             6             96  org.springframework.boot.autoconfigure.condition.OnExpressionCondition
2239:             6             96  org.springframework.boot.autoconfigure.condition.OnThreadingCondition
2240:             3             96  org.springframework.boot.autoconfigure.kafka.KafkaProperties$Jaas
2241:             4             96  org.springframework.boot.autoconfigure.security.DefaultWebSecurityCondition
2242:             3             96  org.springframework.boot.context.config.ConfigDataEnvironmentContributors
2243:             3             96  org.springframework.boot.context.config.StandardConfigDataReference
2244:             4             96  org.springframework.boot.context.properties.bind.BindConverter$TypeConverterConversionService
2245:             4             96  org.springframework.boot.context.properties.bind.BindConverter$TypeConverterConverter
2246:             3             96  org.springframework.boot.context.properties.bind.JavaBeanBinder$BeanProperty
2247:             4             96  org.springframework.boot.context.properties.source.SpringConfigurationPropertySource
2248:             4             96  org.springframework.boot.context.properties.source.SpringConfigurationPropertySources
2249:             6             96  org.springframework.boot.convert.ArrayToDelimitedStringConverter
2250:             6             96  org.springframework.boot.convert.DelimitedStringToArrayConverter
2251:             6             96  org.springframework.boot.convert.DelimitedStringToCollectionConverter
2252:             4             96  org.springframework.cloud.stream.binder.BinderType
2253:             6             96  org.springframework.cloud.stream.binder.DefaultBinderFactory$$Lambda$2103/0x0000000100b817f0
2254:             4             96  org.springframework.cloud.stream.binder.kafka.properties.KafkaConsumerProperties$StandardHeaders
2255:             4             96  org.springframework.cloud.stream.binder.kafka.streams.DeserializationExceptionHandler
2256:             2             96  org.springframework.cloud.stream.binder.kafka.streams.KStreamBinder$1
2257:             2             96  org.springframework.cloud.stream.binder.kafka.streams.KafkaStreamsBinderHealthIndicator
2258:             2             96  org.springframework.cloud.stream.binder.kafka.streams.function.KafkaStreamsBindableProxyFactory
2259:             2             96  org.springframework.cloud.vault.config.VaultProperties$Ssl
2260:             3             96  org.springframework.context.annotation.AnnotatedBeanDefinitionReader
2261:             6             96  org.springframework.context.annotation.ConditionEvaluator
2262:             3             96  org.springframework.context.annotation.ConfigurationClassParser$ImportStack
2263:             4             96  org.springframework.context.annotation.ScopedProxyMode
2264:             4             96  org.springframework.context.event.AbstractApplicationEventMulticaster$DefaultListenerRetriever
2265:             3             96  org.springframework.context.event.EventExpressionEvaluator
2266:             4             96  org.springframework.context.support.ApplicationListenerDetector
2267:             3             96  org.springframework.context.support.DelegatingMessageSource
2268:             4             96  org.springframework.core.annotation.MergedAnnotations$SearchStrategy
2269:             4             96  org.springframework.core.annotation.TypeMappedAnnotations$IsPresent
2270:             6             96  org.springframework.core.convert.TypeDescriptor$AnnotatedElementAdapter
2271:             4             96  org.springframework.core.env.PropertiesPropertySource
2272:             6             96  org.springframework.format.datetime.DateTimeFormatAnnotationFormatterFactory
2273:             6             96  org.springframework.format.datetime.standard.DateTimeConverters$CalendarToInstantConverter
2274:             6             96  org.springframework.format.datetime.standard.DateTimeConverters$CalendarToLocalDateConverter
2275:             6             96  org.springframework.format.datetime.standard.DateTimeConverters$CalendarToLocalDateTimeConverter
2276:             6             96  org.springframework.format.datetime.standard.DateTimeConverters$CalendarToLocalTimeConverter
2277:             6             96  org.springframework.format.datetime.standard.DateTimeConverters$CalendarToOffsetDateTimeConverter
2278:             6             96  org.springframework.format.datetime.standard.DateTimeConverters$CalendarToZonedDateTimeConverter
2279:             6             96  org.springframework.format.datetime.standard.DateTimeConverters$InstantToLongConverter
2280:             6             96  org.springframework.format.datetime.standard.DateTimeConverters$LocalDateTimeToLocalDateConverter
2281:             6             96  org.springframework.format.datetime.standard.DateTimeConverters$LocalDateTimeToLocalTimeConverter
2282:             6             96  org.springframework.format.datetime.standard.DateTimeConverters$LongToInstantConverter
2283:             6             96  org.springframework.format.datetime.standard.DateTimeConverters$OffsetDateTimeToInstantConverter
2284:             6             96  org.springframework.format.datetime.standard.DateTimeConverters$OffsetDateTimeToLocalDateConverter
2285:             6             96  org.springframework.format.datetime.standard.DateTimeConverters$OffsetDateTimeToLocalDateTimeConverter
2286:             6             96  org.springframework.format.datetime.standard.DateTimeConverters$OffsetDateTimeToLocalTimeConverter
2287:             6             96  org.springframework.format.datetime.standard.DateTimeConverters$OffsetDateTimeToZonedDateTimeConverter
2288:             6             96  org.springframework.format.datetime.standard.DateTimeConverters$ZonedDateTimeToInstantConverter
2289:             6             96  org.springframework.format.datetime.standard.DateTimeConverters$ZonedDateTimeToLocalDateConverter
2290:             6             96  org.springframework.format.datetime.standard.DateTimeConverters$ZonedDateTimeToLocalDateTimeConverter
2291:             6             96  org.springframework.format.datetime.standard.DateTimeConverters$ZonedDateTimeToLocalTimeConverter
2292:             6             96  org.springframework.format.datetime.standard.DateTimeConverters$ZonedDateTimeToOffsetDateTimeConverter
2293:             6             96  org.springframework.format.datetime.standard.DurationFormatter
2294:             6             96  org.springframework.format.datetime.standard.InstantFormatter
2295:             6             96  org.springframework.format.datetime.standard.Jsr310DateTimeFormatAnnotationFormatterFactory
2296:             6             96  org.springframework.format.datetime.standard.MonthDayFormatter
2297:             6             96  org.springframework.format.datetime.standard.MonthFormatter
2298:             6             96  org.springframework.format.datetime.standard.PeriodFormatter
2299:             6             96  org.springframework.format.datetime.standard.YearFormatter
2300:             6             96  org.springframework.format.datetime.standard.YearMonthFormatter
2301:             6             96  org.springframework.format.number.NumberFormatAnnotationFormatterFactory
2302:             3             96  org.springframework.format.support.DefaultFormattingConversionService
2303:             1             96  org.springframework.integration.channel.DefaultHeaderChannelRegistry
2304:             2             96  org.springframework.integration.context.IntegrationProperties
2305:             1             96  org.springframework.integration.endpoint.EventDrivenConsumer
2306:             6             96  org.springframework.integration.support.DefaultMessageBuilderFactory
2307:             2             96  org.springframework.kafka.core.KafkaAdmin
2308:             4             96  org.springframework.kafka.listener.ContainerProperties$AssignmentCommitOption
2309:             4             96  org.springframework.kafka.security.jaas.KafkaJaasLoginModuleInitializer$ControlFlag
2310:             3             96  org.springframework.kafka.support.converter.MessagingMessageConverter
2311:             4             96  org.springframework.kafka.support.serializer.JsonSerde
2312:             4             96  org.springframework.retry.policy.MapRetryContextCache
2313:             1             96  org.springframework.security.config.annotation.web.configurers.SessionManagementConfigurer
2314:             4             96  org.springframework.security.config.http.SessionCreationPolicy
2315:             2             96  org.springframework.security.web.firewall.StrictHttpFirewall
2316:             3             96  org.springframework.security.web.util.matcher.MediaTypeRequestMatcher
2317:             4             96  org.springframework.security.web.util.matcher.RequestMatcherEntry
2318:             4             96  org.springframework.util.ConcurrentReferenceHashMap$TaskOption
2319:             3             96  org.springframework.util.UnmodifiableMultiValueMap
2320:             4             96  org.springframework.web.context.request.async.StandardServletAsyncWebRequest$State
2321:             4             96  org.springframework.web.reactive.function.client.ExchangeFunctions$DefaultExchangeFunction
2322:             1             96  org.springframework.web.servlet.handler.SimpleUrlHandlerMapping
2323:             4             96  org.springframework.web.servlet.resource.DefaultResourceResolverChain
2324:             4             96  org.springframework.web.util.DefaultUriBuilderFactory$EncodingMode
2325:             3             96  org.springframework.web.util.pattern.WildcardTheRestPathElement
2326:             4             96  org.yaml.snakeyaml.nodes.NodeId
2327:             3             96  sun.net.spi.DefaultProxySelector$NonProxyInfo (java.base@17.0.13)
2328:             2             96  sun.nio.cs.StreamEncoder (java.base@17.0.13)
2329:             2             96  sun.nio.cs.UTF_8$Encoder (java.base@17.0.13)
2330:             3             96  sun.security.ssl.CipherSuite$HashAlg (java.base@17.0.13)
2331:             4             96  sun.security.ssl.CipherType (java.base@17.0.13)
2332:             3             96  sun.security.ssl.ECPointFormatsExtension$ECPointFormat (java.base@17.0.13)
2333:             3             96  sun.security.ssl.SSLTrafficKeyDerivation$KeySchedule (java.base@17.0.13)
2334:             3             96  sun.security.ssl.SignatureScheme$SigAlgParamSpec (java.base@17.0.13)
2335:             3             96  sun.security.util.DisabledAlgorithmConstraints (java.base@17.0.13)
2336:             4             96  sun.security.util.DisabledAlgorithmConstraints$UsageConstraint (java.base@17.0.13)
2337:             4             96  sun.security.util.DomainName$Rule$Type (java.base@17.0.13)
2338:             3             96  sun.security.x509.ExtendedKeyUsageExtension (java.base@17.0.13)
2339:             4             96  uk.co.santander.datadomainclientsplitter.config.ConfluentConfig$$SpringCGLIB$$FastClass$$0
2340:             4             96  uk.co.santander.datadomainclientsplitter.config.ConfluentConfig$$SpringCGLIB$$FastClass$$1
2341:             1             88  [Lnet.jpountz.lz4.LZ4Compressor;
2342:             1             88  [Lorg.springframework.boot.ansi.AnsiColor;
2343:             4             88  [Lorg.springframework.boot.context.config.ConfigDataEnvironmentContributors$BinderOption;
2344:             1             88  [Lsun.security.ssl.CipherSuite$KeyExchange; (java.base@17.0.13)
2345:             1             88  com.dynatrace.agent.AgentConfiguration
2346:             1             88  org.apache.catalina.core.StandardService
2347:             1             88  org.apache.catalina.valves.RemoteIpValve
2348:             1             88  org.springframework.boot.autoconfigure.web.servlet.WelcomePageHandlerMapping
2349:             1             88  org.springframework.boot.autoconfigure.web.servlet.WelcomePageNotAcceptableHandlerMapping
2350:             1             88  org.springframework.integration.config.ConsumerEndpointFactoryBean
2351:             1             88  org.springframework.web.servlet.function.support.RouterFunctionMapping
2352:             1             88  org.springframework.web.servlet.handler.BeanNameUrlHandlerMapping
2353:             1             88  sun.nio.ch.ServerSocketChannelImpl (java.base@17.0.13)
2354:             2             80  [Lcom.dynatrace.agent.introspection.shared.webrequest.WebRequestAttributeSourceType;
2355:             2             80  [Lcom.dynatrace.agent.introspection.uem.constants.SerializationConstants$ApplicationDetectionMatcher;
2356:             2             80  [Lcom.dynatrace.agent.introspection.uem.constants.SerializationConstants$RequestHeaderValueMatcher;
2357:             2             80  [Lcom.fasterxml.jackson.databind.annotation.JsonSerialize$Inclusion;
2358:             2             80  [Lcom.fasterxml.jackson.databind.cfg.JsonNodeFeature;
2359:             1             80  [Lio.netty.handler.codec.DefaultHeaders$HeaderEntry;
2360:             1             80  [Lio.netty.handler.codec.http.HttpMethod$EnumNameMap$Node;
2361:             2             80  [Lio.netty.handler.codec.http.HttpStatusClass;
2362:             2             80  [Ljakarta.servlet.DispatcherType;
2363:             2             80  [Ljakarta.validation.executable.ExecutableType;
2364:             1             80  [Ljakarta.websocket.CloseReason$CloseCodes;
2365:             2             80  [Ljava.lang.OutOfMemoryError; (java.base@17.0.13)
2366:             1             80  [Ljava.util.concurrent.ForkJoinPool$WorkQueue; (java.base@17.0.13)
2367:             2             80  [Ljava.util.stream.StreamOpFlag$Type; (java.base@17.0.13)
2368:             1             80  [Lorg.apache.kafka.common.acl.AclOperation;
2369:             2             80  [Lorg.apache.kafka.common.record.CompressionType;
2370:             2             80  [Lorg.springframework.boot.web.servlet.DispatcherType;
2371:             2             80  [Lorg.springframework.context.annotation.FilterType;
2372:             2             80  [Lorg.springframework.http.HttpStatus$Series;
2373:             1             80  [Lsun.security.ssl.SSLCipher; (java.base@17.0.13)
2374:             2             80  ch.qos.logback.classic.model.RootLoggerModel
2375:             2             80  ch.qos.logback.core.model.AppenderModel
2376:             2             80  ch.qos.logback.core.model.AppenderRefModel
2377:             2             80  ch.qos.logback.core.model.processor.AppenderModelHandler
2378:             2             80  com.fasterxml.jackson.databind.deser.std.NumberDeserializers$BooleanDeserializer
2379:             2             80  com.fasterxml.jackson.databind.deser.std.NumberDeserializers$IntegerDeserializer
2380:             2             80  com.fasterxml.jackson.databind.deser.std.NumberDeserializers$LongDeserializer
2381:             2             80  com.fasterxml.jackson.databind.deser.std.StringArrayDeserializer
2382:             2             80  com.sun.jmx.mbeanserver.DefaultMXBeanMappingFactory$TabularMapping (java.management@17.0.13)
2383:             1             80  io.micrometer.core.instrument.simple.SimpleMeterRegistry
2384:             2             80  io.netty.buffer.ReadOnlyByteBuf
2385:             2             80  io.netty.channel.AdaptiveRecvByteBufAllocator
2386:             1             80  io.netty.channel.AdaptiveRecvByteBufAllocator$HandleImpl
2387:             2             80  io.netty.resolver.dns.DnsErrorCauseException
2388:             2             80  io.netty.util.ResourceLeakDetector
2389:             2             80  io.netty.util.Signal
2390:             2             80  java.io.BufferedWriter (java.base@17.0.13)
2391:             2             80  java.io.PrintStream (java.base@17.0.13)
2392:             2             80  java.lang.ModuleLayer (java.base@17.0.13)
2393:             2             80  java.lang.invoke.VarHandleBooleans$FieldInstanceReadWrite (java.base@17.0.13)
2394:             2             80  java.lang.invoke.VarHandleReferences$FieldStaticReadWrite (java.base@17.0.13)
2395:             2             80  java.lang.module.Configuration (java.base@17.0.13)
2396:             5             80  java.net.URLPermission$Authority (java.base@17.0.13)
2397:             5             80  java.time.Clock$SystemClock (java.base@17.0.13)
2398:             2             80  java.time.format.DateTimeFormatterBuilder$ReducedPrinterParser (java.base@17.0.13)
2399:             2             80  java.util.Locale$Category (java.base@17.0.13)
2400:             1             80  jdk.internal.event.X509CertificateEvent (java.base@17.0.13)
2401:             1             80  jdk.internal.icu.impl.NormalizerImpl (java.base@17.0.13)
2402:             2             80  jdk.internal.icu.impl.Trie2$UTrie2Header (java.base@17.0.13)
2403:             5             80  jdk.proxy2.$Proxy107 (jdk.proxy2)
2404:             5             80  jdk.proxy2.$Proxy55 (jdk.proxy2)
2405:             5             80  jdk.proxy2.$Proxy8 (jdk.proxy2)
2406:             1             80  org.apache.catalina.startup.Tomcat$SimpleRealm
2407:             1             80  org.apache.catalina.webresources.StandardRoot
2408:             2             80  org.apache.coyote.AsyncStateMachine
2409:             1             80  org.apache.coyote.RequestGroupInfo
2410:             2             80  org.apache.coyote.http11.filters.ChunkedOutputFilter
2411:             2             80  org.apache.coyote.http11.filters.IdentityInputFilter
2412:             1             80  org.apache.hc.client5.http.impl.io.DefaultManagedHttpClientConnection
2413:             5             80  org.apache.kafka.common.config.ConfigDef$CaseInsensitiveValidString
2414:             2             80  org.apache.kafka.common.errors.CoordinatorNotAvailableException
2415:             2             80  org.apache.kafka.streams.StreamsConfig
2416:             2             80  org.apache.kafka.streams.processor.internals.InternalTopologyBuilder$SinkNodeFactory
2417:             2             80  org.apache.kafka.streams.state.internals.StreamsMetadataImpl
2418:             2             80  org.springframework.boot.actuate.autoconfigure.health.AutoConfiguredHealthEndpointGroup
2419:             1             80  org.springframework.boot.autoconfigure.web.ServerProperties
2420:             1             80  org.springframework.boot.autoconfigure.web.servlet.WebMvcAutoConfiguration$EnableWebMvcConfiguration
2421:             2             80  org.springframework.boot.context.config.ConfigDataEnvironmentContributorPlaceholdersResolver
2422:             2             80  org.springframework.boot.context.config.Profiles$Type
2423:             5             80  org.springframework.boot.context.properties.bind.ValueObjectBinder
2424:             2             80  org.springframework.boot.convert.ApplicationConversionService
2425:             2             80  org.springframework.boot.logging.logback.SpringProfileModel
2426:             5             80  org.springframework.boot.origin.SystemEnvironmentOrigin
2427:             2             80  org.springframework.cloud.client.DefaultServiceInstance
2428:             1             80  org.springframework.cloud.stream.binder.kafka.streams.KafkaStreamsFunctionProcessor
2429:             2             80  org.springframework.cloud.stream.config.BindingProperties
2430:             2             80  org.springframework.cloud.vault.config.VaultProperties$GcpIamProperties
2431:             1             80  org.springframework.context.support.PropertySourcesPlaceholderConfigurer
2432:             5             80  org.springframework.http.codec.multipart.DefaultPartHttpMessageReader$$Lambda$416/0x0000000100422f78
2433:             5             80  org.springframework.http.codec.support.BaseCodecConfigurer$$Lambda$421/0x000000010042e350
2434:             5             80  org.springframework.http.codec.support.BaseDefaultCodecs$$Lambda$420/0x000000010042ada8
2435:             2             80  org.springframework.integration.handler.support.PayloadsArgumentResolver
2436:             1             80  org.springframework.kafka.annotation.KafkaListenerAnnotationBeanPostProcessor
2437:             1             80  org.springframework.scheduling.concurrent.ThreadPoolTaskExecutor$1
2438:             1             80  org.springframework.security.config.annotation.authentication.configuration.AuthenticationConfiguration$DefaultPasswordEncoderAuthenticationManagerBuilder
2439:             1             80  org.springframework.security.config.annotation.web.configuration.HttpSecurityConfiguration$DefaultPasswordEncoderAuthenticationManagerBuilder
2440:             1             80  org.springframework.security.config.annotation.web.configurers.HeadersConfigurer
2441:             5             80  org.springframework.security.core.context.SecurityContextImpl
2442:             1             80  org.springframework.security.web.authentication.ui.DefaultLoginPageGeneratingFilter
2443:             2             80  org.springframework.security.web.context.request.async.WebAsyncManagerIntegrationFilter
2444:             2             80  org.springframework.security.web.header.writers.HstsHeaderWriter
2445:             5             80  org.springframework.web.accept.HeaderContentNegotiationStrategy
2446:             5             80  org.springframework.web.client.DefaultResponseErrorHandler
2447:             5             80  org.springframework.web.client.RestTemplate$HeadersExtractor
2448:             1             80  org.springframework.web.servlet.mvc.method.annotation.ExceptionHandlerExceptionResolver
2449:             1             80  reactor.netty.resources.ConnectionProvider$Builder
2450:             1             80  reactor.netty.resources.PooledConnectionProvider$PoolFactory
2451:             2             80  sun.management.MemoryManagerImpl (java.management@17.0.13)
2452:             2             80  sun.security.ec.XECParameters (jdk.crypto.ec@17.0.13)
2453:             5             80  sun.security.ssl.SSLCipher$T10BlockReadCipherGenerator (java.base@17.0.13)
2454:             5             80  sun.security.ssl.SSLCipher$T10BlockWriteCipherGenerator (java.base@17.0.13)
2455:             1             80  sun.security.ssl.SSLSocketImpl (java.base@17.0.13)
2456:             5             80  sun.security.x509.RFC822Name (java.base@17.0.13)
2457:             1             80  sun.util.cldr.CLDRLocaleProviderAdapter (java.base@17.0.13)
2458:             1             80  sun.util.locale.provider.JRELocaleProviderAdapter (java.base@17.0.13)
2459:             1             72  [Lcom.fasterxml.jackson.core.JsonToken;
2460:             2             72  [Lcom.fasterxml.jackson.databind.ser.impl.PropertySerializerMap$TypeAndSerializer;
2461:             1             72  [Lcom.fasterxml.jackson.databind.type.LogicalType;
2462:             3             72  [Ljakarta.validation.constraintvalidation.ValidationTarget;
2463:             3             72  [Ljava.net.InetAddress; (java.base@17.0.13)
2464:             3             72  [Ljava.util.concurrent.ConcurrentHashMap$CounterCell; (java.base@17.0.13)
2465:             1             72  [Ljavax.management.openmbean.SimpleType; (java.management@17.0.13)
2466:             1             72  [Lorg.apache.coyote.AsyncStateMachine$AsyncState;
2467:             2             72  [Lorg.apache.hc.core5.http.HttpRequestInterceptor;
2468:             1             72  [Lorg.apache.kafka.common.security.authenticator.SaslClientAuthenticator$SaslState;
2469:             1             72  [Lorg.springframework.boot.logging.LoggingSystemProperty;
2470:             3             72  [Lorg.springframework.core.annotation.MergedAnnotation$Adapt;
2471:             3             72  ch.qos.logback.classic.spi.Configurator$ExecutionStatus
2472:             3             72  ch.qos.logback.core.joran.action.ActionUtil$Scope
2473:             1             72  ch.qos.logback.core.model.processor.ModelInterpretationContext
2474:             3             72  ch.qos.logback.core.model.processor.ProcessingPhase
2475:             3             72  ch.qos.logback.core.spi.FilterReply
2476:             3             72  ch.qos.logback.core.subst.Tokenizer$TokenizerState
2477:             3             72  com.dynatrace.agent.AggregationFlag
2478:             3             72  com.dynatrace.agent.introspection.agentcore.JavaVersion$VirtualMachine
2479:             3             72  com.dynatrace.agent.introspection.shared.URIFilter
2480:             3             72  com.dynatrace.agent.introspection.uem.OverloadState
2481:             3             72  com.dynatrace.agent.introspection.uem.StringMatcherRuleConfig
2482:             3             72  com.dynatrace.agent.introspection.uem.constants.SerializationConstants$InjectionStrategy
2483:             3             72  com.dynatrace.agent.introspection.uem.mobile.MobileRUMSerializationConstants$MobileRUMCapturingState
2484:             3             72  com.dynatrace.agent.util.reflector.MakeAccessibleReflector
2485:             3             72  com.dynatrace.agent.util.reflector.RetryPrivilegedReflector
2486:             3             72  com.fasterxml.jackson.core.Base64Variant$PaddingReadBehaviour
2487:             1             72  com.fasterxml.jackson.core.util.InternCache
2488:             3             72  com.fasterxml.jackson.databind.ObjectWriter$Prefetch
2489:             3             72  com.fasterxml.jackson.databind.annotation.JsonSerialize$Typing
2490:             3             72  com.fasterxml.jackson.databind.ser.std.NumberSerializer
2491:             3             72  com.fasterxml.jackson.databind.util.AccessPattern
2492:             1             72  com.fasterxml.jackson.module.paramnames.ParameterNamesModule
2493:             3             72  com.nimbusds.jose.Requirement
2494:             3             72  io.micrometer.core.instrument.binder.jvm.JvmGcMetrics$GcGenerationAge
2495:             3             72  io.micrometer.core.instrument.config.MeterFilterReply
2496:             3             72  io.netty.channel.ChannelMetadata
2497:             3             72  io.netty.handler.ssl.ApplicationProtocolConfig$SelectedListenerFailureBehavior
2498:             3             72  io.netty.handler.ssl.ApplicationProtocolConfig$SelectorFailureBehavior
2499:             3             72  io.netty.handler.ssl.ClientAuth
2500:             3             72  io.netty.handler.ssl.SslProvider
2501:             3             72  io.netty.util.concurrent.PromiseTask$SentinelRunnable
2502:             1             72  io.netty.util.concurrent.ScheduledFutureTask
2503:             3             72  jakarta.servlet.SessionTrackingMode
2504:             3             72  java.lang.StackStreamFactory$WalkerState (java.base@17.0.13)
2505:             3             72  java.lang.StackWalker$Option (java.base@17.0.13)
2506:             3             72  java.lang.WeakPairMap (java.base@17.0.13)
2507:             3             72  java.lang.annotation.RetentionPolicy (java.base@17.0.13)
2508:             3             72  java.lang.invoke.MethodHandleImpl$ArrayAccess (java.base@17.0.13)
2509:             3             72  java.lang.invoke.VarHandle$VarHandleDesc$Kind (java.base@17.0.13)
2510:             3             72  java.lang.invoke.VarHandleByteArrayAsInts$ArrayHandle (java.base@17.0.13)
2511:             3             72  java.net.Proxy$Type (java.base@17.0.13)
2512:             3             72  java.net.StandardProtocolFamily (java.base@17.0.13)
2513:             3             72  java.nio.file.AccessMode (java.base@17.0.13)
2514:             3             72  java.nio.file.FileTreeWalker$EventType (java.base@17.0.13)
2515:             3             72  java.time.ZoneOffset (java.base@17.0.13)
2516:             3             72  java.time.format.ResolverStyle (java.base@17.0.13)
2517:             3             72  java.util.Base64$Encoder (java.base@17.0.13)
2518:             3             72  java.util.stream.Collector$Characteristics (java.base@17.0.13)
2519:             3             72  java.util.stream.MatchOps$MatchKind (java.base@17.0.13)
2520:             3             72  javax.security.auth.Subject$SecureSet (java.base@17.0.13)
2521:             3             72  jdk.internal.icu.util.CodePointTrie$ValueWidth (java.base@17.0.13)
2522:             3             72  jdk.internal.math.FloatingDecimal$ExceptionalBinaryToASCIIBuffer (java.base@17.0.13)
2523:             3             72  jdk.internal.misc.Signal (java.base@17.0.13)
2524:             3             72  org.apache.catalina.WebResourceRoot$ArchiveIndexStrategy
2525:             3             72  org.apache.catalina.authenticator.AuthenticatorBase$AllowCorsPreflight
2526:             1             72  org.apache.catalina.core.StandardWrapperValve
2527:             1             72  org.apache.catalina.webresources.DirResourceSet
2528:             3             72  org.apache.catalina.webresources.EmptyResource
2529:             3             72  org.apache.coyote.ContinueResponseTiming
2530:             3             72  org.apache.coyote.http11.Http11InputBuffer$HeaderParseStatus
2531:             3             72  org.apache.hc.client5.http.impl.cookie.RFC6265CookieSpecFactory$CompatibilityLevel
2532:             1             72  org.apache.hc.client5.http.impl.io.PoolingHttpClientConnectionManager$1
2533:             3             72  org.apache.hc.client5.http.psl.DomainType
2534:             3             72  org.apache.hc.client5.http.ssl.DefaultHostnameVerifier$HostNameType
2535:             3             72  org.apache.hc.core5.http2.HttpVersionPolicy
2536:             3             72  org.apache.hc.core5.util.CharArrayBuffer
2537:             3             72  org.apache.kafka.clients.NetworkClient$State
2538:             3             72  org.apache.kafka.clients.admin.internals.AdminMetadataManager$State
2539:             3             72  org.apache.kafka.clients.consumer.OffsetResetStrategy
2540:             3             72  org.apache.kafka.clients.producer.internals.ProducerBatch$FinalState
2541:             3             72  org.apache.kafka.common.config.ConfigDef$Importance
2542:             3             72  org.apache.kafka.common.config.SslClientAuth
2543:             3             72  org.apache.kafka.common.message.ApiMessageType$ListenerType
2544:             3             72  org.apache.kafka.common.network.Selector$CloseMode
2545:             3             72  org.apache.kafka.streams.internals.StreamsConfigUtils$ProcessingMode
2546:             3             72  org.apache.kafka.streams.processor.internals.Task$TaskType
2547:             3             72  org.apache.tomcat.util.buf.EncodedSolidusHandling
2548:             3             72  org.apache.tomcat.util.http.parser.SkipResult
2549:             3             72  org.apache.tomcat.util.log.UserDataHelper$Mode
2550:             3             72  org.apache.tomcat.util.net.SendfileState
2551:             3             72  org.apache.tomcat.util.threads.InlineExecutorService
2552:             3             72  org.hibernate.validator.internal.metadata.raw.ConfigurationSource
2553:             3             72  org.hibernate.validator.internal.util.ConcurrentReferenceHashMap$ReferenceType
2554:             3             72  org.springframework.aop.framework.JdkDynamicAopProxy
2555:             3             72  org.springframework.aop.framework.JdkDynamicAopProxy$ProxiedInterfacesCache
2556:             1             72  org.springframework.aop.framework.autoproxy.InfrastructureAdvisorAutoProxyCreator
2557:             3             72  org.springframework.aop.support.DefaultPointcutAdvisor
2558:             3             72  org.springframework.beans.factory.config.YamlProcessor$ResolutionMethod
2559:             3             72  org.springframework.beans.factory.support.AbstractBeanFactory$BeanPostProcessorCacheAwareList
2560:             3             72  org.springframework.beans.support.ResourceEditorRegistrar
2561:             3             72  org.springframework.boot.Banner$Mode
2562:             3             72  org.springframework.boot.WebApplicationType
2563:             3             72  org.springframework.boot.actuate.autoconfigure.endpoint.expose.EndpointExposure
2564:             3             72  org.springframework.boot.actuate.autoconfigure.metrics.MeterRegistryPostProcessor$CompositeMeterRegistries
2565:             3             72  org.springframework.boot.actuate.autoconfigure.tracing.TracingProperties$Propagation$PropagationType
2566:             3             72  org.springframework.boot.actuate.autoconfigure.web.ManagementContextType
2567:             3             72  org.springframework.boot.actuate.autoconfigure.web.server.ManagementPortType
2568:             3             72  org.springframework.boot.actuate.endpoint.OperationType
2569:             3             72  org.springframework.boot.actuate.endpoint.Show
2570:             3             72  org.springframework.boot.actuate.endpoint.annotation.EndpointDiscoverer$1
2571:             3             72  org.springframework.boot.actuate.endpoint.web.WebEndpointHttpMethod
2572:             3             72  org.springframework.boot.ansi.AnsiOutput$Enabled
2573:             3             72  org.springframework.boot.autoconfigure.condition.ConditionalOnWebApplication$Type
2574:             3             72  org.springframework.boot.autoconfigure.condition.SearchStrategy
2575:             1             72  org.springframework.boot.autoconfigure.jackson.JacksonProperties
2576:             3             72  org.springframework.boot.autoconfigure.kafka.KafkaProperties$Template
2577:             3             72  org.springframework.boot.autoconfigure.web.ErrorProperties$IncludeAttribute
2578:             1             72  org.springframework.boot.autoconfigure.web.ServerProperties$Undertow
2579:             3             72  org.springframework.boot.context.config.ConfigData$Option
2580:             3             72  org.springframework.boot.context.config.StandardConfigDataResource
2581:             3             72  org.springframework.boot.context.properties.ConfigurationPropertiesBindingPostProcessor
2582:             3             72  org.springframework.boot.context.properties.bind.PropertySourcesPlaceholdersResolver
2583:             3             72  org.springframework.boot.context.properties.source.ConfigurationPropertyName$Form
2584:             3             72  org.springframework.boot.context.properties.source.ConfigurationPropertyState
2585:             1             72  org.springframework.boot.jackson.JsonComponentModule
2586:             1             72  org.springframework.boot.jackson.JsonMixinModule
2587:             3             72  org.springframework.boot.origin.OriginTrackedResource
2588:             3             72  org.springframework.boot.sql.init.DatabaseInitializationMode
2589:             3             72  org.springframework.boot.validation.beanvalidation.MethodValidationExcludeFilter$$Lambda$1006/0x000000010086e918
2590:             1             72  org.springframework.cloud.stream.config.BindingServiceProperties
2591:             3             72  org.springframework.cloud.vault.config.KeyValueSecretBackendMetadata
2592:             3             72  org.springframework.cloud.vault.config.VaultConfigLocation
2593:             3             72  org.springframework.context.annotation.ContextAnnotationAutowireCandidateResolver
2594:             3             72  org.springframework.context.support.ApplicationContextAwareProcessor
2595:             3             72  org.springframework.context.support.PostProcessorRegistrationDelegate$BeanPostProcessorChecker
2596:             3             72  org.springframework.core.annotation.PackagesAnnotationFilter
2597:             3             72  org.springframework.core.env.ProfilesParser$Context
2598:             3             72  org.springframework.core.io.buffer.DataBufferUtils$ReadCompletionHandler$State
2599:             3             72  org.springframework.expression.spel.SpelCompilerMode
2600:             3             72  org.springframework.expression.spel.support.ReflectionHelper$ArgumentsMatchKind
2601:             3             72  org.springframework.expression.spel.support.ReflectivePropertyAccessor$OptimalPropertyAccessor
2602:             3             72  org.springframework.format.datetime.standard.DateTimeFormatterRegistrar$Type
2603:             3             72  org.springframework.http.ReadOnlyHttpHeaders
2604:             3             72  org.springframework.http.client.reactive.AbstractClientHttpRequest$State
2605:             3             72  org.springframework.http.converter.ResourceRegionHttpMessageConverter
2606:             3             72  org.springframework.integration.support.management.micrometer.MicrometerMetricsCaptor$MicroGauge
2607:             3             72  org.springframework.jmx.support.RegistrationPolicy
2608:             3             72  org.springframework.jndi.JndiTemplate
2609:             3             72  org.springframework.kafka.core.DefaultKafkaProducerFactory$$Lambda$1645/0x0000000100a18288
2610:             3             72  org.springframework.kafka.core.DefaultKafkaProducerFactory$$Lambda$1646/0x0000000100a184b0
2611:             3             72  org.springframework.kafka.core.DefaultTransactionIdSuffixStrategy
2612:             3             72  org.springframework.kafka.support.LoggingProducerListener
2613:             3             72  org.springframework.messaging.handler.invocation.HandlerMethodArgumentResolverComposite
2614:             1             72  org.springframework.security.config.annotation.web.builders.HttpSecurity
2615:             1             72  org.springframework.security.config.annotation.web.configuration.WebMvcSecurityConfiguration$CompositeFilterChainProxy
2616:             1             72  org.springframework.security.core.SpringSecurityMessageSource
2617:             3             72  org.springframework.security.web.header.writers.XXssProtectionHeaderWriter$HeaderValue
2618:             3             72  org.springframework.security.web.header.writers.frameoptions.XFrameOptionsHeaderWriter$XFrameOptionsMode
2619:             3             72  org.springframework.util.ConcurrentLruCache$CacheEntryState
2620:             3             72  org.springframework.vault.client.RestTemplateBuilder$RestTemplateBuilderClientHttpRequestFactoryWrapper
2621:             3             72  org.springframework.web.context.request.async.WebAsyncManager$State
2622:             3             72  org.springframework.web.method.support.HandlerMethodArgumentResolverComposite
2623:             3             72  org.springframework.web.servlet.mvc.condition.ConsumesRequestCondition
2624:             3             72  org.springframework.web.servlet.mvc.condition.ConsumesRequestCondition$ConsumeMediaTypeExpression
2625:             3             72  org.springframework.web.servlet.mvc.method.annotation.RequestAttributeMethodArgumentResolver
2626:             3             72  org.springframework.web.servlet.mvc.method.annotation.SessionAttributeMethodArgumentResolver
2627:             3             72  org.springframework.web.util.HierarchicalUriComponents$EncodeState
2628:             3             72  org.springframework.web.util.UriComponentsBuilder$EncodingHint
2629:             3             72  org.yaml.snakeyaml.DumperOptions$FlowStyle
2630:             3             72  org.yaml.snakeyaml.DumperOptions$LineBreak
2631:             3             72  org.yaml.snakeyaml.comments.CommentType
2632:             3             72  org.yaml.snakeyaml.introspector.BeanAccess
2633:             3             72  reactor.core.publisher.FluxConcatMap$ErrorMode
2634:             3             72  reactor.netty.http.HttpProtocol
2635:             1             72  reactor.netty.internal.shaded.reactor.pool.SimpleDequePool
2636:             3             72  reactor.netty.tcp.SslProvider$DefaultConfigurationType
2637:             3             72  reactor.netty.transport.logging.AdvancedByteBufFormat
2638:             3             72  sun.management.ManagementFactoryHelper$1 (java.management@17.0.13)
2639:             3             72  sun.net.www.protocol.http.HttpURLConnection$TunnelState (java.base@17.0.13)
2640:             3             72  sun.security.jca.ProviderList (java.base@17.0.13)
2641:             3             72  sun.security.jca.ProviderList$3 (java.base@17.0.13)
2642:             3             72  sun.security.provider.NativePRNG$Variant (java.base@17.0.13)
2643:             3             72  sun.security.ssl.ClientAuthType (java.base@17.0.13)
2644:             3             72  sun.security.ssl.SSLMasterKeyDerivation (java.base@17.0.13)
2645:             2             64  [Lbrave.Span$Kind;
2646:             2             64  [Lch.qos.logback.core.model.processor.ProcessingPhase;
2647:             2             64  [Lcom.dynatrace.agent.constants.MatchType;
2648:             2             64  [Lcom.dynatrace.agent.introspection.uem.constants.SerializationConstants$Behavior;
2649:             2             64  [Lcom.dynatrace.agent.introspection.uem.constants.SerializationConstants$InjectionPoint;
2650:             2             64  [Lcom.dynatrace.agent.introspection.uem.constants.SerializationConstants$InjectionStrategy;
2651:             2             64  [Lcom.dynatrace.agent.introspection.uem.constants.SerializationConstants$IpMasking;
2652:             2             64  [Lcom.dynatrace.agent.measures.core.AggregationType;
2653:             2             64  [Lcom.fasterxml.jackson.annotation.JsonCreator$Mode;
2654:             1             64  [Lcom.fasterxml.jackson.annotation.JsonFormat$Feature;
2655:             1             64  [Lcom.fasterxml.jackson.annotation.JsonFormat$Shape;
2656:             2             64  [Lcom.fasterxml.jackson.annotation.JsonProperty$Access;
2657:             2             64  [Lcom.fasterxml.jackson.databind.annotation.JsonSerialize$Typing;
2658:             1             64  [Lcom.fasterxml.jackson.databind.node.IntNode;
2659:             2             64  [Lio.micrometer.tracing.Span$Kind;
2660:             1             64  [Lio.netty.handler.codec.http.HttpObjectDecoder$State;
2661:             2             64  [Ljakarta.servlet.SessionTrackingMode;
2662:             2             64  [Ljava.lang.StackWalker$Option; (java.base@17.0.13)
2663:             2             64  [Ljava.lang.ThreadGroup; (java.base@17.0.13)
2664:             2             64  [Ljava.lang.annotation.RetentionPolicy; (java.base@17.0.13)
2665:             2             64  [Ljava.lang.invoke.LambdaFormEditor$Transform; (java.base@17.0.13)
2666:             1             64  [Ljava.lang.invoke.MethodHandleImpl$Intrinsic; (java.base@17.0.13)
2667:             2             64  [Ljava.nio.charset.CoderResult; (java.base@17.0.13)
2668:             2             64  [Ljava.time.format.DateTimeFormatter; (java.base@17.0.13)
2669:             1             64  [Lorg.apache.catalina.LifecycleState;
2670:             2             64  [Lorg.apache.kafka.clients.consumer.OffsetResetStrategy;
2671:             2             64  [Lorg.apache.kafka.common.config.SslClientAuth;
2672:             2             64  [Lorg.apache.kafka.common.message.ApiMessageType$ListenerType;
2673:             2             64  [Lorg.apache.kafka.common.security.auth.SecurityProtocol;
2674:             2             64  [Lorg.apache.tomcat.util.http.ServerCookie;
2675:             2             64  [Lorg.springframework.boot.actuate.autoconfigure.tracing.TracingProperties$Propagation$PropagationType;
2676:             2             64  [Lorg.springframework.boot.actuate.autoconfigure.web.ManagementContextType;
2677:             2             64  [Lorg.springframework.boot.actuate.autoconfigure.web.server.ManagementPortType;
2678:             2             64  [Lorg.springframework.boot.actuate.endpoint.OperationType;
2679:             2             64  [Lorg.springframework.boot.actuate.endpoint.Show;
2680:             2             64  [Lorg.springframework.boot.autoconfigure.condition.ConditionalOnWebApplication$Type;
2681:             2             64  [Lorg.springframework.boot.autoconfigure.condition.SearchStrategy;
2682:             2             64  [Lorg.springframework.boot.context.config.ConfigData$Option;
2683:             2             64  [Lorg.springframework.cloud.stream.binder.kafka.streams.DeserializationExceptionHandler;
2684:             2             64  [Lorg.springframework.context.annotation.ScopedProxyMode;
2685:             2             64  [Lorg.springframework.format.datetime.standard.DateTimeFormatterRegistrar$Type;
2686:             4             64  [Lorg.springframework.retry.RetryListener;
2687:             2             64  [Lorg.springframework.util.ConcurrentReferenceHashMap$TaskOption;
2688:             1             64  [Lorg.springframework.web.util.HierarchicalUriComponents$Type;
2689:             1             64  [Lorg.yaml.snakeyaml.events.Event$ID;
2690:             2             64  [Lorg.yaml.snakeyaml.nodes.NodeId;
2691:             4             64  [Lreactor.core.publisher.FluxPublish$PublishInner;
2692:             4             64  [Lreactor.core.publisher.SinkEmptyMulticast$Inner;
2693:             1             64  [Lsun.reflect.annotation.TypeAnnotation$TypeAnnotationTarget; (java.base@17.0.13)
2694:             2             64  [Lsun.security.ssl.SSLTrafficKeyDerivation$KeySchedule; (java.base@17.0.13)
2695:             1             64  ch.qos.logback.core.ConsoleAppender
2696:             2             64  ch.qos.logback.core.joran.spi.ConsoleTarget
2697:             2             64  ch.qos.logback.core.util.COWArrayList
2698:             2             64  com.dynatrace.agent.introspection.servlet.HttpRouteSource
2699:             1             64  com.dynatrace.agent.introspection.uem.mobile.MobileRUMApplication
2700:             1             64  com.dynatrace.agent.introspection.webservice.WebServiceSensor
2701:             4             64  com.dynatrace.agent.measures.jmx.MBeanServerProxy$MBeanGetAttributeExecutor
2702:             4             64  com.dynatrace.agent.measures.jmx.MBeanServerProxy$MBeanGetAttributesExecutor
2703:             1             64  com.dynatrace.agent.measures.jmx.MBeanTracker
2704:             2             64  com.dynatrace.agent.measures.jvm.JvmMetrics$GarbageCollectorStats
2705:             4             64  com.dynatrace.agent.util.LRUCache
2706:             4             64  com.dynatrace.agent.util.reflector.CachingReflector$MemberKey
2707:             1             64  com.fasterxml.classmate.util.LRUTypeCache$CacheMap
2708:             2             64  com.fasterxml.jackson.core.StreamWriteCapability
2709:             2             64  com.fasterxml.jackson.databind.cfg.EnumFeature
2710:             2             64  com.fasterxml.jackson.databind.introspect.VisibilityChecker$Std
2711:             2             64  com.fasterxml.jackson.databind.ser.std.NumberSerializers$DoubleSerializer
2712:             2             64  com.fasterxml.jackson.databind.ser.std.NumberSerializers$IntegerSerializer
2713:             2             64  com.fasterxml.jackson.databind.ser.std.NumberSerializers$LongSerializer
2714:             2             64  com.sun.org.apache.xerces.internal.utils.XMLSecurityPropertyManager$Property (java.xml@17.0.13)
2715:             2             64  io.micrometer.context.ContextRegistry
2716:             2             64  io.micrometer.core.instrument.config.MeterFilter$9
2717:             2             64  io.netty.buffer.EmptyByteBuf
2718:             1             64  io.netty.buffer.PooledByteBufAllocator
2719:             1             64  io.netty.channel.epoll.EpollSocketChannelConfig
2720:             2             64  io.netty.channel.socket.InternetProtocolFamily
2721:             2             64  io.netty.util.Signal$SignalConstant
2722:             1             64  io.netty.util.concurrent.GlobalEventExecutor
2723:             2             64  java.io.BufferedOutputStream (java.base@17.0.13)
2724:             2             64  java.io.FileOutputStream (java.base@17.0.13)
2725:             2             64  java.lang.ref.ReferenceQueue$Null (java.base@17.0.13)
2726:             2             64  java.security.KeyFactory (java.base@17.0.13)
2727:             4             64  java.security.spec.NamedParameterSpec (java.base@17.0.13)
2728:             2             64  java.time.temporal.IsoFields$Unit (java.base@17.0.13)
2729:             4             64  java.util.concurrent.ThreadPoolExecutor$AbortPolicy (java.base@17.0.13)
2730:             1             64  java.util.logging.LogManager$RootLogger (java.logging@17.0.13)
2731:             4             64  java.util.regex.CharPredicates$$Lambda$260/0x00000001002c0638 (java.base@17.0.13)
2732:             2             64  java.util.regex.Pattern$NotBehind (java.base@17.0.13)
2733:             2             64  javax.crypto.JceSecurity$WeakIdentityWrapper (java.base@17.0.13)
2734:             4             64  javax.security.auth.login.AppConfigurationEntry$LoginModuleControlFlag (java.base@17.0.13)
2735:             4             64  jdk.internal.module.ServicesCatalog (java.base@17.0.13)
2736:             2             64  jdk.internal.reflect.UnsafeQualifiedIntegerFieldAccessorImpl (java.base@17.0.13)
2737:             4             64  jdk.internal.util.Preconditions$1 (java.base@17.0.13)
2738:             4             64  jdk.proxy2.$Proxy102 (jdk.proxy2)
2739:             4             64  jdk.proxy2.$Proxy115 (jdk.proxy2)
2740:             4             64  jdk.proxy2.$Proxy21 (jdk.proxy2)
2741:             4             64  jdk.proxy2.$Proxy28 (jdk.proxy2)
2742:             4             64  jdk.proxy2.$Proxy53 (jdk.proxy2)
2743:             4             64  jdk.proxy2.$Proxy56 (jdk.proxy2)
2744:             4             64  jdk.proxy2.$Proxy73 (jdk.proxy2)
2745:             1             64  net.logstash.logback.encoder.LogstashEncoder
2746:             1             64  org.apache.catalina.core.ApplicationContext
2747:             2             64  org.apache.catalina.core.ApplicationFilterChain
2748:             1             64  org.apache.catalina.mapper.Mapper$ContextVersion
2749:             2             64  org.apache.commons.logging.impl.WeakHashtable$WeakKey
2750:             2             64  org.apache.coyote.http11.Http11InputBuffer$HeaderParseData
2751:             2             64  org.apache.coyote.http11.filters.BufferedInputFilter
2752:             2             64  org.apache.coyote.http11.filters.IdentityOutputFilter
2753:             4             64  org.apache.hc.core5.http.config.Registry
2754:             1             64  org.apache.hc.core5.pool.PoolEntry
2755:             4             64  org.apache.kafka.clients.admin.KafkaAdminClient$TimeoutProcessorFactory
2756:             4             64  org.apache.kafka.clients.admin.internals.AdminMetadataManager$AdminMetadataUpdater
2757:             4             64  org.apache.kafka.common.record.DefaultRecordBatch
2758:             2             64  org.apache.kafka.common.requests.OffsetFetchResponse$PartitionData
2759:             4             64  org.apache.kafka.common.serialization.StringDeserializer
2760:             4             64  org.apache.kafka.common.serialization.StringSerializer
2761:             1             64  org.apache.kafka.shaded.com.google.protobuf.CodedInputStream$ArrayDecoder
2762:             1             64  org.apache.kafka.shaded.io.opentelemetry.proto.metrics.v1.NumberDataPoint
2763:             2             64  org.apache.kafka.streams.kstream.internals.ConsumedInternal
2764:             2             64  org.apache.kafka.streams.kstream.internals.ProducedInternal
2765:             2             64  org.apache.kafka.streams.processor.internals.TaskExecutionMetadata
2766:             2             64  org.apache.kafka.streams.processor.internals.TopologyMetadata$TopologyVersion
2767:             2             64  org.apache.tomcat.util.buf.B2CConverter
2768:             2             64  org.apache.tomcat.util.buf.UEncoder
2769:             1             64  org.apache.tomcat.util.collections.ConcurrentLruCache$LimitedLinkedHashMap
2770:             2             64  org.apache.tomcat.util.http.parser.HttpHeaderParser
2771:             2             64  org.apache.tomcat.util.http.parser.HttpHeaderParser$HeaderParseData
2772:             2             64  org.apache.tomcat.util.threads.TaskThreadFactory
2773:             2             64  org.springframework.boot.actuate.endpoint.annotation.EndpointDiscoverer$ExtensionBean
2774:             1             64  org.springframework.boot.autoconfigure.kafka.ConcurrentKafkaListenerContainerFactoryConfigurer
2775:             1             64  org.springframework.boot.autoconfigure.kafka.KafkaAnnotationDrivenConfiguration
2776:             1             64  org.springframework.boot.autoconfigure.template.TemplateAvailabilityProviders$1
2777:             1             64  org.springframework.boot.autoconfigure.web.ServerProperties$Tomcat$Accesslog
2778:             1             64  org.springframework.boot.autoconfigure.web.WebProperties$Resources$Cache$Cachecontrol
2779:             1             64  org.springframework.boot.autoconfigure.web.servlet.WebMvcProperties
2780:             2             64  org.springframework.boot.availability.AvailabilityChangeEvent
2781:             2             64  org.springframework.boot.context.config.ConfigDataEnvironmentContributors$$Lambda$188/0x00000001002596c8
2782:             2             64  org.springframework.boot.context.config.ConfigDataEnvironmentContributors$ContributorConfigDataLocationResolverContext
2783:             4             64  org.springframework.boot.context.properties.bind.BindConverter
2784:             4             64  org.springframework.boot.convert.StringToDataSizeConverter
2785:             4             64  org.springframework.boot.convert.StringToDurationConverter
2786:             4             64  org.springframework.boot.convert.StringToPeriodConverter
2787:             1             64  org.springframework.boot.web.servlet.DelegatingFilterProxyRegistrationBean$1
2788:             2             64  org.springframework.cloud.stream.binder.kafka.provisioning.KafkaTopicProvisioner
2789:             2             64  org.springframework.cloud.stream.binder.kafka.streams.KStreamBinderConfiguration$$SpringCGLIB$$0
2790:             2             64  org.springframework.cloud.stream.binder.kafka.streams.KafkaStreamsJaasConfiguration$$SpringCGLIB$$0
2791:             2             64  org.springframework.cloud.stream.binder.kafka.streams.MultiBinderPropertiesConfiguration$$SpringCGLIB$$0
2792:             1             64  org.springframework.cloud.stream.function.StreamBridge$1
2793:             2             64  org.springframework.cloud.vault.config.VaultProperties$AppRoleProperties
2794:             2             64  org.springframework.cloud.vault.config.VaultProperties$AwsEc2Properties
2795:             2             64  org.springframework.cloud.vault.config.VaultProperties$AwsIamProperties
2796:             2             64  org.springframework.cloud.vault.config.VaultProperties$AzureMsiProperties
2797:             2             64  org.springframework.cloud.vault.config.VaultProperties$ConfigLifecycle
2798:             2             64  org.springframework.cloud.vault.config.VaultProperties$PcfProperties
2799:             4             64  org.springframework.core.OrderComparator
2800:             1             64  org.springframework.core.annotation.AnnotationAttributes
2801:             4             64  org.springframework.core.env.MutablePropertySources
2802:             2             64  org.springframework.core.env.StandardEnvironment
2803:             1             64  org.springframework.core.task.SimpleAsyncTaskExecutor
2804:             4             64  org.springframework.expression.spel.support.StandardTypeConverter
2805:             2             64  org.springframework.http.client.SimpleClientHttpRequestFactory
2806:             1             64  org.springframework.integration.core.MessagingTemplate
2807:             2             64  org.springframework.integration.handler.support.MapArgumentResolver
2808:             2             64  org.springframework.kafka.security.jaas.KafkaJaasLoginModuleInitializer
2809:             4             64  org.springframework.kafka.support.AbstractKafkaHeaderMapper$NeverMatchHeaderMatcher
2810:             4             64  org.springframework.messaging.converter.DefaultContentTypeResolver
2811:             2             64  org.springframework.messaging.handler.annotation.support.HeaderMethodArgumentResolver
2812:             4             64  org.springframework.retry.backoff.ThreadWaitSleeper
2813:             1             64  org.springframework.security.oauth2.server.resource.web.authentication.BearerTokenAuthenticationFilter
2814:             2             64  org.springframework.security.rsa.crypto.RsaAlgorithm
2815:             1             64  org.springframework.security.web.FilterChainProxy
2816:             1             64  org.springframework.security.web.access.ExceptionTranslationFilter
2817:             2             64  org.springframework.security.web.authentication.logout.SecurityContextLogoutHandler
2818:             2             64  org.springframework.util.function.SingletonSupplier
2819:             1             64  org.springframework.validation.beanvalidation.LocalValidatorFactoryBean
2820:             2             64  org.springframework.validation.beanvalidation.MethodValidationAdapter
2821:             4             64  org.springframework.vault.client.SimpleVaultEndpointProvider
2822:             4             64  org.springframework.web.method.annotation.ModelMethodProcessor
2823:             4             64  org.springframework.web.servlet.mvc.method.RequestMappingInfoHandlerMethodMappingNamingStrategy
2824:             2             64  org.springframework.web.servlet.resource.PathResourceResolver
2825:             1             64  org.springframework.web.servlet.view.AbstractCachingViewResolver$2
2826:             2             64  org.springframework.web.util.DefaultUriBuilderFactory
2827:             2             64  reactor.core.publisher.ImmutableSignal
2828:             1             64  reactor.netty.internal.shaded.reactor.pool.DefaultPoolConfig
2829:             1             64  reactor.netty.resources.DefaultLoopResources
2830:             2             64  sun.security.provider.FileInputStreamPool$StreamRef (java.base@17.0.13)
2831:             1             64  sun.security.provider.certpath.ldap.JdkLDAP$ProviderService (java.naming@17.0.13)
2832:             2             64  sun.security.rsa.RSAUtil$KeyType (java.base@17.0.13)
2833:             1             64  sun.security.smartcardio.SunPCSC$ProviderService (java.smartcardio@17.0.13)
2834:             2             64  sun.security.ssl.Alert$Level (java.base@17.0.13)
2835:             2             64  sun.security.ssl.CertStatusExtension$CertStatusRequestType (java.base@17.0.13)
2836:             2             64  sun.security.ssl.CertStatusExtension$OCSPStatusRequest (java.base@17.0.13)
2837:             2             64  sun.security.ssl.PskKeyExchangeModesExtension$PskKeyExchangeMode (java.base@17.0.13)
2838:             4             64  sun.security.ssl.SSLCipher$T11BlockReadCipherGenerator (java.base@17.0.13)
2839:             4             64  sun.security.ssl.SSLCipher$T11BlockWriteCipherGenerator (java.base@17.0.13)
2840:             1             64  sun.security.ssl.SSLSocketInputRecord (java.base@17.0.13)
2841:             1             64  sun.security.ssl.SSLSocketOutputRecord (java.base@17.0.13)
2842:             2             64  sun.security.util.DisabledAlgorithmConstraints$DenyAfterConstraint (java.base@17.0.13)
2843:             2             64  sun.security.x509.NetscapeCertTypeExtension (java.base@17.0.13)
2844:             1             56  [Lcom.dynatrace.agent.introspection.uem.ApplicationDetectionRule;
2845:             1             56  [Lcom.fasterxml.jackson.databind.cfg.CoercionInputShape;
2846:             1             56  [Lcom.sun.org.apache.xerces.internal.impl.XMLScanner$NameType; (java.xml@17.0.13)
2847:             1             56  [Lcom.sun.org.apache.xerces.internal.utils.XMLSecurityManager$Limit; (java.xml@17.0.13)
2848:             1             56  [Ljava.lang.Runnable; (java.base@17.0.13)
2849:             1             56  [Ljava.nio.file.StandardOpenOption; (java.base@17.0.13)
2850:             1             56  [Ljava.text.Format; (java.base@17.0.13)
2851:             1             56  [Lorg.apache.kafka.common.config.ConfigDef$Type;
2852:             1             56  [Lorg.apache.tomcat.util.net.AbstractEndpoint$Handler$SocketState;
2853:             1             56  [Lorg.springframework.security.oauth2.jose.jws.SignatureAlgorithm;
2854:             1             56  [Lreactor.core.publisher.SignalType;
2855:             2             56  [Lreactor.netty.http.HttpProtocol;
2856:             1             56  brave.internal.recorder.PendingSpans
2857:             1             56  ch.qos.logback.core.joran.spi.SaxEventInterpreter
2858:             1             56  com.dynatrace.agent.introspection.agentcore.AgentCoreSensor
2859:             1             56  com.dynatrace.agent.introspection.exception.ExceptionSensor
2860:             1             56  com.dynatrace.agent.introspection.http.HttpSensor
2861:             1             56  com.dynatrace.agent.introspection.messaging.kafka.KafkaSensor
2862:             1             56  com.dynatrace.agent.introspection.netty.NettySensor
2863:             1             56  com.dynatrace.agent.introspection.servlet.ServletSensor
2864:             1             56  com.dynatrace.agent.introspection.threading.ThreadingSensor
2865:             1             56  com.dynatrace.agent.introspection.uem.UemSensor
2866:             1             56  com.dynatrace.agent.introspection.uem.mobile.MobileRUMConfiguration
2867:             1             56  com.dynatrace.agent.util.reflector.CachingReflector
2868:             1             56  com.dynatrace.agent.util.reflector.PublicOnlyCachingReflector
2869:             1             56  com.fasterxml.classmate.types.ResolvedObjectType
2870:             1             56  com.fasterxml.jackson.databind.type.ArrayType
2871:             1             56  com.fasterxml.jackson.datatype.jsr310.ser.InstantSerializer
2872:             1             56  com.fasterxml.jackson.datatype.jsr310.ser.OffsetDateTimeSerializer
2873:             1             56  com.fasterxml.jackson.datatype.jsr310.ser.ZonedDateTimeSerializer
2874:             1             56  io.micrometer.context.DefaultContextSnapshot
2875:             1             56  io.micrometer.core.instrument.binder.jvm.JvmGcMetrics
2876:             1             56  io.micrometer.core.instrument.binder.logging.MetricsTurboFilter
2877:             1             56  java.lang.invoke.BoundMethodHandle$Specializer (java.base@17.0.13)
2878:             1             56  java.util.ServiceLoader (java.base@17.0.13)
2879:             1             56  java.util.logging.LogManager (java.logging@17.0.13)
2880:             1             56  javax.security.auth.login.LoginContext (java.base@17.0.13)
2881:             1             56  jdk.internal.org.objectweb.asm.Label (java.base@17.0.13)
2882:             1             56  org.apache.catalina.loader.WebappLoader
2883:             1             56  org.apache.catalina.util.StandardSessionIdGenerator
2884:             1             56  org.apache.catalina.webresources.Cache
2885:             1             56  org.apache.commons.logging.impl.WeakHashtable
2886:             1             56  org.apache.hc.client5.http.impl.classic.InternalHttpClient
2887:             1             56  org.apache.tomcat.util.modeler.NoDescriptorRegistry
2888:             1             56  org.apache.tomcat.util.modeler.NoDescriptorRegistry$PassthroughMBean
2889:             1             56  org.apache.tomcat.util.scan.StandardJarScanFilter
2890:             1             56  org.hibernate.validator.internal.engine.ValidatorFactoryImpl
2891:             1             56  org.hibernate.validator.internal.engine.ValidatorFactoryScopedContext
2892:             1             56  org.hibernate.validator.internal.xml.config.BootstrapConfigurationImpl
2893:             1             56  org.hibernate.validator.messageinterpolation.ResourceBundleMessageInterpolator
2894:             1             56  org.springframework.asm.Label
2895:             1             56  org.springframework.boot.autoconfigure.web.servlet.DispatcherServletRegistrationBean
2896:             1             56  org.springframework.boot.context.properties.source.ConfigurationPropertySourcesPropertyResolver
2897:             1             56  org.springframework.boot.context.properties.source.ConfigurationPropertySourcesPropertyResolver$DefaultResolver
2898:             1             56  org.springframework.boot.task.TaskExecutorBuilder
2899:             1             56  org.springframework.boot.task.ThreadPoolTaskExecutorBuilder
2900:             1             56  org.springframework.boot.validation.beanvalidation.FilteredMethodValidationPostProcessor
2901:             1             56  org.springframework.boot.web.embedded.tomcat.LazySessionIdGenerator
2902:             1             56  org.springframework.boot.web.servlet.DelegatingFilterProxyRegistrationBean
2903:             1             56  org.springframework.boot.web.servlet.FilterRegistrationBean
2904:             1             56  org.springframework.cloud.context.scope.refresh.RefreshScope
2905:             1             56  org.springframework.cloud.function.context.catalog.BeanFactoryAwareFunctionRegistry
2906:             1             56  org.springframework.cloud.stream.binder.DefaultBinderFactory
2907:             1             56  org.springframework.cloud.stream.function.StreamBridge
2908:             1             56  org.springframework.http.client.ReactorResourceFactory
2909:             1             56  org.springframework.integration.dispatcher.BroadcastingDispatcher
2910:             1             56  org.springframework.integration.handler.support.IntegrationMessageHandlerMethodFactory
2911:             1             56  org.springframework.integration.scheduling.PollerMetadata
2912:             1             56  org.springframework.kafka.config.KafkaListenerEndpointRegistrar
2913:             1             56  org.springframework.security.config.annotation.web.configurers.LogoutConfigurer
2914:             1             56  org.springframework.security.web.access.intercept.AuthorizationFilter
2915:             1             56  org.springframework.security.web.authentication.AnonymousAuthenticationFilter
2916:             1             56  org.springframework.security.web.authentication.logout.LogoutFilter
2917:             1             56  org.springframework.vault.authentication.ReactiveLifecycleAwareSessionManager
2918:             1             56  org.springframework.web.servlet.config.annotation.PathMatchConfigurer
2919:             1             56  org.springframework.web.servlet.view.ContentNegotiatingViewResolver
2920:             1             56  reactor.netty.resources.DefaultPooledConnectionProvider
2921:             1             56  sun.net.www.http.KeepAliveCache (java.base@17.0.13)
2922:             1             56  sun.security.provider.SHA (java.base@17.0.13)
2923:             1             56  sun.security.ssl.SSLCipher$T13GcmReadCipherGenerator$GcmReadCipher (java.base@17.0.13)
2924:             1             56  sun.security.ssl.SSLCipher$T13GcmWriteCipherGenerator$GcmWriteCipher (java.base@17.0.13)
2925:             1             56  uk.co.santander.datadomainclientsplitter.config.KafkaConfig$$SpringCGLIB$$0
2926:             2             48  [Lbrave.baggage.CorrelationScopeConfig$SingleCorrelationField;
2927:             1             48  [Lch.qos.logback.core.spi.ConfigurationEvent$EventType;
2928:             2             48  [Lcom.dynatrace.agent.config.core.ConfigHiveHandle;
2929:             1             48  [Lcom.dynatrace.agent.introspection.agentcore.TechTypeEdition;
2930:             2             48  [Lcom.dynatrace.agent.introspection.exception.ExceptionSensor$ExceptionSensorPropertyType;
2931:             3             48  [Lcom.dynatrace.agent.introspection.shared.URIFilterRule;
2932:             1             48  [Lcom.dynatrace.agent.introspection.uem.RequestMethod;
2933:             2             48  [Lcom.dynatrace.agent.introspection.uem.constants.SerializationConstants$ApplicationMatchTarget;
2934:             2             48  [Lcom.dynatrace.agent.introspection.uem.constants.SerializationConstants$InjectionMode;
2935:             3             48  [Lcom.fasterxml.classmate.ResolvedType;
2936:             2             48  [Lcom.fasterxml.jackson.databind.cfg.EnumFeature;
2937:             1             48  [Lio.micrometer.core.instrument.Statistic;
2938:             2             48  [Lio.micrometer.core.instrument.config.MeterFilter;
2939:             1             48  [Lio.netty.util.concurrent.EventExecutor;
2940:             1             48  [Ljava.math.RoundingMode; (java.base@17.0.13)
2941:             2             48  [Ljava.net.InterfaceAddress; (java.base@17.0.13)
2942:             2             48  [Ljava.nio.file.FileVisitOption; (java.base@17.0.13)
2943:             2             48  [Ljava.util.regex.Pattern; (java.base@17.0.13)
2944:             2             48  [Ljavax.security.auth.login.AppConfigurationEntry; (java.base@17.0.13)
2945:             1             48  [Ljdk.xml.internal.JdkProperty$State; (java.xml@17.0.13)
2946:             3             48  [Lorg.apache.catalina.mapper.Mapper$MappedWrapper;
2947:             1             48  [Lorg.apache.hc.client5.http.impl.ChainElement;
2948:             2             48  [Lorg.apache.kafka.clients.ClientDnsLookup;
2949:             2             48  [Lorg.apache.kafka.clients.consumer.GroupProtocol;
2950:             1             48  [Lorg.apache.kafka.clients.producer.internals.TransactionManager$State;
2951:             2             48  [Lorg.apache.kafka.common.IsolationLevel;
2952:             1             48  [Lorg.apache.kafka.common.network.ChannelState$State;
2953:             1             48  [Lorg.apache.kafka.common.resource.ResourceType;
2954:             1             48  [Lorg.apache.kafka.streams.KafkaStreams$State;
2955:             1             48  [Lorg.apache.kafka.streams.processor.internals.StreamThread$State;
2956:             1             48  [Lorg.apache.tomcat.util.net.SocketEvent;
2957:             1             48  [Lorg.hibernate.validator.internal.metadata.location.ConstraintLocation$ConstraintLocationKind;
2958:             2             48  [Lorg.hibernate.validator.internal.util.ConcurrentReferenceHashMap$Option;
2959:             2             48  [Lorg.springframework.boot.actuate.autoconfigure.info.InfoContributorFallback;
2960:             2             48  [Lorg.springframework.boot.actuate.endpoint.ApiVersion;
2961:             2             48  [Lorg.springframework.boot.actuate.endpoint.annotation.Selector$Match;
2962:             2             48  [Lorg.springframework.boot.autoconfigure.thread.Threading;
2963:             2             48  [Lorg.springframework.boot.availability.LivenessState;
2964:             2             48  [Lorg.springframework.boot.availability.ReadinessState;
2965:             2             48  [Lorg.springframework.boot.context.properties.bind.Bindable$BindRestriction;
2966:             2             48  [Lorg.springframework.boot.context.properties.source.PropertyMapper;
2967:             1             48  [Lorg.springframework.boot.convert.DurationStyle$Unit;
2968:             1             48  [Lorg.springframework.cglib.proxy.CallbackInfo;
2969:             2             48  [Lorg.springframework.context.annotation.AdviceMode;
2970:             2             48  [Lorg.springframework.core.annotation.TypeMappedAnnotation;
2971:             1             48  [Lorg.springframework.http.HttpMethod;
2972:             2             48  [Lorg.springframework.jmx.support.MetricType;
2973:             1             48  [Lorg.springframework.kafka.listener.ContainerProperties$AckMode;
2974:             1             48  [Lreactor.netty.http.client.HttpClientState;
2975:             2             48  [Lsun.security.util.RegisteredDomain$Type; (java.base@17.0.13)
2976:             2             48  [Lsun.security.validator.CADistrustPolicy; (java.base@17.0.13)
2977:             1             48  [Lsun.security.x509.NetscapeCertTypeExtension$MapEntry; (java.base@17.0.13)
2978:             2             48  brave.baggage.CorrelationScopeDecorator$Multiple
2979:             3             48  brave.propagation.B3Propagation$Factory
2980:             1             48  ch.qos.logback.classic.model.ConfigurationModel
2981:             1             48  ch.qos.logback.classic.pattern.ExtendedThrowableProxyConverter
2982:             1             48  ch.qos.logback.core.joran.spi.ConfigurationWatchList
2983:             1             48  ch.qos.logback.core.model.IncludeModel
2984:             1             48  ch.qos.logback.core.model.processor.DefaultProcessor
2985:             2             48  ch.qos.logback.core.subst.Node$Type
2986:             3             48  com.dynatrace.agent.AgentConfiguration$TraceSettings
2987:             1             48  com.dynatrace.agent.AttachmentBuilder
2988:             2             48  com.dynatrace.agent.config.core.ConfigHiveHandle
2989:             2             48  com.dynatrace.agent.config.core.ConfigHub$ConfigKeyData
2990:             2             48  com.dynatrace.agent.config.core.ConfigNodeHandle
2991:             2             48  com.dynatrace.agent.config.wiring.ReflectiveFieldWiring$2
2992:             1             48  com.dynatrace.agent.introspection.DefaultSensor
2993:             2             48  com.dynatrace.agent.introspection.IntrospectionBase$CheckSensorFlag
2994:             2             48  com.dynatrace.agent.introspection.IntrospectionBase$LinkInsertionAreaCheck
2995:             2             48  com.dynatrace.agent.introspection.IntrospectionBase$ReentranceProtection
2996:             2             48  com.dynatrace.agent.introspection.IntrospectionBase$RequireSubPath
2997:             2             48  com.dynatrace.agent.introspection.IntrospectionResult
2998:             2             48  com.dynatrace.agent.introspection.exception.ExceptionSensor$ExceptionSensorPropertyType
2999:             1             48  com.dynatrace.agent.introspection.messaging.jms.JmsReceiveEntrypointSensor
3000:             1             48  com.dynatrace.agent.introspection.messaging.kafka.KafkaReceiveEntrypointSensor
3001:             1             48  com.dynatrace.agent.introspection.metrics.MetricsSensor
3002:             2             48  com.dynatrace.agent.introspection.uem.constants.SerializationConstants$ApplicationMatchTarget
3003:             2             48  com.dynatrace.agent.introspection.uem.constants.SerializationConstants$InjectionMode
3004:             2             48  com.dynatrace.agent.measures.core.MeType
3005:             2             48  com.dynatrace.agent.measures.plugins.RawPlugin$PluginType
3006:             2             48  com.dynatrace.agent.util.ThrottledExceptionLogger
3007:             2             48  com.dynatrace.agent.util.reflector.supplier.CachingReflectorSupplier$OperationMode
3008:             2             48  com.dynatrace.agent.util.reflector.supplier.ReflectorSupplier$OperationMode
3009:             2             48  com.fasterxml.jackson.databind.AnnotationIntrospector$ReferenceProperty$Type
3010:             1             48  com.fasterxml.jackson.databind.cfg.ConfigOverride$Empty
3011:             2             48  com.fasterxml.jackson.databind.deser.impl.NullsConstantProvider
3012:             2             48  com.fasterxml.jackson.databind.deser.std.StdKeyDeserializer$StringKD
3013:             2             48  com.fasterxml.jackson.databind.ser.impl.PropertySerializerMap$Multi
3014:             2             48  com.fasterxml.jackson.databind.ser.impl.ReadOnlyClassToSerializerMap
3015:             2             48  com.fasterxml.jackson.databind.ser.std.BooleanSerializer
3016:             1             48  com.fasterxml.jackson.databind.util.StdDateFormat
3017:             3             48  com.nimbusds.jose.JOSEObjectType
3018:             1             48  com.nimbusds.jwt.proc.DefaultJWTProcessor
3019:             2             48  com.sun.jmx.mbeanserver.ClassLoaderRepositorySupport$LoaderEntry (java.management@17.0.13)
3020:             1             48  com.sun.jmx.mbeanserver.DefaultMXBeanMappingFactory$Mappings (java.management@17.0.13)
3021:             2             48  com.sun.jmx.mbeanserver.WeakIdentityHashMap (java.management@17.0.13)
3022:             3             48  com.sun.org.apache.xerces.internal.impl.dv.dtd.ListDatatypeValidator (java.xml@17.0.13)
3023:             2             48  io.micrometer.core.instrument.binder.jvm.JvmGcMetrics$$Lambda$2030/0x0000000100b6e9e8
3024:             1             48  io.micrometer.core.instrument.binder.jvm.JvmGcMetrics$GcGenerationAge$1
3025:             1             48  io.micrometer.core.instrument.binder.jvm.JvmHeapPressureMetrics
3026:             2             48  io.micrometer.core.instrument.binder.jvm.JvmHeapPressureMetrics$$Lambda$1611/0x0000000100a0da28
3027:             2             48  io.micrometer.core.instrument.binder.kafka.KafkaMetrics$$Lambda$2350/0x0000000100c25fd0
3028:             2             48  io.micrometer.core.instrument.simple.CountingMode
3029:             2             48  io.micrometer.core.instrument.util.NamedThreadFactory
3030:             3             48  io.micrometer.observation.SimpleObservationRegistry
3031:             2             48  io.netty.buffer.PoolArena$SizeClass
3032:             2             48  io.netty.buffer.UnreleasableByteBuf
3033:             1             48  io.netty.channel.DefaultChannelPromise
3034:             1             48  io.netty.channel.epoll.EpollSocketChannel$EpollSocketChannelUnsafe
3035:             1             48  io.netty.handler.codec.DefaultHeadersImpl
3036:             2             48  io.netty.handler.codec.http.cookie.ClientCookieDecoder
3037:             2             48  io.netty.handler.logging.ByteBufFormat
3038:             2             48  io.netty.handler.ssl.ResumptionController
3039:             2             48  io.netty.resolver.dns.DnsNameResolverChannelStrategy
3040:             1             48  io.netty.util.ResourceLeakDetector$TraceRecord$1
3041:             2             48  jakarta.el.ExpressionFactory$CacheValue
3042:             2             48  jakarta.el.Util$CacheValue
3043:             2             48  jakarta.validation.constraintvalidation.ValidationTarget
3044:             2             48  java.io.File$PathStatus (java.base@17.0.13)
3045:             2             48  java.io.OutputStreamWriter (java.base@17.0.13)
3046:             1             48  java.lang.NullPointerException (java.base@17.0.13)
3047:             1             48  java.lang.ProcessHandleImpl (java.base@17.0.13)
3048:             1             48  java.lang.invoke.BoundMethodHandle$Specializer$Factory (java.base@17.0.13)
3049:             2             48  java.lang.invoke.MethodHandles$Lookup$ClassOption (java.base@17.0.13)
3050:             2             48  java.lang.invoke.VarHandle$TypesAndInvokers (java.base@17.0.13)
3051:             2             48  java.lang.management.MemoryType (java.management@17.0.13)
3052:             2             48  java.lang.reflect.ReflectPermission (java.base@17.0.13)
3053:             3             48  java.nio.charset.CodingErrorAction (java.base@17.0.13)
3054:             2             48  java.security.Provider$OPType (java.base@17.0.13)
3055:             3             48  java.text.AttributedCharacterIterator$Attribute (java.base@17.0.13)
3056:             2             48  java.time.Clock$FixedClock (java.base@17.0.13)
3057:             2             48  java.time.ZonedDateTime (java.base@17.0.13)
3058:             2             48  java.time.format.DateTimeFormatterBuilder$1 (java.base@17.0.13)
3059:             3             48  java.time.format.DateTimeFormatterBuilder$StringLiteralPrinterParser (java.base@17.0.13)
3060:             2             48  java.time.format.DateTimeFormatterBuilder$ZoneIdPrinterParser (java.base@17.0.13)
3061:             2             48  java.time.format.DateTimeTextProvider$LocaleStore (java.base@17.0.13)
3062:             3             48  java.util.Base64$Decoder (java.base@17.0.13)
3063:             2             48  java.util.Collections$SynchronizedList (java.base@17.0.13)
3064:             3             48  java.util.ResourceBundle$NoFallbackControl (java.base@17.0.13)
3065:             3             48  java.util.concurrent.ConcurrentSkipListMap$KeySet (java.base@17.0.13)
3066:             3             48  java.util.concurrent.SynchronousQueue$TransferStack (java.base@17.0.13)
3067:             1             48  java.util.concurrent.locks.ReentrantReadWriteLock$FairSync (java.base@17.0.13)
3068:             2             48  java.util.function.BiPredicate$$Lambda$121/0x0000000100174ef8 (java.base@17.0.13)
3069:             2             48  java.util.logging.Logger$LoggerBundle (java.logging@17.0.13)
3070:             2             48  java.util.logging.LoggingPermission (java.logging@17.0.13)
3071:             3             48  java.util.regex.CharPredicates$$Lambda$559/0x00000001003f0990 (java.base@17.0.13)
3072:             2             48  java.util.regex.Pattern$$Lambda$783/0x00000001005ed740 (java.base@17.0.13)
3073:             2             48  java.util.regex.Pattern$CharPredicate$$Lambda$1502/0x0000000100762788 (java.base@17.0.13)
3074:             2             48  javax.crypto.CryptoPermissions (java.base@17.0.13)
3075:             1             48  jdk.internal.icu.impl.UCharacterProperty (java.base@17.0.13)
3076:             1             48  jdk.internal.icu.util.CodePointTrie$Fast16 (java.base@17.0.13)
3077:             2             48  jdk.internal.icu.util.CodePointTrie$Type (java.base@17.0.13)
3078:             3             48  jdk.internal.icu.util.VersionInfo (java.base@17.0.13)
3079:             1             48  jdk.internal.jimage.ImageHeader (java.base@17.0.13)
3080:             2             48  jdk.internal.loader.URLClassPath$FileLoader (java.base@17.0.13)
3081:             2             48  jdk.internal.misc.Signal$NativeHandler (java.base@17.0.13)
3082:             2             48  jdk.internal.module.ModuleHashes (java.base@17.0.13)
3083:             2             48  jdk.internal.module.SystemModuleFinders$SystemModuleFinder (java.base@17.0.13)
3084:             1             48  jdk.management.jfr.FlightRecorderMXBeanImpl (jdk.management.jfr@17.0.13)
3085:             3             48  jdk.proxy2.$Proxy104 (jdk.proxy2)
3086:             3             48  jdk.proxy2.$Proxy117 (jdk.proxy2)
3087:             3             48  jdk.proxy2.$Proxy18 (jdk.proxy2)
3088:             3             48  jdk.proxy2.$Proxy22 (jdk.proxy2)
3089:             3             48  jdk.proxy2.$Proxy58 (jdk.proxy2)
3090:             3             48  jdk.proxy2.$Proxy89 (jdk.proxy2)
3091:             3             48  jdk.proxy2.$Proxy93 (jdk.proxy2)
3092:             3             48  jdk.proxy2.$Proxy95 (jdk.proxy2)
3093:             1             48  net.logstash.logback.composite.LogstashVersionJsonProvider
3094:             1             48  net.logstash.logback.composite.loggingevent.LoggingEventFormattedTimestampJsonProvider
3095:             1             48  net.logstash.logback.composite.loggingevent.MdcJsonProvider
3096:             2             48  org.apache.catalina.core.ApplicationMapping
3097:             1             48  org.apache.catalina.core.DefaultInstanceManager
3098:             1             48  org.apache.catalina.core.StandardContextValve
3099:             1             48  org.apache.catalina.core.StandardEngineValve
3100:             1             48  org.apache.catalina.core.StandardHostValve
3101:             1             48  org.apache.catalina.mapper.MapperListener
3102:             3             48  org.apache.catalina.realm.RealmBase$AllRolesMode
3103:             1             48  org.apache.catalina.startup.Tomcat
3104:             2             48  org.apache.catalina.util.ErrorPageSupport
3105:             2             48  org.apache.catalina.util.ParameterMap
3106:             2             48  org.apache.catalina.util.URLEncoder
3107:             1             48  org.apache.catalina.valves.ErrorReportValve
3108:             2             48  org.apache.commons.logging.impl.WeakHashtable$Referenced
3109:             2             48  org.apache.coyote.http11.filters.GzipOutputFilter
3110:             2             48  org.apache.coyote.http11.filters.GzipOutputFilter$FakeOutputStream
3111:             2             48  org.apache.hc.client5.http.RouteInfo$LayerType
3112:             2             48  org.apache.hc.client5.http.RouteInfo$TunnelType
3113:             2             48  org.apache.hc.client5.http.auth.ChallengeType
3114:             3             48  org.apache.hc.client5.http.impl.auth.AuthChallengeParser
3115:             2             48  org.apache.hc.client5.http.impl.cookie.RFC6265CookieSpecFactory
3116:             2             48  org.apache.hc.core5.http.URIScheme
3117:             1             48  org.apache.hc.core5.http.impl.io.SessionInputBufferImpl
3118:             2             48  org.apache.hc.core5.http.protocol.DefaultHttpProcessor
3119:             3             48  org.apache.hc.core5.http.protocol.RequestTargetHost
3120:             3             48  org.apache.hc.core5.http.protocol.RequestUserAgent
3121:             2             48  org.apache.hc.core5.pool.PoolConcurrencyPolicy
3122:             2             48  org.apache.hc.core5.pool.PoolReusePolicy
3123:             2             48  org.apache.hc.core5.util.ByteArrayBuffer
3124:             2             48  org.apache.kafka.clients.ClientDnsLookup
3125:             2             48  org.apache.kafka.clients.GroupRebalanceConfig$ProtocolType
3126:             2             48  org.apache.kafka.clients.consumer.ConsumerPartitionAssignor$RebalanceProtocol
3127:             2             48  org.apache.kafka.clients.consumer.GroupProtocol
3128:             2             48  org.apache.kafka.common.IsolationLevel
3129:             2             48  org.apache.kafka.common.network.Mode
3130:             2             48  org.apache.kafka.common.protocol.types.Struct
3131:             2             48  org.apache.kafka.common.requests.FindCoordinatorRequest$CoordinatorType
3132:             2             48  org.apache.kafka.common.security.JaasContext$Type
3133:             1             48  org.apache.kafka.shaded.io.opentelemetry.proto.metrics.v1.Metric
3134:             2             48  org.apache.kafka.streams.KafkaStreams$$Lambda$2287/0x0000000100c16948
3135:             2             48  org.apache.kafka.streams.KafkaStreams$$Lambda$2300/0x0000000100c1d000
3136:             2             48  org.apache.kafka.streams.KafkaStreams$StreamStateListener
3137:             2             48  org.apache.kafka.streams.StreamsBuilder
3138:             2             48  org.apache.kafka.streams.kstream.internals.KStreamFilter
3139:             2             48  org.apache.kafka.streams.processor.PunctuationType
3140:             2             48  org.apache.kafka.streams.processor.internals.StoreChangelogReader$ChangelogReaderState
3141:             2             48  org.apache.kafka.streams.state.internals.QueryableStoreProvider
3142:             2             48  org.apache.kafka.streams.state.internals.metrics.RocksDBMetricsRecordingTrigger
3143:             2             48  org.apache.tomcat.util.buf.UEncoder$SafeCharsSet
3144:             2             48  org.apache.tomcat.util.http.CookiesWithoutEquals
3145:             2             48  org.apache.tomcat.util.http.ServerCookies
3146:             2             48  org.apache.tomcat.util.http.parser.HttpParser
3147:             1             48  org.apache.tomcat.util.modeler.AttributeInfo
3148:             1             48  org.apache.tomcat.util.net.NioEndpoint$Poller
3149:             1             48  org.apache.tomcat.util.threads.TaskQueue
3150:             1             48  org.hibernate.validator.internal.engine.ValidatorImpl
3151:             1             48  org.hibernate.validator.internal.engine.validationcontext.ValidatorScopedContext
3152:             1             48  org.hibernate.validator.internal.metadata.BeanMetaDataManagerImpl
3153:             2             48  org.hibernate.validator.internal.metadata.descriptor.ConstraintDescriptorImpl$ConstraintType
3154:             1             48  org.hibernate.validator.internal.properties.javabean.JavaBeanGetter
3155:             3             48  org.slf4j.helpers.BasicMarkerFactory
3156:             2             48  org.slf4j.helpers.Reporter$TargetChoice
3157:             2             48  org.springframework.aop.framework.AdvisedSupport$MethodCacheKey
3158:             2             48  org.springframework.aop.support.annotation.AnnotationClassFilter
3159:             2             48  org.springframework.beans.CachedIntrospectionResults
3160:             2             48  org.springframework.beans.SimpleBeanInfoFactory$1
3161:             3             48  org.springframework.beans.factory.parsing.FailFastProblemReporter
3162:             3             48  org.springframework.beans.factory.parsing.PassThroughSourceExtractor
3163:             3             48  org.springframework.beans.factory.support.CglibSubclassingInstantiationStrategy
3164:             3             48  org.springframework.beans.factory.support.NullBean
3165:             2             48  org.springframework.boot.BootstrapRegistry$InstanceSupplier$1
3166:             2             48  org.springframework.boot.BootstrapRegistry$Scope
3167:             2             48  org.springframework.boot.actuate.autoconfigure.health.HealthProperties$Status
3168:             2             48  org.springframework.boot.actuate.autoconfigure.info.InfoContributorFallback
3169:             2             48  org.springframework.boot.actuate.autoconfigure.metrics.OnlyOnceLoggingDenyMeterFilter
3170:             3             48  org.springframework.boot.actuate.autoconfigure.web.server.OnManagementPortCondition
3171:             2             48  org.springframework.boot.actuate.endpoint.ApiVersion
3172:             2             48  org.springframework.boot.actuate.endpoint.annotation.EndpointDiscoverer$$Lambda$1270/0x000000010091e8c0
3173:             2             48  org.springframework.boot.actuate.endpoint.annotation.Selector$Match
3174:             3             48  org.springframework.boot.actuate.endpoint.web.EndpointMapping
3175:             3             48  org.springframework.boot.actuate.endpoint.web.servlet.SkipPathExtensionContentNegotiation
3176:             2             48  org.springframework.boot.actuate.health.SimpleStatusAggregator
3177:             2             48  org.springframework.boot.actuate.info.InfoPropertiesInfoContributor$Mode
3178:             3             48  org.springframework.boot.autoconfigure.cache.CacheCondition
3179:             3             48  org.springframework.boot.autoconfigure.kafka.KafkaProperties$Cleanup
3180:             2             48  org.springframework.boot.autoconfigure.kafka.KafkaProperties$IsolationLevel
3181:             2             48  org.springframework.boot.autoconfigure.kafka.KafkaProperties$Listener$Type
3182:             3             48  org.springframework.boot.autoconfigure.kafka.KafkaProperties$Retry
3183:             2             48  org.springframework.boot.autoconfigure.reactor.ReactorProperties$ContextPropagationMode
3184:             1             48  org.springframework.boot.autoconfigure.security.oauth2.resource.OAuth2ResourceServerProperties$Jwt
3185:             1             48  org.springframework.boot.autoconfigure.sql.init.SqlInitializationProperties
3186:             2             48  org.springframework.boot.autoconfigure.web.ServerProperties$Jetty$Accesslog$FORMAT
3187:             2             48  org.springframework.boot.autoconfigure.web.WebProperties$LocaleResolver
3188:             2             48  org.springframework.boot.autoconfigure.web.client.NotReactiveWebApplicationCondition
3189:             1             48  org.springframework.boot.autoconfigure.web.servlet.WebMvcAutoConfiguration$WebMvcAutoConfigurationAdapter
3190:             2             48  org.springframework.boot.autoconfigure.web.servlet.WebMvcProperties$MatchingStrategy
3191:             2             48  org.springframework.boot.availability.LivenessState
3192:             2             48  org.springframework.boot.availability.ReadinessState
3193:             2             48  org.springframework.boot.context.config.ConfigDataEnvironmentContributor$ImportPhase
3194:             2             48  org.springframework.boot.context.config.LocationResourceLoader$ResourceType
3195:             3             48  org.springframework.boot.context.properties.BoundConfigurationProperties
3196:             3             48  org.springframework.boot.context.properties.ConfigurationPropertiesBinder$$Lambda$1043/0x0000000100899240
3197:             3             48  org.springframework.boot.context.properties.ConfigurationPropertiesBinder$ConfigurationPropertiesBinderFactory
3198:             2             48  org.springframework.boot.context.properties.bind.BindMethod
3199:             2             48  org.springframework.boot.context.properties.bind.ValueObjectBinder$Discoverer
3200:             2             48  org.springframework.boot.context.properties.source.DefaultPropertyMapper$LastMapping
3201:             2             48  org.springframework.boot.convert.CharSequenceToObjectConverter
3202:             2             48  org.springframework.boot.loader.launch.LaunchedClassLoader$DefinePackageCallType
3203:             2             48  org.springframework.boot.logging.LoggerGroup
3204:             2             48  org.springframework.boot.web.server.Shutdown
3205:             1             48  org.springframework.boot.web.servlet.filter.OrderedCharacterEncodingFilter
3206:             1             48  org.springframework.boot.web.servlet.filter.OrderedFormContentFilter
3207:             1             48  org.springframework.boot.web.servlet.filter.OrderedRequestContextFilter
3208:             2             48  org.springframework.boot.web.servlet.server.Encoding$Type
3209:             2             48  org.springframework.cloud.client.actuator.HasFeatures
3210:             2             48  org.springframework.cloud.config.client.ConfigClientProperties$MultipleUriStrategy
3211:             1             48  org.springframework.cloud.configuration.SpringBootVersionVerifier$1
3212:             2             48  org.springframework.cloud.stream.binder.BinderConfiguration
3213:             2             48  org.springframework.cloud.stream.binder.kafka.streams.KStreamBinderConfiguration$$SpringCGLIB$$FastClass$$0
3214:             2             48  org.springframework.cloud.stream.binder.kafka.streams.KStreamBinderConfiguration$$SpringCGLIB$$FastClass$$1
3215:             2             48  org.springframework.cloud.stream.binder.kafka.streams.KafkaStreamsBinderUtils$$Lambda$2123/0x0000000100b8d0c8
3216:             1             48  org.springframework.cloud.stream.binder.kafka.streams.KafkaStreamsBindingInformationCatalogue
3217:             3             48  org.springframework.cloud.stream.binder.kafka.streams.function.FunctionDetectorCondition
3218:             2             48  org.springframework.cloud.stream.binder.kafka.streams.function.KafkaStreamsBindableProxyFactory$$Lambda$1764/0x0000000100a46748
3219:             1             48  org.springframework.cloud.stream.binder.kafka.streams.function.KafkaStreamsFunctionBeanPostProcessor
3220:             2             48  org.springframework.cloud.stream.binder.kafka.streams.properties.KafkaStreamsBindingProperties
3221:             2             48  org.springframework.cloud.stream.binding.BoundTargetHolder
3222:             2             48  org.springframework.cloud.stream.config.BinderProperties
3223:             2             48  org.springframework.cloud.vault.config.VaultProperties$AppIdProperties
3224:             2             48  org.springframework.cloud.vault.config.VaultProperties$Config
3225:             2             48  org.springframework.cloud.vault.config.VaultProperties$Discovery
3226:             2             48  org.springframework.cloud.vault.config.VaultProperties$GcpCredentials
3227:             2             48  org.springframework.cloud.vault.config.VaultProperties$GcpGceProperties
3228:             2             48  org.springframework.cloud.vault.config.VaultProperties$KubernetesProperties
3229:             2             48  org.springframework.cloud.vault.config.VaultProperties$SessionLifecycle
3230:             2             48  org.springframework.context.annotation.AdviceMode
3231:             3             48  org.springframework.context.annotation.ConfigurationClassPostProcessor$ImportAwareBeanPostProcessor
3232:             2             48  org.springframework.context.annotation.ConfigurationCondition$ConfigurationPhase
3233:             3             48  org.springframework.context.event.DefaultEventListenerFactory
3234:             3             48  org.springframework.context.expression.StandardBeanExpressionResolver$1
3235:             2             48  org.springframework.core.NamedInheritableThreadLocal
3236:             2             48  org.springframework.core.NativeDetector$Context
3237:             2             48  org.springframework.core.ResolvableType$WildcardBounds$Kind
3238:             2             48  org.springframework.core.annotation.AnnotationTypeMappings$Cache
3239:             2             48  org.springframework.core.annotation.MergedAnnotation$Adapt
3240:             2             48  org.springframework.core.convert.converter.Converter$$Lambda$997/0x0000000100868b38
3241:             2             48  org.springframework.core.convert.support.DefaultConversionService
3242:             2             48  org.springframework.core.convert.support.GenericConversionService$ConverterCacheKey
3243:             2             48  org.springframework.core.env.PropertySource$StubPropertySource
3244:             2             48  org.springframework.core.env.SystemEnvironmentPropertySource
3245:             2             48  org.springframework.core.io.buffer.DefaultDataBufferFactory
3246:             2             48  org.springframework.core.type.classreading.SimpleMetadataReader
3247:             3             48  org.springframework.core.type.classreading.SimpleMetadataReaderFactory
3248:             1             48  org.springframework.dao.annotation.PersistenceExceptionTranslationPostProcessor
3249:             2             48  org.springframework.expression.spel.support.BooleanTypedValue
3250:             1             48  org.springframework.expression.spel.support.SimpleEvaluationContext
3251:             3             48  org.springframework.http.client.observation.DefaultClientRequestObservationConvention
3252:             2             48  org.springframework.http.server.DefaultPathContainer$DefaultSeparator
3253:             1             48  org.springframework.integration.config.IntegrationManagementConfigurer
3254:             2             48  org.springframework.integration.support.NullAwarePayloadArgumentResolver
3255:             3             48  org.springframework.integration.support.management.IntegrationManagement$ManagementOverrides
3256:             2             48  org.springframework.jmx.support.MetricType
3257:             1             48  org.springframework.kafka.core.DefaultKafkaConsumerFactory
3258:             2             48  org.springframework.kafka.listener.ExceptionClassifier$ExtendedBinaryExceptionClassifier
3259:             2             48  org.springframework.kafka.security.jaas.KafkaJaasLoginModuleInitializer$InternalConfiguration
3260:             2             48  org.springframework.kafka.support.mapping.Jackson2JavaTypeMapper$TypePrecedence
3261:             1             48  org.springframework.security.config.annotation.web.configuration.WebSecurityConfiguration
3262:             1             48  org.springframework.security.config.annotation.web.configurers.AnonymousConfigurer
3263:             1             48  org.springframework.security.config.annotation.web.configurers.CsrfConfigurer
3264:             2             48  org.springframework.security.config.crypto.RsaKeyConversionServicePostProcessor$ResourceKeyConverterAdapter
3265:             3             48  org.springframework.security.web.authentication.WebAuthenticationDetailsSource
3266:             1             48  org.springframework.security.web.authentication.ui.DefaultLogoutPageGeneratingFilter
3267:             2             48  org.springframework.security.web.context.RequestAttributeSecurityContextRepository
3268:             1             48  org.springframework.security.web.context.SecurityContextHolderFilter
3269:             1             48  org.springframework.security.web.header.HeaderWriterFilter
3270:             2             48  org.springframework.security.web.header.writers.frameoptions.XFrameOptionsHeaderWriter
3271:             1             48  org.springframework.security.web.servletapi.HttpServlet3RequestFactory
3272:             2             48  org.springframework.security.web.util.matcher.RequestHeaderRequestMatcher
3273:             1             48  org.springframework.util.ConcurrentLruCache
3274:             2             48  org.springframework.util.ConcurrentReferenceHashMap$ReferenceType
3275:             2             48  org.springframework.util.ConcurrentReferenceHashMap$Restructure
3276:             2             48  org.springframework.validation.DefaultMessageCodesResolver
3277:             2             48  org.springframework.vault.authentication.LifecycleAwareSessionManagerSupport$FixedTimeoutRefreshTrigger
3278:             3             48  org.springframework.vault.client.RestTemplateBuilder$$Lambda$394/0x00000001003dcf08
3279:             2             48  org.springframework.vault.core.VaultKeyValueOperationsSupport$KeyValueBackend
3280:             3             48  org.springframework.vault.core.util.PropertyTransformers$KeyPrefixPropertyTransformer
3281:             1             48  org.springframework.web.accept.ContentNegotiationManagerFactoryBean
3282:             1             48  org.springframework.web.cors.CorsConfiguration
3283:             2             48  org.springframework.web.cors.CorsConfiguration$OriginPattern
3284:             1             48  org.springframework.web.filter.ServerHttpObservationFilter
3285:             2             48  org.springframework.web.method.annotation.ExpressionValueMethodArgumentResolver
3286:             3             48  org.springframework.web.method.annotation.MapMethodProcessor
3287:             1             48  org.springframework.web.reactive.function.client.DefaultClientRequestBuilder$BodyInserterRequest
3288:             1             48  org.springframework.web.servlet.mvc.annotation.ResponseStatusExceptionResolver
3289:             2             48  org.springframework.web.servlet.mvc.method.annotation.MatrixVariableMethodArgumentResolver
3290:             2             48  org.springframework.web.servlet.mvc.method.annotation.PathVariableMethodArgumentResolver
3291:             3             48  org.springframework.web.servlet.mvc.method.annotation.PrincipalMethodArgumentResolver
3292:             2             48  org.springframework.web.servlet.mvc.method.annotation.RequestMappingHandlerAdapter$$Lambda$1542/0x00000001009e32d8
3293:             3             48  org.springframework.web.servlet.mvc.method.annotation.ServletRequestMethodArgumentResolver
3294:             3             48  org.springframework.web.servlet.mvc.method.annotation.ServletResponseMethodArgumentResolver
3295:             2             48  org.springframework.web.servlet.resource.DefaultResourceTransformerChain
3296:             2             48  org.yaml.snakeyaml.DumperOptions$NonPrintableStyle
3297:             2             48  reactor.core.publisher.FluxCreate$CreateMode
3298:             2             48  reactor.core.scheduler.BoundedElasticScheduler$BoundedServices$BusyStates
3299:             2             48  reactor.core.scheduler.SchedulerState
3300:             3             48  sun.net.www.protocol.jar.Handler (java.base@17.0.13)
3301:             3             48  sun.nio.ch.SocketDispatcher (java.base@17.0.13)
3302:             2             48  sun.security.ec.ParametersMap (jdk.crypto.ec@17.0.13)
3303:             2             48  sun.security.jca.ProviderList$ServiceList$1 (java.base@17.0.13)
3304:             3             48  sun.security.rsa.PSSParameters (java.base@17.0.13)
3305:             2             48  sun.security.ssl.SSLAlgorithmConstraints (java.base@17.0.13)
3306:             3             48  sun.security.ssl.SSLCipher$StreamReadCipherGenerator (java.base@17.0.13)
3307:             3             48  sun.security.ssl.SSLCipher$StreamWriteCipherGenerator (java.base@17.0.13)
3308:             3             48  sun.security.util.DisabledAlgorithmConstraints$Constraints (java.base@17.0.13)
3309:             2             48  sun.security.util.DisabledAlgorithmConstraints$jdkCAConstraint (java.base@17.0.13)
3310:             2             48  sun.security.util.RegisteredDomain$Type (java.base@17.0.13)
3311:             2             48  sun.util.locale.provider.LocaleServiceProviderPool (java.base@17.0.13)
3312:             1             48  uk.co.santander.datadomainclientsplitter.config.ConfluentConfig$$SpringCGLIB$$0
3313:             1             48  uk.co.santander.datadomainclientsplitter.config.properties.KafkaPropertiesConfiguration
3314:             2             40  [Lch.qos.logback.core.Appender;
3315:             1             40  [Lch.qos.logback.core.subst.Token$Type;
3316:             1             40  [Lch.qos.logback.core.util.AggregationType;
3317:             1             40  [Lcom.dynatrace.agent.introspection.agentcore.ApacheHttpClientTechnologyDetector$Version;
3318:             1             40  [Lcom.dynatrace.agent.introspection.uem.ApplicationChoiceReason;
3319:             1             40  [Lcom.dynatrace.agent.introspection.uem.ApplicationConfiguration;
3320:             1             40  [Lcom.fasterxml.jackson.annotation.JsonAutoDetect$Visibility;
3321:             1             40  [Lcom.fasterxml.jackson.annotation.Nulls;
3322:             1             40  [Lcom.fasterxml.jackson.core.JsonEncoding;
3323:             1             40  [Lcom.fasterxml.jackson.core.JsonFactory$Feature;
3324:             1             40  [Lcom.fasterxml.jackson.core.JsonParser$NumberType;
3325:             1             40  [Lcom.fasterxml.jackson.core.JsonParser$NumberTypeFP;
3326:             1             40  [Lcom.fasterxml.jackson.core.StreamReadFeature;
3327:             1             40  [Lcom.fasterxml.jackson.core.json.JsonWriteFeature;
3328:             2             40  [Lcom.sun.jmx.mbeanserver.ClassLoaderRepositorySupport$LoaderEntry; (java.management@17.0.13)
3329:             1             40  [Lcom.sun.org.apache.xerces.internal.util.Status; (java.xml@17.0.13)
3330:             1             40  [Lcom.sun.org.apache.xerces.internal.utils.XMLSecurityPropertyManager$State; (java.xml@17.0.13)
3331:             1             40  [Lio.micrometer.common.util.internal.logging.InternalLogLevel;
3332:             1             40  [Lio.micrometer.core.instrument.Meter$Type;
3333:             1             40  [Lio.netty.handler.logging.LogLevel;
3334:             1             40  [Lio.netty.util.internal.logging.InternalLogLevel;
3335:             1             40  [Ljakarta.servlet.http.MappingMatch;
3336:             1             40  [Ljava.lang.Thread$State; (java.base@17.0.13)
3337:             1             40  [Ljava.lang.invoke.VarHandle$AccessType; (java.base@17.0.13)
3338:             1             40  [Ljava.nio.charset.Charset; (java.base@17.0.13)
3339:             1             40  [Ljava.time.format.SignStyle; (java.base@17.0.13)
3340:             1             40  [Ljava.time.format.TextStyle; (java.base@17.0.13)
3341:             1             40  [Ljava.util.stream.StreamOpFlag; (java.base@17.0.13)
3342:             1             40  [Ljavax.net.ssl.SSLEngineResult$HandshakeStatus; (java.base@17.0.13)
3343:             1             40  [Lorg.apache.coyote.http11.Http11InputBuffer$HeaderParsePosition;
3344:             1             40  [Lorg.apache.coyote.http11.filters.ChunkedInputFilter$ParseState;
3345:             1             40  [Lorg.apache.hc.client5.http.auth.AuthExchange$State;
3346:             1             40  [Lorg.apache.hc.client5.http.cookie.CommonCookieAttributeHandler;
3347:             2             40  [Lorg.apache.hc.core5.http.HttpResponseInterceptor;
3348:             1             40  [Lorg.apache.hc.core5.http.message.StatusLine$StatusClass;
3349:             1             40  [Lorg.apache.kafka.clients.ConnectionState;
3350:             1             40  [Lorg.apache.kafka.common.network.KafkaChannel$ChannelMuteState;
3351:             1             40  [Lorg.apache.kafka.common.network.SslTransportLayer$State;
3352:             1             40  [Lorg.apache.kafka.streams.processor.internals.Task$State;
3353:             1             40  [Lorg.apache.kafka.streams.processor.internals.assignment.AssignorError;
3354:             1             40  [Lorg.apache.tomcat.util.descriptor.web.FilterMap;
3355:             1             40  [Lorg.apache.tomcat.util.http.parser.HttpHeaderParser$HeaderParsePosition;
3356:             1             40  [Lorg.hibernate.validator.internal.metadata.raw.ConstrainedElement$ConstrainedElementKind;
3357:             1             40  [Lorg.hibernate.validator.messageinterpolation.ExpressionLanguageFeatureLevel;
3358:             1             40  [Lorg.jboss.logging.Logger$Level;
3359:             1             40  [Lorg.springframework.boot.ansi.AnsiStyle;
3360:             1             40  [Lorg.springframework.boot.context.config.ConfigDataEnvironmentContributor$Kind;
3361:             2             40  [Lorg.springframework.boot.context.config.ConfigDataLocation;
3362:             1             40  [Lorg.springframework.boot.logging.logback.RollingPolicySystemProperty;
3363:             1             40  [Lorg.springframework.cloud.stream.binder.kafka.properties.KafkaProducerProperties$CompressionType;
3364:             1             40  [Lorg.springframework.http.client.observation.ClientHttpObservationDocumentation$LowCardinalityKeyNames;
3365:             1             40  [Lorg.springframework.http.server.observation.ServerHttpObservationDocumentation$LowCardinalityKeyNames;
3366:             1             40  [Lorg.springframework.integration.handler.LoggingHandler$Level;
3367:             1             40  [Lorg.springframework.kafka.KafkaException$Level;
3368:             1             40  [Lorg.springframework.kafka.support.LogIfLevelEnabled$Level;
3369:             1             40  [Lorg.springframework.security.config.annotation.AbstractConfiguredSecurityBuilder$BuildState;
3370:             1             40  [Lorg.springframework.web.reactive.function.client.ClientHttpObservationDocumentation$LowCardinalityKeyNames;
3371:             1             40  [Lorg.yaml.snakeyaml.DumperOptions$ScalarStyle;
3372:             1             40  [Lreactor.core.publisher.FluxConcatMapNoPrefetch$FluxConcatMapNoPrefetchSubscriber$State;
3373:             1             40  [Lreactor.core.publisher.FluxSink$OverflowStrategy;
3374:             1             40  [Lreactor.core.publisher.Sinks$EmitResult;
3375:             1             40  [Lsun.security.ssl.CipherSuite$MacAlg; (java.base@17.0.13)
3376:             1             40  [Lsun.security.ssl.ContentType; (java.base@17.0.13)
3377:             1             40  [Lsun.security.ssl.SSLKeyExchange$T12KeyAgreement; (java.base@17.0.13)
3378:             1             40  [Lsun.security.ssl.X509Authentication; (java.base@17.0.13)
3379:             1             40  [Lsun.security.util.DisabledAlgorithmConstraints$Constraint$Operator; (java.base@17.0.13)
3380:             1             40  [Lsun.util.locale.provider.LocaleProviderAdapter$Type; (java.base@17.0.13)
3381:             1             40  [[Ljava.lang.invoke.LambdaForm$Name; (java.base@17.0.13)
3382:             1             40  brave.Tracer
3383:             1             40  brave.Tracing$Default
3384:             1             40  ch.qos.logback.core.BasicStatusManager
3385:             1             40  ch.qos.logback.core.joran.spi.SimpleRuleStore
3386:             1             40  ch.qos.logback.core.joran.util.PropertySetter
3387:             1             40  ch.qos.logback.core.model.processor.ImplicitModelHandler
3388:             1             40  ch.qos.logback.core.status.WarnStatus
3389:             1             40  com.dynatrace.agent.introspection.servlet.ServletSensorConfig
3390:             1             40  com.dynatrace.agent.introspection.threading.ThreadingSensorConfig
3391:             1             40  com.dynatrace.agent.introspection.uem.ApplicationHeader
3392:             1             40  com.dynatrace.agent.introspection.uem.RUMStatistics
3393:             1             40  com.dynatrace.agent.introspection.webservice.OperationEndpointClassValue
3394:             1             40  com.dynatrace.agent.introspection.webservice.ServiceEndpointClassValue
3395:             1             40  com.dynatrace.agent.measures.JmxMetricsProviderV1
3396:             1             40  com.dynatrace.agent.measures.JmxMetricsProviderV2
3397:             1             40  com.fasterxml.jackson.annotation.JsonFormat$Value
3398:             1             40  com.fasterxml.jackson.core.StreamReadConstraints
3399:             1             40  com.fasterxml.jackson.datatype.jsr310.deser.LocalDateTimeDeserializer
3400:             1             40  com.fasterxml.jackson.datatype.jsr310.deser.LocalTimeDeserializer
3401:             1             40  com.fasterxml.jackson.datatype.jsr310.deser.OffsetTimeDeserializer
3402:             1             40  com.fasterxml.jackson.datatype.jsr310.ser.DurationSerializer
3403:             1             40  com.fasterxml.jackson.datatype.jsr310.ser.LocalDateSerializer
3404:             1             40  com.fasterxml.jackson.datatype.jsr310.ser.LocalDateTimeSerializer
3405:             1             40  com.fasterxml.jackson.datatype.jsr310.ser.LocalTimeSerializer
3406:             1             40  com.fasterxml.jackson.datatype.jsr310.ser.MonthDaySerializer
3407:             1             40  com.fasterxml.jackson.datatype.jsr310.ser.OffsetTimeSerializer
3408:             1             40  com.fasterxml.jackson.datatype.jsr310.ser.YearMonthSerializer
3409:             1             40  com.fasterxml.jackson.datatype.jsr310.ser.YearSerializer
3410:             1             40  com.nimbusds.jose.jwk.source.DefaultJWKSetCache
3411:             1             40  com.sun.jmx.interceptor.DefaultMBeanServerInterceptor (java.management@17.0.13)
3412:             1             40  com.sun.jmx.mbeanserver.JmxMBeanServer (java.management@17.0.13)
3413:             1             40  com.sun.jmx.mbeanserver.MBeanServerDelegateImpl (java.management@17.0.13)
3414:             1             40  com.sun.management.internal.DiagnosticCommandImpl (jdk.management@17.0.13)
3415:             1             40  com.sun.management.internal.OperatingSystemImpl$ProcessCpuTicks (jdk.management@17.0.13)
3416:             1             40  com.sun.management.internal.OperatingSystemImpl$SystemCpuTicks (jdk.management@17.0.13)
3417:             1             40  com.sun.org.apache.xerces.internal.impl.XMLEntityScanner$1 (java.xml@17.0.13)
3418:             1             40  io.micrometer.core.instrument.binder.system.ProcessorMetrics
3419:             1             40  io.micrometer.core.instrument.distribution.TimeWindowSum
3420:             1             40  io.micrometer.observation.Observation$Context
3421:             1             40  io.netty.handler.codec.DefaultHeaders$HeaderEntry
3422:             1             40  io.netty.resolver.DefaultHostsFileEntriesResolver
3423:             1             40  io.netty.util.concurrent.DefaultPromise$StacklessCancellationException
3424:             1             40  jakarta.servlet.MultipartConfigElement
3425:             1             40  java.io.BufferedInputStream (java.base@17.0.13)
3426:             1             40  java.io.DataOutputStream (java.base@17.0.13)
3427:             1             40  java.lang.ArithmeticException (java.base@17.0.13)
3428:             1             40  java.lang.ArrayIndexOutOfBoundsException (java.base@17.0.13)
3429:             1             40  java.lang.ArrayStoreException (java.base@17.0.13)
3430:             1             40  java.lang.ClassCastException (java.base@17.0.13)
3431:             1             40  java.lang.ClassNotFoundException (java.base@17.0.13)
3432:             1             40  java.lang.UnsupportedOperationException (java.base@17.0.13)
3433:             1             40  java.lang.VirtualMachineError (java.base@17.0.13)
3434:             1             40  java.lang.invoke.VarHandleInts$FieldStaticReadWrite (java.base@17.0.13)
3435:             1             40  java.lang.invoke.VarHandleReferences$Array (java.base@17.0.13)
3436:             1             40  java.net.InetAddress$CachedAddresses (java.base@17.0.13)
3437:             1             40  java.net.Socket (java.base@17.0.13)
3438:             1             40  java.text.MessageFormat (java.base@17.0.13)
3439:             1             40  java.time.format.DateTimeFormatterBuilder (java.base@17.0.13)
3440:             1             40  java.util.ResourceBundle$2 (java.base@17.0.13)
3441:             1             40  java.util.ServiceLoader$LazyClassPathLookupIterator (java.base@17.0.13)
3442:             1             40  java.util.regex.Pattern$LazyLoop (java.base@17.0.13)
3443:             1             40  javax.crypto.CryptoAllPermission (java.base@17.0.13)
3444:             1             40  jdk.internal.event.SecurityProviderServiceEvent (java.base@17.0.13)
3445:             1             40  jdk.internal.icu.impl.CharTrie (java.base@17.0.13)
3446:             1             40  jdk.internal.icu.impl.UCharacterProperty$1 (java.base@17.0.13)
3447:             1             40  jdk.internal.icu.text.StringPrep (java.base@17.0.13)
3448:             1             40  jdk.internal.logger.LazyLoggers$LazyLoggerAccessor (java.base@17.0.13)
3449:             1             40  jdk.internal.platform.cgroupv1.CgroupV1Subsystem (java.base@17.0.13)
3450:             1             40  jdk.internal.ref.CleanerImpl$CleanerCleanable (java.base@17.0.13)
3451:             1             40  net.jpountz.lz4.LZ4Factory
3452:             1             40  net.logstash.logback.composite.FastISOTimestampFormatter$TimestampPeriod
3453:             1             40  net.logstash.logback.composite.FastISOTimestampFormatter$ZoneOffsetState
3454:             1             40  net.logstash.logback.composite.loggingevent.ArgumentsJsonProvider
3455:             1             40  net.logstash.logback.composite.loggingevent.LoggerNameJsonProvider
3456:             1             40  net.logstash.logback.composite.loggingevent.MessageJsonProvider
3457:             1             40  net.logstash.logback.composite.loggingevent.StackTraceJsonProvider
3458:             1             40  org.apache.catalina.realm.MessageDigestCredentialHandler
3459:             1             40  org.apache.coyote.AbstractProtocol$RecycledProcessors
3460:             1             40  org.apache.hc.client5.http.HttpRoute
3461:             1             40  org.apache.hc.client5.http.impl.classic.ConnectExec
3462:             1             40  org.apache.hc.client5.http.impl.io.LenientHttpResponseParser
3463:             1             40  org.apache.hc.client5.http.impl.io.ManagedHttpClientConnectionFactory
3464:             1             40  org.apache.hc.client5.http.impl.io.PoolingHttpClientConnectionManager
3465:             1             40  org.apache.hc.core5.http.config.Http1Config
3466:             1             40  org.apache.hc.core5.http.io.SocketConfig
3467:             1             40  org.apache.kafka.common.InvalidRecordException
3468:             1             40  org.apache.kafka.common.errors.BrokerIdNotRegisteredException
3469:             1             40  org.apache.kafka.common.errors.BrokerNotAvailableException
3470:             1             40  org.apache.kafka.common.errors.ClusterAuthorizationException
3471:             1             40  org.apache.kafka.common.errors.ConcurrentTransactionsException
3472:             1             40  org.apache.kafka.common.errors.ControllerMovedException
3473:             1             40  org.apache.kafka.common.errors.CoordinatorLoadInProgressException
3474:             1             40  org.apache.kafka.common.errors.CorruptRecordException
3475:             1             40  org.apache.kafka.common.errors.DelegationTokenAuthorizationException
3476:             1             40  org.apache.kafka.common.errors.DelegationTokenDisabledException
3477:             1             40  org.apache.kafka.common.errors.DelegationTokenExpiredException
3478:             1             40  org.apache.kafka.common.errors.DelegationTokenNotFoundException
3479:             1             40  org.apache.kafka.common.errors.DelegationTokenOwnerMismatchException
3480:             1             40  org.apache.kafka.common.errors.DisconnectException
3481:             1             40  org.apache.kafka.common.errors.DuplicateBrokerRegistrationException
3482:             1             40  org.apache.kafka.common.errors.DuplicateResourceException
3483:             1             40  org.apache.kafka.common.errors.DuplicateSequenceException
3484:             1             40  org.apache.kafka.common.errors.ElectionNotNeededException
3485:             1             40  org.apache.kafka.common.errors.EligibleLeadersNotAvailableException
3486:             1             40  org.apache.kafka.common.errors.FeatureUpdateFailedException
3487:             1             40  org.apache.kafka.common.errors.FencedInstanceIdException
3488:             1             40  org.apache.kafka.common.errors.FencedLeaderEpochException
3489:             1             40  org.apache.kafka.common.errors.FencedMemberEpochException
3490:             1             40  org.apache.kafka.common.errors.FetchSessionIdNotFoundException
3491:             1             40  org.apache.kafka.common.errors.FetchSessionTopicIdException
3492:             1             40  org.apache.kafka.common.errors.GroupAuthorizationException
3493:             1             40  org.apache.kafka.common.errors.GroupIdNotFoundException
3494:             1             40  org.apache.kafka.common.errors.GroupMaxSizeReachedException
3495:             1             40  org.apache.kafka.common.errors.GroupNotEmptyException
3496:             1             40  org.apache.kafka.common.errors.GroupSubscribedToTopicException
3497:             1             40  org.apache.kafka.common.errors.IllegalGenerationException
3498:             1             40  org.apache.kafka.common.errors.IllegalSaslStateException
3499:             1             40  org.apache.kafka.common.errors.InconsistentClusterIdException
3500:             1             40  org.apache.kafka.common.errors.InconsistentGroupProtocolException
3501:             1             40  org.apache.kafka.common.errors.InconsistentTopicIdException
3502:             1             40  org.apache.kafka.common.errors.InconsistentVoterSetException
3503:             1             40  org.apache.kafka.common.errors.IneligibleReplicaException
3504:             1             40  org.apache.kafka.common.errors.InvalidCommitOffsetSizeException
3505:             1             40  org.apache.kafka.common.errors.InvalidConfigurationException
3506:             1             40  org.apache.kafka.common.errors.InvalidFetchSessionEpochException
3507:             1             40  org.apache.kafka.common.errors.InvalidFetchSizeException
3508:             1             40  org.apache.kafka.common.errors.InvalidGroupIdException
3509:             1             40  org.apache.kafka.common.errors.InvalidPartitionsException
3510:             1             40  org.apache.kafka.common.errors.InvalidPidMappingException
3511:             1             40  org.apache.kafka.common.errors.InvalidPrincipalTypeException
3512:             1             40  org.apache.kafka.common.errors.InvalidProducerEpochException
3513:             1             40  org.apache.kafka.common.errors.InvalidRegistrationException
3514:             1             40  org.apache.kafka.common.errors.InvalidReplicaAssignmentException
3515:             1             40  org.apache.kafka.common.errors.InvalidReplicationFactorException
3516:             1             40  org.apache.kafka.common.errors.InvalidRequestException
3517:             1             40  org.apache.kafka.common.errors.InvalidRequiredAcksException
3518:             1             40  org.apache.kafka.common.errors.InvalidSessionTimeoutException
3519:             1             40  org.apache.kafka.common.errors.InvalidTimestampException
3520:             1             40  org.apache.kafka.common.errors.InvalidTopicException
3521:             1             40  org.apache.kafka.common.errors.InvalidTxnStateException
3522:             1             40  org.apache.kafka.common.errors.InvalidTxnTimeoutException
3523:             1             40  org.apache.kafka.common.errors.InvalidUpdateVersionException
3524:             1             40  org.apache.kafka.common.errors.KafkaStorageException
3525:             1             40  org.apache.kafka.common.errors.LeaderNotAvailableException
3526:             1             40  org.apache.kafka.common.errors.ListenerNotFoundException
3527:             1             40  org.apache.kafka.common.errors.LogDirNotFoundException
3528:             1             40  org.apache.kafka.common.errors.MemberIdRequiredException
3529:             1             40  org.apache.kafka.common.errors.MismatchedEndpointTypeException
3530:             1             40  org.apache.kafka.common.errors.NetworkException
3531:             1             40  org.apache.kafka.common.errors.NewLeaderElectedException
3532:             1             40  org.apache.kafka.common.errors.NoReassignmentInProgressException
3533:             1             40  org.apache.kafka.common.errors.NotControllerException
3534:             1             40  org.apache.kafka.common.errors.NotCoordinatorException
3535:             1             40  org.apache.kafka.common.errors.NotEnoughReplicasAfterAppendException
3536:             1             40  org.apache.kafka.common.errors.NotEnoughReplicasException
3537:             1             40  org.apache.kafka.common.errors.NotLeaderOrFollowerException
3538:             1             40  org.apache.kafka.common.errors.OffsetMetadataTooLarge
3539:             1             40  org.apache.kafka.common.errors.OffsetMovedToTieredStorageException
3540:             1             40  org.apache.kafka.common.errors.OffsetNotAvailableException
3541:             1             40  org.apache.kafka.common.errors.OffsetOutOfRangeException
3542:             1             40  org.apache.kafka.common.errors.OperationNotAttemptedException
3543:             1             40  org.apache.kafka.common.errors.OutOfOrderSequenceException
3544:             1             40  org.apache.kafka.common.errors.PolicyViolationException
3545:             1             40  org.apache.kafka.common.errors.PositionOutOfRangeException
3546:             1             40  org.apache.kafka.common.errors.PreferredLeaderNotAvailableException
3547:             1             40  org.apache.kafka.common.errors.PrincipalDeserializationException
3548:             1             40  org.apache.kafka.common.errors.ProducerFencedException
3549:             1             40  org.apache.kafka.common.errors.ReassignmentInProgressException
3550:             1             40  org.apache.kafka.common.errors.RebalanceInProgressException
3551:             1             40  org.apache.kafka.common.errors.RecordBatchTooLargeException
3552:             1             40  org.apache.kafka.common.errors.RecordTooLargeException
3553:             1             40  org.apache.kafka.common.errors.ReplicaNotAvailableException
3554:             1             40  org.apache.kafka.common.errors.ResourceNotFoundException
3555:             1             40  org.apache.kafka.common.errors.SaslAuthenticationException
3556:             1             40  org.apache.kafka.common.errors.SecurityDisabledException
3557:             1             40  org.apache.kafka.common.errors.SnapshotNotFoundException
3558:             1             40  org.apache.kafka.common.errors.StaleBrokerEpochException
3559:             1             40  org.apache.kafka.common.errors.StaleMemberEpochException
3560:             1             40  org.apache.kafka.common.errors.TelemetryTooLargeException
3561:             1             40  org.apache.kafka.common.errors.ThrottlingQuotaExceededException
3562:             1             40  org.apache.kafka.common.errors.TimeoutException
3563:             1             40  org.apache.kafka.common.errors.TopicAuthorizationException
3564:             1             40  org.apache.kafka.common.errors.TopicDeletionDisabledException
3565:             1             40  org.apache.kafka.common.errors.TopicExistsException
3566:             1             40  org.apache.kafka.common.errors.TransactionCoordinatorFencedException
3567:             1             40  org.apache.kafka.common.errors.TransactionalIdAuthorizationException
3568:             1             40  org.apache.kafka.common.errors.TransactionalIdNotFoundException
3569:             1             40  org.apache.kafka.common.errors.UnacceptableCredentialException
3570:             1             40  org.apache.kafka.common.errors.UnknownControllerIdException
3571:             1             40  org.apache.kafka.common.errors.UnknownLeaderEpochException
3572:             1             40  org.apache.kafka.common.errors.UnknownMemberIdException
3573:             1             40  org.apache.kafka.common.errors.UnknownProducerIdException
3574:             1             40  org.apache.kafka.common.errors.UnknownServerException
3575:             1             40  org.apache.kafka.common.errors.UnknownSubscriptionIdException
3576:             1             40  org.apache.kafka.common.errors.UnknownTopicIdException
3577:             1             40  org.apache.kafka.common.errors.UnknownTopicOrPartitionException
3578:             1             40  org.apache.kafka.common.errors.UnreleasedInstanceIdException
3579:             1             40  org.apache.kafka.common.errors.UnstableOffsetCommitException
3580:             1             40  org.apache.kafka.common.errors.UnsupportedAssignorException
3581:             1             40  org.apache.kafka.common.errors.UnsupportedByAuthenticationException
3582:             1             40  org.apache.kafka.common.errors.UnsupportedCompressionTypeException
3583:             1             40  org.apache.kafka.common.errors.UnsupportedEndpointTypeException
3584:             1             40  org.apache.kafka.common.errors.UnsupportedForMessageFormatException
3585:             1             40  org.apache.kafka.common.errors.UnsupportedSaslMechanismException
3586:             1             40  org.apache.kafka.common.errors.UnsupportedVersionException
3587:             1             40  org.apache.kafka.shaded.io.opentelemetry.proto.metrics.v1.ResourceMetrics
3588:             1             40  org.apache.kafka.shaded.io.opentelemetry.proto.metrics.v1.ScopeMetrics
3589:             1             40  org.apache.tomcat.util.net.Acceptor
3590:             1             40  org.hibernate.validator.internal.engine.constraintvalidation.ConstraintValidatorManagerImpl
3591:             1             40  org.hibernate.validator.internal.metadata.core.AnnotationProcessingOptionsImpl
3592:             1             40  org.hibernate.validator.internal.metadata.core.ConstraintHelper
3593:             1             40  org.slf4j.bridge.SLF4JBridgeHandler
3594:             1             40  org.springframework.beans.factory.support.ManagedList
3595:             1             40  org.springframework.boot.SpringApplicationShutdownHook
3596:             1             40  org.springframework.boot.actuate.autoconfigure.endpoint.web.CorsEndpointProperties
3597:             1             40  org.springframework.boot.actuate.autoconfigure.health.HealthEndpointProperties
3598:             1             40  org.springframework.boot.actuate.autoconfigure.health.HealthEndpointProperties$Group
3599:             1             40  org.springframework.boot.actuate.autoconfigure.metrics.MeterRegistryPostProcessor
3600:             1             40  org.springframework.boot.actuate.autoconfigure.metrics.MetricsProperties
3601:             1             40  org.springframework.boot.actuate.autoconfigure.metrics.MetricsProperties$Distribution
3602:             1             40  org.springframework.boot.actuate.autoconfigure.observation.ObservationRegistryConfigurer
3603:             1             40  org.springframework.boot.actuate.autoconfigure.observation.ObservationRegistryPostProcessor
3604:             1             40  org.springframework.boot.actuate.endpoint.web.annotation.ControllerEndpointDiscoverer
3605:             1             40  org.springframework.boot.actuate.endpoint.web.annotation.ServletEndpointDiscoverer
3606:             1             40  org.springframework.boot.actuate.endpoint.web.annotation.WebEndpointDiscoverer
3607:             1             40  org.springframework.boot.autoconfigure.integration.IntegrationProperties
3608:             1             40  org.springframework.boot.autoconfigure.integration.IntegrationProperties$Poller
3609:             1             40  org.springframework.boot.autoconfigure.task.TaskExecutionProperties$Pool
3610:             1             40  org.springframework.boot.autoconfigure.web.ErrorProperties
3611:             1             40  org.springframework.boot.autoconfigure.web.ServerProperties$Jetty
3612:             1             40  org.springframework.boot.autoconfigure.web.ServerProperties$Jetty$Accesslog
3613:             1             40  org.springframework.boot.autoconfigure.web.ServerProperties$Jetty$Threads
3614:             1             40  org.springframework.boot.autoconfigure.web.ServerProperties$Netty
3615:             1             40  org.springframework.boot.autoconfigure.web.ServerProperties$Servlet
3616:             1             40  org.springframework.boot.autoconfigure.web.ServerProperties$Tomcat$Remoteip
3617:             1             40  org.springframework.boot.context.logging.LoggingApplicationListener
3618:             1             40  org.springframework.boot.logging.logback.SpringBootJoranConfigurator
3619:             1             40  org.springframework.boot.task.SimpleAsyncTaskExecutorBuilder
3620:             1             40  org.springframework.boot.web.server.Cookie
3621:             1             40  org.springframework.boot.web.servlet.server.Session
3622:             1             40  org.springframework.boot.web.servlet.server.Session$Cookie
3623:             1             40  org.springframework.cglib.core.ClassNameReader$EarlyExitException
3624:             1             40  org.springframework.cloud.commons.util.InetUtilsProperties
3625:             1             40  org.springframework.cloud.config.client.ConfigServerHealthIndicator
3626:             1             40  org.springframework.cloud.context.properties.ConfigurationPropertiesBeans
3627:             1             40  org.springframework.cloud.context.refresh.ConfigDataContextRefresher
3628:             1             40  org.springframework.cloud.function.context.FunctionProperties
3629:             1             40  org.springframework.cloud.function.context.config.JsonMessageConverter
3630:             1             40  org.springframework.cloud.function.context.config.KotlinLambdaToFunctionAutoConfiguration$$SpringCGLIB$$0
3631:             1             40  org.springframework.cloud.function.context.config.RoutingFunction
3632:             1             40  org.springframework.cloud.function.utils.PrimitiveTypesFromStringMessageConverter
3633:             1             40  org.springframework.cloud.stream.binder.kafka.streams.StreamsBuilderFactoryManager
3634:             1             40  org.springframework.cloud.stream.binding.BindingService
3635:             1             40  org.springframework.cloud.stream.binding.MessageConverterConfigurer
3636:             1             40  org.springframework.cloud.stream.converter.CompositeMessageConverterFactory$2
3637:             1             40  org.springframework.cloud.stream.converter.CompositeMessageConverterFactory$3
3638:             1             40  org.springframework.cloud.stream.function.FunctionConfiguration$FunctionBindingRegistrar
3639:             1             40  org.springframework.cloud.stream.function.FunctionConfiguration$FunctionToDestinationBinder
3640:             1             40  org.springframework.cloud.vault.config.VaultAutoConfiguration
3641:             1             40  org.springframework.cloud.vault.config.VaultReactiveAutoConfiguration
3642:             1             40  org.springframework.core.codec.CharBufferDecoder
3643:             1             40  org.springframework.expression.spel.ast.BooleanLiteral
3644:             1             40  org.springframework.expression.spel.support.DataBindingPropertyAccessor
3645:             1             40  org.springframework.http.client.HttpComponentsClientHttpRequestFactory
3646:             1             40  org.springframework.integration.channel.MessagePublishingErrorHandler
3647:             1             40  org.springframework.integration.channel.NullChannel
3648:             1             40  org.springframework.integration.config.AggregatorAnnotationPostProcessor
3649:             1             40  org.springframework.integration.config.BridgeFromAnnotationPostProcessor
3650:             1             40  org.springframework.integration.config.BridgeToAnnotationPostProcessor
3651:             1             40  org.springframework.integration.config.FilterAnnotationPostProcessor
3652:             1             40  org.springframework.integration.config.InboundChannelAdapterAnnotationPostProcessor
3653:             1             40  org.springframework.integration.config.IntegrationEvaluationContextFactoryBean
3654:             1             40  org.springframework.integration.config.RouterAnnotationPostProcessor
3655:             1             40  org.springframework.integration.config.ServiceActivatorAnnotationPostProcessor
3656:             1             40  org.springframework.integration.config.SplitterAnnotationPostProcessor
3657:             1             40  org.springframework.integration.config.TransformerAnnotationPostProcessor
3658:             1             40  org.springframework.integration.dispatcher.OrderedAwareCopyOnWriteArraySet
3659:             1             40  org.springframework.integration.handler.support.CollectionArgumentResolver
3660:             1             40  org.springframework.kafka.config.KafkaListenerEndpointRegistry
3661:             1             40  org.springframework.kafka.support.micrometer.MicrometerHolder
3662:             1             40  org.springframework.messaging.converter.StringMessageConverter
3663:             1             40  org.springframework.messaging.handler.annotation.support.DefaultMessageHandlerMethodFactory
3664:             1             40  org.springframework.security.config.annotation.authentication.configuration.AuthenticationConfiguration
3665:             1             40  org.springframework.security.config.annotation.web.configurers.ExceptionHandlingConfigurer
3666:             1             40  org.springframework.security.web.access.expression.DefaultWebSecurityExpressionHandler
3667:             1             40  org.springframework.security.web.savedrequest.HttpSessionRequestCache
3668:             1             40  org.springframework.security.web.savedrequest.RequestCacheAwareFilter
3669:             1             40  org.springframework.security.web.session.DisableEncodeUrlFilter
3670:             1             40  org.springframework.ui.context.support.ResourceBundleThemeSource
3671:             1             40  org.springframework.vault.authentication.AuthenticationSteps$HttpRequest
3672:             1             40  org.springframework.vault.authentication.ReactiveLifecycleAwareSessionManager$TerminatedException
3673:             1             40  org.springframework.vault.client.RestTemplateBuilder
3674:             1             40  org.springframework.web.bind.support.ConfigurableWebBindingInitializer
3675:             1             40  org.springframework.web.servlet.mvc.support.DefaultHandlerExceptionResolver
3676:             1             40  org.springframework.web.servlet.resource.ResourceUrlProvider
3677:             1             40  reactor.core.scheduler.BoundedElasticScheduler
3678:             1             40  reactor.netty.http.client.HttpResponseDecoderSpec
3679:             1             40  reactor.netty.resources.DefaultPooledConnectionProvider$PooledConnection
3680:             1             40  sun.management.MappedMXBeanType$CompositeDataMXBeanType (java.management@17.0.13)
3681:             1             40  sun.management.MappedMXBeanType$MapMXBeanType (java.management@17.0.13)
3682:             1             40  sun.nio.ch.ServerSocketAdaptor (java.base@17.0.13)
3683:             1             40  sun.nio.cs.StandardCharsets$Aliases (java.base@17.0.13)
3684:             1             40  sun.nio.cs.StandardCharsets$Cache (java.base@17.0.13)
3685:             1             40  sun.security.provider.ConfigFile$Spi (java.base@17.0.13)
3686:             1             40  sun.security.ssl.Plaintext (java.base@17.0.13)
3687:             1             40  sun.security.ssl.TrustStoreManager$TrustStoreDescriptor (java.base@17.0.13)
3688:             1             40  sun.security.util.Resources (java.base@17.0.13)
3689:             1             40  sun.util.locale.InternalLocaleBuilder (java.base@17.0.13)
3690:             1             40  sun.util.resources.Bundles$1 (java.base@17.0.13)
3691:             1             40  uk.co.santander.datadomainclientsplitter.config.properties.TopicDefaultsProperties
3692:             1             40  uk.co.santander.datadomainclientsplitter.streamer.ClientSplitterConfluentStreamer$$SpringCGLIB$$0
3693:             1             40  uk.co.santander.datadomainclientsplitter.streamer.ClientSplitterStreamer$$SpringCGLIB$$0
3694:             1             32  [Lbrave.handler.SpanHandler$Cause;
3695:             1             32  [Lbrave.internal.codec.IpLiteral$IpFamily;
3696:             1             32  [Lbrave.propagation.B3Propagation$Format;
3697:             1             32  [Lch.qos.logback.classic.spi.Configurator$ExecutionStatus;
3698:             1             32  [Lch.qos.logback.core.joran.action.ActionUtil$Scope;
3699:             1             32  [Lch.qos.logback.core.spi.FilterReply;
3700:             1             32  [Lch.qos.logback.core.subst.Tokenizer$TokenizerState;
3701:             1             32  [Lcom.dynatrace.agent.AggregationFlag;
3702:             1             32  [Lcom.dynatrace.agent.introspection.agentcore.JavaVersion$VirtualMachine;
3703:             1             32  [Lcom.dynatrace.agent.introspection.uem.OverloadState;
3704:             1             32  [Lcom.dynatrace.agent.introspection.uem.mobile.MobileRUMSerializationConstants$MobileRUMCapturingState;
3705:             1             32  [Lcom.dynatrace.agent.introspection.uem.statecookie.ApplicationSessionState;
3706:             1             32  [Lcom.dynatrace.agent.introspection.uem.statecookie.SessionStateFormat;
3707:             1             32  [Lcom.fasterxml.jackson.core.Base64Variant$PaddingReadBehaviour;
3708:             1             32  [Lcom.fasterxml.jackson.core.StreamReadCapability;
3709:             1             32  [Lcom.fasterxml.jackson.core.util.Separators$Spacing;
3710:             1             32  [Lcom.fasterxml.jackson.databind.cfg.ConstructorDetector$SingleArgConstructor;
3711:             1             32  [Lcom.fasterxml.jackson.databind.util.AccessPattern;
3712:             1             32  [Lcom.fasterxml.jackson.databind.util.internal.PrivateMaxEntriesMap$DrainStatus;
3713:             1             32  [Lcom.fasterxml.jackson.datatype.jsr310.JavaTimeFeature;
3714:             1             32  [Lcom.nimbusds.jose.Requirement;
3715:             1             32  [Lcom.sun.org.apache.xerces.internal.utils.XMLSecurityManager$NameMap; (java.xml@17.0.13)
3716:             1             32  [Lio.micrometer.core.instrument.binder.jvm.JvmGcMetrics$GcGenerationAge;
3717:             1             32  [Lio.micrometer.core.instrument.config.MeterFilterReply;
3718:             1             32  [Lio.micrometer.observation.transport.Kind;
3719:             1             32  [Lio.netty.channel.DefaultChannelPipeline$AddStrategy;
3720:             1             32  [Lio.netty.handler.codec.dns.DnsSection;
3721:             1             32  [Lio.netty.handler.ssl.ApplicationProtocolConfig$Protocol;
3722:             1             32  [Lio.netty.handler.ssl.ApplicationProtocolConfig$SelectedListenerFailureBehavior;
3723:             1             32  [Lio.netty.handler.ssl.ApplicationProtocolConfig$SelectorFailureBehavior;
3724:             1             32  [Lio.netty.handler.ssl.ClientAuth;
3725:             1             32  [Lio.netty.handler.ssl.SslHandler$SslEngineType;
3726:             1             32  [Lio.netty.handler.ssl.SslProvider;
3727:             1             32  [Lio.netty.resolver.ResolvedAddressTypes;
3728:             1             32  [Lio.netty.util.ResourceLeakDetector$Level;
3729:             1             32  [Ljava.lang.StackStreamFactory$WalkerState; (java.base@17.0.13)
3730:             2             32  [Ljava.lang.Throwable; (java.base@17.0.13)
3731:             1             32  [Ljava.lang.invoke.MethodHandleImpl$ArrayAccess; (java.base@17.0.13)
3732:             1             32  [Ljava.lang.invoke.VarHandle$VarHandleDesc$Kind; (java.base@17.0.13)
3733:             1             32  [Ljava.lang.management.MemoryManagerMXBean; (java.management@17.0.13)
3734:             1             32  [Ljava.lang.module.ModuleDescriptor$Modifier; (java.base@17.0.13)
3735:             1             32  [Ljava.lang.module.ModuleDescriptor$Requires$Modifier; (java.base@17.0.13)
3736:             2             32  [Ljava.net.NetworkInterface; (java.base@17.0.13)
3737:             1             32  [Ljava.net.Proxy$Type; (java.base@17.0.13)
3738:             1             32  [Ljava.net.StandardProtocolFamily; (java.base@17.0.13)
3739:             1             32  [Ljava.nio.file.AccessMode; (java.base@17.0.13)
3740:             1             32  [Ljava.nio.file.FileTreeWalker$EventType; (java.base@17.0.13)
3741:             1             32  [Ljava.nio.file.FileVisitResult; (java.base@17.0.13)
3742:             2             32  [Ljava.nio.file.attribute.FileAttribute; (java.base@17.0.13)
3743:             2             32  [Ljava.security.CodeSigner; (java.base@17.0.13)
3744:             2             32  [Ljava.security.cert.Certificate; (java.base@17.0.13)
3745:             1             32  [Ljava.text.Normalizer$Form; (java.base@17.0.13)
3746:             1             32  [Ljava.time.format.DateTimeFormatterBuilder$SettingsParser; (java.base@17.0.13)
3747:             1             32  [Ljava.time.format.FormatStyle; (java.base@17.0.13)
3748:             1             32  [Ljava.time.format.ResolverStyle; (java.base@17.0.13)
3749:             1             32  [Ljava.time.temporal.IsoFields$Field; (java.base@17.0.13)
3750:             1             32  [Ljava.time.temporal.JulianFields$Field; (java.base@17.0.13)
3751:             1             32  [Ljava.util.concurrent.atomic.AtomicReferenceArray; (java.base@17.0.13)
3752:             1             32  [Ljava.util.regex.Pattern$Qtype; (java.base@17.0.13)
3753:             1             32  [Ljava.util.stream.MatchOps$MatchKind; (java.base@17.0.13)
3754:             1             32  [Ljava.util.stream.StreamShape; (java.base@17.0.13)
3755:             1             32  [Ljavax.net.ssl.SSLEngineResult$Status; (java.base@17.0.13)
3756:             1             32  [Ljavax.xml.catalog.CatalogFeatures$Feature; (java.xml@17.0.13)
3757:             1             32  [Ljdk.internal.icu.util.CodePointTrie$ValueWidth; (java.base@17.0.13)
3758:             1             32  [Ljdk.internal.logger.BootstrapLogger$LoggingBackend; (java.base@17.0.13)
3759:             1             32  [Ljdk.internal.module.ServicesCatalog; (java.base@17.0.13)
3760:             1             32  [Lorg.apache.catalina.WebResourceRoot$ArchiveIndexStrategy;
3761:             1             32  [Lorg.apache.catalina.authenticator.AuthenticatorBase$AllowCorsPreflight;
3762:             1             32  [Lorg.apache.coyote.ContinueResponseTiming;
3763:             1             32  [Lorg.apache.coyote.ErrorState;
3764:             1             32  [Lorg.apache.coyote.http11.Http11InputBuffer$HeaderParseStatus;
3765:             1             32  [Lorg.apache.hc.client5.http.impl.cookie.RFC6265CookieSpecFactory$CompatibilityLevel;
3766:             1             32  [Lorg.apache.hc.client5.http.psl.DomainType;
3767:             1             32  [Lorg.apache.hc.client5.http.ssl.DefaultHostnameVerifier$HostNameType;
3768:             1             32  [Lorg.apache.hc.core5.http.HttpVersion;
3769:             2             32  [Lorg.apache.hc.core5.http.NameValuePair;
3770:             1             32  [Lorg.apache.hc.core5.http.ssl.TLS;
3771:             1             32  [Lorg.apache.hc.core5.http2.HttpVersionPolicy;
3772:             1             32  [Lorg.apache.kafka.clients.NetworkClient$State;
3773:             1             32  [Lorg.apache.kafka.clients.admin.internals.AdminMetadataManager$State;
3774:             1             32  [Lorg.apache.kafka.clients.consumer.internals.AbstractCoordinator$MemberState;
3775:             1             32  [Lorg.apache.kafka.clients.consumer.internals.SubscriptionState$FetchStates;
3776:             1             32  [Lorg.apache.kafka.clients.consumer.internals.SubscriptionState$SubscriptionType;
3777:             1             32  [Lorg.apache.kafka.clients.producer.internals.ProducerBatch$FinalState;
3778:             1             32  [Lorg.apache.kafka.common.acl.AclPermissionType;
3779:             1             32  [Lorg.apache.kafka.common.config.ConfigDef$Importance;
3780:             1             32  [Lorg.apache.kafka.common.config.ConfigDef$Width;
3781:             1             32  [Lorg.apache.kafka.common.network.Selector$CloseMode;
3782:             1             32  [Lorg.apache.kafka.common.record.TimestampType;
3783:             1             32  [Lorg.apache.kafka.common.utils.AbstractIterator$State;
3784:             1             32  [Lorg.apache.kafka.streams.internals.StreamsConfigUtils$ProcessingMode;
3785:             1             32  [Lorg.apache.kafka.streams.processor.internals.Task$TaskType;
3786:             1             32  [Lorg.apache.tomcat.util.buf.EncodedSolidusHandling;
3787:             1             32  [Lorg.apache.tomcat.util.http.ConcurrentDateFormat;
3788:             1             32  [Lorg.apache.tomcat.util.http.SameSiteCookies;
3789:             1             32  [Lorg.apache.tomcat.util.http.parser.SkipResult;
3790:             1             32  [Lorg.apache.tomcat.util.log.UserDataHelper$Config;
3791:             1             32  [Lorg.apache.tomcat.util.log.UserDataHelper$Mode;
3792:             1             32  [Lorg.apache.tomcat.util.net.AbstractEndpoint$BindState;
3793:             1             32  [Lorg.apache.tomcat.util.net.Acceptor$AcceptorState;
3794:             1             32  [Lorg.apache.tomcat.util.net.SendfileState;
3795:             1             32  [Lorg.hibernate.validator.internal.metadata.raw.ConfigurationSource;
3796:             1             32  [Lorg.hibernate.validator.internal.util.ConcurrentReferenceHashMap$ReferenceType;
3797:             1             32  [Lorg.slf4j.helpers.Reporter$Level;
3798:             1             32  [Lorg.springframework.beans.factory.config.YamlProcessor$ResolutionMethod;
3799:             1             32  [Lorg.springframework.boot.Banner$Mode;
3800:             1             32  [Lorg.springframework.boot.WebApplicationType;
3801:             1             32  [Lorg.springframework.boot.actuate.autoconfigure.metrics.MeterRegistryPostProcessor$CompositeMeterRegistries;
3802:             1             32  [Lorg.springframework.boot.actuate.endpoint.web.WebEndpointHttpMethod;
3803:             1             32  [Lorg.springframework.boot.ansi.AnsiOutput$Enabled;
3804:             1             32  [Lorg.springframework.boot.autoconfigure.web.ErrorProperties$IncludeAttribute;
3805:             1             32  [Lorg.springframework.boot.context.properties.source.ConfigurationPropertyName$Form;
3806:             1             32  [Lorg.springframework.boot.context.properties.source.ConfigurationPropertyState;
3807:             1             32  [Lorg.springframework.boot.sql.init.DatabaseInitializationMode;
3808:             1             32  [Lorg.springframework.boot.web.servlet.ServletContextInitializer;
3809:             1             32  [Lorg.springframework.cglib.proxy.Callback;
3810:             1             32  [Lorg.springframework.cloud.stream.binder.kafka.properties.KafkaConsumerProperties$StandardHeaders;
3811:             1             32  [Lorg.springframework.core.annotation.MergedAnnotations$SearchStrategy;
3812:             1             32  [Lorg.springframework.core.annotation.TypeMappedAnnotations$IsPresent;
3813:             1             32  [Lorg.springframework.core.env.ProfilesParser$Context;
3814:             1             32  [Lorg.springframework.core.io.buffer.DataBufferUtils$ReadCompletionHandler$State;
3815:             1             32  [Lorg.springframework.expression.spel.SpelCompilerMode;
3816:             1             32  [Lorg.springframework.expression.spel.support.ReflectionHelper$ArgumentsMatchKind;
3817:             1             32  [Lorg.springframework.http.client.reactive.AbstractClientHttpRequest$State;
3818:             1             32  [Lorg.springframework.jmx.support.RegistrationPolicy;
3819:             1             32  [Lorg.springframework.kafka.listener.ContainerProperties$AssignmentCommitOption;
3820:             1             32  [Lorg.springframework.kafka.security.jaas.KafkaJaasLoginModuleInitializer$ControlFlag;
3821:             1             32  [Lorg.springframework.security.config.http.SessionCreationPolicy;
3822:             1             32  [Lorg.springframework.security.web.header.writers.XXssProtectionHeaderWriter$HeaderValue;
3823:             1             32  [Lorg.springframework.security.web.header.writers.frameoptions.XFrameOptionsHeaderWriter$XFrameOptionsMode;
3824:             1             32  [Lorg.springframework.security.web.util.matcher.RequestMatcher;
3825:             1             32  [Lorg.springframework.util.ConcurrentLruCache$CacheEntryState;
3826:             1             32  [Lorg.springframework.util.ConcurrentLruCache$DrainStatus;
3827:             1             32  [Lorg.springframework.web.context.request.async.StandardServletAsyncWebRequest$State;
3828:             1             32  [Lorg.springframework.web.context.request.async.WebAsyncManager$State;
3829:             1             32  [Lorg.springframework.web.util.DefaultUriBuilderFactory$EncodingMode;
3830:             1             32  [Lorg.springframework.web.util.HierarchicalUriComponents$EncodeState;
3831:             1             32  [Lorg.springframework.web.util.UriComponentsBuilder$EncodingHint;
3832:             1             32  [Lorg.yaml.snakeyaml.DumperOptions$FlowStyle;
3833:             1             32  [Lorg.yaml.snakeyaml.DumperOptions$LineBreak;
3834:             1             32  [Lorg.yaml.snakeyaml.comments.CommentType;
3835:             1             32  [Lorg.yaml.snakeyaml.introspector.BeanAccess;
3836:             1             32  [Lreactor.core.publisher.FluxConcatMap$ErrorMode;
3837:             2             32  [Lreactor.core.publisher.Operators$MonoSubscriber;
3838:             2             32  [Lreactor.core.scheduler.BoundedElasticScheduler$BoundedState;
3839:             1             32  [Lreactor.netty.tcp.SslProvider$DefaultConfigurationType;
3840:             1             32  [Lreactor.netty.transport.logging.AdvancedByteBufFormat;
3841:             1             32  [Lsun.net.www.protocol.http.HttpURLConnection$TunnelState; (java.base@17.0.13)
3842:             2             32  [Lsun.reflect.annotation.TypeAnnotation; (java.base@17.0.13)
3843:             1             32  [Lsun.security.provider.NativePRNG$Variant; (java.base@17.0.13)
3844:             1             32  [Lsun.security.ssl.CipherSuite$HashAlg; (java.base@17.0.13)
3845:             1             32  [Lsun.security.ssl.CipherType; (java.base@17.0.13)
3846:             1             32  [Lsun.security.ssl.ClientAuthType; (java.base@17.0.13)
3847:             1             32  [Lsun.security.ssl.ECPointFormatsExtension$ECPointFormat; (java.base@17.0.13)
3848:             1             32  [Lsun.security.ssl.Finished$VerifyDataScheme; (java.base@17.0.13)
3849:             1             32  [Lsun.security.ssl.SSLMasterKeyDerivation; (java.base@17.0.13)
3850:             1             32  [Lsun.security.ssl.SSLTrafficKeyDerivation; (java.base@17.0.13)
3851:             1             32  [Lsun.security.ssl.SignatureScheme$SigAlgParamSpec; (java.base@17.0.13)
3852:             1             32  [Lsun.security.util.DomainName$Rule$Type; (java.base@17.0.13)
3853:             1             32  ch.qos.logback.classic.jul.LevelChangePropagator
3854:             1             32  ch.qos.logback.classic.model.processor.RootLoggerModelHandler
3855:             1             32  ch.qos.logback.classic.spi.LoggerContextVO
3856:             1             32  ch.qos.logback.core.helpers.CyclicBuffer
3857:             1             32  ch.qos.logback.core.joran.action.ImplicitModelDataForComplexProperty
3858:             1             32  ch.qos.logback.core.joran.spi.SaxEventInterpretationContext
3859:             1             32  ch.qos.logback.core.joran.util.AggregationAssessor
3860:             1             32  ch.qos.logback.core.joran.util.beans.BeanDescriptionCache
3861:             1             32  ch.qos.logback.core.model.processor.AppenderRefModelHandler
3862:             2             32  ch.qos.logback.core.model.processor.ChainedModelFilter
3863:             1             32  ch.qos.logback.core.model.util.VariableSubstitutionsHelper
3864:             2             32  ch.qos.logback.core.spi.LogbackLock
3865:             2             32  ch.qos.logback.core.util.StatusPrinter2
3866:             2             32  com.dynatrace.agent.config.wiring.ReflectiveFieldWiring$1
3867:             1             32  com.dynatrace.agent.introspection.DefaultIntrospection
3868:             1             32  com.dynatrace.agent.introspection.agentcore.JavaVersion
3869:             1             32  com.dynatrace.agent.introspection.exception.ExceptionSensorConfig
3870:             1             32  com.dynatrace.agent.introspection.http.HttpIntrospection
3871:             1             32  com.dynatrace.agent.introspection.http.HttpSensorConfig
3872:             1             32  com.dynatrace.agent.introspection.servlet.FilterDeploymentInfoStore$DeploymentInfo
3873:             1             32  com.dynatrace.agent.introspection.shared.webrequest.WebRequestSensorConfig
3874:             1             32  com.dynatrace.agent.introspection.uem.CorrelationHeader
3875:             2             32  com.dynatrace.agent.introspection.uem.ResourceCapturingSettings
3876:             1             32  com.dynatrace.agent.introspection.uem.UemConfigurationManager
3877:             1             32  com.dynatrace.agent.introspection.uem.UemVolatileSettings
3878:             2             32  com.dynatrace.agent.introspection.uem.statecookie.StateCookieSerializerLegacy
3879:             2             32  com.dynatrace.agent.measures.extensions.JmxExtensionRegistry
3880:             1             32  com.dynatrace.agent.measures.jmx.MBeanSubscriptionManager
3881:             2             32  com.dynatrace.agent.measures.jmx.MBeanTracker$PlatformMBeanServerProvider
3882:             2             32  com.dynatrace.agent.util.reflector.CachingReflector$2
3883:             2             32  com.dynatrace.agent.util.reflector.CachingReflector$3
3884:             2             32  com.dynatrace.agent.util.reflector.CachingReflector$4
3885:             2             32  com.dynatrace.agent.util.reflector.CachingReflector$5
3886:             2             32  com.dynatrace.agent.util.reflector.CachingReflector$6
3887:             1             32  com.fasterxml.classmate.TypeBindings
3888:             1             32  com.fasterxml.jackson.databind.ObjectWriter$GeneratorSettings
3889:             1             32  com.fasterxml.jackson.databind.cfg.DatatypeFeatures
3890:             1             32  com.fasterxml.jackson.databind.deser.std.JsonNodeDeserializer
3891:             1             32  com.fasterxml.jackson.databind.introspect.DefaultAccessorNamingStrategy$Provider
3892:             2             32  com.fasterxml.jackson.databind.node.BooleanNode
3893:             2             32  com.fasterxml.jackson.databind.ser.impl.PropertySerializerMap$Empty
3894:             1             32  com.fasterxml.jackson.databind.ser.std.CalendarSerializer
3895:             1             32  com.fasterxml.jackson.databind.ser.std.DateSerializer
3896:             1             32  com.fasterxml.jackson.databind.ser.std.NumberSerializers$FloatSerializer
3897:             1             32  com.fasterxml.jackson.databind.ser.std.NumberSerializers$IntLikeSerializer
3898:             1             32  com.fasterxml.jackson.databind.ser.std.NumberSerializers$ShortSerializer
3899:             1             32  com.fasterxml.jackson.datatype.jsr310.deser.DurationDeserializer
3900:             1             32  com.fasterxml.jackson.datatype.jsr310.deser.LocalDateDeserializer
3901:             1             32  com.fasterxml.jackson.datatype.jsr310.deser.MonthDayDeserializer
3902:             1             32  com.fasterxml.jackson.datatype.jsr310.deser.YearDeserializer
3903:             1             32  com.fasterxml.jackson.datatype.jsr310.deser.YearMonthDeserializer
3904:             1             32  com.nimbusds.jose.jca.JWEJCAContext
3905:             1             32  com.nimbusds.jose.jwk.source.RemoteJWKSet
3906:             2             32  com.nimbusds.jose.proc.DefaultJOSEObjectTypeVerifier
3907:             1             32  com.sun.jmx.mbeanserver.Repository (java.management@17.0.13)
3908:             1             32  com.sun.management.internal.OperatingSystemImpl (jdk.management@17.0.13)
3909:             2             32  com.sun.org.apache.xerces.internal.impl.dv.dtd.ENTITYDatatypeValidator (java.xml@17.0.13)
3910:             2             32  io.micrometer.core.instrument.MeterRegistry$Config
3911:             2             32  io.micrometer.core.instrument.MeterRegistry$More
3912:             2             32  io.micrometer.core.instrument.binder.jvm.JvmHeapPressureMetrics$$Lambda$1609/0x0000000100a0d5e0
3913:             2             32  io.micrometer.core.instrument.binder.kafka.KafkaStreamsMetrics$$Lambda$2301/0x0000000100c1d700
3914:             1             32  io.micrometer.core.instrument.binder.system.FileDescriptorMetrics
3915:             1             32  io.micrometer.core.instrument.binder.tomcat.TomcatMetrics
3916:             2             32  io.micrometer.core.instrument.distribution.pause.NoPauseDetector
3917:             1             32  io.micrometer.observation.NoopObservationConfig
3918:             2             32  io.micrometer.observation.ObservationHandler$FirstMatchingCompositeObservationHandler
3919:             1             32  io.netty.channel.epoll.EpollEventLoopGroup
3920:             1             32  io.netty.channel.epoll.EpollRecvByteAllocatorStreamingHandle
3921:             1             32  io.netty.channel.epoll.NativeDatagramPacketArray
3922:             2             32  io.netty.handler.codec.DecoderResult
3923:             2             32  io.netty.handler.codec.dns.DnsQueryEncoder
3924:             1             32  io.netty.handler.codec.http.HttpStatusClass$1
3925:             2             32  io.netty.handler.codec.http.cookie.ClientCookieEncoder
3926:             1             32  io.netty.handler.codec.http2.Http2StreamFrameToHttpObjectCodec
3927:             1             32  io.netty.handler.ssl.ApplicationProtocolConfig
3928:             2             32  io.netty.handler.ssl.IdentityCipherSuiteFilter
3929:             1             32  io.netty.handler.ssl.JdkAlpnApplicationProtocolNegotiator
3930:             1             32  io.netty.handler.ssl.SslHandler$SslEngineType$1
3931:             1             32  io.netty.handler.ssl.SslHandler$SslEngineType$2
3932:             1             32  io.netty.handler.ssl.SslHandler$SslEngineType$3
3933:             1             32  io.netty.resolver.dns.DefaultAuthoritativeDnsServerCache
3934:             1             32  io.netty.resolver.dns.DefaultDnsCache
3935:             1             32  io.netty.resolver.dns.DnsAddressResolverGroup
3936:             2             32  io.netty.resolver.dns.PreferredAddressTypeComparator
3937:             2             32  io.netty.util.DefaultAttributeMap
3938:             1             32  io.netty.util.concurrent.DefaultThreadFactory
3939:             2             32  io.netty.util.concurrent.FastThreadLocal
3940:             2             32  io.netty.util.internal.logging.Slf4JLoggerFactory
3941:             1             32  java.io.UnixFileSystem (java.base@17.0.13)
3942:             2             32  java.lang.Boolean (java.base@17.0.13)
3943:             2             32  java.lang.Float (java.base@17.0.13)
3944:             1             32  java.lang.Module$ArchivedData (java.base@17.0.13)
3945:             2             32  java.lang.Shutdown$Lock (java.base@17.0.13)
3946:             1             32  java.lang.StackWalker (java.base@17.0.13)
3947:             1             32  java.lang.invoke.VarHandleLongs$Array (java.base@17.0.13)
3948:             1             32  java.lang.module.ModuleDescriptor$Version (java.base@17.0.13)
3949:             2             32  java.nio.ByteOrder (java.base@17.0.13)
3950:             2             32  java.nio.file.attribute.PosixFilePermissions$1 (java.base@17.0.13)
3951:             1             32  java.security.MessageDigest$Delegate$CloneableDelegate (java.base@17.0.13)
3952:             1             32  java.security.UnresolvedPermission (java.base@17.0.13)
3953:             1             32  java.text.DontCareFieldPosition (java.base@17.0.13)
3954:             2             32  java.util.AbstractMap$1 (java.base@17.0.13)
3955:             1             32  java.util.ArrayList$ListItr (java.base@17.0.13)
3956:             2             32  java.util.IdentityHashMap$Values (java.base@17.0.13)
3957:             2             32  java.util.ResourceBundle$SingleFormatControl (java.base@17.0.13)
3958:             1             32  java.util.ServiceLoader$ModuleServicesLookupIterator (java.base@17.0.13)
3959:             2             32  java.util.concurrent.ConcurrentSkipListMap$Values (java.base@17.0.13)
3960:             2             32  java.util.concurrent.ConcurrentSkipListSet (java.base@17.0.13)
3961:             1             32  java.util.concurrent.ThreadLocalRandom (java.base@17.0.13)
3962:             1             32  java.util.logging.LogManager$SystemLoggerContext (java.logging@17.0.13)
3963:             1             32  java.util.regex.Pattern$BnM (java.base@17.0.13)
3964:             1             32  java.util.zip.ZipCoder$UTF8ZipCoder (java.base@17.0.13)
3965:             1             32  javax.security.auth.Subject (java.base@17.0.13)
3966:             1             32  jdk.internal.loader.ArchivedClassLoaders (java.base@17.0.13)
3967:             1             32  jdk.internal.loader.NativeLibraries$Unloader (java.base@17.0.13)
3968:             1             32  jdk.internal.module.ArchivedModuleGraph (java.base@17.0.13)
3969:             2             32  jdk.internal.module.ModuleResolution (java.base@17.0.13)
3970:             2             32  jdk.internal.module.ModuleTarget (java.base@17.0.13)
3971:             1             32  jdk.internal.org.objectweb.asm.ConstantDynamic (java.base@17.0.13)
3972:             1             32  jdk.internal.org.objectweb.asm.Handle (java.base@17.0.13)
3973:             1             32  jdk.internal.platform.cgroupv1.CgroupV1MemorySubSystemController (java.base@17.0.13)
3974:             1             32  jdk.net.ExtendedSocketOptions$1 (jdk.net@17.0.13)
3975:             2             32  jdk.proxy2.$Proxy106 (jdk.proxy2)
3976:             2             32  jdk.proxy2.$Proxy11 (jdk.proxy2)
3977:             2             32  jdk.proxy2.$Proxy125 (jdk.proxy2)
3978:             2             32  jdk.proxy2.$Proxy15 (jdk.proxy2)
3979:             2             32  jdk.proxy2.$Proxy29 (jdk.proxy2)
3980:             2             32  jdk.proxy2.$Proxy42 (jdk.proxy2)
3981:             2             32  jdk.proxy2.$Proxy48 (jdk.proxy2)
3982:             2             32  jdk.proxy2.$Proxy61 (jdk.proxy2)
3983:             2             32  jdk.proxy2.$Proxy66 (jdk.proxy2)
3984:             2             32  jdk.proxy2.$Proxy72 (jdk.proxy2)
3985:             1             32  net.jpountz.xxhash.XXHashFactory
3986:             1             32  net.logstash.logback.composite.ContextJsonProvider
3987:             1             32  net.logstash.logback.composite.loggingevent.LogLevelJsonProvider
3988:             1             32  net.logstash.logback.composite.loggingevent.LogLevelValueJsonProvider
3989:             1             32  net.logstash.logback.composite.loggingevent.LoggingEventThreadNameJsonProvider
3990:             1             32  net.logstash.logback.composite.loggingevent.LogstashMarkersJsonProvider
3991:             1             32  net.logstash.logback.composite.loggingevent.TagsJsonProvider
3992:             1             32  net.logstash.logback.util.ThreadLocalHolder
3993:             2             32  net.logstash.logback.util.ThreadLocalHolder$$Lambda$795/0x0000000100645210
3994:             1             32  net.logstash.logback.util.ThreadLocalReusableByteBuffer
3995:             1             32  org.apache.catalina.authenticator.jaspic.AuthConfigFactoryImpl
3996:             1             32  org.apache.catalina.mapper.Mapper
3997:             1             32  org.apache.catalina.mapper.Mapper$MappedHost
3998:             2             32  org.apache.commons.logging.LogFactoryService
3999:             1             32  org.apache.coyote.AbstractProtocol$ConnectionHandler
4000:             1             32  org.apache.coyote.CompressionConfig
4001:             2             32  org.apache.coyote.http11.Http11InputBuffer$SocketInputBuffer
4002:             2             32  org.apache.coyote.http11.Http11OutputBuffer$SocketOutputBuffer
4003:             2             32  org.apache.coyote.http11.filters.VoidInputFilter
4004:             2             32  org.apache.coyote.http11.filters.VoidOutputFilter
4005:             1             32  org.apache.hc.client5.http.config.ConnectionConfig
4006:             1             32  org.apache.hc.client5.http.config.TlsConfig
4007:             1             32  org.apache.hc.client5.http.impl.DefaultHttpRequestRetryStrategy
4008:             2             32  org.apache.hc.client5.http.impl.auth.AuthCacheKeeper
4009:             2             32  org.apache.hc.client5.http.impl.auth.HttpAuthenticator
4010:             1             32  org.apache.hc.client5.http.impl.classic.MainClientExec
4011:             1             32  org.apache.hc.client5.http.impl.classic.ProtocolExec
4012:             2             32  org.apache.hc.client5.http.protocol.RequestDefaultHeaders
4013:             1             32  org.apache.hc.client5.http.ssl.SSLConnectionSocketFactory
4014:             1             32  org.apache.hc.core5.http.impl.BasicEndpointDetails
4015:             1             32  org.apache.hc.core5.http.impl.BasicHttpConnectionMetrics
4016:             2             32  org.apache.hc.core5.http.impl.BasicHttpTransportMetrics
4017:             1             32  org.apache.hc.core5.http.impl.io.SessionOutputBufferImpl
4018:             2             32  org.apache.hc.core5.http.protocol.RequestContent
4019:             1             32  org.apache.hc.core5.pool.StrictConnPool$PerRoutePool
4020:             2             32  org.apache.kafka.clients.consumer.internals.Utils$TopicPartitionComparator
4021:             2             32  org.apache.kafka.common.config.ConfigDef$NonEmptyString
4022:             1             32  org.apache.kafka.common.record.CompressionType$1
4023:             1             32  org.apache.kafka.common.record.CompressionType$2
4024:             1             32  org.apache.kafka.common.record.CompressionType$3
4025:             1             32  org.apache.kafka.common.record.CompressionType$4
4026:             1             32  org.apache.kafka.common.record.CompressionType$5
4027:             1             32  org.apache.kafka.common.security.authenticator.DefaultLogin
4028:             1             32  org.apache.kafka.common.security.authenticator.LoginManager
4029:             1             32  org.apache.kafka.common.security.authenticator.LoginManager$LoginMetadata
4030:             1             32  org.apache.kafka.shaded.com.google.protobuf.ExtensionRegistry
4031:             1             32  org.apache.kafka.shaded.io.opentelemetry.proto.metrics.v1.Gauge
4032:             1             32  org.apache.kafka.shaded.io.opentelemetry.proto.metrics.v1.MetricsData
4033:             2             32  org.apache.kafka.streams.KafkaStreams$$Lambda$2238/0x0000000100be2f68
4034:             2             32  org.apache.kafka.streams.KafkaStreams$$Lambda$2239/0x0000000100be3190
4035:             2             32  org.apache.kafka.streams.KafkaStreams$$Lambda$2240/0x0000000100be33b8
4036:             2             32  org.apache.kafka.streams.KafkaStreams$$Lambda$2286/0x0000000100c16720
4037:             2             32  org.apache.kafka.streams.KafkaStreams$DelegatingStandbyUpdateListener
4038:             2             32  org.apache.kafka.streams.KafkaStreams$DelegatingStateRestoreListener
4039:             2             32  org.apache.kafka.streams.Topology
4040:             2             32  org.apache.kafka.streams.TopologyConfig$$Lambda$1777/0x0000000100a4e328
4041:             2             32  org.apache.kafka.streams.TopologyConfig$$Lambda$1778/0x0000000100a4e550
4042:             2             32  org.apache.kafka.streams.kstream.internals.KStreamFlatMapValues
4043:             2             32  org.apache.kafka.streams.processor.internals.DefaultKafkaClientSupplier
4044:             2             32  org.apache.kafka.streams.processor.internals.QuickUnion
4045:             2             32  org.apache.kafka.streams.state.internals.GlobalStateStoreProvider
4046:             2             32  org.apache.tomcat.util.buf.UDecoder
4047:             1             32  org.apache.tomcat.util.collections.ManagedConcurrentWeakHashMap
4048:             1             32  org.apache.tomcat.util.collections.SynchronizedQueue
4049:             1             32  org.apache.tomcat.util.descriptor.web.ErrorPage
4050:             1             32  org.apache.tomcat.util.descriptor.web.LoginConfig
4051:             1             32  org.apache.tomcat.util.net.NioChannel$1
4052:             1             32  org.apache.tomcat.util.scan.StandardJarScanner
4053:             1             32  org.apache.tomcat.util.threads.LimitLatch
4054:             1             32  org.apache.tomcat.util.threads.LimitLatch$Sync
4055:             1             32  org.apache.tomcat.websocket.server.WsWriteTimeout
4056:             1             32  org.hibernate.validator.internal.engine.ConstraintCreationContext
4057:             1             32  org.hibernate.validator.internal.engine.ValidatorFactoryImpl$BeanMetaDataManagerKey
4058:             1             32  org.hibernate.validator.internal.engine.constraintvalidation.HibernateConstraintValidatorInitializationContextImpl
4059:             1             32  org.hibernate.validator.internal.engine.scripting.DefaultScriptEvaluatorFactory
4060:             1             32  org.hibernate.validator.internal.engine.valueextraction.ValueExtractorResolver
4061:             1             32  org.hibernate.validator.internal.metadata.provider.AnnotationMetaDataProvider
4062:             1             32  org.hibernate.validator.internal.metadata.raw.BeanConfiguration
4063:             1             32  org.hibernate.validator.internal.properties.javabean.JavaBeanConstructor
4064:             2             32  org.slf4j.helpers.ThreadLocalMapOfStacks
4065:             1             32  org.springframework.boot.DefaultApplicationArguments$Source
4066:             1             32  org.springframework.boot.actuate.autoconfigure.endpoint.web.WebEndpointProperties
4067:             1             32  org.springframework.boot.actuate.autoconfigure.health.AutoConfiguredHealthContributorRegistry
4068:             1             32  org.springframework.boot.actuate.autoconfigure.health.AutoConfiguredReactiveHealthContributorRegistry
4069:             1             32  org.springframework.boot.actuate.autoconfigure.observation.ObservationProperties
4070:             2             32  org.springframework.boot.actuate.autoconfigure.tracing.CompositePropagationFactory$PropagationFactories
4071:             1             32  org.springframework.boot.actuate.autoconfigure.tracing.LogCorrelationEnvironmentPostProcessor$LogCorrelationPropertySource
4072:             1             32  org.springframework.boot.actuate.autoconfigure.tracing.TracingProperties
4073:             1             32  org.springframework.boot.actuate.autoconfigure.tracing.TracingProperties$Baggage
4074:             1             32  org.springframework.boot.actuate.autoconfigure.web.server.ManagementContextAutoConfiguration$SameManagementContextConfiguration$1
4075:             1             32  org.springframework.boot.actuate.autoconfigure.web.server.ManagementServerProperties
4076:             1             32  org.springframework.boot.actuate.availability.LivenessStateHealthIndicator
4077:             1             32  org.springframework.boot.actuate.availability.ReadinessStateHealthIndicator
4078:             2             32  org.springframework.boot.actuate.endpoint.web.WebServerNamespace
4079:             2             32  org.springframework.boot.actuate.health.CompositeHealthContributorReactiveAdapter
4080:             2             32  org.springframework.boot.actuate.health.SimpleHttpCodeStatusMapper
4081:             2             32  org.springframework.boot.actuate.health.SimpleStatusAggregator$StatusComparator
4082:             1             32  org.springframework.boot.actuate.metrics.startup.StartupTimeMetricsListener
4083:             2             32  org.springframework.boot.actuate.metrics.startup.StartupTimeMetricsListener$$Lambda$2396/0x0000000100c2a800
4084:             1             32  org.springframework.boot.actuate.system.DiskSpaceHealthIndicator
4085:             2             32  org.springframework.boot.autoconfigure.condition.OnResourceCondition
4086:             1             32  org.springframework.boot.autoconfigure.integration.IntegrationProperties$Endpoint
4087:             1             32  org.springframework.boot.autoconfigure.jmx.JmxProperties
4088:             1             32  org.springframework.boot.autoconfigure.security.SecurityProperties$User
4089:             1             32  org.springframework.boot.autoconfigure.task.TaskExecutionProperties
4090:             1             32  org.springframework.boot.autoconfigure.task.TaskSchedulingProperties
4091:             1             32  org.springframework.boot.autoconfigure.web.ServerProperties$Undertow$Accesslog
4092:             1             32  org.springframework.boot.autoconfigure.web.WebProperties$Resources
4093:             1             32  org.springframework.boot.autoconfigure.web.format.WebConversionService
4094:             1             32  org.springframework.boot.autoconfigure.web.servlet.MultipartProperties
4095:             1             32  org.springframework.boot.autoconfigure.web.servlet.ServletWebServerFactoryCustomizer
4096:             1             32  org.springframework.boot.autoconfigure.web.servlet.error.DefaultErrorViewResolver
4097:             2             32  org.springframework.boot.context.config.ConfigData$AlwaysPropertySourceOptions
4098:             2             32  org.springframework.boot.convert.CharArrayFormatter
4099:             2             32  org.springframework.boot.convert.DurationToNumberConverter
4100:             2             32  org.springframework.boot.convert.DurationToStringConverter
4101:             2             32  org.springframework.boot.convert.InetAddressFormatter
4102:             2             32  org.springframework.boot.convert.InputStreamSourceToByteArrayConverter
4103:             2             32  org.springframework.boot.convert.IsoOffsetFormatter
4104:             2             32  org.springframework.boot.convert.LenientBooleanToEnumConverterFactory
4105:             2             32  org.springframework.boot.convert.LenientStringToEnumConverterFactory
4106:             2             32  org.springframework.boot.convert.NumberToDataSizeConverter
4107:             2             32  org.springframework.boot.convert.NumberToDurationConverter
4108:             2             32  org.springframework.boot.convert.NumberToPeriodConverter
4109:             2             32  org.springframework.boot.convert.PeriodToStringConverter
4110:             2             32  org.springframework.boot.convert.StringToFileConverter
4111:             1             32  org.springframework.boot.env.SpringApplicationJsonEnvironmentPostProcessor$JsonPropertySource
4112:             1             32  org.springframework.boot.env.SystemEnvironmentPropertySourceEnvironmentPostProcessor$OriginAwareSystemEnvironmentPropertySource
4113:             1             32  org.springframework.boot.logging.logback.LogbackLoggingSystem$1
4114:             1             32  org.springframework.boot.task.SimpleAsyncTaskSchedulerBuilder
4115:             1             32  org.springframework.boot.task.TaskSchedulerBuilder
4116:             1             32  org.springframework.boot.task.ThreadPoolTaskSchedulerBuilder
4117:             1             32  org.springframework.boot.web.embedded.tomcat.TomcatWebServer
4118:             1             32  org.springframework.boot.web.server.Compression
4119:             2             32  org.springframework.boot.web.server.MimeMappings
4120:             1             32  org.springframework.boot.web.servlet.context.ApplicationServletEnvironment
4121:             1             32  org.springframework.boot.web.servlet.server.Encoding
4122:             1             32  org.springframework.cglib.core.AbstractClassGenerator$ClassLoaderData
4123:             2             32  org.springframework.cglib.core.AbstractClassGenerator$Source
4124:             2             32  org.springframework.cglib.proxy.DispatcherGenerator
4125:             1             32  org.springframework.cloud.bootstrap.encrypt.KeyProperties
4126:             1             32  org.springframework.cloud.bootstrap.encrypt.KeyProperties$KeyStore
4127:             1             32  org.springframework.cloud.client.discovery.health.DiscoveryClientHealthIndicator
4128:             1             32  org.springframework.cloud.client.discovery.health.reactive.ReactiveDiscoveryClientHealthIndicator
4129:             1             32  org.springframework.cloud.client.discovery.simple.SimpleDiscoveryClientAutoConfiguration
4130:             1             32  org.springframework.cloud.client.discovery.simple.reactive.SimpleReactiveDiscoveryClientAutoConfiguration
4131:             1             32  org.springframework.cloud.context.config.ContextRefreshedWithApplicationEvent
4132:             1             32  org.springframework.cloud.function.cloudevent.CloudEventsFunctionInvocationHelper
4133:             1             32  org.springframework.cloud.function.context.FunctionRegistration
4134:             1             32  org.springframework.cloud.health.RefreshScopeHealthIndicator
4135:             1             32  org.springframework.cloud.stream.binder.BinderChildContextInitializer
4136:             2             32  org.springframework.cloud.stream.binder.DefaultBinderFactory$1
4137:             2             32  org.springframework.cloud.stream.binder.kafka.streams.AbstractKafkaStreamsBinderProcessor$$Lambda$1769/0x0000000100a47b98
4138:             1             32  org.springframework.cloud.stream.binder.kafka.streams.GlobalKTableBoundElementFactory
4139:             1             32  org.springframework.cloud.stream.binder.kafka.streams.InteractiveQueryService
4140:             1             32  org.springframework.cloud.stream.binder.kafka.streams.KStreamBoundElementFactory
4141:             2             32  org.springframework.cloud.stream.binder.kafka.streams.KStreamBoundElementFactory$KStreamWrapperHandler
4142:             1             32  org.springframework.cloud.stream.binder.kafka.streams.KTableBoundElementFactory
4143:             2             32  org.springframework.cloud.stream.binder.kafka.streams.KafkaStreamsBinderHealthIndicatorConfiguration
4144:             2             32  org.springframework.cloud.stream.binder.kafka.streams.KafkaStreamsBinderUtils$$Lambda$2133/0x0000000100b8f8b0
4145:             1             32  org.springframework.cloud.stream.binder.kafka.streams.KafkaStreamsMessageConversionDelegate
4146:             1             32  org.springframework.cloud.stream.binder.kafka.streams.KafkaStreamsVersionAgnosticTopologyInfoFacade
4147:             2             32  org.springframework.cloud.stream.binder.kafka.streams.function.KafkaStreamsFunctionBeanPostProcessor$$Lambda$1761/0x0000000100a40fb0
4148:             1             32  org.springframework.cloud.stream.binder.kafka.streams.function.KafkaStreamsFunctionProcessorInvoker
4149:             1             32  org.springframework.cloud.stream.binding.InputBindingLifecycle
4150:             1             32  org.springframework.cloud.stream.binding.OutputBindingLifecycle
4151:             1             32  org.springframework.cloud.stream.config.SmartPayloadArgumentResolver
4152:             1             32  org.springframework.cloud.stream.converter.CompositeMessageConverterFactory
4153:             1             32  org.springframework.cloud.stream.converter.ObjectStringMessageConverter
4154:             1             32  org.springframework.cloud.stream.function.StreamFunctionProperties
4155:             2             32  org.springframework.cloud.vault.config.VaultConfigDataLoader$$Lambda$337/0x0000000100338ec8
4156:             1             32  org.springframework.cloud.vault.config.VaultConfigDataLoader$ImperativeInfrastructure
4157:             1             32  org.springframework.cloud.vault.config.VaultConfigDataLoader$ReactiveInfrastructure
4158:             2             32  org.springframework.cloud.vault.config.VaultConfiguration
4159:             2             32  org.springframework.cloud.vault.config.VaultProperties$Reactive
4160:             2             32  org.springframework.cloud.vault.config.VaultProperties$Session
4161:             2             32  org.springframework.cloud.vault.config.VaultReactiveConfiguration
4162:             1             32  org.springframework.context.annotation.ContextAnnotationAutowireCandidateResolver$1
4163:             2             32  org.springframework.context.support.AbstractApplicationContext$$Lambda$2106/0x0000000100b85198
4164:             1             32  org.springframework.context.support.PropertySourcesPlaceholderConfigurer$1
4165:             2             32  org.springframework.core.annotation.MergedAnnotationPredicates$$Lambda$1367/0x0000000100978440
4166:             2             32  org.springframework.core.convert.support.GenericConversionService$NoOpConverter
4167:             1             32  org.springframework.core.task.SimpleAsyncTaskExecutor$ConcurrencyThrottleAdapter
4168:             1             32  org.springframework.expression.spel.ast.OperatorNot
4169:             2             32  org.springframework.expression.spel.support.StandardTypeConverter$$Lambda$1795/0x0000000100a689d0
4170:             1             32  org.springframework.format.support.FormattingConversionService
4171:             1             32  org.springframework.http.client.reactive.ReactorClientHttpConnector
4172:             1             32  org.springframework.http.client.reactive.ReactorClientHttpConnector$$Lambda$542/0x000000010048aec8
4173:             2             32  org.springframework.http.server.PathContainer$Options
4174:             2             32  org.springframework.http.server.observation.DefaultServerRequestObservationConvention
4175:             1             32  org.springframework.integration.channel.AbstractMessageChannel$ChannelInterceptorList
4176:             1             32  org.springframework.integration.config.GlobalChannelInterceptorProcessor
4177:             1             32  org.springframework.integration.config.IntegrationSimpleEvaluationContextFactoryBean
4178:             1             32  org.springframework.integration.config.MessagingAnnotationBeanPostProcessor
4179:             1             32  org.springframework.integration.dsl.context.IntegrationFlowBeanPostProcessor
4180:             1             32  org.springframework.integration.dsl.context.StandardIntegrationFlowContext
4181:             1             32  org.springframework.integration.support.SmartLifecycleRoleController
4182:             1             32  org.springframework.integration.support.channel.BeanFactoryChannelResolver
4183:             2             32  org.springframework.kafka.config.StreamsBuilderFactoryBean$1
4184:             2             32  org.springframework.kafka.core.CleanupConfig
4185:             2             32  org.springframework.kafka.listener.DeadLetterPublishingRecoverer$$Lambda$2128/0x0000000100b8ed88
4186:             2             32  org.springframework.kafka.listener.DeadLetterPublishingRecoverer$$Lambda$2130/0x0000000100b8f1d0
4187:             1             32  org.springframework.kafka.support.converter.BatchMessagingMessageConverter
4188:             1             32  org.springframework.messaging.converter.ByteArrayMessageConverter
4189:             2             32  org.springframework.messaging.handler.annotation.support.HeadersMethodArgumentResolver
4190:             1             32  org.springframework.scheduling.support.PeriodicTrigger
4191:             1             32  org.springframework.security.authentication.DefaultAuthenticationEventPublisher
4192:             1             32  org.springframework.security.authentication.ProviderManager
4193:             1             32  org.springframework.security.authorization.ObservationAuthorizationManager
4194:             1             32  org.springframework.security.config.annotation.configuration.AutowireBeanFactoryObjectPostProcessor
4195:             1             32  org.springframework.security.config.annotation.web.builders.HttpSecurity$RequestMatcherConfigurer
4196:             1             32  org.springframework.security.config.annotation.web.builders.WebSecurity$IgnoredRequestConfigurer
4197:             1             32  org.springframework.security.config.annotation.web.configuration.HttpSecurityConfiguration
4198:             1             32  org.springframework.security.config.annotation.web.configurers.DefaultLoginPageConfigurer
4199:             1             32  org.springframework.security.config.annotation.web.configurers.SecurityContextConfigurer
4200:             1             32  org.springframework.security.config.annotation.web.configurers.ServletApiConfigurer
4201:             2             32  org.springframework.security.config.crypto.RsaKeyConversionServicePostProcessor$ResourceKeyConverterAdapter$$Lambda$995/0x00000001008686c8
4202:             2             32  org.springframework.security.config.crypto.RsaKeyConversionServicePostProcessor$ResourceKeyConverterAdapter$$Lambda$996/0x0000000100868900
4203:             2             32  org.springframework.security.core.authority.SimpleGrantedAuthority
4204:             1             32  org.springframework.security.oauth2.jwt.JwtClaimValidator
4205:             2             32  org.springframework.security.oauth2.jwt.MappedJwtClaimSetConverter$$Lambda$1479/0x00000001009bb470
4206:             1             32  org.springframework.security.oauth2.jwt.NimbusJwtDecoder
4207:             1             32  org.springframework.security.oauth2.server.resource.authentication.JwtGrantedAuthoritiesConverter
4208:             2             32  org.springframework.security.web.FilterChainProxy$NullFilterChainValidator
4209:             1             32  org.springframework.security.web.authentication.logout.SimpleUrlLogoutSuccessHandler
4210:             2             32  org.springframework.security.web.firewall.HttpStatusRequestRejectedHandler
4211:             2             32  org.springframework.security.web.header.writers.CacheControlHeadersWriter
4212:             2             32  org.springframework.security.web.header.writers.HstsHeaderWriter$SecureRequestMatcher
4213:             2             32  org.springframework.security.web.header.writers.StaticHeadersWriter
4214:             2             32  org.springframework.security.web.header.writers.XContentTypeOptionsHeaderWriter
4215:             2             32  org.springframework.security.web.header.writers.XXssProtectionHeaderWriter
4216:             2             32  org.springframework.security.web.util.ThrowableAnalyzer
4217:             1             32  org.springframework.util.ConcurrentLruCache$ReadOperations
4218:             2             32  org.springframework.util.MultiValueMapAdapter
4219:             2             32  org.springframework.validation.beanvalidation.MethodValidationAdapter$$Lambda$1019/0x0000000100875a58
4220:             1             32  org.springframework.vault.client.WebClientBuilder
4221:             1             32  org.springframework.vault.core.VaultTemplate
4222:             2             32  org.springframework.web.method.annotation.RequestParamMapMethodArgumentResolver
4223:             1             32  org.springframework.web.method.annotation.SessionAttributesHandler
4224:             2             32  org.springframework.web.method.support.HandlerMethodReturnValueHandlerComposite
4225:             2             32  org.springframework.web.reactive.function.client.DefaultClientRequestObservationConvention
4226:             1             32  org.springframework.web.servlet.config.annotation.AsyncSupportConfigurer
4227:             1             32  org.springframework.web.servlet.handler.HandlerMappingIntrospector
4228:             2             32  org.springframework.web.servlet.mvc.condition.HeadersRequestCondition
4229:             1             32  org.springframework.web.servlet.mvc.condition.PatternsRequestCondition
4230:             2             32  org.springframework.web.servlet.mvc.method.annotation.JsonViewResponseBodyAdvice
4231:             2             32  org.springframework.web.servlet.mvc.method.annotation.MatrixVariableMapMethodArgumentResolver
4232:             2             32  org.springframework.web.servlet.mvc.method.annotation.ModelAndViewMethodReturnValueHandler
4233:             2             32  org.springframework.web.servlet.mvc.method.annotation.PathVariableMapMethodArgumentResolver
4234:             2             32  org.springframework.web.servlet.mvc.method.annotation.RedirectAttributesMethodArgumentResolver
4235:             1             32  org.springframework.web.servlet.mvc.method.annotation.ServletCookieValueMethodArgumentResolver
4236:             2             32  org.springframework.web.servlet.mvc.method.annotation.ViewMethodReturnValueHandler
4237:             2             32  org.springframework.web.servlet.mvc.method.annotation.ViewNameMethodReturnValueHandler
4238:             1             32  org.springframework.web.servlet.view.BeanNameViewResolver
4239:             1             32  org.springframework.web.servlet.view.DefaultRequestToViewNameTranslator
4240:             2             32  reactor.core.publisher.Operators$EmptySubscription
4241:             2             32  reactor.core.publisher.SinksSpecs$UnicastSpecImpl
4242:             1             32  reactor.core.scheduler.BoundedElasticScheduler$BoundedServices$1
4243:             1             32  reactor.core.scheduler.ReactorThreadFactory
4244:             1             32  reactor.netty.http.HttpResources
4245:             1             32  reactor.netty.internal.shaded.reactor.pool.AllocationStrategies$SizeBasedAllocationStrategy
4246:             1             32  reactor.netty.resources.DefaultPooledConnectionProvider$PooledConnectionAllocator
4247:             1             32  sun.management.MappedMXBeanType$InProgress (java.management@17.0.13)
4248:             2             32  sun.net.www.protocol.file.Handler (java.base@17.0.13)
4249:             1             32  sun.net.www.protocol.https.Handler (java.base@17.0.13)
4250:             2             32  sun.net.www.protocol.jrt.Handler (java.base@17.0.13)
4251:             1             32  sun.nio.fs.LinuxFileSystem (java.base@17.0.13)
4252:             1             32  sun.security.ec.ed.Ed25519Operations (jdk.crypto.ec@17.0.13)
4253:             1             32  sun.security.ec.ed.Ed448Operations (jdk.crypto.ec@17.0.13)
4254:             1             32  sun.security.ec.point.ExtendedHomogeneousPoint$Immutable (jdk.crypto.ec@17.0.13)
4255:             2             32  sun.security.provider.FileInputStreamPool$UnclosableInputStream (java.base@17.0.13)
4256:             1             32  sun.security.provider.PolicyFile (java.base@17.0.13)
4257:             1             32  sun.security.provider.PolicyFile$PolicyInfo (java.base@17.0.13)
4258:             1             32  sun.security.provider.SecureRandom (java.base@17.0.13)
4259:             2             32  sun.security.rsa.RSAKeyFactory$Legacy (java.base@17.0.13)
4260:             2             32  sun.security.ssl.AlpnExtension$SHAlpnAbsence (java.base@17.0.13)
4261:             2             32  sun.security.ssl.AlpnExtension$SHAlpnConsumer (java.base@17.0.13)
4262:             2             32  sun.security.ssl.AlpnExtension$SHAlpnProducer (java.base@17.0.13)
4263:             2             32  sun.security.ssl.Authenticator$TLS13Authenticator (java.base@17.0.13)
4264:             2             32  sun.security.ssl.DHKeyExchange$DHEKAGenerator (java.base@17.0.13)
4265:             2             32  sun.security.ssl.DHKeyExchange$DHEPossessionGenerator (java.base@17.0.13)
4266:             2             32  sun.security.ssl.SSLAlgorithmDecomposer (java.base@17.0.13)
4267:             2             32  sun.security.ssl.SSLCipher$NullReadCipherGenerator (java.base@17.0.13)
4268:             2             32  sun.security.ssl.SSLCipher$NullWriteCipherGenerator (java.base@17.0.13)
4269:             2             32  sun.security.ssl.SSLCipher$T12GcmReadCipherGenerator (java.base@17.0.13)
4270:             2             32  sun.security.ssl.SSLCipher$T12GcmWriteCipherGenerator (java.base@17.0.13)
4271:             2             32  sun.security.ssl.SSLCipher$T13GcmReadCipherGenerator (java.base@17.0.13)
4272:             2             32  sun.security.ssl.SSLCipher$T13GcmWriteCipherGenerator (java.base@17.0.13)
4273:             1             32  sun.security.ssl.SSLSocketImpl$AppInputStream (java.base@17.0.13)
4274:             2             32  sun.security.ssl.ServerHello$T12ServerHelloConsumer (java.base@17.0.13)
4275:             2             32  sun.security.ssl.ServerHello$T13HelloRetryRequestConsumer (java.base@17.0.13)
4276:             2             32  sun.security.ssl.ServerHello$T13ServerHelloConsumer (java.base@17.0.13)
4277:             2             32  sun.security.ssl.SupportedVersionsExtension$SHSupportedVersionsStringizer (java.base@17.0.13)
4278:             1             32  sun.security.ssl.TrustStoreManager$TrustAnchorManager (java.base@17.0.13)
4279:             2             32  sun.security.util.HostnameChecker (java.base@17.0.13)
4280:             1             32  sun.security.util.KnownOIDs$1 (java.base@17.0.13)
4281:             1             32  sun.security.util.KnownOIDs$10 (java.base@17.0.13)
4282:             1             32  sun.security.util.KnownOIDs$2 (java.base@17.0.13)
4283:             1             32  sun.security.util.KnownOIDs$3 (java.base@17.0.13)
4284:             1             32  sun.security.util.KnownOIDs$4 (java.base@17.0.13)
4285:             1             32  sun.security.util.KnownOIDs$5 (java.base@17.0.13)
4286:             1             32  sun.security.util.KnownOIDs$6 (java.base@17.0.13)
4287:             1             32  sun.security.util.KnownOIDs$7 (java.base@17.0.13)
4288:             1             32  sun.security.util.KnownOIDs$8 (java.base@17.0.13)
4289:             1             32  sun.security.util.KnownOIDs$9 (java.base@17.0.13)
4290:             1             32  sun.security.util.math.intpoly.Curve25519OrderField (java.base@17.0.13)
4291:             1             32  sun.security.util.math.intpoly.Curve448OrderField (java.base@17.0.13)
4292:             2             32  sun.security.util.math.intpoly.IntegerPolynomial$Limb (java.base@17.0.13)
4293:             1             32  sun.security.util.math.intpoly.IntegerPolynomial25519 (java.base@17.0.13)
4294:             1             32  sun.security.util.math.intpoly.IntegerPolynomial448 (java.base@17.0.13)
4295:             1             32  sun.security.util.math.intpoly.IntegerPolynomialP256 (java.base@17.0.13)
4296:             1             32  sun.security.util.math.intpoly.IntegerPolynomialP384 (java.base@17.0.13)
4297:             1             32  sun.security.util.math.intpoly.IntegerPolynomialP521 (java.base@17.0.13)
4298:             1             32  sun.security.util.math.intpoly.P256OrderField (java.base@17.0.13)
4299:             1             32  sun.security.util.math.intpoly.P384OrderField (java.base@17.0.13)
4300:             1             32  sun.security.util.math.intpoly.P521OrderField (java.base@17.0.13)
4301:             1             32  sun.security.x509.IssuerAlternativeNameExtension (java.base@17.0.13)
4302:             1             32  sun.security.x509.PrivateKeyUsageExtension (java.base@17.0.13)
4303:             2             32  sun.util.resources.LocaleData (java.base@17.0.13)
4304:             1             32  uk.co.santander.datadomainclientsplitter.DataDomainClientSplitterApplication$$SpringCGLIB$$0
4305:             1             32  uk.co.santander.datadomainclientsplitter.config.SecurityConfig$$SpringCGLIB$$0
4306:             1             32  uk.co.santander.datadomainclientsplitter.config.properties.ClientSplitterProperties
4307:             1             24  [Lbrave.context.slf4j.MDCScopeDecorator$MDCContext;
4308:             1             24  [Lbrave.propagation.CurrentTraceContext$ScopeDecorator;
4309:             1             24  [Lch.qos.logback.core.joran.spi.ConsoleTarget;
4310:             1             24  [Lch.qos.logback.core.subst.Node$Type;
4311:             1             24  [Lcom.dynatrace.agent.config.core.ConfigNodeHandle;
4312:             1             24  [Lcom.dynatrace.agent.introspection.IntrospectionBase$CheckSensorFlag;
4313:             1             24  [Lcom.dynatrace.agent.introspection.IntrospectionBase$LinkInsertionAreaCheck;
4314:             1             24  [Lcom.dynatrace.agent.introspection.IntrospectionBase$ReentranceProtection;
4315:             1             24  [Lcom.dynatrace.agent.introspection.IntrospectionBase$RequireSubPath;
4316:             1             24  [Lcom.dynatrace.agent.introspection.IntrospectionResult;
4317:             1             24  [Lcom.dynatrace.agent.introspection.servlet.HttpRouteSource;
4318:             1             24  [Lcom.dynatrace.agent.measures.core.MeType;
4319:             1             24  [Lcom.dynatrace.agent.measures.plugins.RawPlugin$PluginType;
4320:             1             24  [Lcom.dynatrace.agent.util.reflector.supplier.CachingReflectorSupplier$OperationMode;
4321:             1             24  [Lcom.dynatrace.agent.util.reflector.supplier.ReflectorSupplier$OperationMode;
4322:             1             24  [Lcom.fasterxml.jackson.core.StreamWriteCapability;
4323:             1             24  [Lcom.fasterxml.jackson.databind.AnnotationIntrospector$ReferenceProperty$Type;
4324:             1             24  [Lcom.sun.org.apache.xerces.internal.utils.XMLSecurityPropertyManager$Property; (java.xml@17.0.13)
4325:             1             24  [Lio.micrometer.core.instrument.simple.CountingMode;
4326:             1             24  [Lio.netty.buffer.PoolArena$SizeClass;
4327:             1             24  [Lio.netty.handler.logging.ByteBufFormat;
4328:             1             24  [Lio.netty.resolver.dns.DnsNameResolverChannelStrategy;
4329:             1             24  [Ljava.io.File$PathStatus; (java.base@17.0.13)
4330:             1             24  [Ljava.lang.Exception; (java.base@17.0.13)
4331:             1             24  [Ljava.lang.StackWalker$ExtendedOption; (java.base@17.0.13)
4332:             1             24  [Ljava.lang.invoke.MethodHandles$Lookup$ClassOption; (java.base@17.0.13)
4333:             1             24  [Ljava.lang.management.MemoryType; (java.management@17.0.13)
4334:             1             24  [Ljava.net.InetSocketAddress; (java.base@17.0.13)
4335:             1             24  [Ljava.nio.file.LinkOption; (java.base@17.0.13)
4336:             1             24  [Ljava.security.Provider$OPType; (java.base@17.0.13)
4337:             1             24  [Ljava.time.temporal.IsoFields$Unit; (java.base@17.0.13)
4338:             1             24  [Ljava.util.Comparators$NaturalOrderComparator; (java.base@17.0.13)
4339:             1             24  [Ljava.util.Locale$Category; (java.base@17.0.13)
4340:             1             24  [Ljavax.security.auth.login.LoginContext$ModuleInfo; (java.base@17.0.13)
4341:             1             24  [Ljdk.internal.access.JavaSecurityAccess$ProtectionDomainCache; (java.base@17.0.13)
4342:             1             24  [Ljdk.internal.icu.util.CodePointTrie$Type; (java.base@17.0.13)
4343:             1             24  [Lorg.apache.catalina.Service;
4344:             1             24  [Lorg.apache.catalina.WebResource;
4345:             1             24  [Lorg.apache.catalina.connector.Connector;
4346:             1             24  [Lorg.apache.catalina.mapper.Mapper$ContextVersion;
4347:             1             24  [Lorg.apache.catalina.mapper.Mapper$MappedContext;
4348:             1             24  [Lorg.apache.catalina.mapper.Mapper$MappedHost;
4349:             1             24  [Lorg.apache.hc.client5.http.RouteInfo$LayerType;
4350:             1             24  [Lorg.apache.hc.client5.http.RouteInfo$TunnelType;
4351:             1             24  [Lorg.apache.hc.client5.http.auth.ChallengeType;
4352:             1             24  [Lorg.apache.hc.core5.http.URIScheme;
4353:             1             24  [Lorg.apache.hc.core5.pool.PoolConcurrencyPolicy;
4354:             1             24  [Lorg.apache.hc.core5.pool.PoolReusePolicy;
4355:             1             24  [Lorg.apache.kafka.clients.GroupRebalanceConfig$ProtocolType;
4356:             1             24  [Lorg.apache.kafka.clients.consumer.ConsumerPartitionAssignor$RebalanceProtocol;
4357:             1             24  [Lorg.apache.kafka.common.network.Mode;
4358:             1             24  [Lorg.apache.kafka.common.requests.FindCoordinatorRequest$CoordinatorType;
4359:             1             24  [Lorg.apache.kafka.common.security.JaasContext$Type;
4360:             1             24  [Lorg.apache.kafka.streams.kstream.internals.graph.GraphNode$Label;
4361:             1             24  [Lorg.apache.kafka.streams.processor.PunctuationType;
4362:             1             24  [Lorg.apache.kafka.streams.processor.internals.StoreChangelogReader$ChangelogReaderState;
4363:             1             24  [Lorg.apache.kafka.streams.processor.internals.metrics.StreamsMetricsImpl$Version;
4364:             1             24  [Lorg.apache.tomcat.util.buf.UEncoder$SafeCharsSet;
4365:             1             24  [Lorg.apache.tomcat.util.http.CookiesWithoutEquals;
4366:             1             24  [Lorg.hibernate.validator.internal.metadata.descriptor.ConstraintDescriptorImpl$ConstraintType;
4367:             1             24  [Lorg.slf4j.helpers.Reporter$TargetChoice;
4368:             1             24  [Lorg.springframework.aop.ClassFilter;
4369:             1             24  [Lorg.springframework.boot.BootstrapRegistry$Scope;
4370:             1             24  [Lorg.springframework.boot.actuate.info.InfoPropertiesInfoContributor$Mode;
4371:             1             24  [Lorg.springframework.boot.autoconfigure.condition.ConditionMessage$Style;
4372:             1             24  [Lorg.springframework.boot.autoconfigure.condition.FilteringSpringBootCondition$ClassNameFilter;
4373:             1             24  [Lorg.springframework.boot.autoconfigure.kafka.KafkaProperties$IsolationLevel;
4374:             1             24  [Lorg.springframework.boot.autoconfigure.kafka.KafkaProperties$Listener$Type;
4375:             1             24  [Lorg.springframework.boot.autoconfigure.reactor.ReactorProperties$ContextPropagationMode;
4376:             1             24  [Lorg.springframework.boot.autoconfigure.web.ServerProperties$Jetty$Accesslog$FORMAT;
4377:             1             24  [Lorg.springframework.boot.autoconfigure.web.WebProperties$LocaleResolver;
4378:             1             24  [Lorg.springframework.boot.autoconfigure.web.servlet.WebMvcProperties$MatchingStrategy;
4379:             1             24  [Lorg.springframework.boot.context.ConfigurationWarningsApplicationContextInitializer$Check;
4380:             1             24  [Lorg.springframework.boot.context.config.ConfigDataEnvironmentContributor$ImportPhase;
4381:             1             24  [Lorg.springframework.boot.context.config.ConfigDataNotFoundAction;
4382:             1             24  [Lorg.springframework.boot.context.config.LocationResourceLoader$ResourceType;
4383:             1             24  [Lorg.springframework.boot.context.config.Profiles$Type;
4384:             1             24  [Lorg.springframework.boot.context.properties.bind.BindMethod;
4385:             1             24  [Lorg.springframework.boot.convert.DurationStyle;
4386:             1             24  [Lorg.springframework.boot.loader.launch.LaunchedClassLoader$DefinePackageCallType;
4387:             1             24  [Lorg.springframework.boot.web.server.Shutdown;
4388:             1             24  [Lorg.springframework.boot.web.servlet.server.Encoding$Type;
4389:             1             24  [Lorg.springframework.cloud.config.client.ConfigClientProperties$MultipleUriStrategy;
4390:             1             24  [Lorg.springframework.cloud.stream.binder.kafka.streams.function.KafkaStreamsBindableProxyFactory;
4391:             1             24  [Lorg.springframework.context.annotation.ConfigurationCondition$ConfigurationPhase;
4392:             1             24  [Lorg.springframework.core.NativeDetector$Context;
4393:             1             24  [Lorg.springframework.core.ResolvableType$WildcardBounds$Kind;
4394:             1             24  [Lorg.springframework.core.annotation.IntrospectionFailureLogger;
4395:             1             24  [Lorg.springframework.expression.PropertyAccessor;
4396:             1             24  [Lorg.springframework.http.client.observation.ClientHttpObservationDocumentation$HighCardinalityKeyNames;
4397:             1             24  [Lorg.springframework.http.client.observation.ClientHttpObservationDocumentation;
4398:             1             24  [Lorg.springframework.http.server.observation.ServerHttpObservationDocumentation$HighCardinalityKeyNames;
4399:             1             24  [Lorg.springframework.http.server.observation.ServerHttpObservationDocumentation;
4400:             1             24  [Lorg.springframework.kafka.listener.ContainerProperties$EOSMode;
4401:             1             24  [Lorg.springframework.kafka.support.mapping.Jackson2JavaTypeMapper$TypePrecedence;
4402:             1             24  [Lorg.springframework.security.rsa.crypto.RsaAlgorithm;
4403:             1             24  [Lorg.springframework.security.web.authentication.logout.LogoutHandler;
4404:             1             24  [Lorg.springframework.security.web.context.SecurityContextRepository;
4405:             1             24  [Lorg.springframework.security.web.firewall.RequestRejectedHandler;
4406:             1             24  [Lorg.springframework.util.ConcurrentReferenceHashMap$ReferenceType;
4407:             1             24  [Lorg.springframework.util.ConcurrentReferenceHashMap$Restructure;
4408:             1             24  [Lorg.springframework.validation.DefaultMessageCodesResolver$Format;
4409:             1             24  [Lorg.springframework.vault.authentication.AuthenticationStepsOperator$Undefinded;
4410:             1             24  [Lorg.springframework.vault.core.VaultKeyValueOperationsSupport$KeyValueBackend;
4411:             1             24  [Lorg.springframework.vault.core.lease.SecretLeaseEventPublisher$LoggingErrorListener;
4412:             1             24  [Lorg.springframework.web.reactive.function.client.ClientHttpObservationDocumentation$HighCardinalityKeyNames;
4413:             1             24  [Lorg.springframework.web.reactive.function.client.ClientHttpObservationDocumentation;
4414:             1             24  [Lorg.yaml.snakeyaml.DumperOptions$NonPrintableStyle;
4415:             1             24  [Lreactor.core.publisher.FluxCreate$CreateMode;
4416:             1             24  [Lsun.security.rsa.RSAUtil$KeyType; (java.base@17.0.13)
4417:             1             24  [Lsun.security.ssl.Alert$Level; (java.base@17.0.13)
4418:             1             24  [Lsun.security.ssl.CertStatusExtension$CertStatusRequest; (java.base@17.0.13)
4419:             1             24  [Lsun.security.ssl.CertStatusExtension$CertStatusRequestType; (java.base@17.0.13)
4420:             1             24  [Lsun.security.ssl.PskKeyExchangeModesExtension$PskKeyExchangeMode; (java.base@17.0.13)
4421:             1             24  [[Ljava.lang.annotation.Annotation; (java.base@17.0.13)
4422:             1             24  brave.baggage.BaggagePropagation$FactoryBuilder
4423:             1             24  brave.context.slf4j.MDCScopeDecorator$Builder
4424:             1             24  brave.context.slf4j.MDCScopeDecorator$MDCContext
4425:             1             24  brave.internal.handler.NoopAwareSpanHandler
4426:             1             24  brave.propagation.B3Propagation$Format$1
4427:             1             24  brave.propagation.B3Propagation$Format$2
4428:             1             24  brave.propagation.B3Propagation$Format$3
4429:             1             24  brave.propagation.ThreadLocalCurrentTraceContext
4430:             1             24  brave.sampler.CountingSampler
4431:             1             24  ch.qos.logback.classic.joran.ModelClassToModelHandlerLinker
4432:             1             24  ch.qos.logback.classic.spi.LogbackServiceProvider
4433:             1             24  ch.qos.logback.classic.spi.TurboFilterList
4434:             1             24  ch.qos.logback.classic.util.LogbackMDCAdapter
4435:             1             24  ch.qos.logback.core.joran.action.NOPAction
4436:             1             24  ch.qos.logback.core.joran.spi.CAI_WithLocatorSupport
4437:             1             24  ch.qos.logback.core.joran.spi.DefaultNestedComponentRegistry
4438:             1             24  ch.qos.logback.core.joran.spi.EventPlayer
4439:             1             24  ch.qos.logback.core.joran.util.beans.BeanDescriptionFactory
4440:             1             24  ch.qos.logback.core.model.processor.DependencyDefinition
4441:             1             24  ch.qos.logback.core.spi.ContextAwareBase
4442:             1             24  ch.qos.logback.core.util.CachingDateFormatter
4443:             1             24  ch.qos.logback.core.util.CachingDateFormatter$CacheTuple
4444:             1             24  ch.qos.logback.core.util.Duration
4445:             1             24  ch.qos.logback.core.util.ExecutorServiceUtil$1
4446:             1             24  com.dynatrace.agent.AgentConfiguration$DistributedTracingConfigProviderListener
4447:             1             24  com.dynatrace.agent.Logger$LogMessageBuffer
4448:             1             24  com.dynatrace.agent.introspection.agentcore.AgentCoreIntrospection$1
4449:             1             24  com.dynatrace.agent.introspection.agentcore.AgentCoreSensor$1
4450:             1             24  com.dynatrace.agent.introspection.agentcore.TechnologyDetectionIntrospection$12
4451:             1             24  com.dynatrace.agent.introspection.agentcore.TechnologyDetectionIntrospection$7
4452:             1             24  com.dynatrace.agent.introspection.exception.rules.ErrorExceptionRuleMatcher
4453:             1             24  com.dynatrace.agent.introspection.exception.rules.ExceptionRuleLogic
4454:             1             24  com.dynatrace.agent.introspection.http.HttpSensor$1
4455:             1             24  com.dynatrace.agent.introspection.messaging.kafka.KafkaSensor$1
4456:             1             24  com.dynatrace.agent.introspection.messaging.kafka.KafkaSensor$2
4457:             1             24  com.dynatrace.agent.introspection.netty.NettySensor$1
4458:             1             24  com.dynatrace.agent.introspection.servlet.NameAsyncRequestUriClassValue
4459:             1             24  com.dynatrace.agent.introspection.servlet.ServletSensor$1
4460:             1             24  com.dynatrace.agent.introspection.threading.ThreadingSensor$1
4461:             1             24  com.dynatrace.agent.introspection.uem.MobileAdk
4462:             1             24  com.dynatrace.agent.introspection.uem.UemSensor$1
4463:             1             24  com.dynatrace.agent.introspection.uem.apiobjects.UemServletRequestWrapperImpl$ServletNameSpaceClassValue
4464:             1             24  com.dynatrace.agent.introspection.uem.configdetection.AppServerConfigDetection
4465:             1             24  com.dynatrace.agent.introspection.uem.jsagent.JavaScriptAgentBootstrapHandler
4466:             1             24  com.dynatrace.agent.introspection.uem.jsagent.JavaScriptAgentHandler
4467:             1             24  com.dynatrace.agent.introspection.uem.mobile.MobileRUMConfigurationManager
4468:             1             24  com.dynatrace.agent.introspection.webservice.SpringRestWebserviceIntrospection$1
4469:             1             24  com.dynatrace.agent.introspection.webservice.SpringRestWebserviceIntrospection$2
4470:             1             24  com.dynatrace.agent.introspection.webservice.WebServiceSensor$1
4471:             1             24  com.dynatrace.agent.introspection.webservice.WebServiceSensor$2
4472:             1             24  com.dynatrace.agent.measures.MBeanServerRegistry
4473:             1             24  com.dynatrace.agent.util.Reference
4474:             1             24  com.dynatrace.agent.util.reflector.CachingReflector$StringSignatureMemberKey
4475:             1             24  com.dynatrace.agent.util.reflector.supplier.CachingReflectorSupplier
4476:             1             24  com.fasterxml.classmate.util.LRUTypeCache
4477:             1             24  com.fasterxml.jackson.annotation.JsonFormat$Features
4478:             1             24  com.fasterxml.jackson.annotation.JsonIgnoreProperties$Value
4479:             1             24  com.fasterxml.jackson.annotation.JsonSetter$Value
4480:             1             24  com.fasterxml.jackson.core.ErrorReportConfiguration
4481:             1             24  com.fasterxml.jackson.core.util.MinimalPrettyPrinter
4482:             1             24  com.fasterxml.jackson.databind.AnnotationIntrospector$ReferenceProperty
4483:             1             24  com.fasterxml.jackson.databind.cfg.ContextAttributes$Impl
4484:             1             24  com.fasterxml.jackson.databind.cfg.DefaultCacheProvider
4485:             1             24  com.fasterxml.jackson.databind.deser.impl.FailingDeserializer
4486:             1             24  com.fasterxml.jackson.databind.deser.std.NumberDeserializers$NumberDeserializer
4487:             1             24  com.fasterxml.jackson.databind.deser.std.StringDeserializer
4488:             1             24  com.fasterxml.jackson.databind.deser.std.UntypedObjectDeserializerNR
4489:             1             24  com.fasterxml.jackson.databind.ext.OptionalHandlerFactory
4490:             1             24  com.fasterxml.jackson.databind.introspect.JacksonAnnotationIntrospector
4491:             1             24  com.fasterxml.jackson.databind.ser.impl.FailingSerializer
4492:             1             24  com.fasterxml.jackson.databind.ser.impl.StringCollectionSerializer
4493:             1             24  com.fasterxml.jackson.databind.ser.std.UUIDSerializer
4494:             1             24  com.fasterxml.jackson.databind.util.internal.PrivateMaxEntriesMap$DrainStatus$1
4495:             1             24  com.fasterxml.jackson.databind.util.internal.PrivateMaxEntriesMap$DrainStatus$2
4496:             1             24  com.fasterxml.jackson.databind.util.internal.PrivateMaxEntriesMap$DrainStatus$3
4497:             1             24  com.nimbusds.jose.Algorithm
4498:             1             24  com.nimbusds.jose.jca.JCAContext
4499:             1             24  com.nimbusds.jose.proc.JWSVerificationKeySelector
4500:             1             24  com.sun.jmx.mbeanserver.ClassLoaderRepositorySupport (java.management@17.0.13)
4501:             1             24  com.sun.jmx.mbeanserver.MXBeanLookup (java.management@17.0.13)
4502:             1             24  com.sun.jmx.remote.util.ClassLogger (java.management@17.0.13)
4503:             1             24  com.sun.management.internal.HotSpotThreadImpl (jdk.management@17.0.13)
4504:             1             24  com.sun.management.internal.PlatformMBeanProviderImpl$1 (jdk.management@17.0.13)
4505:             1             24  com.sun.management.internal.PlatformMBeanProviderImpl$2 (jdk.management@17.0.13)
4506:             1             24  com.sun.management.internal.PlatformMBeanProviderImpl$3 (jdk.management@17.0.13)
4507:             1             24  com.sun.management.internal.PlatformMBeanProviderImpl$4 (jdk.management@17.0.13)
4508:             1             24  com.sun.management.internal.PlatformMBeanProviderImpl$5 (jdk.management@17.0.13)
4509:             1             24  com.sun.org.apache.xerces.internal.impl.Constants$ArrayEnumeration (java.xml@17.0.13)
4510:             1             24  com.sun.org.apache.xerces.internal.jaxp.SAXParserFactoryImpl (java.xml@17.0.13)
4511:             1             24  io.micrometer.common.KeyValues
4512:             1             24  io.micrometer.context.DefaultContextSnapshotFactory
4513:             1             24  io.micrometer.core.instrument.binder.jvm.JvmGcMetrics$GcMetricsNotificationListener
4514:             1             24  io.micrometer.core.instrument.binder.logging.LogbackMetrics
4515:             1             24  io.micrometer.core.instrument.binder.system.UptimeMetrics
4516:             1             24  io.micrometer.core.instrument.binder.tomcat.TomcatMetrics$$Lambda$2398/0x0000000100c2aa28
4517:             1             24  io.micrometer.core.instrument.binder.tomcat.TomcatMetrics$$Lambda$2400/0x0000000100c30228
4518:             1             24  io.micrometer.core.instrument.binder.tomcat.TomcatMetrics$$Lambda$2401/0x0000000100c30460
4519:             1             24  io.micrometer.core.instrument.binder.tomcat.TomcatMetrics$$Lambda$2402/0x0000000100c30698
4520:             1             24  io.micrometer.core.instrument.observation.DefaultMeterObservationHandler
4521:             1             24  io.micrometer.tracing.brave.bridge.BraveBaggageManager
4522:             1             24  io.micrometer.tracing.brave.bridge.BraveTracer
4523:             1             24  io.micrometer.tracing.brave.bridge.CompositeSpanHandler
4524:             1             24  io.micrometer.tracing.handler.PropagatingReceiverTracingObservationHandler
4525:             1             24  io.micrometer.tracing.handler.PropagatingSenderTracingObservationHandler
4526:             1             24  io.micrometer.tracing.handler.TracingAwareMeterObservationHandler
4527:             1             24  io.netty.buffer.PooledByteBufAllocator$1
4528:             1             24  io.netty.buffer.PooledByteBufAllocator$PoolThreadLocalCache
4529:             1             24  io.netty.buffer.UnpooledByteBufAllocator
4530:             1             24  io.netty.buffer.UnpooledByteBufAllocator$UnpooledByteBufAllocatorMetric
4531:             1             24  io.netty.channel.ChannelOption$1
4532:             1             24  io.netty.channel.WriteBufferWaterMark
4533:             1             24  io.netty.channel.epoll.AbstractEpollStreamChannel$1
4534:             1             24  io.netty.channel.epoll.NativeDatagramPacketArray$MyMessageProcessor
4535:             1             24  io.netty.handler.codec.MessageToMessageCodec$1
4536:             1             24  io.netty.handler.codec.MessageToMessageCodec$2
4537:             1             24  io.netty.handler.codec.dns.DatagramDnsQueryEncoder
4538:             1             24  io.netty.handler.codec.dns.DatagramDnsResponseDecoder$1
4539:             1             24  io.netty.handler.codec.dns.TcpDnsQueryEncoder
4540:             1             24  io.netty.handler.codec.http.HttpMethod$EnumNameMap
4541:             1             24  io.netty.resolver.HostsFileEntriesProvider
4542:             1             24  io.netty.resolver.dns.DefaultAuthoritativeDnsServerCache$1
4543:             1             24  io.netty.resolver.dns.DefaultDnsCache$1
4544:             1             24  io.netty.resolver.dns.DefaultDnsCnameCache
4545:             1             24  io.netty.resolver.dns.DefaultDnsCnameCache$1
4546:             1             24  io.netty.resolver.dns.DnsNameResolver$2
4547:             1             24  io.netty.resolver.dns.DnsServerAddressStreamProviders$DefaultProviderHolder$1
4548:             1             24  io.netty.resolver.dns.SingletonDnsServerAddresses
4549:             1             24  io.netty.resolver.dns.UnixResolverDnsServerAddressStreamProvider
4550:             1             24  io.netty.resolver.dns.UnixResolverOptions
4551:             1             24  io.netty.util.AttributeKey$1
4552:             1             24  io.netty.util.ResourceLeakDetectorFactory$DefaultResourceLeakDetectorFactory
4553:             1             24  io.netty.util.Signal$1
4554:             1             24  io.netty.util.concurrent.DefaultEventExecutorChooserFactory$PowerOfTwoEventExecutorChooser
4555:             1             24  io.netty.util.concurrent.FailedFuture
4556:             1             24  io.netty.util.concurrent.GlobalEventExecutor$1
4557:             1             24  io.netty.util.concurrent.GlobalEventExecutor$TaskRunner
4558:             1             24  io.netty.util.internal.ThreadExecutorMap$3
4559:             1             24  jakarta.el.ExpressionFactory$CacheKey
4560:             1             24  jakarta.el.Util$CacheKey
4561:             1             24  jakarta.websocket.CloseReason
4562:             1             24  java.lang.ProcessEnvironment$StringEnvironment (java.base@17.0.13)
4563:             1             24  java.lang.ProcessHandleImpl$$Lambda$596/0x00000001004d1660 (java.base@17.0.13)
4564:             1             24  java.lang.StackWalker$ExtendedOption (java.base@17.0.13)
4565:             1             24  java.lang.invoke.DirectMethodHandle$EnsureInitialized (java.base@17.0.13)
4566:             1             24  java.lang.invoke.MethodHandleImpl$ArrayAccessor$1 (java.base@17.0.13)
4567:             1             24  java.lang.invoke.MethodHandleImpl$BindCaller$1 (java.base@17.0.13)
4568:             1             24  java.lang.invoke.MethodHandleImpl$Makers$3 (java.base@17.0.13)
4569:             1             24  java.lang.invoke.MethodType$ConcurrentWeakInternSet (java.base@17.0.13)
4570:             1             24  java.lang.invoke.VarHandles$1 (java.base@17.0.13)
4571:             1             24  java.lang.management.DefaultPlatformMBeanProvider$1 (java.management@17.0.13)
4572:             1             24  java.lang.management.DefaultPlatformMBeanProvider$10 (java.management@17.0.13)
4573:             1             24  java.lang.management.DefaultPlatformMBeanProvider$11 (java.management@17.0.13)
4574:             1             24  java.lang.management.DefaultPlatformMBeanProvider$2 (java.management@17.0.13)
4575:             1             24  java.lang.management.DefaultPlatformMBeanProvider$3 (java.management@17.0.13)
4576:             1             24  java.lang.management.DefaultPlatformMBeanProvider$4 (java.management@17.0.13)
4577:             1             24  java.lang.management.DefaultPlatformMBeanProvider$5 (java.management@17.0.13)
4578:             1             24  java.lang.management.DefaultPlatformMBeanProvider$6 (java.management@17.0.13)
4579:             1             24  java.lang.management.DefaultPlatformMBeanProvider$7 (java.management@17.0.13)
4580:             1             24  java.lang.management.DefaultPlatformMBeanProvider$8 (java.management@17.0.13)
4581:             1             24  java.lang.management.DefaultPlatformMBeanProvider$9 (java.management@17.0.13)
4582:             1             24  java.lang.reflect.Proxy$1 (java.base@17.0.13)
4583:             1             24  java.math.MutableBigInteger (java.base@17.0.13)
4584:             1             24  java.net.Inet6AddressImpl (java.base@17.0.13)
4585:             1             24  java.net.Proxy (java.base@17.0.13)
4586:             1             24  java.net.Socket$SocketInputStream (java.base@17.0.13)
4587:             1             24  java.net.Socket$SocketOutputStream (java.base@17.0.13)
4588:             1             24  java.net.SocketPermissionCollection (java.base@17.0.13)
4589:             1             24  java.nio.file.FileVisitOption (java.base@17.0.13)
4590:             1             24  java.nio.file.LinkOption (java.base@17.0.13)
4591:             1             24  java.security.Policy$PolicyInfo (java.base@17.0.13)
4592:             1             24  java.security.Policy$UnsupportedEmptyCollection (java.base@17.0.13)
4593:             1             24  java.security.ProtectionDomain$JavaSecurityAccessImpl$1 (java.base@17.0.13)
4594:             1             24  java.time.Clock$TickClock (java.base@17.0.13)
4595:             1             24  java.time.format.DecimalStyle (java.base@17.0.13)
4596:             1             24  java.time.temporal.IsoFields$Field$1 (java.base@17.0.13)
4597:             1             24  java.time.temporal.IsoFields$Field$2 (java.base@17.0.13)
4598:             1             24  java.time.temporal.IsoFields$Field$3 (java.base@17.0.13)
4599:             1             24  java.time.temporal.IsoFields$Field$4 (java.base@17.0.13)
4600:             1             24  java.util.Collections$3 (java.base@17.0.13)
4601:             1             24  java.util.Collections$EmptyMap (java.base@17.0.13)
4602:             1             24  java.util.Collections$SynchronizedRandomAccessList (java.base@17.0.13)
4603:             1             24  java.util.Comparators$NaturalOrderComparator (java.base@17.0.13)
4604:             1             24  java.util.Comparators$NullComparator (java.base@17.0.13)
4605:             1             24  java.util.Locale$Cache (java.base@17.0.13)
4606:             1             24  java.util.OptionalInt (java.base@17.0.13)
4607:             1             24  java.util.OptionalLong (java.base@17.0.13)
4608:             1             24  java.util.PropertyPermissionCollection (java.base@17.0.13)
4609:             1             24  java.util.ResourceBundle$Control$CandidateListCache (java.base@17.0.13)
4610:             1             24  java.util.ServiceLoader$2 (java.base@17.0.13)
4611:             1             24  java.util.concurrent.CopyOnWriteArrayList$COWIterator (java.base@17.0.13)
4612:             1             24  java.util.jar.Manifest (java.base@17.0.13)
4613:             1             24  java.util.logging.LogManager$LoggerContext (java.logging@17.0.13)
4614:             1             24  java.util.regex.Pattern$Neg (java.base@17.0.13)
4615:             1             24  java.util.regex.Pattern$Pos (java.base@17.0.13)
4616:             1             24  javax.security.auth.login.LoginContext$ModuleInfo (java.base@17.0.13)
4617:             1             24  jdk.internal.icu.impl.Norm2AllModes (java.base@17.0.13)
4618:             1             24  jdk.internal.icu.impl.Norm2AllModes$ComposeNormalizer2 (java.base@17.0.13)
4619:             1             24  jdk.internal.icu.impl.Norm2AllModes$Norm2AllModesSingleton (java.base@17.0.13)
4620:             1             24  jdk.internal.jimage.ImageReader (java.base@17.0.13)
4621:             1             24  jdk.internal.logger.BootstrapLogger$RedirectedLoggers (java.base@17.0.13)
4622:             1             24  jdk.internal.platform.CgroupV1MetricsImpl (java.base@17.0.13)
4623:             1             24  jdk.internal.ref.CleanerImpl (java.base@17.0.13)
4624:             1             24  jdk.jfr.internal.management.StreamManager (jdk.jfr@17.0.13)
4625:             1             24  jdk.management.jfr.internal.FlightRecorderMXBeanProvider$SingleMBeanComponent (jdk.management.jfr@17.0.13)
4626:             1             24  net.logstash.logback.composite.FastISOTimestampFormatter
4627:             1             24  org.apache.catalina.core.ApplicationContextFacade
4628:             1             24  org.apache.catalina.core.ApplicationSessionCookieConfig
4629:             1             24  org.apache.catalina.core.ContainerBase$ContainerBackgroundProcessor
4630:             1             24  org.apache.catalina.core.ContainerBase$ContainerBackgroundProcessorMonitor
4631:             1             24  org.apache.catalina.core.StandardContext$ContextFilterMaps
4632:             1             24  org.apache.catalina.core.StandardServer$$Lambda$1280/0x000000010092df60
4633:             1             24  org.apache.catalina.core.StandardServer$$Lambda$1281/0x000000010092e188
4634:             1             24  org.apache.catalina.core.StandardWrapperFacade
4635:             1             24  org.apache.catalina.mapper.Mapper$ContextList
4636:             1             24  org.apache.catalina.mapper.Mapper$MappedContext
4637:             1             24  org.apache.catalina.mapper.Mapper$MappedWrapper
4638:             1             24  org.apache.catalina.startup.CatalinaBaseConfigurationSource
4639:             1             24  org.apache.catalina.webresources.TomcatURLStreamHandlerFactory
4640:             1             24  org.apache.coyote.AbstractProtocol$$Lambda$2089/0x0000000100b7fa90
4641:             1             24  org.apache.coyote.AbstractProtocol$$Lambda$2090/0x0000000100b7fcb8
4642:             1             24  org.apache.hc.client5.http.cookie.BasicCookieStore
4643:             1             24  org.apache.hc.client5.http.impl.classic.ContentCompressionExec
4644:             1             24  org.apache.hc.client5.http.impl.classic.RedirectExec
4645:             1             24  org.apache.hc.client5.http.impl.cookie.PublicSuffixDomainFilter
4646:             1             24  org.apache.hc.client5.http.impl.cookie.RFC6265StrictSpec
4647:             1             24  org.apache.hc.client5.http.impl.io.DefaultHttpClientConnectionOperator
4648:             1             24  org.apache.hc.client5.http.impl.io.DefaultHttpResponseParserFactory
4649:             1             24  org.apache.hc.client5.http.impl.routing.SystemDefaultRoutePlanner
4650:             1             24  org.apache.hc.client5.http.psl.PublicSuffixMatcher
4651:             1             24  org.apache.hc.core5.http.HttpHost
4652:             1             24  org.apache.hc.core5.http.config.CharCodingConfig
4653:             1             24  org.apache.hc.core5.http.impl.io.DefaultHttpRequestWriter
4654:             1             24  org.apache.hc.core5.http.impl.io.HttpRequestExecutor
4655:             1             24  org.apache.hc.core5.http.impl.io.SocketHolder
4656:             1             24  org.apache.hc.core5.http.message.BasicLineParser
4657:             1             24  org.apache.hc.core5.http.message.BufferedHeader
4658:             1             24  org.apache.hc.core5.net.Host
4659:             1             24  org.apache.kafka.clients.consumer.internals.SubscriptionState$FetchStates$1
4660:             1             24  org.apache.kafka.clients.consumer.internals.SubscriptionState$FetchStates$2
4661:             1             24  org.apache.kafka.clients.consumer.internals.SubscriptionState$FetchStates$3
4662:             1             24  org.apache.kafka.clients.consumer.internals.SubscriptionState$FetchStates$4
4663:             1             24  org.apache.kafka.common.message.ApiVersionsRequestData
4664:             1             24  org.apache.kafka.common.message.MetadataRequestData
4665:             1             24  org.apache.kafka.common.protocol.types.RawTaggedFieldWriter
4666:             1             24  org.apache.kafka.common.security.auth.KafkaPrincipal
4667:             1             24  org.apache.kafka.common.utils.Java$Version
4668:             1             24  org.apache.kafka.streams.kstream.internals.graph.GraphNode$Label
4669:             1             24  org.apache.kafka.streams.processor.internals.metrics.StreamsMetricsImpl$Version
4670:             1             24  org.apache.kafka.streams.state.HostInfo
4671:             1             24  org.apache.naming.StringManager
4672:             1             24  org.apache.tomcat.util.buf.CharsetCache$DummyCharset
4673:             1             24  org.apache.tomcat.util.collections.ConcurrentCache
4674:             1             24  org.apache.tomcat.util.collections.ConcurrentLruCache
4675:             1             24  org.apache.tomcat.util.file.ConfigurationSource$1
4676:             1             24  org.apache.tomcat.util.http.Rfc6265CookieProcessor
4677:             1             24  org.apache.tomcat.util.net.SocketBufferHandler$1
4678:             1             24  org.apache.tomcat.websocket.WsExtension
4679:             1             24  org.apache.tomcat.websocket.server.WsFilter
4680:             1             24  org.hibernate.validator.internal.engine.MethodValidationConfiguration
4681:             1             24  org.hibernate.validator.internal.engine.messageinterpolation.DefaultLocaleResolverContext
4682:             1             24  org.hibernate.validator.internal.engine.valueextraction.ValueExtractorManager
4683:             1             24  org.hibernate.validator.internal.properties.javabean.JavaBeanHelper
4684:             1             24  org.hibernate.validator.internal.util.ConcurrentReferenceHashMap$Option
4685:             1             24  org.slf4j.helpers.BasicMDCAdapter
4686:             1             24  org.slf4j.helpers.BasicMDCAdapter$1
4687:             1             24  org.slf4j.helpers.FormattingTuple
4688:             1             24  org.slf4j.helpers.NOP_FallbackServiceProvider
4689:             1             24  org.slf4j.helpers.SubstituteLoggerFactory
4690:             1             24  org.slf4j.helpers.SubstituteServiceProvider
4691:             1             24  org.springframework.aop.framework.autoproxy.AbstractAdvisorAutoProxyCreator$BeanFactoryAdvisorRetrievalHelperAdapter
4692:             1             24  org.springframework.aop.support.ComposablePointcut
4693:             1             24  org.springframework.aop.support.annotation.AnnotationMatchingPointcut
4694:             1             24  org.springframework.aop.target.EmptyTargetSource
4695:             1             24  org.springframework.beans.factory.annotation.InjectionMetadata$1
4696:             1             24  org.springframework.boot.DefaultApplicationArguments
4697:             1             24  org.springframework.boot.DefaultBootstrapContext
4698:             1             24  org.springframework.boot.SpringApplicationBannerPrinter$PrintedBanner
4699:             1             24  org.springframework.boot.SpringApplicationShutdownHook$Handlers
4700:             1             24  org.springframework.boot.actuate.autoconfigure.availability.AvailabilityProbesHealthEndpointGroup
4701:             1             24  org.springframework.boot.actuate.autoconfigure.availability.AvailabilityProbesHealthEndpointGroups
4702:             1             24  org.springframework.boot.actuate.autoconfigure.endpoint.web.WebEndpointAutoConfiguration
4703:             1             24  org.springframework.boot.actuate.autoconfigure.endpoint.web.WebEndpointProperties$Exposure
4704:             1             24  org.springframework.boot.actuate.autoconfigure.env.EnvironmentEndpointProperties
4705:             1             24  org.springframework.boot.actuate.autoconfigure.health.AutoConfiguredHealthEndpointGroups
4706:             1             24  org.springframework.boot.actuate.autoconfigure.health.HealthEndpointConfiguration$AdaptedReactiveHealthContributors$1
4707:             1             24  org.springframework.boot.actuate.autoconfigure.health.HealthEndpointConfiguration$AdaptedReactiveHealthContributors$2
4708:             1             24  org.springframework.boot.actuate.autoconfigure.health.HealthEndpointConfiguration$HealthEndpointGroupMembershipValidator
4709:             1             24  org.springframework.boot.actuate.autoconfigure.health.IncludeExcludeGroupMemberPredicate
4710:             1             24  org.springframework.boot.actuate.autoconfigure.metrics.AutoTimeProperties
4711:             1             24  org.springframework.boot.actuate.autoconfigure.metrics.CompositeMeterRegistryConfiguration$MultipleNonPrimaryMeterRegistriesCondition
4712:             1             24  org.springframework.boot.actuate.autoconfigure.metrics.KafkaMetricsAutoConfiguration$$Lambda$1613/0x0000000100a0de78
4713:             1             24  org.springframework.boot.actuate.autoconfigure.metrics.KafkaMetricsAutoConfiguration$$Lambda$1614/0x0000000100a0e0a0
4714:             1             24  org.springframework.boot.actuate.autoconfigure.metrics.MetricsProperties$Data$Repository
4715:             1             24  org.springframework.boot.actuate.autoconfigure.metrics.MetricsProperties$Web
4716:             1             24  org.springframework.boot.actuate.autoconfigure.metrics.PropertiesMeterFilter
4717:             1             24  org.springframework.boot.actuate.autoconfigure.metrics.export.simple.SimpleProperties
4718:             1             24  org.springframework.boot.actuate.autoconfigure.observation.ObservationProperties$Http
4719:             1             24  org.springframework.boot.actuate.autoconfigure.observation.PropertiesObservationFilterPredicate
4720:             1             24  org.springframework.boot.actuate.autoconfigure.system.DiskSpaceHealthIndicatorProperties
4721:             1             24  org.springframework.boot.actuate.autoconfigure.tracing.CompositePropagationFactory
4722:             1             24  org.springframework.boot.actuate.autoconfigure.tracing.CompositePropagationFactory$CompositePropagation
4723:             1             24  org.springframework.boot.actuate.autoconfigure.tracing.TracingProperties$Baggage$Correlation
4724:             1             24  org.springframework.boot.actuate.autoconfigure.tracing.TracingProperties$Propagation
4725:             1             24  org.springframework.boot.actuate.autoconfigure.web.ManagementContextFactory
4726:             1             24  org.springframework.boot.actuate.endpoint.web.EndpointMediaTypes
4727:             1             24  org.springframework.boot.actuate.endpoint.web.PathMappedEndpoints
4728:             1             24  org.springframework.boot.actuate.endpoint.web.ServletEndpointRegistrar
4729:             1             24  org.springframework.boot.actuate.env.EnvironmentEndpoint
4730:             1             24  org.springframework.boot.actuate.env.EnvironmentEndpointWebExtension
4731:             1             24  org.springframework.boot.actuate.health.Health
4732:             1             24  org.springframework.boot.actuate.health.HealthEndpoint
4733:             1             24  org.springframework.boot.actuate.health.HealthEndpointWebExtension
4734:             1             24  org.springframework.boot.actuate.health.PingHealthIndicator
4735:             1             24  org.springframework.boot.actuate.logging.LoggersEndpoint
4736:             1             24  org.springframework.boot.actuate.metrics.system.DiskSpaceMetricsBinder
4737:             1             24  org.springframework.boot.actuate.metrics.web.client.ObservationRestClientCustomizer
4738:             1             24  org.springframework.boot.actuate.metrics.web.client.ObservationRestTemplateCustomizer
4739:             1             24  org.springframework.boot.actuate.metrics.web.reactive.client.ObservationWebClientCustomizer
4740:             1             24  org.springframework.boot.actuate.metrics.web.tomcat.TomcatMetricsBinder
4741:             1             24  org.springframework.boot.autoconfigure.AutoConfigurationImportSelector$AutoConfigurationEntry
4742:             1             24  org.springframework.boot.autoconfigure.AutoConfigurationPackages$BasePackages
4743:             1             24  org.springframework.boot.autoconfigure.codec.CodecProperties
4744:             1             24  org.springframework.boot.autoconfigure.condition.ConditionMessage$Style$1
4745:             1             24  org.springframework.boot.autoconfigure.condition.ConditionMessage$Style$2
4746:             1             24  org.springframework.boot.autoconfigure.condition.FilteringSpringBootCondition$ClassNameFilter$1
4747:             1             24  org.springframework.boot.autoconfigure.condition.FilteringSpringBootCondition$ClassNameFilter$2
4748:             1             24  org.springframework.boot.autoconfigure.freemarker.FreeMarkerTemplateAvailabilityProvider
4749:             1             24  org.springframework.boot.autoconfigure.groovy.template.GroovyTemplateAvailabilityProvider
4750:             1             24  org.springframework.boot.autoconfigure.http.HttpMessageConvertersAutoConfiguration$NotReactiveWebApplicationCondition
4751:             1             24  org.springframework.boot.autoconfigure.info.ProjectInfoProperties
4752:             1             24  org.springframework.boot.autoconfigure.info.ProjectInfoProperties$Build
4753:             1             24  org.springframework.boot.autoconfigure.info.ProjectInfoProperties$Git
4754:             1             24  org.springframework.boot.autoconfigure.integration.IntegrationProperties$Channel
4755:             1             24  org.springframework.boot.autoconfigure.integration.IntegrationProperties$Jdbc
4756:             1             24  org.springframework.boot.autoconfigure.integration.IntegrationProperties$Management
4757:             1             24  org.springframework.boot.autoconfigure.integration.IntegrationProperties$RSocket
4758:             1             24  org.springframework.boot.autoconfigure.integration.IntegrationProperties$RSocket$Client
4759:             1             24  org.springframework.boot.autoconfigure.jackson.JacksonAutoConfiguration$Jackson2ObjectMapperBuilderCustomizerConfiguration$StandardJackson2ObjectMapperBuilderCustomizer
4760:             1             24  org.springframework.boot.autoconfigure.jackson.JacksonProperties$Datatype
4761:             1             24  org.springframework.boot.autoconfigure.logging.ConditionEvaluationReportLogger
4762:             1             24  org.springframework.boot.autoconfigure.logging.ConditionEvaluationReportLoggingListener$ConditionEvaluationReportListener
4763:             1             24  org.springframework.boot.autoconfigure.security.SecurityProperties
4764:             1             24  org.springframework.boot.autoconfigure.security.SecurityProperties$Filter
4765:             1             24  org.springframework.boot.autoconfigure.security.oauth2.resource.OAuth2ResourceServerProperties
4766:             1             24  org.springframework.boot.autoconfigure.security.oauth2.resource.OAuth2ResourceServerProperties$Opaquetoken
4767:             1             24  org.springframework.boot.autoconfigure.security.oauth2.resource.servlet.OAuth2ResourceServerJwtConfiguration$JwtConverterPropertiesCondition
4768:             1             24  org.springframework.boot.autoconfigure.security.oauth2.resource.servlet.OAuth2ResourceServerJwtConfiguration$JwtDecoderConfiguration
4769:             1             24  org.springframework.boot.autoconfigure.security.reactive.ReactiveUserDetailsServiceAutoConfiguration$MissingAlternativeOrUserPropertiesConfigured
4770:             1             24  org.springframework.boot.autoconfigure.security.servlet.UserDetailsServiceAutoConfiguration$MissingAlternativeOrUserPropertiesConfigured
4771:             1             24  org.springframework.boot.autoconfigure.sql.init.SqlInitializationAutoConfiguration$SqlInitializationModeCondition
4772:             1             24  org.springframework.boot.autoconfigure.ssl.FileWatcher
4773:             1             24  org.springframework.boot.autoconfigure.ssl.SslAutoConfiguration
4774:             1             24  org.springframework.boot.autoconfigure.ssl.SslProperties$Bundles
4775:             1             24  org.springframework.boot.autoconfigure.ssl.SslPropertiesBundleRegistrar
4776:             1             24  org.springframework.boot.autoconfigure.task.TaskExecutionProperties$Shutdown
4777:             1             24  org.springframework.boot.autoconfigure.task.TaskExecutorConfigurations$SimpleAsyncTaskExecutorBuilderConfiguration
4778:             1             24  org.springframework.boot.autoconfigure.task.TaskSchedulingConfigurations$SimpleAsyncTaskSchedulerBuilderConfiguration
4779:             1             24  org.springframework.boot.autoconfigure.task.TaskSchedulingProperties$Shutdown
4780:             1             24  org.springframework.boot.autoconfigure.template.TemplateAvailabilityProviders
4781:             1             24  org.springframework.boot.autoconfigure.thread.Threading$1
4782:             1             24  org.springframework.boot.autoconfigure.thread.Threading$2
4783:             1             24  org.springframework.boot.autoconfigure.transaction.TransactionProperties
4784:             1             24  org.springframework.boot.autoconfigure.validation.ValidatorAdapter
4785:             1             24  org.springframework.boot.autoconfigure.web.ServerProperties$Reactive$Session
4786:             1             24  org.springframework.boot.autoconfigure.web.ServerProperties$Tomcat$Resource
4787:             1             24  org.springframework.boot.autoconfigure.web.ServerProperties$Tomcat$Threads
4788:             1             24  org.springframework.boot.autoconfigure.web.ServerProperties$Undertow$Options
4789:             1             24  org.springframework.boot.autoconfigure.web.ServerProperties$Undertow$Threads
4790:             1             24  org.springframework.boot.autoconfigure.web.WebProperties
4791:             1             24  org.springframework.boot.autoconfigure.web.WebProperties$Resources$Cache
4792:             1             24  org.springframework.boot.autoconfigure.web.WebProperties$Resources$Chain
4793:             1             24  org.springframework.boot.autoconfigure.web.WebProperties$Resources$Chain$Strategy
4794:             1             24  org.springframework.boot.autoconfigure.web.WebProperties$Resources$Chain$Strategy$Content
4795:             1             24  org.springframework.boot.autoconfigure.web.WebProperties$Resources$Chain$Strategy$Fixed
4796:             1             24  org.springframework.boot.autoconfigure.web.embedded.NettyWebServerFactoryCustomizer
4797:             1             24  org.springframework.boot.autoconfigure.web.embedded.TomcatWebServerFactoryCustomizer
4798:             1             24  org.springframework.boot.autoconfigure.web.embedded.TomcatWebServerFactoryCustomizer$$Lambda$1185/0x00000001008d30f0
4799:             1             24  org.springframework.boot.autoconfigure.web.reactive.function.client.AutoConfiguredWebClientSsl
4800:             1             24  org.springframework.boot.autoconfigure.web.reactive.function.client.ReactorClientHttpConnectorFactory
4801:             1             24  org.springframework.boot.autoconfigure.web.servlet.WebMvcProperties$Contentnegotiation
4802:             1             24  org.springframework.boot.autoconfigure.web.servlet.WebMvcProperties$Format
4803:             1             24  org.springframework.boot.autoconfigure.web.servlet.WebMvcProperties$Servlet
4804:             1             24  org.springframework.boot.autoconfigure.web.servlet.WebMvcProperties$View
4805:             1             24  org.springframework.boot.autoconfigure.web.servlet.WelcomePage
4806:             1             24  org.springframework.boot.autoconfigure.web.servlet.error.BasicErrorController
4807:             1             24  org.springframework.boot.autoconfigure.web.servlet.error.ErrorMvcAutoConfiguration$DefaultErrorViewResolverConfiguration
4808:             1             24  org.springframework.boot.autoconfigure.web.servlet.error.ErrorMvcAutoConfiguration$ErrorPageCustomizer
4809:             1             24  org.springframework.boot.availability.ApplicationAvailabilityBean
4810:             1             24  org.springframework.boot.builder.ParentContextCloserApplicationListener
4811:             1             24  org.springframework.boot.cloud.CloudPlatform$1
4812:             1             24  org.springframework.boot.cloud.CloudPlatform$2
4813:             1             24  org.springframework.boot.cloud.CloudPlatform$3
4814:             1             24  org.springframework.boot.cloud.CloudPlatform$4
4815:             1             24  org.springframework.boot.cloud.CloudPlatform$5
4816:             1             24  org.springframework.boot.cloud.CloudPlatform$6
4817:             1             24  org.springframework.boot.cloud.CloudPlatform$7
4818:             1             24  org.springframework.boot.context.ContextIdApplicationContextInitializer$ContextId
4819:             1             24  org.springframework.boot.context.config.ConfigData
4820:             1             24  org.springframework.boot.context.config.ConfigDataActivationContext
4821:             1             24  org.springframework.boot.context.config.ConfigDataEnvironment$$Lambda$186/0x00000001002586f0
4822:             1             24  org.springframework.boot.context.config.ConfigDataEnvironmentContributors$BinderOption
4823:             1             24  org.springframework.boot.context.config.ConfigDataNotFoundAction$1
4824:             1             24  org.springframework.boot.context.config.ConfigDataNotFoundAction$2
4825:             1             24  org.springframework.boot.context.config.DelegatingApplicationListener
4826:             1             24  org.springframework.boot.context.config.Profiles
4827:             1             24  org.springframework.boot.context.logging.LoggingApplicationListener$Lifecycle
4828:             1             24  org.springframework.boot.context.properties.ConfigurationPropertiesCharSequenceToObjectConverter
4829:             1             24  org.springframework.boot.context.properties.PropertyMapper
4830:             1             24  org.springframework.boot.context.properties.bind.Bindable$BindRestriction
4831:             1             24  org.springframework.boot.context.properties.bind.DefaultBindConstructorProvider$Constructors
4832:             1             24  org.springframework.boot.context.properties.bind.JavaBeanBinder$Bean
4833:             1             24  org.springframework.boot.context.properties.source.ConfigurationPropertySourcesPropertySource
4834:             1             24  org.springframework.boot.context.properties.source.DefaultPropertyMapper
4835:             1             24  org.springframework.boot.convert.DurationStyle$1
4836:             1             24  org.springframework.boot.convert.DurationStyle$2
4837:             1             24  org.springframework.boot.env.EnvironmentPostProcessorApplicationListener
4838:             1             24  org.springframework.boot.env.RandomValuePropertySource
4839:             1             24  org.springframework.boot.env.SpringApplicationJsonEnvironmentPostProcessor$JsonPropertyValue
4840:             1             24  org.springframework.boot.io.ApplicationResourceLoader
4841:             1             24  org.springframework.boot.loader.launch.ExplodedArchive
4842:             1             24  org.springframework.boot.logging.AbstractLoggingSystem$LogLevels
4843:             1             24  org.springframework.boot.logging.DeferredLogs
4844:             1             24  org.springframework.boot.logging.logback.LogbackLoggingSystem
4845:             1             24  org.springframework.boot.logging.logback.LogbackLoggingSystem$$Lambda$806/0x0000000100648678
4846:             1             24  org.springframework.boot.type.classreading.ConcurrentReferenceCachingMetadataReaderFactory
4847:             1             24  org.springframework.boot.validation.MessageSourceMessageInterpolator
4848:             1             24  org.springframework.boot.web.context.WebServerGracefulShutdownLifecycle
4849:             1             24  org.springframework.boot.web.embedded.tomcat.TomcatServletWebServerFactory$StaticResourceConfigurer
4850:             1             24  org.springframework.boot.web.embedded.tomcat.TomcatStarter
4851:             1             24  org.springframework.boot.web.embedded.tomcat.TomcatWebServer$$Lambda$1186/0x00000001008d3c30
4852:             1             24  org.springframework.boot.web.server.ErrorPage
4853:             1             24  org.springframework.boot.web.server.ErrorPageRegistrarBeanPostProcessor
4854:             1             24  org.springframework.boot.web.server.MimeMappings$DefaultMimeMappings
4855:             1             24  org.springframework.boot.web.server.MimeMappings$LazyMimeMappingsCopy
4856:             1             24  org.springframework.boot.web.server.WebServerFactoryCustomizerBeanPostProcessor
4857:             1             24  org.springframework.boot.web.servlet.context.WebApplicationContextServletContextAwareProcessor
4858:             1             24  org.springframework.boot.web.servlet.context.WebServerStartStopLifecycle
4859:             1             24  org.springframework.boot.web.servlet.server.DocumentRoot
4860:             1             24  org.springframework.boot.web.servlet.server.Jsp
4861:             1             24  org.springframework.cglib.core.EmitUtils$ArrayDelimiters
4862:             1             24  org.springframework.cglib.core.internal.LoadingCache
4863:             1             24  org.springframework.cloud.autoconfigure.RefreshAutoConfiguration$RefreshScopeBeanDefinitionEnhancer
4864:             1             24  org.springframework.cloud.autoconfigure.RestartEndpointWithIntegrationConfiguration$IntegrationPauseHandler
4865:             1             24  org.springframework.cloud.bootstrap.TextEncryptorBindHandler
4866:             1             24  org.springframework.cloud.bootstrap.encrypt.RsaProperties
4867:             1             24  org.springframework.cloud.client.discovery.simple.SimpleDiscoveryProperties
4868:             1             24  org.springframework.cloud.client.discovery.simple.reactive.SimpleReactiveDiscoveryProperties
4869:             1             24  org.springframework.cloud.client.loadbalancer.BlockingRestClassesPresentCondition
4870:             1             24  org.springframework.cloud.client.loadbalancer.reactive.LoadBalancerBeanPostProcessorAutoConfiguration$OnAnyLoadBalancerImplementationPresentCondition
4871:             1             24  org.springframework.cloud.client.serviceregistry.AutoServiceRegistrationAutoConfiguration
4872:             1             24  org.springframework.cloud.commons.util.InetUtils
4873:             1             24  org.springframework.cloud.config.client.ConfigClientRequestTemplateFactory
4874:             1             24  org.springframework.cloud.config.client.ConfigServerConfigDataLocationResolver$$Lambda$222/0x0000000100268e38
4875:             1             24  org.springframework.cloud.configuration.CompatibilityVerifierProperties
4876:             1             24  org.springframework.cloud.configuration.SpringBootVersionVerifier
4877:             1             24  org.springframework.cloud.context.environment.EnvironmentManager
4878:             1             24  org.springframework.cloud.context.properties.ConfigurationPropertiesRebinder
4879:             1             24  org.springframework.cloud.context.refresh.RefreshScopeLifecycle
4880:             1             24  org.springframework.cloud.context.restart.RestartListener
4881:             1             24  org.springframework.cloud.endpoint.event.RefreshEventListener
4882:             1             24  org.springframework.cloud.function.context.config.KotlinLambdaToFunctionAutoConfiguration$$SpringCGLIB$$FastClass$$0
4883:             1             24  org.springframework.cloud.function.context.config.KotlinLambdaToFunctionAutoConfiguration$$SpringCGLIB$$FastClass$$1
4884:             1             24  org.springframework.cloud.function.context.config.SmartCompositeMessageConverter
4885:             1             24  org.springframework.cloud.function.observability.ObservationFunctionAroundWrapper
4886:             1             24  org.springframework.cloud.logging.LoggingRebinder
4887:             1             24  org.springframework.cloud.stream.binder.kafka.streams.DltPublishingContext
4888:             1             24  org.springframework.cloud.stream.binder.kafka.streams.KafkaStreamsJaasConfiguration$$SpringCGLIB$$FastClass$$0
4889:             1             24  org.springframework.cloud.stream.binder.kafka.streams.KafkaStreamsJaasConfiguration$$SpringCGLIB$$FastClass$$1
4890:             1             24  org.springframework.cloud.stream.binder.kafka.streams.KafkaStreamsRegistry
4891:             1             24  org.springframework.cloud.stream.binder.kafka.streams.KeyValueSerdeResolver
4892:             1             24  org.springframework.cloud.stream.binder.kafka.streams.MultiBinderPropertiesConfiguration$$SpringCGLIB$$FastClass$$0
4893:             1             24  org.springframework.cloud.stream.binder.kafka.streams.MultiBinderPropertiesConfiguration$$SpringCGLIB$$FastClass$$1
4894:             1             24  org.springframework.cloud.stream.binder.kafka.streams.properties.KafkaStreamsExtendedBindingProperties
4895:             1             24  org.springframework.cloud.stream.binding.BindingsLifecycleController
4896:             1             24  org.springframework.cloud.stream.binding.FluxMessageChannelBindingTargetFactory
4897:             1             24  org.springframework.cloud.stream.binding.MessageSourceBindingTargetFactory
4898:             1             24  org.springframework.cloud.stream.binding.SubscribableChannelBindingTargetFactory
4899:             1             24  org.springframework.cloud.stream.config.BinderFactoryAutoConfiguration
4900:             1             24  org.springframework.cloud.stream.config.BindersHealthIndicatorAutoConfiguration$BindersHealthContributor
4901:             1             24  org.springframework.cloud.stream.config.SmartMessageMethodArgumentResolver
4902:             1             24  org.springframework.cloud.stream.config.SpelExpressionConverterConfiguration$SpelConverter
4903:             1             24  org.springframework.cloud.stream.converter.CompositeMessageConverterFactory$1
4904:             1             24  org.springframework.cloud.util.ConditionalOnBootstrapDisabled$OnBootstrapDisabledCondition
4905:             1             24  org.springframework.cloud.util.ConditionalOnBootstrapEnabled$OnBootstrapEnabledCondition
4906:             1             24  org.springframework.cloud.util.random.CachedRandomPropertySource
4907:             1             24  org.springframework.cloud.vault.config.DefaultRestTemplateFactory
4908:             1             24  org.springframework.cloud.vault.config.DefaultWebClientFactory
4909:             1             24  org.springframework.cloud.vault.config.VaultAutoConfiguration$TaskSchedulerWrapper
4910:             1             24  org.springframework.cloud.vault.config.VaultConfigTemplate
4911:             1             24  org.springframework.cloud.vault.config.VaultHealthIndicatorConfiguration
4912:             1             24  org.springframework.cloud.vault.config.VaultReactiveConfiguration$ReactiveMulticastingSessionManagerAdapter
4913:             1             24  org.springframework.cloud.vault.config.VaultReactiveHealthIndicator
4914:             1             24  org.springframework.cloud.vault.config.VaultReactiveHealthIndicatorConfiguration
4915:             1             24  org.springframework.context.annotation.ConfigurationClassEnhancer$ConditionalCallbackFilter
4916:             1             24  org.springframework.context.support.PropertySourcesPlaceholderConfigurer$$Lambda$990/0x00000001008644f8
4917:             1             24  org.springframework.core.OrderComparator$$Lambda$1015/0x0000000100870468
4918:             1             24  org.springframework.core.annotation.IntrospectionFailureLogger$1
4919:             1             24  org.springframework.core.annotation.IntrospectionFailureLogger$2
4920:             1             24  org.springframework.core.env.CommandLineArgs
4921:             1             24  org.springframework.dao.annotation.PersistenceExceptionTranslationAdvisor
4922:             1             24  org.springframework.dao.support.PersistenceExceptionTranslationInterceptor
4923:             1             24  org.springframework.expression.spel.support.ReflectiveMethodResolver
4924:             1             24  org.springframework.expression.spel.support.ReflectivePropertyAccessor$InvokerPair
4925:             1             24  org.springframework.expression.spel.support.ReflectivePropertyAccessor$PropertyCacheKey
4926:             1             24  org.springframework.expression.spel.support.StandardTypeLocator
4927:             1             24  org.springframework.http.HttpEntity
4928:             1             24  org.springframework.http.client.InterceptingClientHttpRequestFactory
4929:             1             24  org.springframework.http.client.observation.ClientHttpObservationDocumentation$1
4930:             1             24  org.springframework.http.client.observation.ClientHttpObservationDocumentation$HighCardinalityKeyNames$1
4931:             1             24  org.springframework.http.client.observation.ClientHttpObservationDocumentation$HighCardinalityKeyNames$2
4932:             1             24  org.springframework.http.client.observation.ClientHttpObservationDocumentation$LowCardinalityKeyNames$1
4933:             1             24  org.springframework.http.client.observation.ClientHttpObservationDocumentation$LowCardinalityKeyNames$2
4934:             1             24  org.springframework.http.client.observation.ClientHttpObservationDocumentation$LowCardinalityKeyNames$3
4935:             1             24  org.springframework.http.client.observation.ClientHttpObservationDocumentation$LowCardinalityKeyNames$4
4936:             1             24  org.springframework.http.client.observation.ClientHttpObservationDocumentation$LowCardinalityKeyNames$5
4937:             1             24  org.springframework.http.client.observation.ClientHttpObservationDocumentation$LowCardinalityKeyNames$6
4938:             1             24  org.springframework.http.server.DefaultPathContainer
4939:             1             24  org.springframework.http.server.observation.ServerHttpObservationDocumentation$1
4940:             1             24  org.springframework.http.server.observation.ServerHttpObservationDocumentation$HighCardinalityKeyNames$1
4941:             1             24  org.springframework.http.server.observation.ServerHttpObservationDocumentation$LowCardinalityKeyNames$1
4942:             1             24  org.springframework.http.server.observation.ServerHttpObservationDocumentation$LowCardinalityKeyNames$2
4943:             1             24  org.springframework.http.server.observation.ServerHttpObservationDocumentation$LowCardinalityKeyNames$3
4944:             1             24  org.springframework.http.server.observation.ServerHttpObservationDocumentation$LowCardinalityKeyNames$4
4945:             1             24  org.springframework.http.server.observation.ServerHttpObservationDocumentation$LowCardinalityKeyNames$5
4946:             1             24  org.springframework.integration.config.CustomConversionServiceFactoryBean
4947:             1             24  org.springframework.integration.config.DefaultConfiguringBeanFactoryPostProcessor
4948:             1             24  org.springframework.integration.config.GatewayProxyInstantiationPostProcessor
4949:             1             24  org.springframework.integration.config.IdGeneratorConfigurer
4950:             1             24  org.springframework.integration.config.IntegrationComponentScanRegistrar
4951:             1             24  org.springframework.integration.config.IntegrationManagementConfiguration
4952:             1             24  org.springframework.integration.config.MessagingAnnotationPostProcessor
4953:             1             24  org.springframework.integration.expression.FunctionExpression
4954:             1             24  org.springframework.integration.support.converter.DefaultDatatypeChannelMessageConverter
4955:             1             24  org.springframework.integration.support.management.micrometer.MicrometerMetricsCaptor
4956:             1             24  org.springframework.kafka.annotation.KafkaListenerAnnotationBeanPostProcessor$KafkaHandlerMethodFactoryAdapter
4957:             1             24  org.springframework.kafka.config.KafkaStreamsConfiguration
4958:             1             24  org.springframework.kafka.core.DefaultKafkaConsumerFactory$$Lambda$1676/0x0000000100a231a8
4959:             1             24  org.springframework.kafka.core.DefaultKafkaConsumerFactory$$Lambda$1677/0x0000000100a233d0
4960:             1             24  org.springframework.kafka.core.MicrometerConsumerListener
4961:             1             24  org.springframework.kafka.core.MicrometerProducerListener
4962:             1             24  org.springframework.kafka.listener.ContainerProperties$EOSMode
4963:             1             24  org.springframework.kafka.streams.KafkaStreamsMicrometerListener
4964:             1             24  org.springframework.messaging.handler.annotation.support.PayloadMethodArgumentResolver
4965:             1             24  org.springframework.objenesis.SpringObjenesis
4966:             1             24  org.springframework.security.authentication.AnonymousAuthenticationProvider
4967:             1             24  org.springframework.security.authentication.ObservationAuthenticationManager
4968:             1             24  org.springframework.security.config.annotation.authentication.configuration.AuthenticationConfiguration$LazyPasswordEncoder
4969:             1             24  org.springframework.security.config.annotation.authentication.configuration.InitializeAuthenticationProviderBeanManagerConfigurer$InitializeAuthenticationProviderManagerConfigurer
4970:             1             24  org.springframework.security.config.annotation.authentication.configuration.InitializeUserDetailsBeanManagerConfigurer$InitializeUserDetailsManagerConfigurer
4971:             1             24  org.springframework.security.config.annotation.web.builders.HttpSecurity$OrderedFilter
4972:             1             24  org.springframework.security.config.annotation.web.configuration.HttpSecurityConfiguration$LazyPasswordEncoder
4973:             1             24  org.springframework.security.config.annotation.web.configuration.SecurityReactorContextConfiguration$SecurityReactorContextSubscriberRegistrar
4974:             1             24  org.springframework.security.config.annotation.web.configuration.WebMvcSecurityConfiguration
4975:             1             24  org.springframework.security.config.annotation.web.configurers.HeadersConfigurer$CacheControlConfig
4976:             1             24  org.springframework.security.config.annotation.web.configurers.HeadersConfigurer$ContentSecurityPolicyConfig
4977:             1             24  org.springframework.security.config.annotation.web.configurers.HeadersConfigurer$ContentTypeOptionsConfig
4978:             1             24  org.springframework.security.config.annotation.web.configurers.HeadersConfigurer$CrossOriginEmbedderPolicyConfig
4979:             1             24  org.springframework.security.config.annotation.web.configurers.HeadersConfigurer$CrossOriginOpenerPolicyConfig
4980:             1             24  org.springframework.security.config.annotation.web.configurers.HeadersConfigurer$CrossOriginResourcePolicyConfig
4981:             1             24  org.springframework.security.config.annotation.web.configurers.HeadersConfigurer$FeaturePolicyConfig
4982:             1             24  org.springframework.security.config.annotation.web.configurers.HeadersConfigurer$FrameOptionsConfig
4983:             1             24  org.springframework.security.config.annotation.web.configurers.HeadersConfigurer$HpkpConfig
4984:             1             24  org.springframework.security.config.annotation.web.configurers.HeadersConfigurer$HstsConfig
4985:             1             24  org.springframework.security.config.annotation.web.configurers.HeadersConfigurer$PermissionsPolicyConfig
4986:             1             24  org.springframework.security.config.annotation.web.configurers.HeadersConfigurer$ReferrerPolicyConfig
4987:             1             24  org.springframework.security.config.annotation.web.configurers.HeadersConfigurer$XXssConfig
4988:             1             24  org.springframework.security.config.annotation.web.configurers.RequestCacheConfigurer
4989:             1             24  org.springframework.security.config.crypto.RsaKeyConversionServicePostProcessor
4990:             1             24  org.springframework.security.converter.RsaKeyConverters$$Lambda$994/0x0000000100868490
4991:             1             24  org.springframework.security.oauth2.core.OAuth2Error
4992:             1             24  org.springframework.security.oauth2.core.converter.ClaimConversionService
4993:             1             24  org.springframework.security.oauth2.jwt.JwtTimestampValidator
4994:             1             24  org.springframework.security.oauth2.jwt.X509CertificateThumbprintValidator
4995:             1             24  org.springframework.security.oauth2.server.resource.authentication.JwtAuthenticationConverter
4996:             1             24  org.springframework.security.oauth2.server.resource.authentication.JwtAuthenticationProvider
4997:             1             24  org.springframework.security.oauth2.server.resource.web.DefaultBearerTokenResolver
4998:             1             24  org.springframework.security.web.DefaultRedirectStrategy
4999:             1             24  org.springframework.security.web.DefaultSecurityFilterChain
5000:             1             24  org.springframework.security.web.ObservationFilterChainDecorator$AroundFilterObservation$SimpleAroundFilterObservation$ObservationReference
5001:             1             24  org.springframework.security.web.access.AuthorizationManagerWebInvocationPrivilegeEvaluator
5002:             1             24  org.springframework.security.web.access.DelegatingAccessDeniedHandler
5003:             1             24  org.springframework.security.web.access.RequestMatcherDelegatingWebInvocationPrivilegeEvaluator
5004:             1             24  org.springframework.security.web.access.intercept.RequestMatcherDelegatingAuthorizationManager
5005:             1             24  org.springframework.security.web.authentication.AuthenticationEntryPointFailureHandler
5006:             1             24  org.springframework.security.web.authentication.session.ChangeSessionIdAuthenticationStrategy
5007:             1             24  org.springframework.security.web.csrf.HttpSessionCsrfTokenRepository
5008:             1             24  org.springframework.security.web.method.annotation.AuthenticationPrincipalArgumentResolver
5009:             1             24  org.springframework.security.web.method.annotation.CurrentSecurityContextArgumentResolver
5010:             1             24  org.springframework.security.web.servlet.support.csrf.CsrfRequestDataValueProcessor
5011:             1             24  org.springframework.security.web.util.matcher.AndRequestMatcher
5012:             1             24  org.springframework.security.web.util.matcher.AntPathRequestMatcher$SubpathMatcher
5013:             1             24  org.springframework.util.ConcurrentLruCache$DrainStatus$1
5014:             1             24  org.springframework.util.ConcurrentLruCache$DrainStatus$2
5015:             1             24  org.springframework.util.ConcurrentLruCache$DrainStatus$3
5016:             1             24  org.springframework.util.ConcurrentLruCache$EvictionQueue
5017:             1             24  org.springframework.validation.DefaultMessageCodesResolver$Format$1
5018:             1             24  org.springframework.validation.DefaultMessageCodesResolver$Format$2
5019:             1             24  org.springframework.validation.beanvalidation.MethodValidationInterceptor
5020:             1             24  org.springframework.vault.authentication.AuthenticationSteps$HttpRequestNode
5021:             1             24  org.springframework.vault.authentication.AuthenticationSteps$MapStep
5022:             1             24  org.springframework.vault.authentication.AuthenticationSteps$SupplierStep
5023:             1             24  org.springframework.vault.authentication.AuthenticationStepsOperator
5024:             1             24  org.springframework.vault.authentication.AuthenticationStepsOperator$Undefinded
5025:             1             24  org.springframework.vault.authentication.KubernetesAuthentication
5026:             1             24  org.springframework.vault.authentication.KubernetesAuthenticationOptions
5027:             1             24  org.springframework.vault.client.ReactiveVaultClients$VaultEndpointProviderAdapter
5028:             1             24  org.springframework.vault.core.ReactiveVaultTemplate
5029:             1             24  org.springframework.vault.core.lease.SecretLeaseEventPublisher$LoggingErrorListener
5030:             1             24  org.springframework.vault.core.util.KeyValueDelegate
5031:             1             24  org.springframework.vault.core.util.KeyValueDelegate$MountInfo
5032:             1             24  org.springframework.vault.support.SslConfiguration$KeyConfiguration
5033:             1             24  org.springframework.vault.support.SslConfiguration$KeyStoreConfiguration
5034:             1             24  org.springframework.web.accept.MappingMediaTypeFileExtensionResolver
5035:             1             24  org.springframework.web.context.support.ServletContextPropertySource
5036:             1             24  org.springframework.web.context.support.ServletContextResource
5037:             1             24  org.springframework.web.context.support.ServletContextResourcePatternResolver
5038:             1             24  org.springframework.web.context.support.ServletContextScope
5039:             1             24  org.springframework.web.method.annotation.HandlerMethodValidator
5040:             1             24  org.springframework.web.method.annotation.RequestHeaderMethodArgumentResolver
5041:             1             24  org.springframework.web.method.support.CompositeUriComponentsContributor
5042:             1             24  org.springframework.web.reactive.function.client.ClientHttpObservationDocumentation$1
5043:             1             24  org.springframework.web.reactive.function.client.ClientHttpObservationDocumentation$HighCardinalityKeyNames$1
5044:             1             24  org.springframework.web.reactive.function.client.ClientHttpObservationDocumentation$HighCardinalityKeyNames$2
5045:             1             24  org.springframework.web.reactive.function.client.ClientHttpObservationDocumentation$LowCardinalityKeyNames$1
5046:             1             24  org.springframework.web.reactive.function.client.ClientHttpObservationDocumentation$LowCardinalityKeyNames$2
5047:             1             24  org.springframework.web.reactive.function.client.ClientHttpObservationDocumentation$LowCardinalityKeyNames$3
5048:             1             24  org.springframework.web.reactive.function.client.ClientHttpObservationDocumentation$LowCardinalityKeyNames$4
5049:             1             24  org.springframework.web.reactive.function.client.ClientHttpObservationDocumentation$LowCardinalityKeyNames$5
5050:             1             24  org.springframework.web.reactive.function.client.ClientHttpObservationDocumentation$LowCardinalityKeyNames$6
5051:             1             24  org.springframework.web.reactive.function.client.DefaultWebClient$DefaultResponseSpec$StatusHandler
5052:             1             24  org.springframework.web.reactive.function.client.ExchangeFunctions$DefaultExchangeFunction$$Lambda$539/0x0000000100489f08
5053:             1             24  org.springframework.web.servlet.function.support.HandlerFunctionAdapter
5054:             1             24  org.springframework.web.servlet.handler.HandlerExceptionResolverComposite
5055:             1             24  org.springframework.web.servlet.i18n.AcceptHeaderLocaleResolver
5056:             1             24  org.springframework.web.servlet.mvc.method.annotation.ReactiveTypeHandler
5057:             1             24  org.springframework.web.servlet.mvc.method.annotation.RequestPartMethodArgumentResolver
5058:             1             24  org.springframework.web.servlet.mvc.method.annotation.ResponseBodyEmitterReturnValueHandler
5059:             1             24  org.springframework.web.servlet.support.SessionFlashMapManager
5060:             1             24  org.springframework.web.servlet.view.ViewResolverComposite
5061:             1             24  org.springframework.web.util.HierarchicalUriComponents$Type$1
5062:             1             24  org.springframework.web.util.HierarchicalUriComponents$Type$10
5063:             1             24  org.springframework.web.util.HierarchicalUriComponents$Type$11
5064:             1             24  org.springframework.web.util.HierarchicalUriComponents$Type$12
5065:             1             24  org.springframework.web.util.HierarchicalUriComponents$Type$2
5066:             1             24  org.springframework.web.util.HierarchicalUriComponents$Type$3
5067:             1             24  org.springframework.web.util.HierarchicalUriComponents$Type$4
5068:             1             24  org.springframework.web.util.HierarchicalUriComponents$Type$5
5069:             1             24  org.springframework.web.util.HierarchicalUriComponents$Type$6
5070:             1             24  org.springframework.web.util.HierarchicalUriComponents$Type$7
5071:             1             24  org.springframework.web.util.HierarchicalUriComponents$Type$8
5072:             1             24  org.springframework.web.util.HierarchicalUriComponents$Type$9
5073:             1             24  org.springframework.web.util.UrlPathHelper$1
5074:             1             24  org.springframework.web.util.pattern.PathPattern$PathMatchInfo
5075:             1             24  org.springframework.web.util.pattern.PathPatternParser$1
5076:             1             24  org.yaml.snakeyaml.external.com.google.gdata.util.common.base.PercentEscaper
5077:             1             24  reactor.core.publisher.MonoError
5078:             1             24  reactor.core.publisher.MonoErrorSupplied
5079:             1             24  reactor.core.publisher.MonoFlatMap$FlatMapInner
5080:             1             24  reactor.core.publisher.MonoSubscribeOnCallable
5081:             1             24  reactor.core.publisher.MonoSupplier
5082:             1             24  reactor.core.publisher.Operators$LiftFunction
5083:             1             24  reactor.core.publisher.SinkEmptyMulticast
5084:             1             24  reactor.core.scheduler.BoundedElasticScheduler$$Lambda$414/0x000000010041bc50
5085:             1             24  reactor.core.scheduler.Schedulers$CachedScheduler
5086:             1             24  reactor.netty.ReactorNetty$ExtractorHandler
5087:             1             24  reactor.netty.http.client.HttpClientState$1
5088:             1             24  reactor.netty.http.client.HttpClientState$2
5089:             1             24  reactor.netty.http.client.HttpClientState$3
5090:             1             24  reactor.netty.http.client.HttpClientState$4
5091:             1             24  reactor.netty.http.client.HttpClientState$5
5092:             1             24  reactor.netty.http.client.HttpClientState$6
5093:             1             24  reactor.netty.http.client.HttpClientState$7
5094:             1             24  reactor.netty.http.client.HttpClientState$8
5095:             1             24  reactor.netty.http.client.HttpConnectionProvider
5096:             1             24  reactor.netty.resources.ColocatedEventLoopGroup
5097:             1             24  reactor.netty.resources.DefaultLoopResources$EventLoopFactory
5098:             1             24  reactor.netty.resources.PooledConnectionProvider$PoolKey
5099:             1             24  reactor.netty.transport.NameResolverProvider$$Lambda$576/0x0000000100518860
5100:             1             24  reactor.netty.transport.NameResolverProvider$$Lambda$577/0x0000000100518ea0
5101:             1             24  sun.management.CompilationImpl (java.management@17.0.13)
5102:             1             24  sun.management.ManagementFactoryHelper$LoggingMXBeanAccess (java.management@17.0.13)
5103:             1             24  sun.management.ManagementFactoryHelper$PlatformLoggingImpl (java.management@17.0.13)
5104:             1             24  sun.management.MemoryImpl (java.management@17.0.13)
5105:             1             24  sun.management.RuntimeImpl (java.management@17.0.13)
5106:             1             24  sun.management.VMManagementImpl (java.management@17.0.13)
5107:             1             24  sun.net.ProgressMonitor (java.base@17.0.13)
5108:             1             24  sun.net.sdp.SdpProvider (java.base@17.0.13)
5109:             1             24  sun.net.www.protocol.http.Handler (java.base@17.0.13)
5110:             1             24  sun.nio.ch.NioSocketImpl$$Lambda$281/0x00000001002cead8 (java.base@17.0.13)
5111:             1             24  sun.nio.cs.ISO_8859_1 (java.base@17.0.13)
5112:             1             24  sun.nio.cs.StandardCharsets (java.base@17.0.13)
5113:             1             24  sun.nio.cs.ThreadLocalCoders$1 (java.base@17.0.13)
5114:             1             24  sun.nio.cs.ThreadLocalCoders$2 (java.base@17.0.13)
5115:             1             24  sun.nio.cs.US_ASCII (java.base@17.0.13)
5116:             1             24  sun.nio.cs.UTF_16 (java.base@17.0.13)
5117:             1             24  sun.nio.cs.UTF_16BE (java.base@17.0.13)
5118:             1             24  sun.nio.cs.UTF_16LE (java.base@17.0.13)
5119:             1             24  sun.nio.cs.UTF_8 (java.base@17.0.13)
5120:             1             24  sun.reflect.annotation.TypeAnnotation$LocationInfo (java.base@17.0.13)
5121:             1             24  sun.security.ec.point.ProjectivePoint$Immutable (jdk.crypto.ec@17.0.13)
5122:             1             24  sun.security.provider.ConfigFile (java.base@17.0.13)
5123:             1             24  sun.security.ssl.SSLKeyExchange (java.base@17.0.13)
5124:             1             24  sun.security.ssl.SSLSocketImpl$AppOutputStream (java.base@17.0.13)
5125:             1             24  sun.security.util.DomainName$Rules (java.base@17.0.13)
5126:             1             24  sun.security.validator.CADistrustPolicy$1 (java.base@17.0.13)
5127:             1             24  sun.security.validator.CADistrustPolicy$2 (java.base@17.0.13)
5128:             1             24  sun.security.x509.IPAddressName (java.base@17.0.13)
5129:             1             24  sun.util.cldr.CLDRCalendarDataProviderImpl (java.base@17.0.13)
5130:             1             24  sun.util.cldr.CLDRTimeZoneNameProviderImpl (java.base@17.0.13)
5131:             1             24  sun.util.locale.BaseLocale$Cache (java.base@17.0.13)
5132:             1             24  sun.util.locale.provider.CalendarProviderImpl (java.base@17.0.13)
5133:             1             24  sun.util.locale.provider.DateFormatSymbolsProviderImpl (java.base@17.0.13)
5134:             1             24  sun.util.locale.provider.DecimalFormatSymbolsProviderImpl (java.base@17.0.13)
5135:             1             24  sun.util.locale.provider.NumberFormatProviderImpl (java.base@17.0.13)
5136:             1             24  sun.util.locale.provider.TimeZoneNameProviderImpl (java.base@17.0.13)
5137:             1             24  uk.co.santander.datadomainclientsplitter.config.SecurityConfig$$SpringCGLIB$$FastClass$$0
5138:             1             24  uk.co.santander.datadomainclientsplitter.config.SecurityConfig$$SpringCGLIB$$FastClass$$1
5139:             1             24  uk.co.santander.datadomainclientsplitter.streamer.ClientSplitterConfluentStreamer$$SpringCGLIB$$FastClass$$0
5140:             1             24  uk.co.santander.datadomainclientsplitter.streamer.ClientSplitterConfluentStreamer$$SpringCGLIB$$FastClass$$1
5141:             1             24  uk.co.santander.datadomainclientsplitter.streamer.ClientSplitterStreamer$$SpringCGLIB$$FastClass$$0
5142:             1             24  uk.co.santander.datadomainclientsplitter.streamer.ClientSplitterStreamer$$SpringCGLIB$$FastClass$$1
5143:             1             16  [Lch.qos.logback.classic.spi.StackTraceElementProxy;
5144:             1             16  [Lch.qos.logback.classic.spi.ThrowableProxy;
5145:             1             16  [Lch.qos.logback.core.filter.Filter;
5146:             1             16  [Lcom.dynatrace.agent.measures.core.AgentMeasurement;
5147:             1             16  [Lcom.fasterxml.classmate.members.RawConstructor;
5148:             1             16  [Lcom.fasterxml.classmate.members.RawField;
5149:             1             16  [Lcom.fasterxml.classmate.members.RawMethod;
5150:             1             16  [Lcom.fasterxml.jackson.databind.AbstractTypeResolver;
5151:             1             16  [Lcom.fasterxml.jackson.databind.util.ClassUtil$Ctor;
5152:             1             16  [Lio.micrometer.common.KeyValue;
5153:             1             16  [Lio.micrometer.common.docs.KeyName;
5154:             1             16  [Lio.micrometer.core.instrument.distribution.CountAtBucket;
5155:             1             16  [Lio.micrometer.core.instrument.distribution.ValueAtPercentile;
5156:             1             16  [Lio.micrometer.observation.Observation$Event;
5157:             1             16  [Lio.netty.handler.codec.dns.DnsRecord;
5158:             1             16  [Lio.netty.util.AsciiString;
5159:             1             16  [Ljava.beans.EventSetDescriptor; (java.desktop@17.0.13)
5160:             1             16  [Ljava.beans.PropertyChangeListener; (java.desktop@17.0.13)
5161:             1             16  [Ljava.beans.PropertyDescriptor; (java.desktop@17.0.13)
5162:             1             16  [Ljava.lang.constant.Constable; (java.base@17.0.13)
5163:             1             16  [Ljava.lang.reflect.AnnotatedType; (java.base@17.0.13)
5164:             1             16  [Ljava.lang.reflect.Constructor; (java.base@17.0.13)
5165:             1             16  [Ljava.security.Provider; (java.base@17.0.13)
5166:             1             16  [Ljava.text.FieldPosition; (java.base@17.0.13)
5167:             1             16  [Ljava.time.LocalDateTime; (java.base@17.0.13)
5168:             1             16  [Ljava.time.zone.ZoneOffsetTransitionRule; (java.base@17.0.13)
5169:             1             16  [Ljava.util.function.Supplier; (java.base@17.0.13)
5170:             1             16  [Ljava.util.logging.Handler; (java.logging@17.0.13)
5171:             1             16  [Ljavax.security.cert.X509Certificate; (java.base@17.0.13)
5172:             1             16  [Lnet.jpountz.lz4.LZ4Constants;
5173:             1             16  [Lnet.jpountz.lz4.LZ4SafeUtils;
5174:             1             16  [Lnet.jpountz.lz4.LZ4UnsafeUtils;
5175:             1             16  [Lnet.jpountz.lz4.LZ4Utils;
5176:             1             16  [Lnet.jpountz.util.Native;
5177:             1             16  [Lnet.jpountz.util.SafeUtils;
5178:             1             16  [Lnet.jpountz.util.UnsafeUtils;
5179:             1             16  [Lnet.jpountz.util.Utils;
5180:             1             16  [Lorg.apache.catalina.core.DefaultInstanceManager$AnnotationCacheEntry;
5181:             1             16  [Lorg.apache.hc.core5.http.Header;
5182:             1             16  [Lorg.apache.hc.core5.http.HeaderElement;
5183:             1             16  [Lorg.apache.hc.core5.util.VersionInfo;
5184:             1             16  [Lorg.apache.kafka.common.header.Header;
5185:             1             16  [Lorg.apache.tomcat.util.descriptor.web.ApplicationParameter;
5186:             1             16  [Lorg.apache.tomcat.util.descriptor.web.SecurityConstraint;
5187:             1             16  [Lorg.apache.tomcat.util.modeler.NotificationInfo;
5188:             1             16  [Lorg.springframework.cloud.stream.binding.BindableProxyFactory;
5189:             1             16  [Lorg.springframework.web.context.request.async.CallableProcessingInterceptor;
5190:             1             16  [Lorg.springframework.web.context.request.async.DeferredResultProcessingInterceptor;
5191:             1             16  [Lsun.reflect.annotation.TypeAnnotation$LocationInfo$Location; (java.base@17.0.13)
5192:             1             16  brave.CurrentSpanCustomizer
5193:             1             16  brave.Tags$1
5194:             1             16  brave.Tags$2
5195:             1             16  brave.baggage.BaggageFields$ParentId
5196:             1             16  brave.baggage.BaggageFields$Sampled
5197:             1             16  brave.baggage.BaggageFields$SpanId
5198:             1             16  brave.baggage.BaggageFields$TraceId
5199:             1             16  brave.handler.MutableSpanBytesEncoder$ZipkinJsonV2
5200:             1             16  brave.handler.SpanHandler$1
5201:             1             16  brave.internal.Platform$Jre9
5202:             1             16  brave.internal.Platform$Jre9$1
5203:             1             16  brave.internal.codec.ZipkinV2JsonWriter
5204:             1             16  brave.internal.propagation.InjectorFactory$InjectorFunction$1
5205:             1             16  brave.propagation.CurrentTraceContext$Scope$1
5206:             1             16  brave.propagation.CurrentTraceContext$ScopeDecorator$1
5207:             1             16  brave.propagation.SamplingFlags$1
5208:             1             16  brave.propagation.ThreadLocalCurrentTraceContext$RevertToNullScope
5209:             1             16  brave.sampler.Sampler$1
5210:             1             16  brave.sampler.Sampler$2
5211:             1             16  ch.qos.logback.classic.joran.JoranConfigurator$$Lambda$725/0x0000000100619c80
5212:             1             16  ch.qos.logback.classic.joran.JoranConfigurator$$Lambda$726/0x0000000100619ea0
5213:             1             16  ch.qos.logback.classic.joran.JoranConfigurator$$Lambda$727/0x000000010061a0c0
5214:             1             16  ch.qos.logback.classic.joran.JoranConfigurator$$Lambda$728/0x000000010061a2e0
5215:             1             16  ch.qos.logback.classic.joran.JoranConfigurator$$Lambda$729/0x000000010061a500
5216:             1             16  ch.qos.logback.classic.joran.JoranConfigurator$$Lambda$730/0x000000010061a720
5217:             1             16  ch.qos.logback.classic.joran.JoranConfigurator$$Lambda$731/0x000000010061a940
5218:             1             16  ch.qos.logback.classic.joran.JoranConfigurator$$Lambda$732/0x000000010061ab60
5219:             1             16  ch.qos.logback.classic.joran.JoranConfigurator$$Lambda$733/0x000000010061ad80
5220:             1             16  ch.qos.logback.classic.joran.JoranConfigurator$$Lambda$734/0x000000010061afa0
5221:             1             16  ch.qos.logback.classic.joran.JoranConfigurator$$Lambda$735/0x000000010061b1c0
5222:             1             16  ch.qos.logback.classic.joran.JoranConfigurator$$Lambda$736/0x000000010061b3e0
5223:             1             16  ch.qos.logback.classic.joran.JoranConfigurator$$Lambda$737/0x000000010061b600
5224:             1             16  ch.qos.logback.classic.joran.JoranConfigurator$$Lambda$738/0x000000010061b820
5225:             1             16  ch.qos.logback.classic.joran.JoranConfigurator$$Lambda$751/0x0000000100629658
5226:             1             16  ch.qos.logback.classic.joran.ModelClassToModelHandlerLinker$$Lambda$769/0x00000001006302e0
5227:             1             16  ch.qos.logback.classic.joran.ModelClassToModelHandlerLinker$$Lambda$770/0x0000000100630aa8
5228:             1             16  ch.qos.logback.classic.joran.ModelClassToModelHandlerLinker$$Lambda$771/0x00000001006312e0
5229:             1             16  ch.qos.logback.classic.joran.ModelClassToModelHandlerLinker$$Lambda$772/0x0000000100631ac0
5230:             1             16  ch.qos.logback.classic.joran.ModelClassToModelHandlerLinker$$Lambda$773/0x0000000100631fc8
5231:             1             16  ch.qos.logback.classic.joran.ModelClassToModelHandlerLinker$$Lambda$774/0x0000000100632728
5232:             1             16  ch.qos.logback.classic.joran.ModelClassToModelHandlerLinker$$Lambda$775/0x0000000100632c30
5233:             1             16  ch.qos.logback.classic.joran.ModelClassToModelHandlerLinker$$Lambda$776/0x0000000100633138
5234:             1             16  ch.qos.logback.classic.joran.ModelClassToModelHandlerLinker$$Lambda$777/0x00000001006338f0
5235:             1             16  ch.qos.logback.classic.joran.ModelClassToModelHandlerLinker$$Lambda$778/0x0000000100633b10
5236:             1             16  ch.qos.logback.classic.joran.ModelClassToModelHandlerLinker$$Lambda$779/0x0000000100633d38
5237:             1             16  ch.qos.logback.classic.joran.ModelClassToModelHandlerLinker$$Lambda$780/0x0000000100633f60
5238:             1             16  ch.qos.logback.classic.joran.ModelClassToModelHandlerLinker$$Lambda$781/0x0000000100634188
5239:             1             16  ch.qos.logback.core.LifeCycleManager
5240:             1             16  ch.qos.logback.core.joran.JoranConfiguratorBase$$Lambda$704/0x0000000100610898
5241:             1             16  ch.qos.logback.core.joran.JoranConfiguratorBase$$Lambda$705/0x0000000100610ab8
5242:             1             16  ch.qos.logback.core.joran.JoranConfiguratorBase$$Lambda$706/0x0000000100610cd8
5243:             1             16  ch.qos.logback.core.joran.JoranConfiguratorBase$$Lambda$707/0x00000001006114c0
5244:             1             16  ch.qos.logback.core.joran.JoranConfiguratorBase$$Lambda$708/0x0000000100611d10
5245:             1             16  ch.qos.logback.core.joran.JoranConfiguratorBase$$Lambda$709/0x00000001006127b8
5246:             1             16  ch.qos.logback.core.joran.JoranConfiguratorBase$$Lambda$710/0x0000000100612fa8
5247:             1             16  ch.qos.logback.core.joran.JoranConfiguratorBase$$Lambda$711/0x0000000100613790
5248:             1             16  ch.qos.logback.core.joran.JoranConfiguratorBase$$Lambda$712/0x00000001006142b8
5249:             1             16  ch.qos.logback.core.joran.JoranConfiguratorBase$$Lambda$713/0x0000000100614ae0
5250:             1             16  ch.qos.logback.core.joran.JoranConfiguratorBase$$Lambda$714/0x0000000100614ff8
5251:             1             16  ch.qos.logback.core.joran.JoranConfiguratorBase$$Lambda$715/0x0000000100615808
5252:             1             16  ch.qos.logback.core.joran.JoranConfiguratorBase$$Lambda$716/0x0000000100615ff8
5253:             1             16  ch.qos.logback.core.joran.JoranConfiguratorBase$$Lambda$717/0x0000000100616820
5254:             1             16  ch.qos.logback.core.joran.JoranConfiguratorBase$$Lambda$718/0x0000000100616cf8
5255:             1             16  ch.qos.logback.core.joran.JoranConfiguratorBase$$Lambda$719/0x0000000100617218
5256:             1             16  ch.qos.logback.core.joran.JoranConfiguratorBase$$Lambda$720/0x0000000100617a38
5257:             1             16  ch.qos.logback.core.joran.JoranConfiguratorBase$$Lambda$721/0x00000001006182d8
5258:             1             16  ch.qos.logback.core.joran.JoranConfiguratorBase$$Lambda$722/0x0000000100618ab0
5259:             1             16  ch.qos.logback.core.joran.JoranConfiguratorBase$$Lambda$723/0x0000000100619288
5260:             1             16  ch.qos.logback.core.joran.JoranConfiguratorBase$$Lambda$724/0x0000000100619a60
5261:             1             16  ch.qos.logback.core.joran.JoranConfiguratorBase$$Lambda$741/0x000000010061e040
5262:             1             16  ch.qos.logback.core.joran.ModelClassToModelHandlerLinkerBase$$Lambda$752/0x0000000100629b60
5263:             1             16  ch.qos.logback.core.joran.ModelClassToModelHandlerLinkerBase$$Lambda$753/0x000000010062a268
5264:             1             16  ch.qos.logback.core.joran.ModelClassToModelHandlerLinkerBase$$Lambda$754/0x000000010062a770
5265:             1             16  ch.qos.logback.core.joran.ModelClassToModelHandlerLinkerBase$$Lambda$755/0x000000010062ac70
5266:             1             16  ch.qos.logback.core.joran.ModelClassToModelHandlerLinkerBase$$Lambda$756/0x000000010062b178
5267:             1             16  ch.qos.logback.core.joran.ModelClassToModelHandlerLinkerBase$$Lambda$757/0x000000010062b678
5268:             1             16  ch.qos.logback.core.joran.ModelClassToModelHandlerLinkerBase$$Lambda$758/0x000000010062bb80
5269:             1             16  ch.qos.logback.core.joran.ModelClassToModelHandlerLinkerBase$$Lambda$759/0x000000010062c400
5270:             1             16  ch.qos.logback.core.joran.ModelClassToModelHandlerLinkerBase$$Lambda$760/0x000000010062c900
5271:             1             16  ch.qos.logback.core.joran.ModelClassToModelHandlerLinkerBase$$Lambda$761/0x000000010062ce00
5272:             1             16  ch.qos.logback.core.joran.ModelClassToModelHandlerLinkerBase$$Lambda$762/0x000000010062d300
5273:             1             16  ch.qos.logback.core.joran.ModelClassToModelHandlerLinkerBase$$Lambda$763/0x000000010062d808
5274:             1             16  ch.qos.logback.core.joran.ModelClassToModelHandlerLinkerBase$$Lambda$764/0x000000010062e378
5275:             1             16  ch.qos.logback.core.joran.ModelClassToModelHandlerLinkerBase$$Lambda$765/0x000000010062e878
5276:             1             16  ch.qos.logback.core.joran.ModelClassToModelHandlerLinkerBase$$Lambda$766/0x000000010062ed78
5277:             1             16  ch.qos.logback.core.joran.ModelClassToModelHandlerLinkerBase$$Lambda$767/0x000000010062f278
5278:             1             16  ch.qos.logback.core.joran.ModelClassToModelHandlerLinkerBase$$Lambda$768/0x000000010062f978
5279:             1             16  ch.qos.logback.core.joran.spi.ConfigurationWatchList$$Lambda$797/0x0000000100645b60
5280:             1             16  ch.qos.logback.core.joran.spi.ConfigurationWatchList$$Lambda$798/0x0000000100645da0
5281:             1             16  ch.qos.logback.core.joran.spi.ConsoleTarget$1
5282:             1             16  ch.qos.logback.core.joran.spi.ConsoleTarget$2
5283:             1             16  ch.qos.logback.core.joran.util.ConfigurationWatchListUtil
5284:             1             16  ch.qos.logback.core.model.processor.AllowAllModelFilter
5285:             1             16  ch.qos.logback.core.model.processor.DenyAllModelFilter
5286:             1             16  ch.qos.logback.core.spi.AppenderAttachableImpl
5287:             1             16  ch.qos.logback.core.spi.FilterAttachableImpl
5288:             1             16  com.dynatrace.agent.AgentNative
5289:             1             16  com.dynatrace.agent.AggregationFlagSensorConfigurationChangeListener
5290:             1             16  com.dynatrace.agent.AlertSubmitterNative
5291:             1             16  com.dynatrace.agent.CorrelationNative
5292:             1             16  com.dynatrace.agent.JvmNative
5293:             1             16  com.dynatrace.agent.Logger$AgentNativeLogger
5294:             1             16  com.dynatrace.agent.ServerIdLogicNative
5295:             1             16  com.dynatrace.agent.UemNative
5296:             1             16  com.dynatrace.agent.config.core.ConfigHub$ConfigData
5297:             1             16  com.dynatrace.agent.config.nativeapi.ConfigInterfaceNative
5298:             1             16  com.dynatrace.agent.constants.MatchType$1
5299:             1             16  com.dynatrace.agent.constants.MatchType$2
5300:             1             16  com.dynatrace.agent.constants.MatchType$3
5301:             1             16  com.dynatrace.agent.constants.MatchType$4
5302:             1             16  com.dynatrace.agent.introspection.DefaultIntrospection$3
5303:             1             16  com.dynatrace.agent.introspection.agentcore.AgentCoreIntrospection
5304:             1             16  com.dynatrace.agent.introspection.agentcore.ApacheHttpClientTechnologyDetector
5305:             1             16  com.dynatrace.agent.introspection.agentcore.KafkaVersionDetection$KafkaConsumerVersionDetector
5306:             1             16  com.dynatrace.agent.introspection.agentcore.KafkaVersionDetection$KafkaProducerVersionDetector
5307:             1             16  com.dynatrace.agent.introspection.agentcore.TechnologyDetectionIntrospection
5308:             1             16  com.dynatrace.agent.introspection.casp.flawfinder.attacks.protocol.FlawFinderNative$FlawFinderNativeWrapper
5309:             1             16  com.dynatrace.agent.introspection.exception.ExceptionIntrospection
5310:             1             16  com.dynatrace.agent.introspection.exception.rules.ExceptionRuleMatcher
5311:             1             16  com.dynatrace.agent.introspection.http.ApacheHttp5xIntrospection
5312:             1             16  com.dynatrace.agent.introspection.http.MapEntryAccessor
5313:             1             16  com.dynatrace.agent.introspection.http.ThreadSafeHttpUrlConnectionIntrospection
5314:             1             16  com.dynatrace.agent.introspection.http.WebFluxClientIntrospection
5315:             1             16  com.dynatrace.agent.introspection.messaging.jms.JmsReceiveEntrypointIntrospection
5316:             1             16  com.dynatrace.agent.introspection.messaging.jms.JmsReceiveEntrypointSensor$1
5317:             1             16  com.dynatrace.agent.introspection.messaging.kafka.KafkaIntrospection
5318:             1             16  com.dynatrace.agent.introspection.messaging.kafka.KafkaReceiveEntrypointSensor$1
5319:             1             16  com.dynatrace.agent.introspection.metrics.MetricsIntrospection
5320:             1             16  com.dynatrace.agent.introspection.netty.NettyIntrospection
5321:             1             16  com.dynatrace.agent.introspection.servlet.ServletIntrospection
5322:             1             16  com.dynatrace.agent.introspection.servlet.ServletScaLookup
5323:             1             16  com.dynatrace.agent.introspection.threading.ThreadingIntrospection
5324:             1             16  com.dynatrace.agent.introspection.uem.DomainMatchesPattern
5325:             1             16  com.dynatrace.agent.introspection.uem.WSLibertyApplicationContextHandler
5326:             1             16  com.dynatrace.agent.introspection.uem.statecookie.StateCookieSerializerV3
5327:             1             16  com.dynatrace.agent.introspection.uem.statecookie.StateCookieSerializerV4
5328:             1             16  com.dynatrace.agent.introspection.webservice.SpringRestWebserviceIntrospection
5329:             1             16  com.dynatrace.agent.introspection.webservice.WebserviceIntrospection
5330:             1             16  com.dynatrace.agent.measures.jmx.MBeanServerProxy$ExecutionStrategyUsingClassLoaderOfMBeanServer
5331:             1             16  com.dynatrace.agent.measures.jmx.MBeanServerProxy$ExecutionStrategyUsingClassloaderOfCurrentThread
5332:             1             16  com.dynatrace.agent.measures.jmx.MBeanServerProxy$ExecutionStrategyUsingClassloaderOfMBean
5333:             1             16  com.dynatrace.agent.util.BasicStringMatcher
5334:             1             16  com.dynatrace.agent.util.SingleCharMatcher
5335:             1             16  com.dynatrace.agent.util.StringMurmur2HashCache
5336:             1             16  com.dynatrace.agent.util.reflector.CachingReflector$1
5337:             1             16  com.dynatrace.agent.util.reflector.ExceptionBasedReflector
5338:             1             16  com.dynatrace.agent.util.reflector.Reflector
5339:             1             16  com.dynatrace.agent.util.reflector.Reflector$PublicOnly
5340:             1             16  com.dynatrace.agent.util.reflector.ReflectorUtils$1
5341:             1             16  com.dynatrace.agent.util.reflector.ReflectorUtils$2
5342:             1             16  com.dynatrace.agent.util.reflector.supplier.ReflectorSupplier
5343:             1             16  com.dynatrace.agent.util.reflector.supplier.ReflectorSuppliers$2
5344:             1             16  com.fasterxml.classmate.TypeResolver
5345:             1             16  com.fasterxml.jackson.annotation.JsonIncludeProperties$Value
5346:             1             16  com.fasterxml.jackson.core.StreamWriteConstraints
5347:             1             16  com.fasterxml.jackson.core.io.JsonStringEncoder
5348:             1             16  com.fasterxml.jackson.core.util.DefaultPrettyPrinter$FixedSpaceIndenter
5349:             1             16  com.fasterxml.jackson.core.util.DefaultPrettyPrinter$NopIndenter
5350:             1             16  com.fasterxml.jackson.core.util.JsonRecyclerPools$NonRecyclingPool
5351:             1             16  com.fasterxml.jackson.core.util.JsonRecyclerPools$ThreadLocalPool
5352:             1             16  com.fasterxml.jackson.databind.deser.impl.JDKValueInstantiators$ArrayListInstantiator
5353:             1             16  com.fasterxml.jackson.databind.deser.impl.JDKValueInstantiators$LinkedHashMapInstantiator
5354:             1             16  com.fasterxml.jackson.databind.deser.std.StdKeyDeserializers
5355:             1             16  com.fasterxml.jackson.databind.ext.Java7HandlersImpl
5356:             1             16  com.fasterxml.jackson.databind.ext.Java7SupportImpl
5357:             1             16  com.fasterxml.jackson.databind.introspect.AnnotationCollector$EmptyCollector
5358:             1             16  com.fasterxml.jackson.databind.introspect.AnnotationCollector$NoAnnotations
5359:             1             16  com.fasterxml.jackson.databind.introspect.NopAnnotationIntrospector$1
5360:             1             16  com.fasterxml.jackson.databind.jsontype.impl.LaissezFaireSubTypeValidator
5361:             1             16  com.fasterxml.jackson.databind.jsontype.impl.SubTypeValidator
5362:             1             16  com.fasterxml.jackson.databind.node.JsonNodeFactory
5363:             1             16  com.fasterxml.jackson.databind.node.NullNode
5364:             1             16  com.fasterxml.jackson.databind.node.TextNode
5365:             1             16  com.fasterxml.jackson.databind.ser.impl.UnknownSerializer
5366:             1             16  com.fasterxml.jackson.databind.ser.std.NullSerializer
5367:             1             16  com.fasterxml.jackson.databind.ser.std.SerializableSerializer
5368:             1             16  com.fasterxml.jackson.databind.ser.std.StdKeySerializer
5369:             1             16  com.fasterxml.jackson.databind.ser.std.StdKeySerializers$StringKeySerializer
5370:             1             16  com.fasterxml.jackson.databind.ser.std.StringSerializer
5371:             1             16  com.fasterxml.jackson.databind.util.NameTransformer$NopTransformer
5372:             1             16  com.fasterxml.jackson.databind.util.ViewMatcher
5373:             1             16  com.fasterxml.jackson.datatype.jdk8.Jdk8Module
5374:             1             16  com.fasterxml.jackson.datatype.jsr310.deser.InstantDeserializer$$Lambda$233/0x00000001002946b0
5375:             1             16  com.fasterxml.jackson.datatype.jsr310.deser.InstantDeserializer$$Lambda$234/0x0000000100294b00
5376:             1             16  com.fasterxml.jackson.datatype.jsr310.deser.InstantDeserializer$$Lambda$235/0x0000000100294f50
5377:             1             16  com.fasterxml.jackson.datatype.jsr310.deser.InstantDeserializer$$Lambda$236/0x0000000100295190
5378:             1             16  com.fasterxml.jackson.datatype.jsr310.deser.InstantDeserializer$$Lambda$237/0x00000001002953c0
5379:             1             16  com.fasterxml.jackson.datatype.jsr310.deser.InstantDeserializer$$Lambda$238/0x0000000100295600
5380:             1             16  com.fasterxml.jackson.datatype.jsr310.deser.InstantDeserializer$$Lambda$239/0x0000000100295840
5381:             1             16  com.fasterxml.jackson.datatype.jsr310.deser.InstantDeserializer$$Lambda$240/0x0000000100295a80
5382:             1             16  com.fasterxml.jackson.datatype.jsr310.deser.InstantDeserializer$$Lambda$241/0x0000000100295cb0
5383:             1             16  com.fasterxml.jackson.datatype.jsr310.deser.InstantDeserializer$$Lambda$242/0x0000000100295ef0
5384:             1             16  com.fasterxml.jackson.datatype.jsr310.deser.InstantDeserializer$$Lambda$243/0x0000000100296130
5385:             1             16  com.fasterxml.jackson.datatype.jsr310.deser.InstantDeserializer$$Lambda$244/0x0000000100296370
5386:             1             16  com.fasterxml.jackson.datatype.jsr310.deser.key.DurationKeyDeserializer
5387:             1             16  com.fasterxml.jackson.datatype.jsr310.deser.key.InstantKeyDeserializer
5388:             1             16  com.fasterxml.jackson.datatype.jsr310.deser.key.LocalDateKeyDeserializer
5389:             1             16  com.fasterxml.jackson.datatype.jsr310.deser.key.LocalDateTimeKeyDeserializer
5390:             1             16  com.fasterxml.jackson.datatype.jsr310.deser.key.LocalTimeKeyDeserializer
5391:             1             16  com.fasterxml.jackson.datatype.jsr310.deser.key.MonthDayKeyDeserializer
5392:             1             16  com.fasterxml.jackson.datatype.jsr310.deser.key.OffsetDateTimeKeyDeserializer
5393:             1             16  com.fasterxml.jackson.datatype.jsr310.deser.key.OffsetTimeKeyDeserializer
5394:             1             16  com.fasterxml.jackson.datatype.jsr310.deser.key.PeriodKeyDeserializer
5395:             1             16  com.fasterxml.jackson.datatype.jsr310.deser.key.YearKeyDeserializer
5396:             1             16  com.fasterxml.jackson.datatype.jsr310.deser.key.YearMonthKeyDeserializer
5397:             1             16  com.fasterxml.jackson.datatype.jsr310.deser.key.ZoneIdKeyDeserializer
5398:             1             16  com.fasterxml.jackson.datatype.jsr310.deser.key.ZoneOffsetKeyDeserializer
5399:             1             16  com.fasterxml.jackson.datatype.jsr310.deser.key.ZonedDateTimeKeyDeserializer
5400:             1             16  com.fasterxml.jackson.datatype.jsr310.ser.InstantSerializer$$Lambda$245/0x0000000100297c48
5401:             1             16  com.fasterxml.jackson.datatype.jsr310.ser.InstantSerializer$$Lambda$246/0x000000010029c000
5402:             1             16  com.fasterxml.jackson.datatype.jsr310.ser.InstantSerializer$$Lambda$247/0x000000010029c220
5403:             1             16  com.fasterxml.jackson.datatype.jsr310.ser.OffsetDateTimeSerializer$$Lambda$248/0x000000010029c440
5404:             1             16  com.fasterxml.jackson.datatype.jsr310.ser.OffsetDateTimeSerializer$$Lambda$249/0x000000010029c660
5405:             1             16  com.fasterxml.jackson.datatype.jsr310.ser.OffsetDateTimeSerializer$$Lambda$250/0x000000010029c880
5406:             1             16  com.fasterxml.jackson.datatype.jsr310.ser.ZonedDateTimeSerializer$$Lambda$251/0x000000010029caa0
5407:             1             16  com.fasterxml.jackson.datatype.jsr310.ser.ZonedDateTimeSerializer$$Lambda$252/0x000000010029ccc0
5408:             1             16  com.fasterxml.jackson.datatype.jsr310.ser.ZonedDateTimeSerializer$$Lambda$253/0x000000010029cee0
5409:             1             16  com.fasterxml.jackson.datatype.jsr310.ser.key.ZonedDateTimeKeySerializer
5410:             1             16  com.nimbusds.jose.crypto.factories.DefaultJWEDecrypterFactory
5411:             1             16  com.nimbusds.jose.crypto.factories.DefaultJWSVerifierFactory
5412:             1             16  com.sun.beans.WeakCache (java.desktop@17.0.13)
5413:             1             16  com.sun.jmx.interceptor.DefaultMBeanServerInterceptor$ResourceContext$1 (java.management@17.0.13)
5414:             1             16  com.sun.jmx.mbeanserver.DefaultMXBeanMappingFactory (java.management@17.0.13)
5415:             1             16  com.sun.jmx.mbeanserver.DescriptorCache (java.management@17.0.13)
5416:             1             16  com.sun.jmx.mbeanserver.MBeanAnalyzer$MethodOrder (java.management@17.0.13)
5417:             1             16  com.sun.jmx.mbeanserver.MBeanInstantiator (java.management@17.0.13)
5418:             1             16  com.sun.jmx.mbeanserver.MXBeanIntrospector (java.management@17.0.13)
5419:             1             16  com.sun.jmx.mbeanserver.SecureClassLoaderRepository (java.management@17.0.13)
5420:             1             16  com.sun.jmx.mbeanserver.StandardMBeanIntrospector (java.management@17.0.13)
5421:             1             16  com.sun.management.internal.HotSpotDiagnostic (jdk.management@17.0.13)
5422:             1             16  com.sun.management.internal.PlatformMBeanProviderImpl (jdk.management@17.0.13)
5423:             1             16  com.sun.management.internal.PlatformMBeanProviderImpl$$Lambda$1335/0x0000000100759ad0 (jdk.management@17.0.13)
5424:             1             16  com.sun.naming.internal.VersionHelper (java.naming@17.0.13)
5425:             1             16  com.sun.naming.internal.VersionHelper$$Lambda$102/0x000000010016b300 (java.naming@17.0.13)
5426:             1             16  com.sun.naming.internal.VersionHelper$$Lambda$103/0x000000010016b520 (java.naming@17.0.13)
5427:             1             16  com.sun.naming.internal.VersionHelper$$Lambda$104/0x000000010016b740 (java.naming@17.0.13)
5428:             1             16  com.sun.org.apache.xerces.internal.impl.dv.dtd.IDDatatypeValidator (java.xml@17.0.13)
5429:             1             16  com.sun.org.apache.xerces.internal.impl.dv.dtd.IDREFDatatypeValidator (java.xml@17.0.13)
5430:             1             16  com.sun.org.apache.xerces.internal.impl.dv.dtd.NMTOKENDatatypeValidator (java.xml@17.0.13)
5431:             1             16  com.sun.org.apache.xerces.internal.impl.dv.dtd.NOTATIONDatatypeValidator (java.xml@17.0.13)
5432:             1             16  com.sun.org.apache.xerces.internal.impl.dv.dtd.StringDatatypeValidator (java.xml@17.0.13)
5433:             1             16  io.micrometer.common.util.internal.logging.Slf4JLoggerFactory
5434:             1             16  io.micrometer.context.DefaultContextSnapshot$DefaultScope$$Lambda$2773/0x0000000100caf538
5435:             1             16  io.micrometer.context.DefaultContextSnapshotFactory$Builder$$Lambda$2768/0x0000000100caa4e8
5436:             1             16  io.micrometer.core.instrument.Clock$1
5437:             1             16  io.micrometer.core.instrument.Gauge$$Lambda$2047/0x0000000100b6cc00
5438:             1             16  io.micrometer.core.instrument.MeterRegistry$$Lambda$1219/0x0000000100904b58
5439:             1             16  io.micrometer.core.instrument.MeterRegistry$$Lambda$1220/0x0000000100904d98
5440:             1             16  io.micrometer.core.instrument.MeterRegistry$$Lambda$1221/0x0000000100904fe0
5441:             1             16  io.micrometer.core.instrument.MeterRegistry$$Lambda$1629/0x0000000100a09000
5442:             1             16  io.micrometer.core.instrument.MeterRegistry$$Lambda$2028/0x0000000100b6e2c8
5443:             1             16  io.micrometer.core.instrument.MeterRegistry$$Lambda$2072/0x0000000100b77ce8
5444:             1             16  io.micrometer.core.instrument.MeterRegistry$$Lambda$2306/0x0000000100c1eb40
5445:             1             16  io.micrometer.core.instrument.MeterRegistry$More$$Lambda$1625/0x0000000100a0a790
5446:             1             16  io.micrometer.core.instrument.MeterRegistry$More$$Lambda$2051/0x0000000100b70de0
5447:             1             16  io.micrometer.core.instrument.MeterRegistry$More$$Lambda$2150/0x0000000100bb4f08
5448:             1             16  io.micrometer.core.instrument.Metrics$More
5449:             1             16  io.micrometer.core.instrument.Tags$$Lambda$2719/0x0000000100c81aa8
5450:             1             16  io.micrometer.core.instrument.TimeGauge$$Lambda$2397/0x0000000100c2fde0
5451:             1             16  io.micrometer.core.instrument.binder.jvm.ClassLoaderMetrics
5452:             1             16  io.micrometer.core.instrument.binder.jvm.ClassLoaderMetrics$$Lambda$2044/0x0000000100b6d888
5453:             1             16  io.micrometer.core.instrument.binder.jvm.ClassLoaderMetrics$$Lambda$2045/0x0000000100b6daa8
5454:             1             16  io.micrometer.core.instrument.binder.jvm.ExecutorServiceMetrics$$Lambda$1623/0x0000000100a0f5b0
5455:             1             16  io.micrometer.core.instrument.binder.jvm.ExecutorServiceMetrics$$Lambda$1627/0x0000000100a0b4a8
5456:             1             16  io.micrometer.core.instrument.binder.jvm.ExecutorServiceMetrics$$Lambda$1630/0x0000000100a094e0
5457:             1             16  io.micrometer.core.instrument.binder.jvm.ExecutorServiceMetrics$$Lambda$1631/0x0000000100a09700
5458:             1             16  io.micrometer.core.instrument.binder.jvm.ExecutorServiceMetrics$$Lambda$1632/0x0000000100a09920
5459:             1             16  io.micrometer.core.instrument.binder.jvm.ExecutorServiceMetrics$$Lambda$1633/0x0000000100a09b40
5460:             1             16  io.micrometer.core.instrument.binder.jvm.ExecutorServiceMetrics$$Lambda$1634/0x0000000100a09d60
5461:             1             16  io.micrometer.core.instrument.binder.jvm.JvmCompilationMetrics
5462:             1             16  io.micrometer.core.instrument.binder.jvm.JvmCompilationMetrics$$Lambda$2048/0x0000000100b70230
5463:             1             16  io.micrometer.core.instrument.binder.jvm.JvmGcMetrics$$Lambda$2019/0x0000000100b6b1c8
5464:             1             16  io.micrometer.core.instrument.binder.jvm.JvmGcMetrics$$Lambda$2024/0x0000000100b6b3e8
5465:             1             16  io.micrometer.core.instrument.binder.jvm.JvmGcMetrics$$Lambda$2025/0x0000000100b6b608
5466:             1             16  io.micrometer.core.instrument.binder.jvm.JvmGcMetrics$$Lambda$2026/0x0000000100b6b828
5467:             1             16  io.micrometer.core.instrument.binder.jvm.JvmGcMetrics$$Lambda$2029/0x0000000100b6e7c8
5468:             1             16  io.micrometer.core.instrument.binder.jvm.JvmHeapPressureMetrics$$Lambda$1608/0x0000000100a0d3a0
5469:             1             16  io.micrometer.core.instrument.binder.jvm.JvmHeapPressureMetrics$$Lambda$1610/0x0000000100a0d808
5470:             1             16  io.micrometer.core.instrument.binder.jvm.JvmHeapPressureMetrics$$Lambda$2031/0x0000000100b6ec10
5471:             1             16  io.micrometer.core.instrument.binder.jvm.JvmHeapPressureMetrics$$Lambda$2032/0x0000000100b6ee30
5472:             1             16  io.micrometer.core.instrument.binder.jvm.JvmInfoMetrics
5473:             1             16  io.micrometer.core.instrument.binder.jvm.JvmInfoMetrics$$Lambda$2046/0x0000000100b6dcc8
5474:             1             16  io.micrometer.core.instrument.binder.jvm.JvmMemory$$Lambda$1606/0x0000000100a0cf00
5475:             1             16  io.micrometer.core.instrument.binder.jvm.JvmMemory$$Lambda$1607/0x0000000100a0d150
5476:             1             16  io.micrometer.core.instrument.binder.jvm.JvmMemoryMetrics
5477:             1             16  io.micrometer.core.instrument.binder.jvm.JvmMemoryMetrics$$Lambda$2033/0x0000000100b6f058
5478:             1             16  io.micrometer.core.instrument.binder.jvm.JvmMemoryMetrics$$Lambda$2034/0x0000000100b6f278
5479:             1             16  io.micrometer.core.instrument.binder.jvm.JvmMemoryMetrics$$Lambda$2035/0x0000000100b6f498
5480:             1             16  io.micrometer.core.instrument.binder.jvm.JvmMemoryMetrics$$Lambda$2036/0x0000000100b6f6b8
5481:             1             16  io.micrometer.core.instrument.binder.jvm.JvmMemoryMetrics$$Lambda$2037/0x0000000100b6f8d8
5482:             1             16  io.micrometer.core.instrument.binder.jvm.JvmMemoryMetrics$$Lambda$2038/0x0000000100b6faf8
5483:             1             16  io.micrometer.core.instrument.binder.jvm.JvmThreadMetrics
5484:             1             16  io.micrometer.core.instrument.binder.jvm.JvmThreadMetrics$$Lambda$2039/0x0000000100b6fd18
5485:             1             16  io.micrometer.core.instrument.binder.jvm.JvmThreadMetrics$$Lambda$2040/0x0000000100b6d000
5486:             1             16  io.micrometer.core.instrument.binder.jvm.JvmThreadMetrics$$Lambda$2041/0x0000000100b6d220
5487:             1             16  io.micrometer.core.instrument.binder.jvm.JvmThreadMetrics$$Lambda$2042/0x0000000100b6d440
5488:             1             16  io.micrometer.core.instrument.binder.kafka.KafkaMetrics$$Lambda$2320/0x0000000100c1ad88
5489:             1             16  io.micrometer.core.instrument.binder.kafka.KafkaMetrics$$Lambda$2323/0x0000000100c1b200
5490:             1             16  io.micrometer.core.instrument.binder.logging.LogbackMetrics$1
5491:             1             16  io.micrometer.core.instrument.binder.system.DiskSpaceMetrics$$Lambda$2062/0x0000000100b72ab8
5492:             1             16  io.micrometer.core.instrument.binder.system.DiskSpaceMetrics$$Lambda$2063/0x0000000100b72cd8
5493:             1             16  io.micrometer.core.instrument.binder.system.FileDescriptorMetrics$$Lambda$2059/0x0000000100b72200
5494:             1             16  io.micrometer.core.instrument.binder.system.FileDescriptorMetrics$$Lambda$2060/0x0000000100b72428
5495:             1             16  io.micrometer.core.instrument.binder.system.ProcessorMetrics$$Lambda$2054/0x0000000100b71748
5496:             1             16  io.micrometer.core.instrument.binder.system.ProcessorMetrics$$Lambda$2055/0x0000000100b71968
5497:             1             16  io.micrometer.core.instrument.binder.system.ProcessorMetrics$$Lambda$2056/0x0000000100b71b88
5498:             1             16  io.micrometer.core.instrument.binder.system.ProcessorMetrics$$Lambda$2057/0x0000000100b71db0
5499:             1             16  io.micrometer.core.instrument.binder.system.ProcessorMetrics$$Lambda$2058/0x0000000100b71fd8
5500:             1             16  io.micrometer.core.instrument.binder.system.UptimeMetrics$$Lambda$2049/0x0000000100b70450
5501:             1             16  io.micrometer.core.instrument.binder.system.UptimeMetrics$$Lambda$2053/0x0000000100b71528
5502:             1             16  io.micrometer.core.instrument.binder.tomcat.TomcatMetrics$$Lambda$2403/0x0000000100c308d0
5503:             1             16  io.micrometer.core.instrument.binder.tomcat.TomcatMetrics$$Lambda$2404/0x0000000100c30af0
5504:             1             16  io.micrometer.core.instrument.binder.tomcat.TomcatMetrics$$Lambda$2405/0x0000000100c30d10
5505:             1             16  io.micrometer.core.instrument.binder.tomcat.TomcatMetrics$$Lambda$2406/0x0000000100c30f30
5506:             1             16  io.micrometer.core.instrument.binder.tomcat.TomcatMetrics$$Lambda$2407/0x0000000100c31150
5507:             1             16  io.micrometer.core.instrument.binder.tomcat.TomcatMetrics$$Lambda$2408/0x0000000100c31370
5508:             1             16  io.micrometer.core.instrument.composite.CompositeMeterRegistry$$Lambda$1244/0x000000010090f5c0
5509:             1             16  io.micrometer.core.instrument.composite.CompositeMeterRegistry$$Lambda$1245/0x000000010090f7f8
5510:             1             16  io.micrometer.core.instrument.composite.CompositeMeterRegistry$$Lambda$1249/0x000000010090d450
5511:             1             16  io.micrometer.core.instrument.config.MeterRegistryConfigValidator$$Lambda$1228/0x00000001009075f0
5512:             1             16  io.micrometer.core.instrument.config.MeterRegistryConfigValidator$$Lambda$1229/0x0000000100907b70
5513:             1             16  io.micrometer.core.instrument.config.NamingConvention$$Lambda$1223/0x0000000100905f28
5514:             1             16  io.micrometer.core.instrument.config.NamingConvention$1
5515:             1             16  io.micrometer.core.instrument.config.NamingConvention$2
5516:             1             16  io.micrometer.core.instrument.config.NamingConvention$3
5517:             1             16  io.micrometer.core.instrument.config.NamingConvention$4
5518:             1             16  io.micrometer.core.instrument.config.validate.Validated$$Lambda$1236/0x00000001009091a8
5519:             1             16  io.micrometer.core.instrument.config.validate.Validated$$Lambda$1237/0x0000000100909768
5520:             1             16  io.micrometer.core.instrument.config.validate.Validated$Either$$Lambda$1234/0x0000000100908d28
5521:             1             16  io.micrometer.core.instrument.config.validate.Validated$Either$$Lambda$1235/0x0000000100908f68
5522:             1             16  io.micrometer.core.instrument.config.validate.Validated$Either$$Lambda$1238/0x00000001009099a8
5523:             1             16  io.micrometer.core.instrument.config.validate.Validated$Either$$Lambda$1239/0x0000000100909be8
5524:             1             16  io.micrometer.core.instrument.distribution.NoopHistogram
5525:             1             16  io.micrometer.core.instrument.internal.DefaultLongTaskTimer$$Lambda$2153/0x0000000100bb59a8
5526:             1             16  io.micrometer.core.instrument.simple.SimpleConfig$$Lambda$1218/0x0000000100902bf0
5527:             1             16  io.micrometer.core.instrument.simple.SimpleConfig$$Lambda$1224/0x0000000100906ad8
5528:             1             16  io.micrometer.core.instrument.simple.SimpleConfig$$Lambda$1226/0x0000000100907168
5529:             1             16  io.micrometer.observation.NoopObservation
5530:             1             16  io.micrometer.observation.NoopObservation$NoopScope
5531:             1             16  io.micrometer.observation.NoopObservationConvention
5532:             1             16  io.micrometer.observation.NoopObservationRegistry
5533:             1             16  io.micrometer.observation.Observation$$Lambda$2174/0x0000000100bc2ad8
5534:             1             16  io.micrometer.observation.ObservationConvention$$Lambda$230/0x0000000100273d00
5535:             1             16  io.micrometer.observation.contextpropagation.ObservationThreadLocalAccessor
5536:             1             16  io.micrometer.tracing.BaggageManager$1
5537:             1             16  io.micrometer.tracing.Span$1
5538:             1             16  io.micrometer.tracing.Span$Builder$1
5539:             1             16  io.micrometer.tracing.SpanCustomizer$1
5540:             1             16  io.micrometer.tracing.brave.bridge.BraveCurrentTraceContext
5541:             1             16  io.micrometer.tracing.brave.bridge.BravePropagator
5542:             1             16  io.micrometer.tracing.brave.bridge.BraveSpanCustomizer
5543:             1             16  io.micrometer.tracing.handler.DefaultTracingObservationHandler
5544:             1             16  io.micrometer.tracing.handler.TracingObservationHandler$$Lambda$2144/0x0000000100bb24a0
5545:             1             16  io.netty.bootstrap.ChannelInitializerExtensions$EmptyExtensions
5546:             1             16  io.netty.buffer.AbstractReferenceCountedByteBuf$1
5547:             1             16  io.netty.buffer.ByteBufUtil$1
5548:             1             16  io.netty.buffer.ByteBufUtil$2
5549:             1             16  io.netty.buffer.CompositeByteBuf$1
5550:             1             16  io.netty.buffer.CompositeByteBuf$2
5551:             1             16  io.netty.buffer.PoolThreadCache$MemoryRegionCache$1
5552:             1             16  io.netty.buffer.PooledByteBufAllocatorMetric
5553:             1             16  io.netty.buffer.PooledHeapByteBuf$1
5554:             1             16  io.netty.buffer.PooledSlicedByteBuf$1
5555:             1             16  io.netty.buffer.PooledUnsafeDirectByteBuf$1
5556:             1             16  io.netty.buffer.PooledUnsafeHeapByteBuf$1
5557:             1             16  io.netty.channel.ChannelFutureListener$1
5558:             1             16  io.netty.channel.ChannelFutureListener$2
5559:             1             16  io.netty.channel.ChannelFutureListener$3
5560:             1             16  io.netty.channel.ChannelHandlerMask$1
5561:             1             16  io.netty.channel.ChannelOutboundBuffer$1
5562:             1             16  io.netty.channel.ChannelOutboundBuffer$Entry$1
5563:             1             16  io.netty.channel.DefaultChannelPipeline$1
5564:             1             16  io.netty.channel.DefaultMessageSizeEstimator
5565:             1             16  io.netty.channel.DefaultMessageSizeEstimator$HandleImpl
5566:             1             16  io.netty.channel.DefaultSelectStrategy
5567:             1             16  io.netty.channel.DefaultSelectStrategyFactory
5568:             1             16  io.netty.handler.codec.ByteToMessageDecoder$1
5569:             1             16  io.netty.handler.codec.ByteToMessageDecoder$2
5570:             1             16  io.netty.handler.codec.CharSequenceValueConverter
5571:             1             16  io.netty.handler.codec.CodecOutputList$1
5572:             1             16  io.netty.handler.codec.CodecOutputList$2
5573:             1             16  io.netty.handler.codec.DefaultHeaders$NameValidator$1
5574:             1             16  io.netty.handler.codec.DefaultHeaders$ValueValidator$1
5575:             1             16  io.netty.handler.codec.dns.DefaultDnsRecordDecoder
5576:             1             16  io.netty.handler.codec.dns.DefaultDnsRecordEncoder
5577:             1             16  io.netty.handler.codec.http.DefaultHttpHeaders
5578:             1             16  io.netty.handler.codec.http.DefaultHttpHeaders$HeaderValueConverter
5579:             1             16  io.netty.handler.codec.http.DefaultHttpHeadersFactory$1
5580:             1             16  io.netty.handler.codec.http.DefaultHttpHeadersFactory$2
5581:             1             16  io.netty.handler.codec.http.DefaultHttpHeadersFactory$3
5582:             1             16  io.netty.handler.codec.http.EmptyHttpHeaders
5583:             1             16  io.netty.handler.codec.http.HttpObjectDecoder$1
5584:             1             16  io.netty.handler.codec.http.LastHttpContent$1
5585:             1             16  io.netty.handler.codec.http.cookie.ClientCookieEncoder$1
5586:             1             16  io.netty.handler.ssl.JdkAlpnApplicationProtocolNegotiator$AlpnWrapper
5587:             1             16  io.netty.handler.ssl.JdkBaseApplicationProtocolNegotiator$1
5588:             1             16  io.netty.handler.ssl.JdkBaseApplicationProtocolNegotiator$2
5589:             1             16  io.netty.handler.ssl.JdkBaseApplicationProtocolNegotiator$3
5590:             1             16  io.netty.handler.ssl.JdkBaseApplicationProtocolNegotiator$4
5591:             1             16  io.netty.handler.ssl.JdkDefaultApplicationProtocolNegotiator
5592:             1             16  io.netty.handler.ssl.JdkDefaultApplicationProtocolNegotiator$1
5593:             1             16  io.netty.handler.ssl.SslCloseCompletionEvent
5594:             1             16  io.netty.handler.ssl.SslHandshakeCompletionEvent
5595:             1             16  io.netty.handler.ssl.SupportedCipherSuiteFilter
5596:             1             16  io.netty.resolver.HostsFileEntriesProvider$ParserImpl
5597:             1             16  io.netty.resolver.dns.Cache$1
5598:             1             16  io.netty.resolver.dns.DnsNameResolver$1
5599:             1             16  io.netty.resolver.dns.NoopDnsQueryLifecycleObserver
5600:             1             16  io.netty.resolver.dns.NoopDnsQueryLifecycleObserverFactory
5601:             1             16  io.netty.resolver.dns.SingletonDnsServerAddresses$1
5602:             1             16  io.netty.util.AbstractReferenceCounted$1
5603:             1             16  io.netty.util.AsciiString$1
5604:             1             16  io.netty.util.AsciiString$2
5605:             1             16  io.netty.util.NettyRuntime$AvailableProcessorsHolder
5606:             1             16  io.netty.util.Recycler$1
5607:             1             16  io.netty.util.UncheckedBooleanSupplier$1
5608:             1             16  io.netty.util.UncheckedBooleanSupplier$2
5609:             1             16  io.netty.util.concurrent.AbstractScheduledEventExecutor$1
5610:             1             16  io.netty.util.concurrent.AbstractScheduledEventExecutor$2
5611:             1             16  io.netty.util.concurrent.DefaultEventExecutorChooserFactory
5612:             1             16  io.netty.util.concurrent.DefaultPromise$CauseHolder
5613:             1             16  io.netty.util.concurrent.ImmediateExecutor
5614:             1             16  io.netty.util.concurrent.MultithreadEventExecutorGroup$1
5615:             1             16  io.netty.util.concurrent.RejectedExecutionHandlers$1
5616:             1             16  io.netty.util.concurrent.SingleThreadEventExecutor$1
5617:             1             16  io.netty.util.concurrent.ThreadPerTaskExecutor
5618:             1             16  io.netty.util.internal.CleanerJava9
5619:             1             16  io.netty.util.internal.PlatformDependent$1
5620:             1             16  io.netty.util.internal.PlatformDependent$2
5621:             1             16  io.netty.util.internal.TypeParameterMatcher$1
5622:             1             16  jakarta.security.auth.message.config.AuthConfigFactory$$Lambda$2134/0x0000000100bad0e8
5623:             1             16  jakarta.servlet.http.DynatraceJakartaUemIntrospection
5624:             1             16  jakarta.validation.Validation$GetValidationProviderListAction
5625:             1             16  java.beans.Introspector$1 (java.desktop@17.0.13)
5626:             1             16  java.io.Console$2 (java.base@17.0.13)
5627:             1             16  java.io.DeleteOnExitHook$1 (java.base@17.0.13)
5628:             1             16  java.io.FileDescriptor$1 (java.base@17.0.13)
5629:             1             16  java.io.FilePermission$1 (java.base@17.0.13)
5630:             1             16  java.io.RandomAccessFile$2 (java.base@17.0.13)
5631:             1             16  java.lang.ApplicationShutdownHooks$1 (java.base@17.0.13)
5632:             1             16  java.lang.CharacterData00 (java.base@17.0.13)
5633:             1             16  java.lang.CharacterDataLatin1 (java.base@17.0.13)
5634:             1             16  java.lang.CharacterDataUndefined (java.base@17.0.13)
5635:             1             16  java.lang.Class$$Lambda$180/0x00000001001f32c0 (java.base@17.0.13)
5636:             1             16  java.lang.InheritableThreadLocal (java.base@17.0.13)
5637:             1             16  java.lang.Module$$Lambda$2/0x00000001000350f8 (java.base@17.0.13)
5638:             1             16  java.lang.ProcessEnvironment$StringKeySet (java.base@17.0.13)
5639:             1             16  java.lang.ProcessHandleImpl$$Lambda$595/0x00000001004d1440 (java.base@17.0.13)
5640:             1             16  java.lang.Runtime (java.base@17.0.13)
5641:             1             16  java.lang.SecurityManager$$Lambda$356/0x00000001002fef58 (java.base@17.0.13)
5642:             1             16  java.lang.SecurityManager$$Lambda$358/0x00000001002ff3f0 (java.base@17.0.13)
5643:             1             16  java.lang.SecurityManager$$Lambda$359/0x00000001002ff630 (java.base@17.0.13)
5644:             1             16  java.lang.SecurityManager$$Lambda$360/0x00000001002ff870 (java.base@17.0.13)
5645:             1             16  java.lang.SecurityManager$$Lambda$361/0x00000001002ffaa0 (java.base@17.0.13)
5646:             1             16  java.lang.SecurityManager$$Lambda$362/0x00000001002ffcf0 (java.base@17.0.13)
5647:             1             16  java.lang.SecurityManager$$Lambda$364/0x0000000100360238 (java.base@17.0.13)
5648:             1             16  java.lang.SecurityManager$$Lambda$365/0x0000000100360488 (java.base@17.0.13)
5649:             1             16  java.lang.String$CaseInsensitiveComparator (java.base@17.0.13)
5650:             1             16  java.lang.System$2 (java.base@17.0.13)
5651:             1             16  java.lang.System$LoggerFinder$$Lambda$99/0x0000000100167f68 (java.base@17.0.13)
5652:             1             16  java.lang.Terminator$1 (java.base@17.0.13)
5653:             1             16  java.lang.invoke.ClassSpecializer$1 (java.base@17.0.13)
5654:             1             16  java.lang.invoke.MemberName$Factory (java.base@17.0.13)
5655:             1             16  java.lang.invoke.MethodHandleImpl$1 (java.base@17.0.13)
5656:             1             16  java.lang.invoke.MethodHandleImpl$Makers$1 (java.base@17.0.13)
5657:             1             16  java.lang.invoke.MethodHandleImpl$Makers$2 (java.base@17.0.13)
5658:             1             16  java.lang.invoke.StringConcatFactory$1 (java.base@17.0.13)
5659:             1             16  java.lang.invoke.StringConcatFactory$2 (java.base@17.0.13)
5660:             1             16  java.lang.invoke.StringConcatFactory$3 (java.base@17.0.13)
5661:             1             16  java.lang.invoke.VarHandle$1 (java.base@17.0.13)
5662:             1             16  java.lang.invoke.VarHandleByteArrayAsInts$ArrayHandle$$Lambda$368/0x0000000100364ce0 (java.base@17.0.13)
5663:             1             16  java.lang.invoke.VarHandleByteArrayAsLongs$ArrayHandle$$Lambda$367/0x0000000100363158 (java.base@17.0.13)
5664:             1             16  java.lang.management.DefaultPlatformMBeanProvider (java.management@17.0.13)
5665:             1             16  java.lang.management.DefaultPlatformMBeanProvider$5$$Lambda$1829/0x0000000100a7ca58 (java.management@17.0.13)
5666:             1             16  java.lang.management.ManagementFactory$$Lambda$1334/0x0000000100758a40 (java.management@17.0.13)
5667:             1             16  java.lang.management.ManagementFactory$$Lambda$1824/0x000000010077b470 (java.management@17.0.13)
5668:             1             16  java.lang.management.ManagementFactory$$Lambda$1825/0x000000010077b6c0 (java.management@17.0.13)
5669:             1             16  java.lang.management.ManagementFactory$$Lambda$1826/0x000000010077b900 (java.management@17.0.13)
5670:             1             16  java.lang.module.ModuleDescriptor$1 (java.base@17.0.13)
5671:             1             16  java.lang.module.ModuleDescriptor$Builder$$Lambda$48/0x0000000100155290 (java.base@17.0.13)
5672:             1             16  java.lang.ref.Cleaner (java.base@17.0.13)
5673:             1             16  java.lang.ref.Cleaner$1 (java.base@17.0.13)
5674:             1             16  java.lang.ref.Reference$1 (java.base@17.0.13)
5675:             1             16  java.lang.reflect.Executable$$Lambda$1042/0x0000000100745850 (java.base@17.0.13)
5676:             1             16  java.lang.reflect.Executable$$Lambda$1044/0x0000000100745a90 (java.base@17.0.13)
5677:             1             16  java.lang.reflect.Executable$$Lambda$1045/0x0000000100745cd0 (java.base@17.0.13)
5678:             1             16  java.lang.reflect.Proxy$$Lambda$214/0x00000001001f7938 (java.base@17.0.13)
5679:             1             16  java.lang.reflect.Proxy$$Lambda$46/0x0000000100153b58 (java.base@17.0.13)
5680:             1             16  java.lang.reflect.Proxy$ProxyBuilder$$Lambda$47/0x0000000100154c48 (java.base@17.0.13)
5681:             1             16  java.lang.reflect.ProxyGenerator$$Lambda$50/0x0000000100155e20 (java.base@17.0.13)
5682:             1             16  java.lang.reflect.ProxyGenerator$$Lambda$51/0x0000000100156060 (java.base@17.0.13)
5683:             1             16  java.lang.reflect.ReflectAccess (java.base@17.0.13)
5684:             1             16  java.net.InetAddress$1 (java.base@17.0.13)
5685:             1             16  java.net.InetAddress$PlatformNameService (java.base@17.0.13)
5686:             1             16  java.net.SocketImpl$$Lambda$280/0x00000001002c6f60 (java.base@17.0.13)
5687:             1             16  java.net.URI$1 (java.base@17.0.13)
5688:             1             16  java.net.URL$3 (java.base@17.0.13)
5689:             1             16  java.net.URL$DefaultFactory (java.base@17.0.13)
5690:             1             16  java.nio.Bits$1 (java.base@17.0.13)
5691:             1             16  java.nio.Buffer$1 (java.base@17.0.13)
5692:             1             16  java.nio.channels.spi.AbstractInterruptibleChannel$1 (java.base@17.0.13)
5693:             1             16  java.nio.channels.spi.SelectorProvider$Holder$$Lambda$573/0x00000001004cc2e0 (java.base@17.0.13)
5694:             1             16  java.nio.file.Files$$Lambda$886/0x00000001005fd078 (java.base@17.0.13)
5695:             1             16  java.nio.file.Files$AcceptAllFilter (java.base@17.0.13)
5696:             1             16  java.security.AllPermission (java.base@17.0.13)
5697:             1             16  java.security.AllPermissionCollection (java.base@17.0.13)
5698:             1             16  java.security.ProtectionDomain$JavaSecurityAccessImpl (java.base@17.0.13)
5699:             1             16  java.security.Security$2 (java.base@17.0.13)
5700:             1             16  java.security.Signature$1 (java.base@17.0.13)
5701:             1             16  java.security.cert.CertPathHelperImpl (java.base@17.0.13)
5702:             1             16  java.security.spec.EncodedKeySpec$1 (java.base@17.0.13)
5703:             1             16  java.text.DecimalFormatSymbols$$Lambda$142/0x00000001001e9b80 (java.base@17.0.13)
5704:             1             16  java.text.DontCareFieldPosition$1 (java.base@17.0.13)
5705:             1             16  java.time.chrono.IsoChronology (java.base@17.0.13)
5706:             1             16  java.time.format.DateTimeFormatter$$Lambda$27/0x00000001001474b8 (java.base@17.0.13)
5707:             1             16  java.time.format.DateTimeFormatter$$Lambda$28/0x00000001001476d8 (java.base@17.0.13)
5708:             1             16  java.time.format.DateTimeFormatterBuilder$$Lambda$26/0x00000001000fdf78 (java.base@17.0.13)
5709:             1             16  java.time.format.DateTimeFormatterBuilder$InstantPrinterParser (java.base@17.0.13)
5710:             1             16  java.time.format.DateTimeTextProvider (java.base@17.0.13)
5711:             1             16  java.time.format.DateTimeTextProvider$1 (java.base@17.0.13)
5712:             1             16  java.time.temporal.TemporalQueries$1 (java.base@17.0.13)
5713:             1             16  java.time.temporal.TemporalQueries$2 (java.base@17.0.13)
5714:             1             16  java.time.temporal.TemporalQueries$3 (java.base@17.0.13)
5715:             1             16  java.time.temporal.TemporalQueries$4 (java.base@17.0.13)
5716:             1             16  java.time.temporal.TemporalQueries$5 (java.base@17.0.13)
5717:             1             16  java.time.temporal.TemporalQueries$6 (java.base@17.0.13)
5718:             1             16  java.time.temporal.TemporalQueries$7 (java.base@17.0.13)
5719:             1             16  java.util.Collections$EmptyEnumeration (java.base@17.0.13)
5720:             1             16  java.util.Collections$EmptyIterator (java.base@17.0.13)
5721:             1             16  java.util.Collections$EmptyList (java.base@17.0.13)
5722:             1             16  java.util.Collections$EmptySet (java.base@17.0.13)
5723:             1             16  java.util.Collections$ReverseComparator (java.base@17.0.13)
5724:             1             16  java.util.EnumMap$1 (java.base@17.0.13)
5725:             1             16  java.util.Hashtable$KeySet (java.base@17.0.13)
5726:             1             16  java.util.IdentityHashMap$EntrySet (java.base@17.0.13)
5727:             1             16  java.util.ImmutableCollections$Access$1 (java.base@17.0.13)
5728:             1             16  java.util.Locale$Builder (java.base@17.0.13)
5729:             1             16  java.util.Map$Entry$$Lambda$305/0x00000001002e0be8 (java.base@17.0.13)
5730:             1             16  java.util.Properties$EntrySet (java.base@17.0.13)
5731:             1             16  java.util.ResourceBundle$1 (java.base@17.0.13)
5732:             1             16  java.util.ResourceBundle$Control (java.base@17.0.13)
5733:             1             16  java.util.ResourceBundle$ResourceBundleControlProviderHolder$$Lambda$885/0x00000001005fcc58 (java.base@17.0.13)
5734:             1             16  java.util.ResourceBundle$ResourceBundleControlProviderHolder$$Lambda$889/0x00000001005fd558 (java.base@17.0.13)
5735:             1             16  java.util.Spliterators$EmptySpliterator$OfDouble (java.base@17.0.13)
5736:             1             16  java.util.Spliterators$EmptySpliterator$OfInt (java.base@17.0.13)
5737:             1             16  java.util.Spliterators$EmptySpliterator$OfLong (java.base@17.0.13)
5738:             1             16  java.util.Spliterators$EmptySpliterator$OfRef (java.base@17.0.13)
5739:             1             16  java.util.concurrent.CompletableFuture$AltResult (java.base@17.0.13)
5740:             1             16  java.util.concurrent.Executors$FinalizableDelegatedExecutorService (java.base@17.0.13)
5741:             1             16  java.util.concurrent.ForkJoinPool$DefaultCommonPoolForkJoinWorkerThreadFactory (java.base@17.0.13)
5742:             1             16  java.util.concurrent.ForkJoinPool$DefaultForkJoinWorkerThreadFactory (java.base@17.0.13)
5743:             1             16  java.util.function.Function$$Lambda$402/0x00000001003e0468 (java.base@17.0.13)
5744:             1             16  java.util.function.UnaryOperator$$Lambda$668/0x00000001005cddf0 (java.base@17.0.13)
5745:             1             16  java.util.jar.Attributes (java.base@17.0.13)
5746:             1             16  java.util.jar.JavaUtilJarAccessImpl (java.base@17.0.13)
5747:             1             16  java.util.logging.ErrorManager (java.logging@17.0.13)
5748:             1             16  java.util.logging.Level$$Lambda$97/0x00000001001669a0 (java.logging@17.0.13)
5749:             1             16  java.util.logging.Level$KnownLevel$$Lambda$95/0x00000001001628c0 (java.logging@17.0.13)
5750:             1             16  java.util.logging.Level$KnownLevel$$Lambda$96/0x0000000100162b00 (java.logging@17.0.13)
5751:             1             16  java.util.logging.Level$KnownLevel$$Lambda$98/0x0000000100166be0 (java.logging@17.0.13)
5752:             1             16  java.util.logging.LogManager$CloseOnReset (java.logging@17.0.13)
5753:             1             16  java.util.logging.LogManager$LoggingProviderAccess (java.logging@17.0.13)
5754:             1             16  java.util.logging.LogManager$VisitedLoggers (java.logging@17.0.13)
5755:             1             16  java.util.logging.Logging (java.logging@17.0.13)
5756:             1             16  java.util.logging.SimpleFormatter$$Lambda$100/0x00000001001696d8 (java.logging@17.0.13)
5757:             1             16  java.util.regex.CharPredicates$$Lambda$128/0x0000000100177280 (java.base@17.0.13)
5758:             1             16  java.util.regex.CharPredicates$$Lambda$1500/0x00000001007622c8 (java.base@17.0.13)
5759:             1             16  java.util.regex.CharPredicates$$Lambda$1501/0x0000000100762528 (java.base@17.0.13)
5760:             1             16  java.util.regex.CharPredicates$$Lambda$159/0x00000001001ef4c0 (java.base@17.0.13)
5761:             1             16  java.util.regex.CharPredicates$$Lambda$5/0x000000010001c1d0 (java.base@17.0.13)
5762:             1             16  java.util.regex.Pattern$$Lambda$158/0x00000001001ef040 (java.base@17.0.13)
5763:             1             16  java.util.regex.Pattern$$Lambda$891/0x00000001005fe480 (java.base@17.0.13)
5764:             1             16  java.util.regex.Pattern$LastNode (java.base@17.0.13)
5765:             1             16  java.util.regex.Pattern$LookBehindEndNode (java.base@17.0.13)
5766:             1             16  java.util.regex.Pattern$Node (java.base@17.0.13)
5767:             1             16  java.util.stream.Collectors$$Lambda$1163/0x0000000100746f58 (java.base@17.0.13)
5768:             1             16  java.util.stream.Collectors$$Lambda$1164/0x0000000100747178 (java.base@17.0.13)
5769:             1             16  java.util.stream.Collectors$$Lambda$1165/0x00000001007473a8 (java.base@17.0.13)
5770:             1             16  java.util.stream.Collectors$$Lambda$1166/0x00000001007475f0 (java.base@17.0.13)
5771:             1             16  java.util.stream.Collectors$$Lambda$1255/0x0000000100751cb8 (java.base@17.0.13)
5772:             1             16  java.util.stream.Collectors$$Lambda$1256/0x0000000100751ed8 (java.base@17.0.13)
5773:             1             16  java.util.stream.Collectors$$Lambda$1257/0x0000000100752108 (java.base@17.0.13)
5774:             1             16  java.util.stream.Collectors$$Lambda$1258/0x0000000100752350 (java.base@17.0.13)
5775:             1             16  java.util.stream.Collectors$$Lambda$1267/0x0000000100752798 (java.base@17.0.13)
5776:             1             16  java.util.stream.Collectors$$Lambda$1269/0x0000000100752bf0 (java.base@17.0.13)
5777:             1             16  java.util.stream.Collectors$$Lambda$1371/0x0000000100760850 (java.base@17.0.13)
5778:             1             16  java.util.stream.Collectors$$Lambda$15/0x00000001000a6fc0 (java.base@17.0.13)
5779:             1             16  java.util.stream.Collectors$$Lambda$16/0x00000001000a73f0 (java.base@17.0.13)
5780:             1             16  java.util.stream.Collectors$$Lambda$17/0x00000001000a7638 (java.base@17.0.13)
5781:             1             16  java.util.stream.Collectors$$Lambda$176/0x00000001001f2818 (java.base@17.0.13)
5782:             1             16  java.util.stream.Collectors$$Lambda$177/0x00000001001f2a38 (java.base@17.0.13)
5783:             1             16  java.util.stream.Collectors$$Lambda$178/0x00000001001f2c68 (java.base@17.0.13)
5784:             1             16  java.util.stream.Collectors$$Lambda$182/0x00000001001f3728 (java.base@17.0.13)
5785:             1             16  java.util.stream.Collectors$$Lambda$183/0x00000001001f3958 (java.base@17.0.13)
5786:             1             16  java.util.stream.Collectors$$Lambda$184/0x00000001001f3ba0 (java.base@17.0.13)
5787:             1             16  java.util.stream.Collectors$$Lambda$272/0x00000001002c22c8 (java.base@17.0.13)
5788:             1             16  java.util.stream.Collectors$$Lambda$273/0x00000001002c24e8 (java.base@17.0.13)
5789:             1             16  java.util.stream.Collectors$$Lambda$274/0x00000001002c2718 (java.base@17.0.13)
5790:             1             16  java.util.stream.Collectors$$Lambda$858/0x00000001005f4498 (java.base@17.0.13)
5791:             1             16  java.util.stream.DoublePipeline$$Lambda$2020/0x0000000100a9d8a8 (java.base@17.0.13)
5792:             1             16  java.util.stream.DoublePipeline$$Lambda$2021/0x0000000100a9dcc8 (java.base@17.0.13)
5793:             1             16  java.util.stream.DoublePipeline$$Lambda$2022/0x0000000100a9dee8 (java.base@17.0.13)
5794:             1             16  java.util.stream.FindOps$FindSink$OfInt$$Lambda$143/0x00000001001ead28 (java.base@17.0.13)
5795:             1             16  java.util.stream.FindOps$FindSink$OfInt$$Lambda$144/0x00000001001eaf78 (java.base@17.0.13)
5796:             1             16  java.util.stream.FindOps$FindSink$OfInt$$Lambda$145/0x00000001001eb198 (java.base@17.0.13)
5797:             1             16  java.util.stream.FindOps$FindSink$OfInt$$Lambda$146/0x00000001001eb3e8 (java.base@17.0.13)
5798:             1             16  java.util.stream.FindOps$FindSink$OfRef$$Lambda$63/0x000000010015cc98 (java.base@17.0.13)
5799:             1             16  java.util.stream.FindOps$FindSink$OfRef$$Lambda$64/0x000000010015cee8 (java.base@17.0.13)
5800:             1             16  java.util.stream.FindOps$FindSink$OfRef$$Lambda$65/0x000000010015d108 (java.base@17.0.13)
5801:             1             16  java.util.stream.FindOps$FindSink$OfRef$$Lambda$66/0x000000010015d358 (java.base@17.0.13)
5802:             1             16  java.util.stream.IntPipeline$$Lambda$287/0x00000001002db7d8 (java.base@17.0.13)
5803:             1             16  java.util.stream.LongPipeline$$Lambda$1740/0x00000001007735a0 (java.base@17.0.13)
5804:             1             16  java.util.stream.Nodes$EmptyNode$OfDouble (java.base@17.0.13)
5805:             1             16  java.util.stream.Nodes$EmptyNode$OfInt (java.base@17.0.13)
5806:             1             16  java.util.stream.Nodes$EmptyNode$OfLong (java.base@17.0.13)
5807:             1             16  java.util.stream.Nodes$EmptyNode$OfRef (java.base@17.0.13)
5808:             1             16  java.util.stream.ReferencePipeline$$Lambda$12/0x00000001000a1f88 (java.base@17.0.13)
5809:             1             16  java.util.zip.ZipFile$1 (java.base@17.0.13)
5810:             1             16  javax.crypto.CryptoAllPermissionCollection (java.base@17.0.13)
5811:             1             16  javax.crypto.JceSecurityManager (java.base@17.0.13)
5812:             1             16  javax.crypto.spec.SecretKeySpec$1 (java.base@17.0.13)
5813:             1             16  javax.management.JMX (java.management@17.0.13)
5814:             1             16  javax.management.MBeanServerBuilder (java.management@17.0.13)
5815:             1             16  javax.management.NotificationBroadcasterSupport$1 (java.management@17.0.13)
5816:             1             16  javax.security.sasl.Sasl$$Lambda$1862/0x0000000100a914c0 (java.security.sasl@17.0.13)
5817:             1             16  jdk.internal.icu.impl.Norm2AllModes$DecomposeNormalizer2 (java.base@17.0.13)
5818:             1             16  jdk.internal.icu.impl.Norm2AllModes$NoopNormalizer2 (java.base@17.0.13)
5819:             1             16  jdk.internal.icu.impl.NormalizerImpl$IsAcceptable (java.base@17.0.13)
5820:             1             16  jdk.internal.icu.impl.Trie2$1 (java.base@17.0.13)
5821:             1             16  jdk.internal.icu.text.NormalizerBase$ModeImpl (java.base@17.0.13)
5822:             1             16  jdk.internal.icu.text.NormalizerBase$NFCMode (java.base@17.0.13)
5823:             1             16  jdk.internal.icu.text.NormalizerBase$NFDMode (java.base@17.0.13)
5824:             1             16  jdk.internal.icu.text.NormalizerBase$NFKCMode (java.base@17.0.13)
5825:             1             16  jdk.internal.icu.text.NormalizerBase$NFKDMode (java.base@17.0.13)
5826:             1             16  jdk.internal.icu.text.NormalizerBase$NONEMode (java.base@17.0.13)
5827:             1             16  jdk.internal.icu.text.StringPrep$StringPrepTrieImpl (java.base@17.0.13)
5828:             1             16  jdk.internal.icu.util.CodePointTrie$Data16 (java.base@17.0.13)
5829:             1             16  jdk.internal.jimage.ImageBufferCache$1 (java.base@17.0.13)
5830:             1             16  jdk.internal.jimage.ImageBufferCache$2 (java.base@17.0.13)
5831:             1             16  jdk.internal.jimage.ImageReaderFactory$1 (java.base@17.0.13)
5832:             1             16  jdk.internal.jimage.ImageStringsReader (java.base@17.0.13)
5833:             1             16  jdk.internal.jimage.decompressor.Decompressor (java.base@17.0.13)
5834:             1             16  jdk.internal.jimage.decompressor.StringSharingDecompressorFactory (java.base@17.0.13)
5835:             1             16  jdk.internal.jimage.decompressor.ZipDecompressor (java.base@17.0.13)
5836:             1             16  jdk.internal.jimage.decompressor.ZipDecompressorFactory (java.base@17.0.13)
5837:             1             16  jdk.internal.logger.LazyLoggers$1 (java.base@17.0.13)
5838:             1             16  jdk.internal.logger.LazyLoggers$JdkLazyLogger (java.base@17.0.13)
5839:             1             16  jdk.internal.logger.LazyLoggers$LazyLoggerFactories (java.base@17.0.13)
5840:             1             16  jdk.internal.math.FloatingDecimal$1 (java.base@17.0.13)
5841:             1             16  jdk.internal.misc.ScopedMemoryAccess (java.base@17.0.13)
5842:             1             16  jdk.internal.misc.TerminatingThreadLocal$1 (java.base@17.0.13)
5843:             1             16  jdk.internal.misc.ThreadTracker (java.base@17.0.13)
5844:             1             16  jdk.internal.misc.Unsafe (java.base@17.0.13)
5845:             1             16  jdk.internal.module.ArchivedBootLayer (java.base@17.0.13)
5846:             1             16  jdk.internal.module.ModuleBootstrap$$Lambda$1/0x000000010002c908 (java.base@17.0.13)
5847:             1             16  jdk.internal.module.ModuleLoaderMap$Mapper (java.base@17.0.13)
5848:             1             16  jdk.internal.module.ModulePatcher (java.base@17.0.13)
5849:             1             16  jdk.internal.perf.Perf (java.base@17.0.13)
5850:             1             16  jdk.internal.platform.CgroupSubsystemFactory$$Lambda$1619/0x000000010076aed0 (java.base@17.0.13)
5851:             1             16  jdk.internal.platform.cgroupv1.CgroupV1Subsystem$$Lambda$1620/0x000000010076c250 (java.base@17.0.13)
5852:             1             16  jdk.internal.reflect.GeneratedConstructorAccessor1 (java.base@17.0.13)
5853:             1             16  jdk.internal.reflect.GeneratedConstructorAccessor12
5854:             1             16  jdk.internal.reflect.GeneratedConstructorAccessor13 (java.base@17.0.13)
5855:             1             16  jdk.internal.reflect.GeneratedConstructorAccessor14 (java.base@17.0.13)
5856:             1             16  jdk.internal.reflect.GeneratedConstructorAccessor15 (java.base@17.0.13)
5857:             1             16  jdk.internal.reflect.GeneratedConstructorAccessor16 (java.base@17.0.13)
5858:             1             16  jdk.internal.reflect.GeneratedConstructorAccessor17
5859:             1             16  jdk.internal.reflect.GeneratedConstructorAccessor19 (java.base@17.0.13)
5860:             1             16  jdk.internal.reflect.GeneratedConstructorAccessor2
5861:             1             16  jdk.internal.reflect.GeneratedConstructorAccessor20 (java.base@17.0.13)
5862:             1             16  jdk.internal.reflect.GeneratedConstructorAccessor21
5863:             1             16  jdk.internal.reflect.GeneratedConstructorAccessor25
5864:             1             16  jdk.internal.reflect.GeneratedConstructorAccessor29
5865:             1             16  jdk.internal.reflect.GeneratedConstructorAccessor3
5866:             1             16  jdk.internal.reflect.GeneratedConstructorAccessor30
5867:             1             16  jdk.internal.reflect.GeneratedConstructorAccessor31
5868:             1             16  jdk.internal.reflect.GeneratedConstructorAccessor32
5869:             1             16  jdk.internal.reflect.GeneratedConstructorAccessor33
5870:             1             16  jdk.internal.reflect.GeneratedConstructorAccessor34
5871:             1             16  jdk.internal.reflect.GeneratedConstructorAccessor35
5872:             1             16  jdk.internal.reflect.GeneratedConstructorAccessor36
5873:             1             16  jdk.internal.reflect.GeneratedConstructorAccessor37 (java.base@17.0.13)
5874:             1             16  jdk.internal.reflect.GeneratedConstructorAccessor38
5875:             1             16  jdk.internal.reflect.GeneratedConstructorAccessor39
5876:             1             16  jdk.internal.reflect.GeneratedConstructorAccessor40
5877:             1             16  jdk.internal.reflect.GeneratedConstructorAccessor41 (java.base@17.0.13)
5878:             1             16  jdk.internal.reflect.GeneratedConstructorAccessor42
5879:             1             16  jdk.internal.reflect.GeneratedConstructorAccessor43
5880:             1             16  jdk.internal.reflect.GeneratedConstructorAccessor44
5881:             1             16  jdk.internal.reflect.GeneratedConstructorAccessor45 (java.base@17.0.13)
5882:             1             16  jdk.internal.reflect.GeneratedConstructorAccessor46
5883:             1             16  jdk.internal.reflect.GeneratedConstructorAccessor47
5884:             1             16  jdk.internal.reflect.GeneratedConstructorAccessor48
5885:             1             16  jdk.internal.reflect.GeneratedConstructorAccessor49
5886:             1             16  jdk.internal.reflect.GeneratedConstructorAccessor50
5887:             1             16  jdk.internal.reflect.GeneratedConstructorAccessor51
5888:             1             16  jdk.internal.reflect.GeneratedConstructorAccessor55 (java.base@17.0.13)
5889:             1             16  jdk.internal.reflect.GeneratedConstructorAccessor56
5890:             1             16  jdk.internal.reflect.GeneratedConstructorAccessor57 (java.base@17.0.13)
5891:             1             16  jdk.internal.reflect.GeneratedConstructorAccessor58 (java.base@17.0.13)
5892:             1             16  jdk.internal.reflect.GeneratedConstructorAccessor59 (java.base@17.0.13)
5893:             1             16  jdk.internal.reflect.GeneratedConstructorAccessor61 (java.base@17.0.13)
5894:             1             16  jdk.internal.reflect.GeneratedConstructorAccessor62 (java.base@17.0.13)
5895:             1             16  jdk.internal.reflect.GeneratedConstructorAccessor63 (java.base@17.0.13)
5896:             1             16  jdk.internal.reflect.GeneratedConstructorAccessor64 (java.base@17.0.13)
5897:             1             16  jdk.internal.reflect.GeneratedConstructorAccessor65 (java.base@17.0.13)
5898:             1             16  jdk.internal.reflect.GeneratedConstructorAccessor66
5899:             1             16  jdk.internal.reflect.GeneratedConstructorAccessor7 (java.base@17.0.13)
5900:             1             16  jdk.internal.reflect.GeneratedMethodAccessor1 (java.base@17.0.13)
5901:             1             16  jdk.internal.reflect.GeneratedMethodAccessor10
5902:             1             16  jdk.internal.reflect.GeneratedMethodAccessor11
5903:             1             16  jdk.internal.reflect.GeneratedMethodAccessor12
5904:             1             16  jdk.internal.reflect.GeneratedMethodAccessor13
5905:             1             16  jdk.internal.reflect.GeneratedMethodAccessor14
5906:             1             16  jdk.internal.reflect.GeneratedMethodAccessor15
5907:             1             16  jdk.internal.reflect.GeneratedMethodAccessor16
5908:             1             16  jdk.internal.reflect.GeneratedMethodAccessor17
5909:             1             16  jdk.internal.reflect.GeneratedMethodAccessor18
5910:             1             16  jdk.internal.reflect.GeneratedMethodAccessor19
5911:             1             16  jdk.internal.reflect.GeneratedMethodAccessor2
5912:             1             16  jdk.internal.reflect.GeneratedMethodAccessor20
5913:             1             16  jdk.internal.reflect.GeneratedMethodAccessor21
5914:             1             16  jdk.internal.reflect.GeneratedMethodAccessor22
5915:             1             16  jdk.internal.reflect.GeneratedMethodAccessor23 (java.base@17.0.13)
5916:             1             16  jdk.internal.reflect.GeneratedMethodAccessor24
5917:             1             16  jdk.internal.reflect.GeneratedMethodAccessor25
5918:             1             16  jdk.internal.reflect.GeneratedMethodAccessor26
5919:             1             16  jdk.internal.reflect.GeneratedMethodAccessor27
5920:             1             16  jdk.internal.reflect.GeneratedMethodAccessor28
5921:             1             16  jdk.internal.reflect.GeneratedMethodAccessor29
5922:             1             16  jdk.internal.reflect.GeneratedMethodAccessor3
5923:             1             16  jdk.internal.reflect.GeneratedMethodAccessor30
5924:             1             16  jdk.internal.reflect.GeneratedMethodAccessor31
5925:             1             16  jdk.internal.reflect.GeneratedMethodAccessor32
5926:             1             16  jdk.internal.reflect.GeneratedMethodAccessor33
5927:             1             16  jdk.internal.reflect.GeneratedMethodAccessor34
5928:             1             16  jdk.internal.reflect.GeneratedMethodAccessor35
5929:             1             16  jdk.internal.reflect.GeneratedMethodAccessor36
5930:             1             16  jdk.internal.reflect.GeneratedMethodAccessor37
5931:             1             16  jdk.internal.reflect.GeneratedMethodAccessor38
5932:             1             16  jdk.internal.reflect.GeneratedMethodAccessor39
5933:             1             16  jdk.internal.reflect.GeneratedMethodAccessor4 (java.base@17.0.13)
5934:             1             16  jdk.internal.reflect.GeneratedMethodAccessor40
5935:             1             16  jdk.internal.reflect.GeneratedMethodAccessor5 (java.base@17.0.13)
5936:             1             16  jdk.internal.reflect.GeneratedMethodAccessor6 (java.base@17.0.13)
5937:             1             16  jdk.internal.reflect.GeneratedMethodAccessor7 (java.base@17.0.13)
5938:             1             16  jdk.internal.reflect.GeneratedMethodAccessor8
5939:             1             16  jdk.internal.reflect.GeneratedMethodAccessor9
5940:             1             16  jdk.internal.reflect.ReflectionFactory (java.base@17.0.13)
5941:             1             16  jdk.jfr.internal.dcmd.DCmdCheck$$Lambda$1833/0x0000000100a844e0 (jdk.jfr@17.0.13)
5942:             1             16  jdk.jfr.internal.dcmd.DCmdDump$$Lambda$1832/0x0000000100a842c0 (jdk.jfr@17.0.13)
5943:             1             16  jdk.jfr.internal.dcmd.DCmdStart$$Lambda$1831/0x0000000100a840a0 (jdk.jfr@17.0.13)
5944:             1             16  jdk.jfr.internal.dcmd.DCmdStop$$Lambda$1830/0x0000000100a83e80 (jdk.jfr@17.0.13)
5945:             1             16  jdk.management.jfr.SettingDescriptorInfo$1 (jdk.management.jfr@17.0.13)
5946:             1             16  jdk.net.LinuxSocketOptions (jdk.net@17.0.13)
5947:             1             16  jdk.proxy1.$Proxy33 (jdk.proxy1)
5948:             1             16  jdk.proxy2.$Proxy100 (jdk.proxy2)
5949:             1             16  jdk.proxy2.$Proxy101 (jdk.proxy2)
5950:             1             16  jdk.proxy2.$Proxy103 (jdk.proxy2)
5951:             1             16  jdk.proxy2.$Proxy116 (jdk.proxy2)
5952:             1             16  jdk.proxy2.$Proxy119 (jdk.proxy2)
5953:             1             16  jdk.proxy2.$Proxy12 (jdk.proxy2)
5954:             1             16  jdk.proxy2.$Proxy121 (jdk.proxy2)
5955:             1             16  jdk.proxy2.$Proxy122 (jdk.proxy2)
5956:             1             16  jdk.proxy2.$Proxy129 (jdk.proxy2)
5957:             1             16  jdk.proxy2.$Proxy130 (jdk.proxy2)
5958:             1             16  jdk.proxy2.$Proxy24 (jdk.proxy2)
5959:             1             16  jdk.proxy2.$Proxy26 (jdk.proxy2)
5960:             1             16  jdk.proxy2.$Proxy27 (jdk.proxy2)
5961:             1             16  jdk.proxy2.$Proxy31 (jdk.proxy2)
5962:             1             16  jdk.proxy2.$Proxy35 (jdk.proxy2)
5963:             1             16  jdk.proxy2.$Proxy38 (jdk.proxy2)
5964:             1             16  jdk.proxy2.$Proxy47 (jdk.proxy2)
5965:             1             16  jdk.proxy2.$Proxy49 (jdk.proxy2)
5966:             1             16  jdk.proxy2.$Proxy50 (jdk.proxy2)
5967:             1             16  jdk.proxy2.$Proxy62 (jdk.proxy2)
5968:             1             16  jdk.proxy2.$Proxy64 (jdk.proxy2)
5969:             1             16  jdk.proxy2.$Proxy65 (jdk.proxy2)
5970:             1             16  jdk.proxy2.$Proxy67 (jdk.proxy2)
5971:             1             16  jdk.proxy2.$Proxy70 (jdk.proxy2)
5972:             1             16  jdk.proxy2.$Proxy71 (jdk.proxy2)
5973:             1             16  jdk.proxy2.$Proxy81 (jdk.proxy2)
5974:             1             16  jdk.proxy2.$Proxy83 (jdk.proxy2)
5975:             1             16  jdk.proxy2.$Proxy87 (jdk.proxy2)
5976:             1             16  jdk.proxy2.$Proxy90 (jdk.proxy2)
5977:             1             16  jdk.proxy2.$Proxy91 (jdk.proxy2)
5978:             1             16  jdk.proxy2.$Proxy92 (jdk.proxy2)
5979:             1             16  jdk.proxy2.$Proxy94 (jdk.proxy2)
5980:             1             16  jdk.proxy2.$Proxy96 (jdk.proxy2)
5981:             1             16  jdk.proxy2.$Proxy97 (jdk.proxy2)
5982:             1             16  jdk.proxy2.$Proxy99 (jdk.proxy2)
5983:             1             16  jdk.xml.internal.SecuritySupport$$Lambda$701/0x00000001005d3fe0 (java.xml@17.0.13)
5984:             1             16  net.jpountz.lz4.LZ4JavaUnsafeCompressor
5985:             1             16  net.jpountz.lz4.LZ4JavaUnsafeFastDecompressor
5986:             1             16  net.jpountz.lz4.LZ4JavaUnsafeSafeDecompressor
5987:             1             16  net.jpountz.xxhash.StreamingXXHash32JavaUnsafe$Factory
5988:             1             16  net.jpountz.xxhash.StreamingXXHash64JavaUnsafe$Factory
5989:             1             16  net.jpountz.xxhash.XXHash32JavaUnsafe
5990:             1             16  net.jpountz.xxhash.XXHash64JavaUnsafe
5991:             1             16  net.logstash.logback.NullAbbreviator
5992:             1             16  net.logstash.logback.composite.AbstractCompositeJsonFormatter$$Lambda$794/0x0000000100647d38
5993:             1             16  net.logstash.logback.composite.AbstractFormattedTimestampJsonProvider$StringFormatterWriter
5994:             1             16  net.logstash.logback.composite.AbstractFormattedTimestampJsonProvider$StringFormatterWriter$$Lambda$791/0x00000001006412d0
5995:             1             16  net.logstash.logback.composite.FastISOTimestampFormatter$$Lambda$790/0x0000000100640e70
5996:             1             16  net.logstash.logback.composite.loggingevent.LoggingEventJsonProviders
5997:             1             16  net.logstash.logback.decorate.NullJsonFactoryDecorator
5998:             1             16  net.logstash.logback.decorate.NullJsonGeneratorDecorator
5999:             1             16  net.logstash.logback.util.ThreadLocalReusableByteBuffer$$Lambda$796/0x0000000100645670
6000:             1             16  org.apache.catalina.connector.CoyoteAdapter
6001:             1             16  org.apache.catalina.connector.Request$1
6002:             1             16  org.apache.catalina.connector.Request$2
6003:             1             16  org.apache.catalina.connector.Request$3
6004:             1             16  org.apache.catalina.connector.Request$4
6005:             1             16  org.apache.catalina.connector.Request$5
6006:             1             16  org.apache.catalina.connector.Request$6
6007:             1             16  org.apache.catalina.connector.Request$7
6008:             1             16  org.apache.catalina.connector.Request$8
6009:             1             16  org.apache.catalina.core.StandardContext$1
6010:             1             16  org.apache.catalina.core.StandardContext$NoPluggabilityServletContext
6011:             1             16  org.apache.catalina.core.StandardHost$MemoryLeakTrackingListener
6012:             1             16  org.apache.catalina.realm.X509SubjectDnRetriever
6013:             1             16  org.apache.catalina.startup.Tomcat$FixContextListener
6014:             1             16  org.apache.catalina.util.CharsetMapper
6015:             1             16  org.apache.catalina.webresources.Cache$$Lambda$2109/0x0000000100b86050
6016:             1             16  org.apache.commons.logging.LogAdapter$$Lambda$25/0x00000001000cdb40
6017:             1             16  org.apache.commons.logging.impl.NoOpLog
6018:             1             16  org.apache.el.ExpressionFactoryImpl
6019:             1             16  org.apache.hc.client5.http.SystemDefaultDnsResolver
6020:             1             16  org.apache.hc.client5.http.cookie.CookieIdentityComparator
6021:             1             16  org.apache.hc.client5.http.entity.DeflateInputStreamFactory
6022:             1             16  org.apache.hc.client5.http.entity.GZIPInputStreamFactory
6023:             1             16  org.apache.hc.client5.http.impl.DefaultAuthenticationStrategy
6024:             1             16  org.apache.hc.client5.http.impl.DefaultClientConnectionReuseStrategy
6025:             1             16  org.apache.hc.client5.http.impl.DefaultConnectionKeepAliveStrategy
6026:             1             16  org.apache.hc.client5.http.impl.DefaultRedirectStrategy
6027:             1             16  org.apache.hc.client5.http.impl.DefaultSchemePortResolver
6028:             1             16  org.apache.hc.client5.http.impl.DefaultUserTokenHandler
6029:             1             16  org.apache.hc.client5.http.impl.auth.BasicCredentialsProvider
6030:             1             16  org.apache.hc.client5.http.impl.auth.BasicSchemeFactory
6031:             1             16  org.apache.hc.client5.http.impl.auth.BearerSchemeFactory
6032:             1             16  org.apache.hc.client5.http.impl.auth.DigestSchemeFactory
6033:             1             16  org.apache.hc.client5.http.impl.classic.HttpRequestRetryExec
6034:             1             16  org.apache.hc.client5.http.impl.cookie.BasicDomainHandler
6035:             1             16  org.apache.hc.client5.http.impl.cookie.BasicExpiresHandler
6036:             1             16  org.apache.hc.client5.http.impl.cookie.BasicHttpOnlyHandler
6037:             1             16  org.apache.hc.client5.http.impl.cookie.BasicMaxAgeHandler
6038:             1             16  org.apache.hc.client5.http.impl.cookie.BasicPathHandler
6039:             1             16  org.apache.hc.client5.http.impl.cookie.BasicSecureHandler
6040:             1             16  org.apache.hc.client5.http.impl.cookie.IgnoreCookieSpecFactory
6041:             1             16  org.apache.hc.client5.http.impl.routing.BasicRouteDirector
6042:             1             16  org.apache.hc.client5.http.protocol.RequestAddCookies
6043:             1             16  org.apache.hc.client5.http.protocol.RequestClientConnControl
6044:             1             16  org.apache.hc.client5.http.protocol.RequestExpectContinue
6045:             1             16  org.apache.hc.client5.http.protocol.ResponseProcessCookies
6046:             1             16  org.apache.hc.client5.http.psl.PublicSuffixListParser
6047:             1             16  org.apache.hc.client5.http.socket.PlainConnectionSocketFactory
6048:             1             16  org.apache.hc.client5.http.ssl.DefaultHostnameVerifier
6049:             1             16  org.apache.hc.client5.http.ssl.TlsSessionValidator
6050:             1             16  org.apache.hc.core5.http.impl.DefaultConnectionReuseStrategy
6051:             1             16  org.apache.hc.core5.http.impl.DefaultContentLengthStrategy
6052:             1             16  org.apache.hc.core5.http.impl.EnglishReasonPhraseCatalog
6053:             1             16  org.apache.hc.core5.http.impl.io.DefaultClassicHttpResponseFactory
6054:             1             16  org.apache.hc.core5.http.impl.io.DefaultHttpRequestWriterFactory
6055:             1             16  org.apache.hc.core5.http.impl.io.NoResponseOutOfOrderStrategy
6056:             1             16  org.apache.hc.core5.http.io.entity.EmptyInputStream
6057:             1             16  org.apache.hc.core5.http.message.BasicHeaderValueParser
6058:             1             16  org.apache.hc.core5.http.message.BasicLineFormatter
6059:             1             16  org.apache.hc.core5.util.Tokenizer
6060:             1             16  org.apache.juli.logging.LogFactory
6061:             1             16  org.apache.kafka.clients.ApiVersions$$Lambda$1995/0x0000000100b63170
6062:             1             16  org.apache.kafka.clients.ApiVersions$$Lambda$1996/0x0000000100b633c0
6063:             1             16  org.apache.kafka.clients.ApiVersions$$Lambda$1997/0x0000000100b63600
6064:             1             16  org.apache.kafka.clients.CommonClientConfigs$$Lambda$1808/0x0000000100a78200
6065:             1             16  org.apache.kafka.clients.Metadata$$Lambda$2780/0x0000000100b90b30
6066:             1             16  org.apache.kafka.clients.Metadata$$Lambda$2782/0x0000000100b90fb0
6067:             1             16  org.apache.kafka.clients.Metadata$$Lambda$2786/0x0000000100b918a0
6068:             1             16  org.apache.kafka.clients.Metadata$$Lambda$2790/0x00000001009a0258
6069:             1             16  org.apache.kafka.clients.Metadata$$Lambda$2795/0x00000001009a0db0
6070:             1             16  org.apache.kafka.clients.Metadata$$Lambda$2798/0x00000001009a14a0
6071:             1             16  org.apache.kafka.clients.Metadata$LeaderAndEpoch$$Lambda$2576/0x0000000100c53118
6072:             1             16  org.apache.kafka.clients.MetadataSnapshot$$Lambda$2252/0x0000000100bfa540
6073:             1             16  org.apache.kafka.clients.MetadataSnapshot$$Lambda$2253/0x0000000100bfa780
6074:             1             16  org.apache.kafka.clients.MetadataSnapshot$$Lambda$2732/0x0000000100c86000
6075:             1             16  org.apache.kafka.clients.MetadataSnapshot$$Lambda$2733/0x0000000100c86240
6076:             1             16  org.apache.kafka.clients.NetworkClient$DefaultMetadataUpdater$$Lambda$2269/0x0000000100c0bcd8
6077:             1             16  org.apache.kafka.clients.NetworkClient$DefaultMetadataUpdater$$Lambda$2316/0x0000000100c1a460
6078:             1             16  org.apache.kafka.clients.admin.KafkaAdminClient$$Lambda$1857/0x0000000100ad0cf8
6079:             1             16  org.apache.kafka.clients.admin.KafkaAdminClient$$Lambda$2009/0x0000000100b64800
6080:             1             16  org.apache.kafka.clients.admin.KafkaAdminClient$AdminClientRunnable$2$$Lambda$2002/0x0000000100b671a0
6081:             1             16  org.apache.kafka.clients.admin.ListTopicsResult$$Lambda$2114/0x0000000100b8b1e8
6082:             1             16  org.apache.kafka.clients.admin.ListTopicsResult$$Lambda$2200/0x0000000100bcf5f8
6083:             1             16  org.apache.kafka.clients.consumer.ConsumerRecords
6084:             1             16  org.apache.kafka.clients.consumer.internals.AbstractFetch$$Lambda$2337/0x0000000100c233f0
6085:             1             16  org.apache.kafka.clients.consumer.internals.AbstractFetch$$Lambda$2338/0x0000000100c23870
6086:             1             16  org.apache.kafka.clients.consumer.internals.AbstractFetch$$Lambda$2776/0x0000000100b90210
6087:             1             16  org.apache.kafka.clients.consumer.internals.AbstractFetch$$Lambda$2778/0x0000000100b908e0
6088:             1             16  org.apache.kafka.clients.consumer.internals.ConsumerCoordinator$PartitionRackInfo$$Lambda$2344/0x0000000100c249d8
6089:             1             16  org.apache.kafka.clients.consumer.internals.ConsumerDelegateCreator
6090:             1             16  org.apache.kafka.clients.consumer.internals.ConsumerNetworkClient$UnsentRequests$$Lambda$2302/0x0000000100c1ddb8
6091:             1             16  org.apache.kafka.clients.consumer.internals.ConsumerProtocol$$Lambda$2330/0x0000000100c21b38
6092:             1             16  org.apache.kafka.clients.consumer.internals.ConsumerProtocol$$Lambda$2331/0x0000000100c21d78
6093:             1             16  org.apache.kafka.clients.consumer.internals.FetchMetricsAggregator$$Lambda$2670/0x0000000100c6c208
6094:             1             16  org.apache.kafka.clients.consumer.internals.LegacyKafkaConsumer$$Lambda$2255/0x0000000100bfb968
6095:             1             16  org.apache.kafka.clients.consumer.internals.OffsetFetcher$$Lambda$2638/0x0000000100c5ddb0
6096:             1             16  org.apache.kafka.clients.consumer.internals.OffsetFetcher$$Lambda$2642/0x0000000100c60480
6097:             1             16  org.apache.kafka.clients.consumer.internals.OffsetFetcherUtils$$Lambda$2481/0x0000000100c3f240
6098:             1             16  org.apache.kafka.clients.consumer.internals.OffsetFetcherUtils$$Lambda$2485/0x0000000100c3fb80
6099:             1             16  org.apache.kafka.clients.consumer.internals.OffsetFetcherUtils$$Lambda$2489/0x0000000100c3d240
6100:             1             16  org.apache.kafka.clients.consumer.internals.OffsetFetcherUtils$$Lambda$2492/0x0000000100c3db40
6101:             1             16  org.apache.kafka.clients.consumer.internals.OffsetFetcherUtils$$Lambda$2616/0x0000000100c5b350
6102:             1             16  org.apache.kafka.clients.consumer.internals.OffsetFetcherUtils$$Lambda$2627/0x0000000100c5ed70
6103:             1             16  org.apache.kafka.clients.consumer.internals.OffsetFetcherUtils$$Lambda$2631/0x0000000100c5faf0
6104:             1             16  org.apache.kafka.clients.consumer.internals.SensorBuilder$$Lambda$2254/0x0000000100bfb2a8
6105:             1             16  org.apache.kafka.clients.consumer.internals.SubscriptionState$$Lambda$2554/0x0000000100c4f530
6106:             1             16  org.apache.kafka.clients.consumer.internals.SubscriptionState$$Lambda$2702/0x0000000100c7ba90
6107:             1             16  org.apache.kafka.clients.producer.KafkaProducer$$Lambda$2265/0x0000000100c08b90
6108:             1             16  org.apache.kafka.clients.producer.internals.IncompleteBatches$$Lambda$2712/0x0000000100c80478
6109:             1             16  org.apache.kafka.clients.producer.internals.RecordAccumulator$$Lambda$2736/0x0000000100c86f50
6110:             1             16  org.apache.kafka.clients.producer.internals.RecordAccumulator$$Lambda$2737/0x0000000100c85a10
6111:             1             16  org.apache.kafka.clients.producer.internals.Sender$$Lambda$2748/0x0000000100c8a978
6112:             1             16  org.apache.kafka.clients.producer.internals.TransactionManager$$Lambda$2260/0x0000000100c06040
6113:             1             16  org.apache.kafka.clients.producer.internals.TransactionManager$$Lambda$2261/0x0000000100c06260
6114:             1             16  org.apache.kafka.clients.producer.internals.TxnPartitionEntry$$Lambda$2739/0x0000000100c88240
6115:             1             16  org.apache.kafka.clients.producer.internals.TxnPartitionEntry$$Lambda$2740/0x0000000100c88460
6116:             1             16  org.apache.kafka.clients.producer.internals.TxnPartitionEntry$$Lambda$2741/0x0000000100c88680
6117:             1             16  org.apache.kafka.clients.producer.internals.TxnPartitionMap$$Lambda$2738/0x0000000100c88000
6118:             1             16  org.apache.kafka.common.Cluster$$Lambda$2007/0x0000000100b658a8
6119:             1             16  org.apache.kafka.common.Cluster$$Lambda$2008/0x0000000100b65ae8
6120:             1             16  org.apache.kafka.common.KafkaFuture$$Lambda$2116/0x0000000100b8ba70
6121:             1             16  org.apache.kafka.common.KafkaFuture$$Lambda$2117/0x0000000100b8bcb0
6122:             1             16  org.apache.kafka.common.config.AbstractConfig$$Lambda$1772/0x0000000100a4a5c0
6123:             1             16  org.apache.kafka.common.config.AbstractConfig$$Lambda$1773/0x0000000100a4aa10
6124:             1             16  org.apache.kafka.common.config.ConfigDef$CaseInsensitiveValidString$$Lambda$1331/0x0000000100940ac0
6125:             1             16  org.apache.kafka.common.config.ConfigDef$ListSize
6126:             1             16  org.apache.kafka.common.internals.PartitionStates$$Lambda$2549/0x0000000100c4ec30
6127:             1             16  org.apache.kafka.common.memory.MemoryPool$1
6128:             1             16  org.apache.kafka.common.metrics.JmxReporter$$Lambda$1809/0x0000000100a78760
6129:             1             16  org.apache.kafka.common.metrics.Metrics$$Lambda$1849/0x0000000100acad50
6130:             1             16  org.apache.kafka.common.network.Selector$$Lambda$2012/0x0000000100b64400
6131:             1             16  org.apache.kafka.common.protocol.ApiKeys$$Lambda$1866/0x0000000100b22500
6132:             1             16  org.apache.kafka.common.protocol.Errors$$Lambda$1872/0x0000000100b23708
6133:             1             16  org.apache.kafka.common.protocol.Errors$$Lambda$1873/0x0000000100b23948
6134:             1             16  org.apache.kafka.common.protocol.Errors$$Lambda$1874/0x0000000100b26260
6135:             1             16  org.apache.kafka.common.protocol.Errors$$Lambda$1875/0x0000000100b26700
6136:             1             16  org.apache.kafka.common.protocol.Errors$$Lambda$1876/0x0000000100b26940
6137:             1             16  org.apache.kafka.common.protocol.Errors$$Lambda$1877/0x0000000100b26de0
6138:             1             16  org.apache.kafka.common.protocol.Errors$$Lambda$1878/0x0000000100b27280
6139:             1             16  org.apache.kafka.common.protocol.Errors$$Lambda$1879/0x0000000100b27980
6140:             1             16  org.apache.kafka.common.protocol.Errors$$Lambda$1880/0x0000000100b27bc0
6141:             1             16  org.apache.kafka.common.protocol.Errors$$Lambda$1881/0x0000000100b25260
6142:             1             16  org.apache.kafka.common.protocol.Errors$$Lambda$1882/0x0000000100b25700
6143:             1             16  org.apache.kafka.common.protocol.Errors$$Lambda$1883/0x0000000100b25ba8
6144:             1             16  org.apache.kafka.common.protocol.Errors$$Lambda$1884/0x0000000100b24a60
6145:             1             16  org.apache.kafka.common.protocol.Errors$$Lambda$1885/0x0000000100b28000
6146:             1             16  org.apache.kafka.common.protocol.Errors$$Lambda$1886/0x0000000100b284a0
6147:             1             16  org.apache.kafka.common.protocol.Errors$$Lambda$1887/0x0000000100b28940
6148:             1             16  org.apache.kafka.common.protocol.Errors$$Lambda$1888/0x0000000100b28de0
6149:             1             16  org.apache.kafka.common.protocol.Errors$$Lambda$1889/0x0000000100b29280
6150:             1             16  org.apache.kafka.common.protocol.Errors$$Lambda$1890/0x0000000100b294c0
6151:             1             16  org.apache.kafka.common.protocol.Errors$$Lambda$1891/0x0000000100b29960
6152:             1             16  org.apache.kafka.common.protocol.Errors$$Lambda$1892/0x0000000100b29e00
6153:             1             16  org.apache.kafka.common.protocol.Errors$$Lambda$1893/0x0000000100b2a2a0
6154:             1             16  org.apache.kafka.common.protocol.Errors$$Lambda$1894/0x0000000100b2a740
6155:             1             16  org.apache.kafka.common.protocol.Errors$$Lambda$1895/0x0000000100b2abe0
6156:             1             16  org.apache.kafka.common.protocol.Errors$$Lambda$1896/0x0000000100b2b080
6157:             1             16  org.apache.kafka.common.protocol.Errors$$Lambda$1897/0x0000000100b2b520
6158:             1             16  org.apache.kafka.common.protocol.Errors$$Lambda$1898/0x0000000100b2b9c0
6159:             1             16  org.apache.kafka.common.protocol.Errors$$Lambda$1899/0x0000000100b2be60
6160:             1             16  org.apache.kafka.common.protocol.Errors$$Lambda$1900/0x0000000100b2c300
6161:             1             16  org.apache.kafka.common.protocol.Errors$$Lambda$1901/0x0000000100b2c7a0
6162:             1             16  org.apache.kafka.common.protocol.Errors$$Lambda$1902/0x0000000100b2cea8
6163:             1             16  org.apache.kafka.common.protocol.Errors$$Lambda$1903/0x0000000100b2d350
6164:             1             16  org.apache.kafka.common.protocol.Errors$$Lambda$1904/0x0000000100b2d7f0
6165:             1             16  org.apache.kafka.common.protocol.Errors$$Lambda$1905/0x0000000100b2dc90
6166:             1             16  org.apache.kafka.common.protocol.Errors$$Lambda$1906/0x0000000100b2ded0
6167:             1             16  org.apache.kafka.common.protocol.Errors$$Lambda$1907/0x0000000100b2e110
6168:             1             16  org.apache.kafka.common.protocol.Errors$$Lambda$1908/0x0000000100b2e350
6169:             1             16  org.apache.kafka.common.protocol.Errors$$Lambda$1909/0x0000000100b2e7f0
6170:             1             16  org.apache.kafka.common.protocol.Errors$$Lambda$1910/0x0000000100b2ec90
6171:             1             16  org.apache.kafka.common.protocol.Errors$$Lambda$1911/0x0000000100b2f130
6172:             1             16  org.apache.kafka.common.protocol.Errors$$Lambda$1912/0x0000000100b2f5d0
6173:             1             16  org.apache.kafka.common.protocol.Errors$$Lambda$1913/0x0000000100b2f810
6174:             1             16  org.apache.kafka.common.protocol.Errors$$Lambda$1914/0x0000000100b2fcb0
6175:             1             16  org.apache.kafka.common.protocol.Errors$$Lambda$1915/0x0000000100b30000
6176:             1             16  org.apache.kafka.common.protocol.Errors$$Lambda$1916/0x0000000100b304a0
6177:             1             16  org.apache.kafka.common.protocol.Errors$$Lambda$1917/0x0000000100b30940
6178:             1             16  org.apache.kafka.common.protocol.Errors$$Lambda$1918/0x0000000100b30de0
6179:             1             16  org.apache.kafka.common.protocol.Errors$$Lambda$1919/0x0000000100b31280
6180:             1             16  org.apache.kafka.common.protocol.Errors$$Lambda$1920/0x0000000100b31720
6181:             1             16  org.apache.kafka.common.protocol.Errors$$Lambda$1921/0x0000000100b31bc0
6182:             1             16  org.apache.kafka.common.protocol.Errors$$Lambda$1922/0x0000000100b32060
6183:             1             16  org.apache.kafka.common.protocol.Errors$$Lambda$1923/0x0000000100b32500
6184:             1             16  org.apache.kafka.common.protocol.Errors$$Lambda$1924/0x0000000100b329a0
6185:             1             16  org.apache.kafka.common.protocol.Errors$$Lambda$1925/0x0000000100b32e40
6186:             1             16  org.apache.kafka.common.protocol.Errors$$Lambda$1926/0x0000000100b332e0
6187:             1             16  org.apache.kafka.common.protocol.Errors$$Lambda$1927/0x0000000100b33780
6188:             1             16  org.apache.kafka.common.protocol.Errors$$Lambda$1928/0x0000000100b33c20
6189:             1             16  org.apache.kafka.common.protocol.Errors$$Lambda$1929/0x0000000100b340c0
6190:             1             16  org.apache.kafka.common.protocol.Errors$$Lambda$1930/0x0000000100b34560
6191:             1             16  org.apache.kafka.common.protocol.Errors$$Lambda$1931/0x0000000100b347a0
6192:             1             16  org.apache.kafka.common.protocol.Errors$$Lambda$1932/0x0000000100b34c40
6193:             1             16  org.apache.kafka.common.protocol.Errors$$Lambda$1933/0x0000000100b350e0
6194:             1             16  org.apache.kafka.common.protocol.Errors$$Lambda$1934/0x0000000100b35580
6195:             1             16  org.apache.kafka.common.protocol.Errors$$Lambda$1935/0x0000000100b35a20
6196:             1             16  org.apache.kafka.common.protocol.Errors$$Lambda$1936/0x0000000100b35ec0
6197:             1             16  org.apache.kafka.common.protocol.Errors$$Lambda$1937/0x0000000100b36360
6198:             1             16  org.apache.kafka.common.protocol.Errors$$Lambda$1938/0x0000000100b36800
6199:             1             16  org.apache.kafka.common.protocol.Errors$$Lambda$1939/0x0000000100b36ca0
6200:             1             16  org.apache.kafka.common.protocol.Errors$$Lambda$1940/0x0000000100b37140
6201:             1             16  org.apache.kafka.common.protocol.Errors$$Lambda$1941/0x0000000100b375e0
6202:             1             16  org.apache.kafka.common.protocol.Errors$$Lambda$1942/0x0000000100b37a80
6203:             1             16  org.apache.kafka.common.protocol.Errors$$Lambda$1943/0x0000000100b38000
6204:             1             16  org.apache.kafka.common.protocol.Errors$$Lambda$1944/0x0000000100b384a0
6205:             1             16  org.apache.kafka.common.protocol.Errors$$Lambda$1945/0x0000000100b38940
6206:             1             16  org.apache.kafka.common.protocol.Errors$$Lambda$1946/0x0000000100b38de0
6207:             1             16  org.apache.kafka.common.protocol.Errors$$Lambda$1947/0x0000000100b39280
6208:             1             16  org.apache.kafka.common.protocol.Errors$$Lambda$1948/0x0000000100b39720
6209:             1             16  org.apache.kafka.common.protocol.Errors$$Lambda$1949/0x0000000100b39bc0
6210:             1             16  org.apache.kafka.common.protocol.Errors$$Lambda$1950/0x0000000100b3a060
6211:             1             16  org.apache.kafka.common.protocol.Errors$$Lambda$1951/0x0000000100b3a500
6212:             1             16  org.apache.kafka.common.protocol.Errors$$Lambda$1952/0x0000000100b3a9a0
6213:             1             16  org.apache.kafka.common.protocol.Errors$$Lambda$1953/0x0000000100b3ae40
6214:             1             16  org.apache.kafka.common.protocol.Errors$$Lambda$1954/0x0000000100b3b2e0
6215:             1             16  org.apache.kafka.common.protocol.Errors$$Lambda$1955/0x0000000100b3b780
6216:             1             16  org.apache.kafka.common.protocol.Errors$$Lambda$1956/0x0000000100b3bc20
6217:             1             16  org.apache.kafka.common.protocol.Errors$$Lambda$1957/0x0000000100b3c0c0
6218:             1             16  org.apache.kafka.common.protocol.Errors$$Lambda$1958/0x0000000100b3c560
6219:             1             16  org.apache.kafka.common.protocol.Errors$$Lambda$1959/0x0000000100b3ca00
6220:             1             16  org.apache.kafka.common.protocol.Errors$$Lambda$1960/0x0000000100b3cea0
6221:             1             16  org.apache.kafka.common.protocol.Errors$$Lambda$1961/0x0000000100b3d340
6222:             1             16  org.apache.kafka.common.protocol.Errors$$Lambda$1962/0x0000000100b3d580
6223:             1             16  org.apache.kafka.common.protocol.Errors$$Lambda$1963/0x0000000100b3da20
6224:             1             16  org.apache.kafka.common.protocol.Errors$$Lambda$1964/0x0000000100b3dec8
6225:             1             16  org.apache.kafka.common.protocol.Errors$$Lambda$1965/0x0000000100b3e370
6226:             1             16  org.apache.kafka.common.protocol.Errors$$Lambda$1966/0x0000000100b3e810
6227:             1             16  org.apache.kafka.common.protocol.Errors$$Lambda$1967/0x0000000100b3ecb0
6228:             1             16  org.apache.kafka.common.protocol.Errors$$Lambda$1968/0x0000000100b3f150
6229:             1             16  org.apache.kafka.common.protocol.Errors$$Lambda$1969/0x0000000100b3f5f0
6230:             1             16  org.apache.kafka.common.protocol.Errors$$Lambda$1970/0x0000000100b3fa90
6231:             1             16  org.apache.kafka.common.protocol.Errors$$Lambda$1971/0x0000000100b40000
6232:             1             16  org.apache.kafka.common.protocol.Errors$$Lambda$1972/0x0000000100b404a0
6233:             1             16  org.apache.kafka.common.protocol.Errors$$Lambda$1973/0x0000000100b40940
6234:             1             16  org.apache.kafka.common.protocol.Errors$$Lambda$1974/0x0000000100b40de0
6235:             1             16  org.apache.kafka.common.protocol.Errors$$Lambda$1975/0x0000000100b41280
6236:             1             16  org.apache.kafka.common.protocol.Errors$$Lambda$1976/0x0000000100b41720
6237:             1             16  org.apache.kafka.common.protocol.Errors$$Lambda$1977/0x0000000100b41bc0
6238:             1             16  org.apache.kafka.common.protocol.Errors$$Lambda$1978/0x0000000100b42060
6239:             1             16  org.apache.kafka.common.protocol.Errors$$Lambda$1979/0x0000000100b42500
6240:             1             16  org.apache.kafka.common.protocol.Errors$$Lambda$1980/0x0000000100b429a0
6241:             1             16  org.apache.kafka.common.protocol.Errors$$Lambda$1981/0x0000000100b42e40
6242:             1             16  org.apache.kafka.common.protocol.Errors$$Lambda$1982/0x0000000100b432e0
6243:             1             16  org.apache.kafka.common.protocol.Errors$$Lambda$1983/0x0000000100b43780
6244:             1             16  org.apache.kafka.common.protocol.Errors$$Lambda$1984/0x0000000100b43c20
6245:             1             16  org.apache.kafka.common.protocol.Errors$$Lambda$1985/0x0000000100b440c0
6246:             1             16  org.apache.kafka.common.protocol.Errors$$Lambda$1986/0x0000000100b44560
6247:             1             16  org.apache.kafka.common.protocol.Errors$$Lambda$1987/0x0000000100b447a0
6248:             1             16  org.apache.kafka.common.protocol.Errors$$Lambda$1988/0x0000000100b449e0
6249:             1             16  org.apache.kafka.common.protocol.Errors$$Lambda$1989/0x0000000100b44e80
6250:             1             16  org.apache.kafka.common.protocol.Errors$$Lambda$1990/0x0000000100b45320
6251:             1             16  org.apache.kafka.common.protocol.Errors$$Lambda$1991/0x0000000100b457c0
6252:             1             16  org.apache.kafka.common.protocol.Errors$$Lambda$1992/0x0000000100b45c60
6253:             1             16  org.apache.kafka.common.protocol.types.Type$1
6254:             1             16  org.apache.kafka.common.protocol.types.Type$10
6255:             1             16  org.apache.kafka.common.protocol.types.Type$11
6256:             1             16  org.apache.kafka.common.protocol.types.Type$12
6257:             1             16  org.apache.kafka.common.protocol.types.Type$13
6258:             1             16  org.apache.kafka.common.protocol.types.Type$14
6259:             1             16  org.apache.kafka.common.protocol.types.Type$15
6260:             1             16  org.apache.kafka.common.protocol.types.Type$16
6261:             1             16  org.apache.kafka.common.protocol.types.Type$17
6262:             1             16  org.apache.kafka.common.protocol.types.Type$18
6263:             1             16  org.apache.kafka.common.protocol.types.Type$19
6264:             1             16  org.apache.kafka.common.protocol.types.Type$2
6265:             1             16  org.apache.kafka.common.protocol.types.Type$20
6266:             1             16  org.apache.kafka.common.protocol.types.Type$21
6267:             1             16  org.apache.kafka.common.protocol.types.Type$3
6268:             1             16  org.apache.kafka.common.protocol.types.Type$4
6269:             1             16  org.apache.kafka.common.protocol.types.Type$5
6270:             1             16  org.apache.kafka.common.protocol.types.Type$6
6271:             1             16  org.apache.kafka.common.protocol.types.Type$7
6272:             1             16  org.apache.kafka.common.protocol.types.Type$8
6273:             1             16  org.apache.kafka.common.protocol.types.Type$9
6274:             1             16  org.apache.kafka.common.record.MemoryRecordsBuilder$1
6275:             1             16  org.apache.kafka.common.requests.FetchResponse$$Lambda$2665/0x0000000100c66558
6276:             1             16  org.apache.kafka.common.requests.FetchResponse$$Lambda$2667/0x0000000100c669d8
6277:             1             16  org.apache.kafka.common.requests.MetadataRequest$$Lambda$2003/0x0000000100b673f0
6278:             1             16  org.apache.kafka.common.requests.MetadataResponse$$Lambda$2006/0x0000000100b65688
6279:             1             16  org.apache.kafka.common.requests.MetadataResponse$Holder$$Lambda$2000/0x0000000100b66d20
6280:             1             16  org.apache.kafka.common.requests.MetadataResponse$Holder$$Lambda$2001/0x0000000100b66f60
6281:             1             16  org.apache.kafka.common.security.JaasContext$$Lambda$1840/0x0000000100ac5e08
6282:             1             16  org.apache.kafka.common.security.authenticator.AbstractLogin$DefaultLoginCallbackHandler
6283:             1             16  org.apache.kafka.common.security.authenticator.LoginManager$LoginMetadata$$Lambda$1841/0x0000000100ac7d50
6284:             1             16  org.apache.kafka.common.security.plain.PlainLoginModule
6285:             1             16  org.apache.kafka.common.serialization.BytesSerializer
6286:             1             16  org.apache.kafka.common.telemetry.internals.ClientTelemetryProvider$$Lambda$2415/0x0000000100c322d8
6287:             1             16  org.apache.kafka.common.telemetry.internals.ClientTelemetryProvider$$Lambda$2418/0x0000000100c32998
6288:             1             16  org.apache.kafka.common.telemetry.internals.ClientTelemetryUtils$$Lambda$2247/0x0000000100bea510
6289:             1             16  org.apache.kafka.common.telemetry.internals.ClientTelemetryUtils$$Lambda$2248/0x0000000100bea760
6290:             1             16  org.apache.kafka.common.telemetry.internals.SinglePointMetric$$Lambda$2752/0x0000000100c918b8
6291:             1             16  org.apache.kafka.common.telemetry.internals.TelemetryMetricNamingConvention$$Lambda$2250/0x0000000100bf8470
6292:             1             16  org.apache.kafka.common.telemetry.internals.TelemetryMetricNamingConvention$$Lambda$2251/0x0000000100bf86b0
6293:             1             16  org.apache.kafka.common.utils.BufferSupplier$1
6294:             1             16  org.apache.kafka.common.utils.Bytes$LexicographicByteArrayComparator
6295:             1             16  org.apache.kafka.common.utils.ConfigUtils$$Lambda$1810/0x0000000100a78bb8
6296:             1             16  org.apache.kafka.common.utils.ConfigUtils$$Lambda$1811/0x0000000100a78df8
6297:             1             16  org.apache.kafka.common.utils.ConfigUtils$$Lambda$1812/0x0000000100a79038
6298:             1             16  org.apache.kafka.common.utils.ConfigUtils$$Lambda$1814/0x0000000100a794d0
6299:             1             16  org.apache.kafka.common.utils.ConfigUtils$$Lambda$1815/0x0000000100a79720
6300:             1             16  org.apache.kafka.common.utils.ConfigUtils$$Lambda$1816/0x0000000100a79960
6301:             1             16  org.apache.kafka.common.utils.Crc32C$Java9ChecksumFactory
6302:             1             16  org.apache.kafka.common.utils.SystemTime
6303:             1             16  org.apache.kafka.common.utils.Utils$$Lambda$1329/0x000000010093f928
6304:             1             16  org.apache.kafka.common.utils.Utils$$Lambda$1330/0x000000010093fb68
6305:             1             16  org.apache.kafka.shaded.com.google.protobuf.ExtensionRegistryLite
6306:             1             16  org.apache.kafka.shaded.com.google.protobuf.UnknownFieldSet
6307:             1             16  org.apache.kafka.shaded.com.google.protobuf.UnknownFieldSet$Parser
6308:             1             16  org.apache.kafka.shaded.com.google.protobuf.UnsafeUtil$JvmMemoryAccessor
6309:             1             16  org.apache.kafka.shaded.com.google.protobuf.Utf8$UnsafeProcessor
6310:             1             16  org.apache.kafka.shaded.io.opentelemetry.proto.common.v1.AnyValue$1
6311:             1             16  org.apache.kafka.shaded.io.opentelemetry.proto.common.v1.KeyValue$1
6312:             1             16  org.apache.kafka.shaded.io.opentelemetry.proto.metrics.v1.Gauge$1
6313:             1             16  org.apache.kafka.shaded.io.opentelemetry.proto.metrics.v1.Metric$1
6314:             1             16  org.apache.kafka.shaded.io.opentelemetry.proto.metrics.v1.MetricsData$1
6315:             1             16  org.apache.kafka.shaded.io.opentelemetry.proto.metrics.v1.NumberDataPoint$1
6316:             1             16  org.apache.kafka.shaded.io.opentelemetry.proto.metrics.v1.ResourceMetrics$1
6317:             1             16  org.apache.kafka.shaded.io.opentelemetry.proto.metrics.v1.ScopeMetrics$1
6318:             1             16  org.apache.kafka.shaded.io.opentelemetry.proto.resource.v1.Resource$1
6319:             1             16  org.apache.kafka.streams.KafkaStreams$$Lambda$2289/0x0000000100c16db8
6320:             1             16  org.apache.kafka.streams.KafkaStreams$$Lambda$2290/0x0000000100c16fe8
6321:             1             16  org.apache.kafka.streams.KafkaStreams$$Lambda$2291/0x0000000100c17208
6322:             1             16  org.apache.kafka.streams.KafkaStreams$StreamStateListener$$Lambda$2517/0x0000000100c433c0
6323:             1             16  org.apache.kafka.streams.StreamsConfig$$Lambda$1770/0x0000000100a4a160
6324:             1             16  org.apache.kafka.streams.StreamsConfig$$Lambda$1771/0x0000000100a4a3a0
6325:             1             16  org.apache.kafka.streams.StreamsConfig$$Lambda$1774/0x0000000100a4b848
6326:             1             16  org.apache.kafka.streams.StreamsConfig$$Lambda$1775/0x0000000100a4ba88
6327:             1             16  org.apache.kafka.streams.StreamsConfig$$Lambda$1776/0x0000000100a4bcc8
6328:             1             16  org.apache.kafka.streams.StreamsConfig$1
6329:             1             16  org.apache.kafka.streams.kstream.internals.InternalStreamsBuilder$$Lambda$2225/0x0000000100bdcd80
6330:             1             16  org.apache.kafka.streams.kstream.internals.InternalStreamsBuilder$$Lambda$2226/0x0000000100bdcfc0
6331:             1             16  org.apache.kafka.streams.kstream.internals.InternalStreamsBuilder$$Lambda$2231/0x0000000100bde160
6332:             1             16  org.apache.kafka.streams.kstream.internals.graph.NodesWithRelaxedNullKeyJoinDownstream$$Lambda$2228/0x0000000100bddab0
6333:             1             16  org.apache.kafka.streams.processor.internals.InternalTopologyBuilder$$Lambda$2235/0x0000000100be1be8
6334:             1             16  org.apache.kafka.streams.processor.internals.InternalTopologyBuilder$GlobalStoreComparator
6335:             1             16  org.apache.kafka.streams.processor.internals.InternalTopologyBuilder$NodeComparator
6336:             1             16  org.apache.kafka.streams.processor.internals.InternalTopologyBuilder$SubtopologyComparator
6337:             1             16  org.apache.kafka.streams.processor.internals.PartitionGroup$$Lambda$2545/0x0000000100c4d0c8
6338:             1             16  org.apache.kafka.streams.processor.internals.StateDirectory$$Lambda$2756/0x0000000100ca3b78
6339:             1             16  org.apache.kafka.streams.processor.internals.StoreChangelogReader$$Lambda$2369/0x0000000100c2cd78
6340:             1             16  org.apache.kafka.streams.processor.internals.StoreChangelogReader$$Lambda$2377/0x0000000100c2e018
6341:             1             16  org.apache.kafka.streams.processor.internals.StoreChangelogReader$$Lambda$2381/0x0000000100c2e958
6342:             1             16  org.apache.kafka.streams.processor.internals.StoreChangelogReader$$Lambda$2385/0x0000000100c2f258
6343:             1             16  org.apache.kafka.streams.processor.internals.StoreChangelogReader$$Lambda$2501/0x0000000100c40d60
6344:             1             16  org.apache.kafka.streams.processor.internals.StoreChangelogReader$$Lambda$2502/0x0000000100c41200
6345:             1             16  org.apache.kafka.streams.processor.internals.StoreChangelogReader$$Lambda$2590/0x0000000100c56f88
6346:             1             16  org.apache.kafka.streams.processor.internals.StoreChangelogReader$$Lambda$2592/0x0000000100c578c8
6347:             1             16  org.apache.kafka.streams.processor.internals.StreamTask$$Lambda$2605/0x0000000100c588e0
6348:             1             16  org.apache.kafka.streams.processor.internals.StreamTask$$Lambda$2609/0x0000000100c59220
6349:             1             16  org.apache.kafka.streams.processor.internals.StreamTask$$Lambda$2612/0x0000000100c59b20
6350:             1             16  org.apache.kafka.streams.processor.internals.StreamTask$$Lambda$2695/0x0000000100c6f8f8
6351:             1             16  org.apache.kafka.streams.processor.internals.StreamThread$$Lambda$2519/0x0000000100c43610
6352:             1             16  org.apache.kafka.streams.processor.internals.StreamThread$$Lambda$2696/0x0000000100c74400
6353:             1             16  org.apache.kafka.streams.processor.internals.StreamsMetadataState$$Lambda$2241/0x0000000100be37e0
6354:             1             16  org.apache.kafka.streams.processor.internals.StreamsPartitionAssignor$$Lambda$2273/0x0000000100c0f0c0
6355:             1             16  org.apache.kafka.streams.processor.internals.StreamsPartitionAssignor$$Lambda$2274/0x0000000100c0f300
6356:             1             16  org.apache.kafka.streams.processor.internals.StreamsPartitionAssignor$$Lambda$2537/0x0000000100c46580
6357:             1             16  org.apache.kafka.streams.processor.internals.TaskExecutor$$Lambda$2527/0x0000000100c44610
6358:             1             16  org.apache.kafka.streams.processor.internals.TaskExecutor$$Lambda$2529/0x0000000100c44f10
6359:             1             16  org.apache.kafka.streams.processor.internals.TaskExecutor$$Lambda$2713/0x0000000100c806b8
6360:             1             16  org.apache.kafka.streams.processor.internals.TaskExecutor$$Lambda$2714/0x0000000100c808f8
6361:             1             16  org.apache.kafka.streams.processor.internals.TaskExecutor$$Lambda$2715/0x0000000100c80b38
6362:             1             16  org.apache.kafka.streams.processor.internals.TaskManager$$Lambda$2327/0x0000000100c19670
6363:             1             16  org.apache.kafka.streams.processor.internals.TaskManager$$Lambda$2362/0x0000000100c27a80
6364:             1             16  org.apache.kafka.streams.processor.internals.TaskManager$$Lambda$2365/0x0000000100c2c240
6365:             1             16  org.apache.kafka.streams.processor.internals.TaskManager$$Lambda$2425/0x0000000100c34ed0
6366:             1             16  org.apache.kafka.streams.processor.internals.TaskManager$$Lambda$2429/0x0000000100c35810
6367:             1             16  org.apache.kafka.streams.processor.internals.TaskManager$$Lambda$2433/0x0000000100c36110
6368:             1             16  org.apache.kafka.streams.processor.internals.TaskManager$$Lambda$2437/0x0000000100c36a50
6369:             1             16  org.apache.kafka.streams.processor.internals.TaskManager$$Lambda$2441/0x0000000100c37350
6370:             1             16  org.apache.kafka.streams.processor.internals.TaskManager$$Lambda$2449/0x0000000100c386a8
6371:             1             16  org.apache.kafka.streams.processor.internals.TaskManager$$Lambda$2461/0x0000000100c3a188
6372:             1             16  org.apache.kafka.streams.processor.internals.TaskManager$$Lambda$2505/0x0000000100c418c0
6373:             1             16  org.apache.kafka.streams.processor.internals.TaskManager$$Lambda$2508/0x0000000100c41f80
6374:             1             16  org.apache.kafka.streams.processor.internals.TaskManager$$Lambda$2511/0x0000000100c42640
6375:             1             16  org.apache.kafka.streams.processor.internals.TaskManager$$Lambda$2513/0x0000000100c42ac0
6376:             1             16  org.apache.kafka.streams.processor.internals.TaskManager$$Lambda$2522/0x0000000100c43f50
6377:             1             16  org.apache.kafka.streams.processor.internals.TaskManager$$Lambda$2656/0x0000000100c63590
6378:             1             16  org.apache.kafka.streams.processor.internals.TaskManager$$Lambda$2703/0x0000000100c7bce0
6379:             1             16  org.apache.kafka.streams.processor.internals.TaskManager$$Lambda$2705/0x0000000100c7f228
6380:             1             16  org.apache.kafka.streams.processor.internals.Tasks$$Lambda$2354/0x0000000100c268a0
6381:             1             16  org.apache.kafka.streams.processor.internals.Tasks$$Lambda$2453/0x0000000100c38fa8
6382:             1             16  org.apache.kafka.streams.processor.internals.Tasks$$Lambda$2710/0x0000000100c7fd38
6383:             1             16  org.apache.kafka.streams.processor.internals.TopologyMetadata$$Lambda$2236/0x0000000100be1e28
6384:             1             16  org.apache.kafka.streams.processor.internals.TopologyMetadata$$Lambda$2237/0x0000000100be2068
6385:             1             16  org.apache.kafka.streams.processor.internals.TopologyMetadata$$Lambda$2243/0x0000000100be3c58
6386:             1             16  org.apache.kafka.streams.processor.internals.TopologyMetadata$$Lambda$2272/0x0000000100c0e7a0
6387:             1             16  org.apache.kafka.streams.processor.internals.TopologyMetadata$$Lambda$2292/0x0000000100c17438
6388:             1             16  org.apache.kafka.streams.processor.internals.assignment.AssignorConfiguration$$Lambda$2277/0x0000000100c0cc28
6389:             1             16  org.apache.kafka.streams.processor.internals.assignment.SubscriptionInfo$$Lambda$2328/0x0000000100c20870
6390:             1             16  org.apache.kafka.streams.processor.internals.assignment.SubscriptionInfo$$Lambda$2329/0x0000000100c20ab0
6391:             1             16  org.apache.kafka.streams.processor.internals.metrics.StreamsMetricsImpl$$Lambda$2257/0x0000000100c023f0
6392:             1             16  org.apache.kafka.streams.processor.internals.metrics.StreamsMetricsImpl$$Lambda$2282/0x0000000100c15008
6393:             1             16  org.apache.kafka.streams.processor.internals.metrics.StreamsMetricsImpl$$Lambda$2285/0x0000000100c158b0
6394:             1             16  org.apache.tomcat.util.buf.CharsetCache
6395:             1             16  org.apache.tomcat.util.buf.MessageBytes$MessageBytesFactory
6396:             1             16  org.apache.tomcat.util.compat.Jre16Compat
6397:             1             16  org.apache.tomcat.util.http.CookieProcessorBase$$Lambda$864/0x00000001006e9670
6398:             1             16  org.apache.tomcat.util.http.parser.MediaTypeCache
6399:             1             16  org.apache.tomcat.util.modeler.NoDescriptorRegistry$NoJmxMBeanServer
6400:             1             16  org.apache.tomcat.util.net.SocketWrapperBase$1
6401:             1             16  org.apache.tomcat.util.net.SocketWrapperBase$2
6402:             1             16  org.apache.tomcat.util.net.SocketWrapperBase$3
6403:             1             16  org.apache.tomcat.util.threads.ScheduledThreadPoolExecutor
6404:             1             16  org.apache.tomcat.util.threads.ThreadPoolExecutor$RejectPolicy
6405:             1             16  org.apache.tomcat.websocket.server.WsContextListener
6406:             1             16  org.apache.tomcat.websocket.server.WsSci
6407:             1             16  org.apache.tomcat.websocket.server.WsSessionListener
6408:             1             16  org.apache.tomcat.websocket.server.WsWriteTimeout$$Lambda$1277/0x00000001009258a8
6409:             1             16  org.hibernate.validator.internal.engine.AbstractConfigurationImpl$$Lambda$810/0x000000010067a620
6410:             1             16  org.hibernate.validator.internal.engine.DefaultClockProvider
6411:             1             16  org.hibernate.validator.internal.engine.DefaultParameterNameProvider
6412:             1             16  org.hibernate.validator.internal.engine.DefaultPropertyNodeNameProvider
6413:             1             16  org.hibernate.validator.internal.engine.constraintvalidation.ConstraintValidatorManagerImpl$1
6414:             1             16  org.hibernate.validator.internal.engine.groups.ValidationOrderGenerator
6415:             1             16  org.hibernate.validator.internal.engine.messageinterpolation.DefaultLocaleResolver
6416:             1             16  org.hibernate.validator.internal.engine.resolver.TraverseAllTraversableResolver
6417:             1             16  org.hibernate.validator.internal.engine.valueextraction.AnnotatedObject
6418:             1             16  org.hibernate.validator.internal.engine.valueextraction.BooleanArrayValueExtractor
6419:             1             16  org.hibernate.validator.internal.engine.valueextraction.ByteArrayValueExtractor
6420:             1             16  org.hibernate.validator.internal.engine.valueextraction.CharArrayValueExtractor
6421:             1             16  org.hibernate.validator.internal.engine.valueextraction.DoubleArrayValueExtractor
6422:             1             16  org.hibernate.validator.internal.engine.valueextraction.FloatArrayValueExtractor
6423:             1             16  org.hibernate.validator.internal.engine.valueextraction.IntArrayValueExtractor
6424:             1             16  org.hibernate.validator.internal.engine.valueextraction.IterableValueExtractor
6425:             1             16  org.hibernate.validator.internal.engine.valueextraction.ListValueExtractor
6426:             1             16  org.hibernate.validator.internal.engine.valueextraction.LongArrayValueExtractor
6427:             1             16  org.hibernate.validator.internal.engine.valueextraction.MapKeyExtractor
6428:             1             16  org.hibernate.validator.internal.engine.valueextraction.MapValueExtractor
6429:             1             16  org.hibernate.validator.internal.engine.valueextraction.ObjectArrayValueExtractor
6430:             1             16  org.hibernate.validator.internal.engine.valueextraction.OptionalDoubleValueExtractor
6431:             1             16  org.hibernate.validator.internal.engine.valueextraction.OptionalIntValueExtractor
6432:             1             16  org.hibernate.validator.internal.engine.valueextraction.OptionalLongValueExtractor
6433:             1             16  org.hibernate.validator.internal.engine.valueextraction.OptionalValueExtractor
6434:             1             16  org.hibernate.validator.internal.engine.valueextraction.ShortArrayValueExtractor
6435:             1             16  org.hibernate.validator.internal.metadata.DefaultBeanMetaDataClassNormalizer
6436:             1             16  org.hibernate.validator.internal.metadata.aggregated.rule.OverridingMethodMustNotAlterParameterConstraints
6437:             1             16  org.hibernate.validator.internal.metadata.aggregated.rule.ParallelMethodsMustNotDefineGroupConversionForCascadedReturnValue
6438:             1             16  org.hibernate.validator.internal.metadata.aggregated.rule.ParallelMethodsMustNotDefineParameterConstraints
6439:             1             16  org.hibernate.validator.internal.metadata.aggregated.rule.ReturnValueMayOnlyBeMarkedOnceAsCascadedPerHierarchyLine
6440:             1             16  org.hibernate.validator.internal.metadata.aggregated.rule.VoidMethodsMustNotBeReturnValueConstrained
6441:             1             16  org.hibernate.validator.internal.metadata.core.ConstraintHelper$ValidatorDescriptorMap
6442:             1             16  org.hibernate.validator.internal.metadata.provider.AnnotationMetaDataProvider$$Lambda$857/0x00000001006db9c8
6443:             1             16  org.hibernate.validator.internal.properties.DefaultGetterPropertySelectionStrategy
6444:             1             16  org.hibernate.validator.internal.util.ExecutableHelper
6445:             1             16  org.hibernate.validator.internal.util.ExecutableParameterNameProvider
6446:             1             16  org.hibernate.validator.internal.util.TypeResolutionHelper
6447:             1             16  org.hibernate.validator.internal.util.logging.Messages_$bundle
6448:             1             16  org.hibernate.validator.internal.util.privilegedactions.GetClassLoader
6449:             1             16  org.hibernate.validator.resourceloading.PlatformResourceBundleLocator$AggregateResourceBundleControl
6450:             1             16  org.jboss.logging.Slf4jLoggerProvider
6451:             1             16  org.slf4j.helpers.NOPLoggerFactory
6452:             1             16  org.slf4j.helpers.NOPMDCAdapter
6453:             1             16  org.springframework.aop.Advisor$1
6454:             1             16  org.springframework.aop.TrueClassFilter
6455:             1             16  org.springframework.aop.TrueMethodMatcher
6456:             1             16  org.springframework.aop.TruePointcut
6457:             1             16  org.springframework.aop.framework.DefaultAdvisorChainFactory
6458:             1             16  org.springframework.aop.framework.DefaultAopProxyFactory
6459:             1             16  org.springframework.aop.framework.adapter.AfterReturningAdviceAdapter
6460:             1             16  org.springframework.aop.framework.adapter.DefaultAdvisorAdapterRegistry
6461:             1             16  org.springframework.aop.framework.adapter.MethodBeforeAdviceAdapter
6462:             1             16  org.springframework.aop.framework.adapter.ThrowsAdviceAdapter
6463:             1             16  org.springframework.aop.support.ClassFilters$IntersectionClassFilter
6464:             1             16  org.springframework.beans.SimpleBeanInfoFactory
6465:             1             16  org.springframework.beans.factory.BeanFactoryUtils$$Lambda$854/0x00000001006d8688
6466:             1             16  org.springframework.beans.factory.config.AutowiredPropertyMarker
6467:             1             16  org.springframework.beans.factory.support.AbstractAutowireCapableBeanFactory$$Lambda$947/0x00000001007916f0
6468:             1             16  org.springframework.beans.factory.support.AutowireUtils$$Lambda$957/0x00000001007e4530
6469:             1             16  org.springframework.beans.factory.support.DefaultBeanNameGenerator
6470:             1             16  org.springframework.beans.factory.support.DefaultListableBeanFactory$$Lambda$1013/0x000000010086fcd0
6471:             1             16  org.springframework.beans.factory.support.DefaultSingletonBeanRegistry$$Lambda$1494/0x00000001009c48f0
6472:             1             16  org.springframework.beans.factory.support.DefaultSingletonBeanRegistry$$Lambda$821/0x000000010069bbb8
6473:             1             16  org.springframework.beans.factory.support.DefaultSingletonBeanRegistry$$Lambda$822/0x000000010069c038
6474:             1             16  org.springframework.beans.factory.support.DisposableBeanAdapter$$Lambda$1250/0x000000010090d890
6475:             1             16  org.springframework.beans.factory.support.SimpleAutowireCandidateResolver
6476:             1             16  org.springframework.beans.factory.xml.XmlBeanDefinitionReader$$Lambda$836/0x00000001006aee80
6477:             1             16  org.springframework.boot.BootstrapRegistry$InstanceSupplier$$Lambda$187/0x0000000100258918
6478:             1             16  org.springframework.boot.BootstrapRegistry$InstanceSupplier$$Lambda$218/0x0000000100263688
6479:             1             16  org.springframework.boot.ClearCachesApplicationListener
6480:             1             16  org.springframework.boot.DefaultApplicationContextFactory
6481:             1             16  org.springframework.boot.DefaultApplicationContextFactory$$Lambda$101/0x00000001001888c0
6482:             1             16  org.springframework.boot.DefaultApplicationContextFactory$$Lambda$807/0x000000010065e9f8
6483:             1             16  org.springframework.boot.DefaultApplicationContextFactory$$Lambda$808/0x0000000100661770
6484:             1             16  org.springframework.boot.LazyInitializationExcludeFilter$$Lambda$1635/0x0000000100a08c00
6485:             1             16  org.springframework.boot.SpringApplication$$Lambda$62/0x00000001001336a8
6486:             1             16  org.springframework.boot.SpringApplication$$Lambda$67/0x00000001001338f8
6487:             1             16  org.springframework.boot.SpringApplication$$Lambda$835/0x00000001006a84b8
6488:             1             16  org.springframework.boot.SpringApplication$PropertySourceOrderingBeanFactoryPostProcessor
6489:             1             16  org.springframework.boot.SpringApplicationShutdownHook$ApplicationContextClosedListener
6490:             1             16  org.springframework.boot.SpringApplicationShutdownHook$Handler
6491:             1             16  org.springframework.boot.SpringBootBanner
6492:             1             16  org.springframework.boot.StartupInfoLogger$$Lambda$826/0x00000001006a0460
6493:             1             16  org.springframework.boot.StartupInfoLogger$$Lambda$829/0x00000001006a1418
6494:             1             16  org.springframework.boot.StartupInfoLogger$$Lambda$830/0x00000001006a18c8
6495:             1             16  org.springframework.boot.StartupInfoLogger$$Lambda$831/0x00000001006a29d8
6496:             1             16  org.springframework.boot.StartupInfoLogger$$Lambda$832/0x00000001006a2e90
6497:             1             16  org.springframework.boot.actuate.autoconfigure.availability.AvailabilityHealthContributorAutoConfiguration
6498:             1             16  org.springframework.boot.actuate.autoconfigure.availability.AvailabilityProbesAutoConfiguration
6499:             1             16  org.springframework.boot.actuate.autoconfigure.availability.AvailabilityProbesAutoConfiguration$ProbesCondition
6500:             1             16  org.springframework.boot.actuate.autoconfigure.availability.AvailabilityProbesHealthEndpointGroupsPostProcessor
6501:             1             16  org.springframework.boot.actuate.autoconfigure.endpoint.EndpointAutoConfiguration
6502:             1             16  org.springframework.boot.actuate.autoconfigure.endpoint.EndpointIdTimeToLivePropertyFunction
6503:             1             16  org.springframework.boot.actuate.autoconfigure.endpoint.EndpointIdTimeToLivePropertyFunction$$Lambda$1442/0x0000000100999600
6504:             1             16  org.springframework.boot.actuate.autoconfigure.endpoint.expose.IncludeExcludeEndpointFilter$$Lambda$934/0x0000000100722ed8
6505:             1             16  org.springframework.boot.actuate.autoconfigure.endpoint.jackson.JacksonEndpointAutoConfiguration
6506:             1             16  org.springframework.boot.actuate.autoconfigure.endpoint.jackson.JacksonEndpointAutoConfiguration$$Lambda$1341/0x000000010094ea10
6507:             1             16  org.springframework.boot.actuate.autoconfigure.endpoint.web.MappingWebEndpointPathMapper
6508:             1             16  org.springframework.boot.actuate.autoconfigure.endpoint.web.ServletEndpointManagementContextConfiguration
6509:             1             16  org.springframework.boot.actuate.autoconfigure.endpoint.web.ServletEndpointManagementContextConfiguration$WebMvcServletEndpointManagementContextConfiguration
6510:             1             16  org.springframework.boot.actuate.autoconfigure.endpoint.web.WebEndpointAutoConfiguration$$Lambda$1455/0x000000010099c8f8
6511:             1             16  org.springframework.boot.actuate.autoconfigure.endpoint.web.WebEndpointAutoConfiguration$WebEndpointServletConfiguration
6512:             1             16  org.springframework.boot.actuate.autoconfigure.endpoint.web.WebEndpointProperties$Discovery
6513:             1             16  org.springframework.boot.actuate.autoconfigure.endpoint.web.servlet.WebMvcEndpointManagementContextConfiguration
6514:             1             16  org.springframework.boot.actuate.autoconfigure.endpoint.web.servlet.WebMvcEndpointManagementContextConfiguration$EndpointObjectMapperWebMvcConfigurer
6515:             1             16  org.springframework.boot.actuate.autoconfigure.env.EnvironmentEndpointAutoConfiguration
6516:             1             16  org.springframework.boot.actuate.autoconfigure.health.AutoConfiguredHealthEndpointGroups$$Lambda$1405/0x00000001009878f8
6517:             1             16  org.springframework.boot.actuate.autoconfigure.health.HealthContributorAutoConfiguration
6518:             1             16  org.springframework.boot.actuate.autoconfigure.health.HealthEndpointAutoConfiguration
6519:             1             16  org.springframework.boot.actuate.autoconfigure.health.HealthEndpointConfiguration
6520:             1             16  org.springframework.boot.actuate.autoconfigure.health.HealthEndpointConfiguration$AdaptedReactiveHealthContributors
6521:             1             16  org.springframework.boot.actuate.autoconfigure.health.HealthEndpointConfiguration$HealthEndpointGroupsBeanPostProcessor
6522:             1             16  org.springframework.boot.actuate.autoconfigure.health.HealthEndpointConfiguration$HealthEndpointGroupsBeanPostProcessor$$Lambda$1414/0x000000010098e168
6523:             1             16  org.springframework.boot.actuate.autoconfigure.health.HealthEndpointProperties$Logging
6524:             1             16  org.springframework.boot.actuate.autoconfigure.health.HealthEndpointWebExtensionConfiguration
6525:             1             16  org.springframework.boot.actuate.autoconfigure.health.HealthEndpointWebExtensionConfiguration$$Lambda$1450/0x000000010099b098
6526:             1             16  org.springframework.boot.actuate.autoconfigure.health.HealthEndpointWebExtensionConfiguration$$Lambda$1451/0x000000010099b2e8
6527:             1             16  org.springframework.boot.actuate.autoconfigure.health.HealthEndpointWebExtensionConfiguration$MvcAdditionalHealthEndpointPathsConfiguration
6528:             1             16  org.springframework.boot.actuate.autoconfigure.health.IncludeExcludeGroupMemberPredicate$$Lambda$1413/0x000000010098db28
6529:             1             16  org.springframework.boot.actuate.autoconfigure.health.ReactiveHealthEndpointConfiguration
6530:             1             16  org.springframework.boot.actuate.autoconfigure.info.InfoContributorAutoConfiguration
6531:             1             16  org.springframework.boot.actuate.autoconfigure.info.InfoContributorProperties
6532:             1             16  org.springframework.boot.actuate.autoconfigure.info.InfoContributorProperties$Git
6533:             1             16  org.springframework.boot.actuate.autoconfigure.info.InfoEndpointAutoConfiguration
6534:             1             16  org.springframework.boot.actuate.autoconfigure.logging.LoggersEndpointAutoConfiguration
6535:             1             16  org.springframework.boot.actuate.autoconfigure.logging.LoggersEndpointAutoConfiguration$$Lambda$1448/0x000000010099a590
6536:             1             16  org.springframework.boot.actuate.autoconfigure.logging.LoggersEndpointAutoConfiguration$OnEnabledLoggingSystemCondition
6537:             1             16  org.springframework.boot.actuate.autoconfigure.metrics.CompositeMeterRegistryAutoConfiguration
6538:             1             16  org.springframework.boot.actuate.autoconfigure.metrics.JvmMetricsAutoConfiguration
6539:             1             16  org.springframework.boot.actuate.autoconfigure.metrics.KafkaMetricsAutoConfiguration
6540:             1             16  org.springframework.boot.actuate.autoconfigure.metrics.KafkaMetricsAutoConfiguration$KafkaStreamsMetricsConfiguration
6541:             1             16  org.springframework.boot.actuate.autoconfigure.metrics.KafkaMetricsAutoConfiguration$KafkaStreamsMetricsConfiguration$$Lambda$1612/0x0000000100a0dc50
6542:             1             16  org.springframework.boot.actuate.autoconfigure.metrics.LogbackMetricsAutoConfiguration
6543:             1             16  org.springframework.boot.actuate.autoconfigure.metrics.LogbackMetricsAutoConfiguration$LogbackLoggingCondition
6544:             1             16  org.springframework.boot.actuate.autoconfigure.metrics.MetricsAutoConfiguration
6545:             1             16  org.springframework.boot.actuate.autoconfigure.metrics.MetricsAutoConfiguration$MeterRegistryCloser
6546:             1             16  org.springframework.boot.actuate.autoconfigure.metrics.MetricsProperties$Data
6547:             1             16  org.springframework.boot.actuate.autoconfigure.metrics.MetricsProperties$System
6548:             1             16  org.springframework.boot.actuate.autoconfigure.metrics.MetricsProperties$System$Diskspace
6549:             1             16  org.springframework.boot.actuate.autoconfigure.metrics.MetricsProperties$Web$Client
6550:             1             16  org.springframework.boot.actuate.autoconfigure.metrics.MetricsProperties$Web$Server
6551:             1             16  org.springframework.boot.actuate.autoconfigure.metrics.PropertiesMeterFilter$1
6552:             1             16  org.springframework.boot.actuate.autoconfigure.metrics.SystemMetricsAutoConfiguration
6553:             1             16  org.springframework.boot.actuate.autoconfigure.metrics.export.OnMetricsExportEnabledCondition
6554:             1             16  org.springframework.boot.actuate.autoconfigure.metrics.export.simple.SimpleMetricsExportAutoConfiguration
6555:             1             16  org.springframework.boot.actuate.autoconfigure.metrics.export.simple.SimplePropertiesConfigAdapter
6556:             1             16  org.springframework.boot.actuate.autoconfigure.metrics.export.simple.SimplePropertiesConfigAdapter$$Lambda$1230/0x0000000100907db8
6557:             1             16  org.springframework.boot.actuate.autoconfigure.metrics.export.simple.SimplePropertiesConfigAdapter$$Lambda$1232/0x0000000100908578
6558:             1             16  org.springframework.boot.actuate.autoconfigure.metrics.integration.IntegrationMetricsAutoConfiguration
6559:             1             16  org.springframework.boot.actuate.autoconfigure.metrics.startup.StartupTimeMetricsListenerAutoConfiguration
6560:             1             16  org.springframework.boot.actuate.autoconfigure.metrics.task.TaskExecutorMetricsAutoConfiguration
6561:             1             16  org.springframework.boot.actuate.autoconfigure.metrics.web.tomcat.TomcatMetricsAutoConfiguration
6562:             1             16  org.springframework.boot.actuate.autoconfigure.observation.ObservationAutoConfiguration
6563:             1             16  org.springframework.boot.actuate.autoconfigure.observation.ObservationAutoConfiguration$MeterObservationHandlerConfiguration
6564:             1             16  org.springframework.boot.actuate.autoconfigure.observation.ObservationAutoConfiguration$MeterObservationHandlerConfiguration$TracingAndMetricsObservationHandlerConfiguration
6565:             1             16  org.springframework.boot.actuate.autoconfigure.observation.ObservationAutoConfiguration$MetricsWithTracingConfiguration
6566:             1             16  org.springframework.boot.actuate.autoconfigure.observation.ObservationHandlerGrouping
6567:             1             16  org.springframework.boot.actuate.autoconfigure.observation.ObservationProperties$Http$Client
6568:             1             16  org.springframework.boot.actuate.autoconfigure.observation.ObservationProperties$Http$Client$ClientRequests
6569:             1             16  org.springframework.boot.actuate.autoconfigure.observation.ObservationProperties$Http$Server
6570:             1             16  org.springframework.boot.actuate.autoconfigure.observation.ObservationProperties$Http$Server$ServerRequests
6571:             1             16  org.springframework.boot.actuate.autoconfigure.observation.ObservationProperties$LongTaskTimer
6572:             1             16  org.springframework.boot.actuate.autoconfigure.observation.PropertiesObservationFilterPredicate$$Lambda$1202/0x00000001008ee658
6573:             1             16  org.springframework.boot.actuate.autoconfigure.observation.web.client.HttpClientObservationsAutoConfiguration
6574:             1             16  org.springframework.boot.actuate.autoconfigure.observation.web.client.HttpClientObservationsAutoConfiguration$MeterFilterConfiguration
6575:             1             16  org.springframework.boot.actuate.autoconfigure.observation.web.client.HttpClientObservationsAutoConfiguration$MeterFilterConfiguration$$Lambda$1241/0x000000010090eae0
6576:             1             16  org.springframework.boot.actuate.autoconfigure.observation.web.client.RestClientObservationConfiguration
6577:             1             16  org.springframework.boot.actuate.autoconfigure.observation.web.client.RestTemplateObservationConfiguration
6578:             1             16  org.springframework.boot.actuate.autoconfigure.observation.web.client.WebClientObservationConfiguration
6579:             1             16  org.springframework.boot.actuate.autoconfigure.observation.web.servlet.WebMvcObservationAutoConfiguration
6580:             1             16  org.springframework.boot.actuate.autoconfigure.observation.web.servlet.WebMvcObservationAutoConfiguration$MeterFilterConfiguration
6581:             1             16  org.springframework.boot.actuate.autoconfigure.observation.web.servlet.WebMvcObservationAutoConfiguration$MeterFilterConfiguration$$Lambda$1242/0x000000010090ef58
6582:             1             16  org.springframework.boot.actuate.autoconfigure.scheduling.ScheduledTasksObservabilityAutoConfiguration
6583:             1             16  org.springframework.boot.actuate.autoconfigure.scheduling.ScheduledTasksObservabilityAutoConfiguration$ObservabilitySchedulingConfigurer
6584:             1             16  org.springframework.boot.actuate.autoconfigure.security.servlet.SecurityRequestMatchersManagementContextConfiguration
6585:             1             16  org.springframework.boot.actuate.autoconfigure.security.servlet.SecurityRequestMatchersManagementContextConfiguration$MvcRequestMatcherConfiguration
6586:             1             16  org.springframework.boot.actuate.autoconfigure.security.servlet.SecurityRequestMatchersManagementContextConfiguration$MvcRequestMatcherConfiguration$$Lambda$1787/0x0000000100a5e8c0
6587:             1             16  org.springframework.boot.actuate.autoconfigure.startup.StartupEndpointAutoConfiguration$ApplicationStartupCondition
6588:             1             16  org.springframework.boot.actuate.autoconfigure.system.DiskSpaceHealthContributorAutoConfiguration
6589:             1             16  org.springframework.boot.actuate.autoconfigure.tracing.BraveAutoConfiguration
6590:             1             16  org.springframework.boot.actuate.autoconfigure.tracing.BravePropagationConfigurations$NoPropagation
6591:             1             16  org.springframework.boot.actuate.autoconfigure.tracing.BravePropagationConfigurations$PropagationWithBaggage
6592:             1             16  org.springframework.boot.actuate.autoconfigure.tracing.BravePropagationConfigurations$PropagationWithBaggage$$Lambda$1206/0x00000001008f3df8
6593:             1             16  org.springframework.boot.actuate.autoconfigure.tracing.BravePropagationConfigurations$PropagationWithBaggage$$Lambda$1209/0x00000001008f5c50
6594:             1             16  org.springframework.boot.actuate.autoconfigure.tracing.CompositePropagationFactory$CompositePropagation$$Lambda$1214/0x00000001008f9f30
6595:             1             16  org.springframework.boot.actuate.autoconfigure.tracing.CompositePropagationFactory$PropagationFactories$$Lambda$1213/0x00000001008f9cf0
6596:             1             16  org.springframework.boot.actuate.autoconfigure.tracing.LogCorrelationEnvironmentPostProcessor
6597:             1             16  org.springframework.boot.actuate.autoconfigure.tracing.MicrometerTracingAutoConfiguration
6598:             1             16  org.springframework.boot.actuate.autoconfigure.tracing.TracingProperties$Brave
6599:             1             16  org.springframework.boot.actuate.autoconfigure.tracing.TracingProperties$Sampling
6600:             1             16  org.springframework.boot.actuate.autoconfigure.web.server.$Proxy105
6601:             1             16  org.springframework.boot.actuate.autoconfigure.web.server.ManagementContextAutoConfiguration
6602:             1             16  org.springframework.boot.actuate.autoconfigure.web.server.ManagementContextAutoConfiguration$SameManagementContextConfiguration
6603:             1             16  org.springframework.boot.actuate.autoconfigure.web.server.ManagementContextAutoConfiguration$SameManagementContextConfiguration$EnableSameManagementContextConfiguration
6604:             1             16  org.springframework.boot.actuate.autoconfigure.web.servlet.ServletManagementContextAutoConfiguration
6605:             1             16  org.springframework.boot.actuate.autoconfigure.web.servlet.ServletManagementContextAutoConfiguration$$Lambda$1549/0x00000001009eb990
6606:             1             16  org.springframework.boot.actuate.availability.LivenessStateHealthIndicator$$Lambda$1415/0x000000010098f158
6607:             1             16  org.springframework.boot.actuate.availability.ReadinessStateHealthIndicator$$Lambda$1419/0x000000010098a270
6608:             1             16  org.springframework.boot.actuate.endpoint.InvocationContext$$Lambda$2192/0x0000000100bcdd48
6609:             1             16  org.springframework.boot.actuate.endpoint.Sanitizer
6610:             1             16  org.springframework.boot.actuate.endpoint.annotation.DiscoveredOperationsFactory$$Lambda$1434/0x0000000100995918
6611:             1             16  org.springframework.boot.actuate.endpoint.annotation.EndpointDiscoverer$$Lambda$1266/0x000000010091e680
6612:             1             16  org.springframework.boot.actuate.endpoint.annotation.EndpointDiscoverer$$Lambda$1444/0x0000000100999a68
6613:             1             16  org.springframework.boot.actuate.endpoint.annotation.EndpointDiscoverer$$Lambda$1445/0x0000000100999cb8
6614:             1             16  org.springframework.boot.actuate.endpoint.annotation.EndpointDiscoverer$$Lambda$1447/0x000000010099a140
6615:             1             16  org.springframework.boot.actuate.endpoint.invoke.ParameterValueMapper$$Lambda$1262/0x0000000100916d08
6616:             1             16  org.springframework.boot.actuate.endpoint.invoke.convert.ConversionServiceParameterValueMapper
6617:             1             16  org.springframework.boot.actuate.endpoint.invoker.cache.CachingOperationInvokerAdvisor
6618:             1             16  org.springframework.boot.actuate.endpoint.web.EndpointLinksResolver
6619:             1             16  org.springframework.boot.actuate.endpoint.web.annotation.RequestPredicateFactory
6620:             1             16  org.springframework.boot.actuate.endpoint.web.annotation.RequestPredicateFactory$$Lambda$1439/0x00000001009981f8
6621:             1             16  org.springframework.boot.actuate.endpoint.web.annotation.RequestPredicateFactory$$Lambda$1449/0x000000010099ae48
6622:             1             16  org.springframework.boot.actuate.endpoint.web.servlet.AbstractWebMvcEndpointHandlerMapping$ServletWebOperationAdapter$FluxBodyConverter
6623:             1             16  org.springframework.boot.actuate.endpoint.web.servlet.WebMvcEndpointHandlerMapping$WebMvcLinksHandler
6624:             1             16  org.springframework.boot.actuate.health.AbstractReactiveHealthIndicator$$Lambda$1422/0x0000000100989400
6625:             1             16  org.springframework.boot.actuate.health.HealthContributorNameFactory
6626:             1             16  org.springframework.boot.actuate.health.SimpleStatusAggregator$$Lambda$1407/0x000000010098c210
6627:             1             16  org.springframework.boot.actuate.info.InfoEndpoint
6628:             1             16  org.springframework.boot.autoconfigure.AutoConfigurationImportSelector$$Lambda$916/0x0000000100702cd8
6629:             1             16  org.springframework.boot.autoconfigure.AutoConfigurationImportSelector$AutoConfigurationGroup$$Lambda$919/0x0000000100715938
6630:             1             16  org.springframework.boot.autoconfigure.AutoConfigurationImportSelector$AutoConfigurationGroup$$Lambda$920/0x0000000100715b78
6631:             1             16  org.springframework.boot.autoconfigure.AutoConfigurationImportSelector$AutoConfigurationGroup$$Lambda$921/0x0000000100715db8
6632:             1             16  org.springframework.boot.autoconfigure.AutoConfigurationImportSelector$AutoConfigurationGroup$$Lambda$922/0x0000000100715ff8
6633:             1             16  org.springframework.boot.autoconfigure.AutoConfigurationImportSelector$AutoConfigurationGroup$$Lambda$923/0x0000000100716238
6634:             1             16  org.springframework.boot.autoconfigure.BackgroundPreinitializer
6635:             1             16  org.springframework.boot.autoconfigure.SharedMetadataReaderFactoryContextInitializer
6636:             1             16  org.springframework.boot.autoconfigure.SharedMetadataReaderFactoryContextInitializer$CachingMetadataReaderFactoryPostProcessor
6637:             1             16  org.springframework.boot.autoconfigure.SharedMetadataReaderFactoryContextInitializer$CachingMetadataReaderFactoryPostProcessor$$Lambda$851/0x00000001006d46e8
6638:             1             16  org.springframework.boot.autoconfigure.SharedMetadataReaderFactoryContextInitializer$SharedMetadataReaderFactoryBean
6639:             1             16  org.springframework.boot.autoconfigure.aop.AopAutoConfiguration
6640:             1             16  org.springframework.boot.autoconfigure.aop.AopAutoConfiguration$ClassProxyingConfiguration
6641:             1             16  org.springframework.boot.autoconfigure.aop.AopAutoConfiguration$ClassProxyingConfiguration$$Lambda$999/0x0000000100868fa8
6642:             1             16  org.springframework.boot.autoconfigure.availability.ApplicationAvailabilityAutoConfiguration
6643:             1             16  org.springframework.boot.autoconfigure.condition.ConditionEvaluationReport$$Lambda$918/0x0000000100712258
6644:             1             16  org.springframework.boot.autoconfigure.condition.ConditionEvaluationReport$AncestorsMatchedCondition
6645:             1             16  org.springframework.boot.autoconfigure.condition.OnBeanCondition$Spec$$Lambda$946/0x0000000100790678
6646:             1             16  org.springframework.boot.autoconfigure.condition.OnCloudPlatformCondition
6647:             1             16  org.springframework.boot.autoconfigure.condition.OnPropertyCondition$$Lambda$931/0x000000010071d408
6648:             1             16  org.springframework.boot.autoconfigure.condition.OnPropertyCondition$$Lambda$932/0x000000010071d648
6649:             1             16  org.springframework.boot.autoconfigure.condition.OnWarDeploymentCondition
6650:             1             16  org.springframework.boot.autoconfigure.context.ConfigurationPropertiesAutoConfiguration
6651:             1             16  org.springframework.boot.autoconfigure.context.LifecycleAutoConfiguration
6652:             1             16  org.springframework.boot.autoconfigure.context.LifecycleProperties
6653:             1             16  org.springframework.boot.autoconfigure.context.MessageSourceAutoConfiguration$ResourceBundleCondition
6654:             1             16  org.springframework.boot.autoconfigure.context.PropertyPlaceholderAutoConfiguration
6655:             1             16  org.springframework.boot.autoconfigure.dao.PersistenceExceptionTranslationAutoConfiguration
6656:             1             16  org.springframework.boot.autoconfigure.http.HttpMessageConverters
6657:             1             16  org.springframework.boot.autoconfigure.http.HttpMessageConvertersAutoConfiguration
6658:             1             16  org.springframework.boot.autoconfigure.http.HttpMessageConvertersAutoConfiguration$StringHttpMessageConverterConfiguration
6659:             1             16  org.springframework.boot.autoconfigure.http.JacksonHttpMessageConvertersConfiguration
6660:             1             16  org.springframework.boot.autoconfigure.http.JacksonHttpMessageConvertersConfiguration$MappingJackson2HttpMessageConverterConfiguration
6661:             1             16  org.springframework.boot.autoconfigure.http.codec.CodecsAutoConfiguration
6662:             1             16  org.springframework.boot.autoconfigure.http.codec.CodecsAutoConfiguration$DefaultCodecsConfiguration
6663:             1             16  org.springframework.boot.autoconfigure.http.codec.CodecsAutoConfiguration$DefaultCodecsConfiguration$$Lambda$1515/0x00000001009c9cd8
6664:             1             16  org.springframework.boot.autoconfigure.http.codec.CodecsAutoConfiguration$JacksonCodecConfiguration
6665:             1             16  org.springframework.boot.autoconfigure.http.codec.CodecsAutoConfiguration$JacksonCodecConfiguration$$Lambda$1516/0x00000001009c9f00
6666:             1             16  org.springframework.boot.autoconfigure.info.ProjectInfoAutoConfiguration
6667:             1             16  org.springframework.boot.autoconfigure.info.ProjectInfoAutoConfiguration$GitResourceAvailableCondition
6668:             1             16  org.springframework.boot.autoconfigure.integration.IntegrationAutoConfiguration
6669:             1             16  org.springframework.boot.autoconfigure.integration.IntegrationAutoConfiguration$$Lambda$1598/0x0000000100a07780
6670:             1             16  org.springframework.boot.autoconfigure.integration.IntegrationAutoConfiguration$$Lambda$1600/0x0000000100a07bf8
6671:             1             16  org.springframework.boot.autoconfigure.integration.IntegrationAutoConfiguration$$Lambda$1602/0x0000000100a0c238
6672:             1             16  org.springframework.boot.autoconfigure.integration.IntegrationAutoConfiguration$IntegrationComponentScanConfiguration
6673:             1             16  org.springframework.boot.autoconfigure.integration.IntegrationAutoConfiguration$IntegrationConfiguration
6674:             1             16  org.springframework.boot.autoconfigure.integration.IntegrationAutoConfiguration$IntegrationConfiguration$$Lambda$1588/0x0000000100a05cb0
6675:             1             16  org.springframework.boot.autoconfigure.integration.IntegrationAutoConfiguration$IntegrationManagementConfiguration
6676:             1             16  org.springframework.boot.autoconfigure.integration.IntegrationAutoConfiguration$IntegrationManagementConfiguration$EnableIntegrationManagementConfiguration
6677:             1             16  org.springframework.boot.autoconfigure.integration.IntegrationAutoConfiguration$IntegrationTaskSchedulerConfiguration
6678:             1             16  org.springframework.boot.autoconfigure.integration.IntegrationProperties$Error
6679:             1             16  org.springframework.boot.autoconfigure.integration.IntegrationProperties$RSocket$Server
6680:             1             16  org.springframework.boot.autoconfigure.jackson.JacksonAutoConfiguration
6681:             1             16  org.springframework.boot.autoconfigure.jackson.JacksonAutoConfiguration$Jackson2ObjectMapperBuilderCustomizerConfiguration
6682:             1             16  org.springframework.boot.autoconfigure.jackson.JacksonAutoConfiguration$JacksonMixinConfiguration
6683:             1             16  org.springframework.boot.autoconfigure.jackson.JacksonAutoConfiguration$JacksonObjectMapperBuilderConfiguration
6684:             1             16  org.springframework.boot.autoconfigure.jackson.JacksonAutoConfiguration$JacksonObjectMapperConfiguration
6685:             1             16  org.springframework.boot.autoconfigure.jackson.JacksonAutoConfiguration$ParameterNamesModuleConfiguration
6686:             1             16  org.springframework.boot.autoconfigure.kafka.ConcurrentKafkaListenerContainerFactoryConfigurer$$Lambda$1703/0x0000000100a270f0
6687:             1             16  org.springframework.boot.autoconfigure.kafka.ConcurrentKafkaListenerContainerFactoryConfigurer$$Lambda$1706/0x0000000100a27790
6688:             1             16  org.springframework.boot.autoconfigure.kafka.ConcurrentKafkaListenerContainerFactoryConfigurer$$Lambda$1710/0x0000000100a2c238
6689:             1             16  org.springframework.boot.autoconfigure.kafka.ConcurrentKafkaListenerContainerFactoryConfigurer$$Lambda$1713/0x0000000100a2c8d8
6690:             1             16  org.springframework.boot.autoconfigure.kafka.ConcurrentKafkaListenerContainerFactoryConfigurer$$Lambda$1716/0x0000000100a2cf78
6691:             1             16  org.springframework.boot.autoconfigure.kafka.ConcurrentKafkaListenerContainerFactoryConfigurer$$Lambda$1719/0x0000000100a2d618
6692:             1             16  org.springframework.boot.autoconfigure.kafka.ConcurrentKafkaListenerContainerFactoryConfigurer$$Lambda$1720/0x0000000100a2d858
6693:             1             16  org.springframework.boot.autoconfigure.kafka.KafkaAnnotationDrivenConfiguration$EnableKafkaConfiguration
6694:             1             16  org.springframework.boot.autoconfigure.kafka.KafkaAutoConfiguration
6695:             1             16  org.springframework.boot.autoconfigure.kafka.KafkaProperties$Consumer$$Lambda$1658/0x0000000100a20a88
6696:             1             16  org.springframework.boot.autoconfigure.kafka.KafkaProperties$Consumer$$Lambda$1664/0x0000000100a21790
6697:             1             16  org.springframework.boot.autoconfigure.kafka.KafkaProperties$Consumer$$Lambda$1666/0x0000000100a21bf8
6698:             1             16  org.springframework.boot.autoconfigure.kafka.KafkaProperties$Consumer$$Lambda$1669/0x0000000100a22288
6699:             1             16  org.springframework.boot.autoconfigure.kafka.KafkaProperties$Producer$$Lambda$1320/0x00000001009395b0
6700:             1             16  org.springframework.boot.autoconfigure.kafka.KafkaProperties$Producer$$Lambda$1323/0x0000000100939c40
6701:             1             16  org.springframework.boot.autoconfigure.kafka.KafkaProperties$Streams$$Lambda$1745/0x0000000100a30cf8
6702:             1             16  org.springframework.boot.autoconfigure.kafka.PropertiesKafkaConnectionDetails
6703:             1             16  org.springframework.boot.autoconfigure.logging.ConditionEvaluationReportLoggingListener
6704:             1             16  org.springframework.boot.autoconfigure.logging.ConditionEvaluationReportLoggingListener$ConditionEvaluationReportListener$$Lambda$817/0x0000000100693af8
6705:             1             16  org.springframework.boot.autoconfigure.mustache.MustacheTemplateAvailabilityProvider
6706:             1             16  org.springframework.boot.autoconfigure.netty.NettyAutoConfiguration
6707:             1             16  org.springframework.boot.autoconfigure.netty.NettyProperties
6708:             1             16  org.springframework.boot.autoconfigure.reactor.ReactorAutoConfiguration
6709:             1             16  org.springframework.boot.autoconfigure.reactor.ReactorProperties
6710:             1             16  org.springframework.boot.autoconfigure.reactor.netty.ReactorNettyConfigurations$ReactorResourceFactoryConfiguration
6711:             1             16  org.springframework.boot.autoconfigure.reactor.netty.ReactorNettyProperties
6712:             1             16  org.springframework.boot.autoconfigure.security.oauth2.resource.IssuerUriCondition
6713:             1             16  org.springframework.boot.autoconfigure.security.oauth2.resource.KeyValueCondition
6714:             1             16  org.springframework.boot.autoconfigure.security.oauth2.resource.servlet.OAuth2ResourceServerAutoConfiguration
6715:             1             16  org.springframework.boot.autoconfigure.security.oauth2.resource.servlet.OAuth2ResourceServerOpaqueTokenConfiguration$OpaqueTokenIntrospectionClientConfiguration
6716:             1             16  org.springframework.boot.autoconfigure.security.oauth2.resource.servlet.Oauth2ResourceServerConfiguration$JwtConfiguration
6717:             1             16  org.springframework.boot.autoconfigure.security.oauth2.resource.servlet.Oauth2ResourceServerConfiguration$OpaqueTokenConfiguration
6718:             1             16  org.springframework.boot.autoconfigure.security.reactive.ReactiveSecurityAutoConfiguration
6719:             1             16  org.springframework.boot.autoconfigure.security.servlet.AntPathRequestMatcherProvider
6720:             1             16  org.springframework.boot.autoconfigure.security.servlet.SecurityAutoConfiguration
6721:             1             16  org.springframework.boot.autoconfigure.security.servlet.SecurityFilterAutoConfiguration
6722:             1             16  org.springframework.boot.autoconfigure.security.servlet.SecurityFilterAutoConfiguration$$Lambda$1259/0x0000000100913a20
6723:             1             16  org.springframework.boot.autoconfigure.security.servlet.SecurityFilterAutoConfiguration$$Lambda$1260/0x0000000100913c60
6724:             1             16  org.springframework.boot.autoconfigure.security.servlet.SpringBootWebSecurityConfiguration
6725:             1             16  org.springframework.boot.autoconfigure.sql.init.SqlInitializationAutoConfiguration
6726:             1             16  org.springframework.boot.autoconfigure.ssl.SslProperties
6727:             1             16  org.springframework.boot.autoconfigure.ssl.SslProperties$Bundles$Watch
6728:             1             16  org.springframework.boot.autoconfigure.ssl.SslProperties$Bundles$Watch$File
6729:             1             16  org.springframework.boot.autoconfigure.ssl.SslPropertiesBundleRegistrar$$Lambda$1047/0x000000010089b4e0
6730:             1             16  org.springframework.boot.autoconfigure.ssl.SslPropertiesBundleRegistrar$$Lambda$1050/0x000000010089bb90
6731:             1             16  org.springframework.boot.autoconfigure.task.TaskExecutionAutoConfiguration
6732:             1             16  org.springframework.boot.autoconfigure.task.TaskExecutionProperties$Pool$Shutdown
6733:             1             16  org.springframework.boot.autoconfigure.task.TaskExecutionProperties$Simple
6734:             1             16  org.springframework.boot.autoconfigure.task.TaskExecutorConfigurations$TaskExecutorBuilderConfiguration
6735:             1             16  org.springframework.boot.autoconfigure.task.TaskExecutorConfigurations$TaskExecutorConfiguration
6736:             1             16  org.springframework.boot.autoconfigure.task.TaskExecutorConfigurations$ThreadPoolTaskExecutorBuilderConfiguration
6737:             1             16  org.springframework.boot.autoconfigure.task.TaskSchedulingAutoConfiguration
6738:             1             16  org.springframework.boot.autoconfigure.task.TaskSchedulingConfigurations$TaskSchedulerBuilderConfiguration
6739:             1             16  org.springframework.boot.autoconfigure.task.TaskSchedulingConfigurations$ThreadPoolTaskSchedulerBuilderConfiguration
6740:             1             16  org.springframework.boot.autoconfigure.task.TaskSchedulingProperties$Pool
6741:             1             16  org.springframework.boot.autoconfigure.task.TaskSchedulingProperties$Simple
6742:             1             16  org.springframework.boot.autoconfigure.template.TemplateAvailabilityProviders$NoTemplateAvailabilityProvider
6743:             1             16  org.springframework.boot.autoconfigure.thymeleaf.ThymeleafTemplateAvailabilityProvider
6744:             1             16  org.springframework.boot.autoconfigure.transaction.ExecutionListenersTransactionManagerCustomizer
6745:             1             16  org.springframework.boot.autoconfigure.transaction.TransactionAutoConfiguration
6746:             1             16  org.springframework.boot.autoconfigure.transaction.TransactionManagerCustomizationAutoConfiguration
6747:             1             16  org.springframework.boot.autoconfigure.transaction.TransactionManagerCustomizers
6748:             1             16  org.springframework.boot.autoconfigure.validation.ValidationAutoConfiguration
6749:             1             16  org.springframework.boot.autoconfigure.validation.ValidationAutoConfiguration$$Lambda$1517/0x00000001009cadc8
6750:             1             16  org.springframework.boot.autoconfigure.web.ErrorProperties$Whitelabel
6751:             1             16  org.springframework.boot.autoconfigure.web.OnEnabledResourceChainCondition
6752:             1             16  org.springframework.boot.autoconfigure.web.ServerProperties$Reactive
6753:             1             16  org.springframework.boot.autoconfigure.web.ServerProperties$Tomcat$Mbeanregistry
6754:             1             16  org.springframework.boot.autoconfigure.web.client.AutoConfiguredRestClientSsl
6755:             1             16  org.springframework.boot.autoconfigure.web.client.HttpMessageConvertersRestClientCustomizer
6756:             1             16  org.springframework.boot.autoconfigure.web.client.RestClientAutoConfiguration
6757:             1             16  org.springframework.boot.autoconfigure.web.client.RestClientBuilderConfigurer
6758:             1             16  org.springframework.boot.autoconfigure.web.client.RestTemplateAutoConfiguration
6759:             1             16  org.springframework.boot.autoconfigure.web.embedded.EmbeddedWebServerFactoryCustomizerAutoConfiguration
6760:             1             16  org.springframework.boot.autoconfigure.web.embedded.EmbeddedWebServerFactoryCustomizerAutoConfiguration$NettyWebServerFactoryCustomizerConfiguration
6761:             1             16  org.springframework.boot.autoconfigure.web.embedded.EmbeddedWebServerFactoryCustomizerAutoConfiguration$TomcatWebServerFactoryCustomizerConfiguration
6762:             1             16  org.springframework.boot.autoconfigure.web.embedded.TomcatWebServerFactoryCustomizer$$Lambda$1098/0x00000001008a7170
6763:             1             16  org.springframework.boot.autoconfigure.web.embedded.TomcatWebServerFactoryCustomizer$$Lambda$1102/0x00000001008a7a58
6764:             1             16  org.springframework.boot.autoconfigure.web.embedded.TomcatWebServerFactoryCustomizer$$Lambda$1107/0x00000001008a5d68
6765:             1             16  org.springframework.boot.autoconfigure.web.embedded.TomcatWebServerFactoryCustomizer$$Lambda$1112/0x00000001008a88e0
6766:             1             16  org.springframework.boot.autoconfigure.web.embedded.TomcatWebServerFactoryCustomizer$$Lambda$1116/0x00000001008a91b8
6767:             1             16  org.springframework.boot.autoconfigure.web.embedded.TomcatWebServerFactoryCustomizer$$Lambda$1117/0x00000001008a93d8
6768:             1             16  org.springframework.boot.autoconfigure.web.embedded.TomcatWebServerFactoryCustomizer$$Lambda$1121/0x00000001008aa6d8
6769:             1             16  org.springframework.boot.autoconfigure.web.embedded.TomcatWebServerFactoryCustomizer$$Lambda$1123/0x00000001008aab20
6770:             1             16  org.springframework.boot.autoconfigure.web.embedded.TomcatWebServerFactoryCustomizer$$Lambda$1126/0x00000001008ab1f0
6771:             1             16  org.springframework.boot.autoconfigure.web.embedded.TomcatWebServerFactoryCustomizer$$Lambda$1128/0x00000001008ab638
6772:             1             16  org.springframework.boot.autoconfigure.web.embedded.TomcatWebServerFactoryCustomizer$$Lambda$1130/0x00000001008abab0
6773:             1             16  org.springframework.boot.autoconfigure.web.embedded.TomcatWebServerFactoryCustomizer$$Lambda$1132/0x00000001008abef8
6774:             1             16  org.springframework.boot.autoconfigure.web.embedded.TomcatWebServerFactoryCustomizer$$Lambda$1133/0x00000001008ac138
6775:             1             16  org.springframework.boot.autoconfigure.web.embedded.TomcatWebServerFactoryCustomizer$$Lambda$1135/0x00000001008ac5c0
6776:             1             16  org.springframework.boot.autoconfigure.web.embedded.TomcatWebServerFactoryCustomizer$$Lambda$1137/0x00000001008aca08
6777:             1             16  org.springframework.boot.autoconfigure.web.embedded.TomcatWebServerFactoryCustomizer$$Lambda$1146/0x00000001008ade08
6778:             1             16  org.springframework.boot.autoconfigure.web.embedded.TomcatWebServerFactoryCustomizer$$Lambda$1150/0x00000001008ae6e0
6779:             1             16  org.springframework.boot.autoconfigure.web.embedded.TomcatWebServerFactoryCustomizer$$Lambda$1153/0x00000001008aed60
6780:             1             16  org.springframework.boot.autoconfigure.web.embedded.TomcatWebServerFactoryCustomizer$$Lambda$1158/0x00000001008af840
6781:             1             16  org.springframework.boot.autoconfigure.web.embedded.TomcatWebServerFactoryCustomizer$$Lambda$1162/0x00000001008b0238
6782:             1             16  org.springframework.boot.autoconfigure.web.embedded.TomcatWebServerFactoryCustomizer$$Lambda$1172/0x00000001008b0f80
6783:             1             16  org.springframework.boot.autoconfigure.web.embedded.TomcatWebServerFactoryCustomizer$$Lambda$1173/0x00000001008b11a0
6784:             1             16  org.springframework.boot.autoconfigure.web.embedded.TomcatWebServerFactoryCustomizer$$Lambda$1174/0x00000001008b13c8
6785:             1             16  org.springframework.boot.autoconfigure.web.reactive.function.client.ClientHttpConnectorAutoConfiguration
6786:             1             16  org.springframework.boot.autoconfigure.web.reactive.function.client.ClientHttpConnectorFactoryConfiguration$ReactorNetty
6787:             1             16  org.springframework.boot.autoconfigure.web.reactive.function.client.ClientHttpConnectorFactoryConfiguration$ReactorNetty$$Lambda$1639/0x0000000100a10f18
6788:             1             16  org.springframework.boot.autoconfigure.web.reactive.function.client.WebClientAutoConfiguration
6789:             1             16  org.springframework.boot.autoconfigure.web.reactive.function.client.WebClientAutoConfiguration$WebClientCodecsConfiguration
6790:             1             16  org.springframework.boot.autoconfigure.web.reactive.function.client.WebClientCodecCustomizer
6791:             1             16  org.springframework.boot.autoconfigure.web.servlet.DispatcherServletAutoConfiguration
6792:             1             16  org.springframework.boot.autoconfigure.web.servlet.DispatcherServletAutoConfiguration$DefaultDispatcherServletCondition
6793:             1             16  org.springframework.boot.autoconfigure.web.servlet.DispatcherServletAutoConfiguration$DispatcherServletConfiguration
6794:             1             16  org.springframework.boot.autoconfigure.web.servlet.DispatcherServletAutoConfiguration$DispatcherServletRegistrationCondition
6795:             1             16  org.springframework.boot.autoconfigure.web.servlet.DispatcherServletAutoConfiguration$DispatcherServletRegistrationConfiguration
6796:             1             16  org.springframework.boot.autoconfigure.web.servlet.HttpEncodingAutoConfiguration
6797:             1             16  org.springframework.boot.autoconfigure.web.servlet.HttpEncodingAutoConfiguration$LocaleCharsetMappingsCustomizer
6798:             1             16  org.springframework.boot.autoconfigure.web.servlet.JspTemplateAvailabilityProvider
6799:             1             16  org.springframework.boot.autoconfigure.web.servlet.MultipartAutoConfiguration
6800:             1             16  org.springframework.boot.autoconfigure.web.servlet.ServletWebServerFactoryAutoConfiguration
6801:             1             16  org.springframework.boot.autoconfigure.web.servlet.ServletWebServerFactoryConfiguration$EmbeddedTomcat
6802:             1             16  org.springframework.boot.autoconfigure.web.servlet.ServletWebServerFactoryCustomizer$$Lambda$1086/0x00000001008a38e0
6803:             1             16  org.springframework.boot.autoconfigure.web.servlet.TomcatServletWebServerFactoryCustomizer
6804:             1             16  org.springframework.boot.autoconfigure.web.servlet.TomcatServletWebServerFactoryCustomizer$$Lambda$1093/0x00000001008a66a8
6805:             1             16  org.springframework.boot.autoconfigure.web.servlet.TomcatServletWebServerFactoryCustomizer$$Lambda$1094/0x00000001008a68c8
6806:             1             16  org.springframework.boot.autoconfigure.web.servlet.WebMvcAutoConfiguration
6807:             1             16  org.springframework.boot.autoconfigure.web.servlet.WebMvcAutoConfiguration$EnableWebMvcConfiguration$$Lambda$1350/0x000000010096aa38
6808:             1             16  org.springframework.boot.autoconfigure.web.servlet.WebMvcAutoConfiguration$EnableWebMvcConfiguration$$Lambda$1354/0x000000010096dda8
6809:             1             16  org.springframework.boot.autoconfigure.web.servlet.WebMvcProperties$Async
6810:             1             16  org.springframework.boot.autoconfigure.web.servlet.WebMvcProperties$Pathmatch
6811:             1             16  org.springframework.boot.autoconfigure.web.servlet.WebMvcProperties$Problemdetails
6812:             1             16  org.springframework.boot.autoconfigure.web.servlet.error.ErrorMvcAutoConfiguration
6813:             1             16  org.springframework.boot.autoconfigure.web.servlet.error.ErrorMvcAutoConfiguration$ErrorTemplateMissingCondition
6814:             1             16  org.springframework.boot.autoconfigure.web.servlet.error.ErrorMvcAutoConfiguration$PreserveErrorControllerTargetClassPostProcessor
6815:             1             16  org.springframework.boot.autoconfigure.web.servlet.error.ErrorMvcAutoConfiguration$StaticView
6816:             1             16  org.springframework.boot.autoconfigure.web.servlet.error.ErrorMvcAutoConfiguration$WhitelabelErrorViewConfiguration
6817:             1             16  org.springframework.boot.autoconfigure.websocket.servlet.TomcatWebSocketServletWebServerCustomizer
6818:             1             16  org.springframework.boot.autoconfigure.websocket.servlet.TomcatWebSocketServletWebServerCustomizer$$Lambda$1055/0x000000010089d698
6819:             1             16  org.springframework.boot.autoconfigure.websocket.servlet.WebSocketServletAutoConfiguration
6820:             1             16  org.springframework.boot.autoconfigure.websocket.servlet.WebSocketServletAutoConfiguration$TomcatWebSocketConfiguration
6821:             1             16  org.springframework.boot.context.ConfigurationWarningsApplicationContextInitializer
6822:             1             16  org.springframework.boot.context.ConfigurationWarningsApplicationContextInitializer$ComponentScanPackageCheck
6823:             1             16  org.springframework.boot.context.ConfigurationWarningsApplicationContextInitializer$ConfigurationWarningsPostProcessor
6824:             1             16  org.springframework.boot.context.ContextIdApplicationContextInitializer
6825:             1             16  org.springframework.boot.context.FileEncodingApplicationListener
6826:             1             16  org.springframework.boot.context.config.AnsiOutputApplicationListener
6827:             1             16  org.springframework.boot.context.config.AnsiOutputApplicationListener$$Lambda$689/0x0000000100604220
6828:             1             16  org.springframework.boot.context.config.ConfigDataEnvironment$$Lambda$307/0x000000010032af28
6829:             1             16  org.springframework.boot.context.config.ConfigDataEnvironmentContributor$$Lambda$321/0x000000010032e3c0
6830:             1             16  org.springframework.boot.context.config.ConfigDataEnvironmentContributors$$Lambda$185/0x0000000100250a00
6831:             1             16  org.springframework.boot.context.config.ConfigDataEnvironmentContributors$$Lambda$192/0x0000000100259ff0
6832:             1             16  org.springframework.boot.context.config.ConfigDataEnvironmentUpdateListener$1
6833:             1             16  org.springframework.boot.context.config.ConfigDataLoaders$$Lambda$170/0x00000001002452c0
6834:             1             16  org.springframework.boot.context.config.ConfigDataLocationBindHandler$$Lambda$322/0x000000010032eed8
6835:             1             16  org.springframework.boot.context.config.ConfigDataLocationBindHandler$$Lambda$324/0x000000010032f370
6836:             1             16  org.springframework.boot.context.config.ConfigDataLocationResolvers$$Lambda$155/0x0000000100240f50
6837:             1             16  org.springframework.boot.context.config.DelegatingApplicationContextInitializer
6838:             1             16  org.springframework.boot.context.config.LocationResourceLoader$$Lambda$156/0x0000000100242108
6839:             1             16  org.springframework.boot.context.config.LocationResourceLoader$$Lambda$157/0x0000000100242348
6840:             1             16  org.springframework.boot.context.config.Profiles$$Lambda$310/0x000000010032b848
6841:             1             16  org.springframework.boot.context.config.Profiles$Type$$Lambda$311/0x000000010032bcb8
6842:             1             16  org.springframework.boot.context.config.Profiles$Type$$Lambda$312/0x000000010032bef8
6843:             1             16  org.springframework.boot.context.config.StandardConfigDataLocationResolver$$Lambda$297/0x000000010030b678
6844:             1             16  org.springframework.boot.context.config.StandardConfigDataLocationResolver$$Lambda$299/0x000000010030bb10
6845:             1             16  org.springframework.boot.context.logging.LoggingApplicationListener$$Lambda$804/0x0000000100648220
6846:             1             16  org.springframework.boot.context.properties.EnableConfigurationPropertiesRegistrar$$Lambda$942/0x000000010078eb30
6847:             1             16  org.springframework.boot.context.properties.EnableConfigurationPropertiesRegistrar$$Lambda$943/0x000000010078ed70
6848:             1             16  org.springframework.boot.context.properties.PropertyMapper$$Lambda$682/0x0000000100602410
6849:             1             16  org.springframework.boot.context.properties.PropertyMapper$Source$$Lambda$1058/0x000000010089ca30
6850:             1             16  org.springframework.boot.context.properties.PropertyMapper$Source$$Lambda$1118/0x00000001008a9618
6851:             1             16  org.springframework.boot.context.properties.PropertyMapper$Source$$Lambda$685/0x00000001006030f0
6852:             1             16  org.springframework.boot.context.properties.bind.ArrayBinder$$Lambda$162/0x0000000100243b70
6853:             1             16  org.springframework.boot.context.properties.bind.BindHandler$1
6854:             1             16  org.springframework.boot.context.properties.bind.BindResult
6855:             1             16  org.springframework.boot.context.properties.bind.Bindable$$Lambda$1030/0x0000000100892990
6856:             1             16  org.springframework.boot.context.properties.bind.Bindable$$Lambda$674/0x0000000100600000
6857:             1             16  org.springframework.boot.context.properties.bind.Binder$$Lambda$152/0x000000010023b7f0
6858:             1             16  org.springframework.boot.context.properties.bind.DefaultBindConstructorProvider
6859:             1             16  org.springframework.boot.context.properties.bind.DefaultBindConstructorProvider$Constructors$$Lambda$194/0x000000010025a668
6860:             1             16  org.springframework.boot.context.properties.bind.DefaultBindConstructorProvider$Constructors$$Lambda$195/0x000000010025a8a8
6861:             1             16  org.springframework.boot.context.properties.bind.DefaultBindConstructorProvider$Constructors$$Lambda$196/0x000000010025af58
6862:             1             16  org.springframework.boot.context.properties.bind.DefaultBindConstructorProvider$Constructors$$Lambda$197/0x000000010025b1a8
6863:             1             16  org.springframework.boot.context.properties.bind.JavaBeanBinder
6864:             1             16  org.springframework.boot.context.properties.bind.JavaBeanBinder$BeanProperties$$Lambda$199/0x000000010025e248
6865:             1             16  org.springframework.boot.context.properties.bind.JavaBeanBinder$BeanProperties$$Lambda$200/0x000000010025e690
6866:             1             16  org.springframework.boot.context.properties.bind.JavaBeanBinder$BeanProperties$$Lambda$201/0x000000010025e8d0
6867:             1             16  org.springframework.boot.context.properties.bind.JavaBeanBinder$BeanProperties$$Lambda$202/0x000000010025ed78
6868:             1             16  org.springframework.boot.context.properties.bind.JavaBeanBinder$BeanProperties$$Lambda$204/0x000000010025f3f8
6869:             1             16  org.springframework.boot.context.properties.bind.JavaBeanBinder$BeanProperties$$Lambda$205/0x000000010025f628
6870:             1             16  org.springframework.boot.context.properties.bind.PlaceholdersResolver$$Lambda$680/0x00000001006011e8
6871:             1             16  org.springframework.boot.context.properties.bind.ValueObjectBinder$Discoverer$$Lambda$153/0x00000001002396c8
6872:             1             16  org.springframework.boot.context.properties.bind.ValueObjectBinder$Discoverer$$Lambda$154/0x00000001002398f8
6873:             1             16  org.springframework.boot.context.properties.source.ConfigurationPropertyName$$Lambda$125/0x00000001001a7cd8
6874:             1             16  org.springframework.boot.context.properties.source.ConfigurationPropertyName$$Lambda$802/0x0000000100644400
6875:             1             16  org.springframework.boot.context.properties.source.ConfigurationPropertyName$$Lambda$803/0x0000000100648000
6876:             1             16  org.springframework.boot.context.properties.source.MutuallyExclusiveConfigurationPropertiesException$$Lambda$1291/0x0000000100932720
6877:             1             16  org.springframework.boot.context.properties.source.MutuallyExclusiveConfigurationPropertiesException$$Lambda$1292/0x0000000100932960
6878:             1             16  org.springframework.boot.context.properties.source.MutuallyExclusiveConfigurationPropertiesException$$Lambda$1584/0x0000000100a053d8
6879:             1             16  org.springframework.boot.context.properties.source.PropertyMapper$$Lambda$113/0x00000001001a5300
6880:             1             16  org.springframework.boot.context.properties.source.SpringIterableConfigurationPropertySource$$Lambda$164/0x00000001002445d0
6881:             1             16  org.springframework.boot.context.properties.source.SpringIterableConfigurationPropertySource$Mappings$$Lambda$119/0x00000001001a6d68
6882:             1             16  org.springframework.boot.context.properties.source.SystemEnvironmentPropertyMapper
6883:             1             16  org.springframework.boot.context.properties.source.SystemEnvironmentPropertyMapper$$Lambda$120/0x00000001001a6fa8
6884:             1             16  org.springframework.boot.context.properties.source.SystemEnvironmentPropertyMapper$$Lambda$123/0x00000001001a7888
6885:             1             16  org.springframework.boot.convert.DelimitedStringToCollectionConverter$$Lambda$314/0x000000010032c558
6886:             1             16  org.springframework.boot.convert.DurationStyle$Unit$$Lambda$1576/0x0000000100a03fe8
6887:             1             16  org.springframework.boot.convert.DurationStyle$Unit$$Lambda$1577/0x0000000100a04228
6888:             1             16  org.springframework.boot.convert.DurationStyle$Unit$$Lambda$1578/0x0000000100a04468
6889:             1             16  org.springframework.boot.convert.DurationStyle$Unit$$Lambda$1579/0x0000000100a046a8
6890:             1             16  org.springframework.boot.convert.DurationStyle$Unit$$Lambda$1580/0x0000000100a048e8
6891:             1             16  org.springframework.boot.convert.DurationStyle$Unit$$Lambda$1581/0x0000000100a04b28
6892:             1             16  org.springframework.boot.convert.DurationStyle$Unit$$Lambda$1582/0x0000000100a04d68
6893:             1             16  org.springframework.boot.convert.LenientObjectToEnumConverterFactory$LenientToEnumConverter$$Lambda$328/0x0000000100337ce8
6894:             1             16  org.springframework.boot.convert.LenientObjectToEnumConverterFactory$LenientToEnumConverter$$Lambda$329/0x0000000100332000
6895:             1             16  org.springframework.boot.env.EnvironmentPostProcessorApplicationListener$$Lambda$60/0x0000000100131ce8
6896:             1             16  org.springframework.boot.env.OriginTrackedYamlLoader$OriginTrackingConstructor$$Lambda$301/0x0000000100329860
6897:             1             16  org.springframework.boot.env.SpringApplicationJsonEnvironmentPostProcessor$$Lambda$130/0x00000001001a9b68
6898:             1             16  org.springframework.boot.env.SpringApplicationJsonEnvironmentPostProcessor$$Lambda$131/0x00000001001a9da8
6899:             1             16  org.springframework.boot.env.SpringApplicationJsonEnvironmentPostProcessor$$Lambda$148/0x0000000100235530
6900:             1             16  org.springframework.boot.env.YamlPropertySourceLoader
6901:             1             16  org.springframework.boot.io.Base64ProtocolResolver
6902:             1             16  org.springframework.boot.jackson.JsonMixinModuleEntries
6903:             1             16  org.springframework.boot.json.JacksonJsonParser$ListTypeReference
6904:             1             16  org.springframework.boot.json.JacksonJsonParser$MapTypeReference
6905:             1             16  org.springframework.boot.loader.launch.Archive$$Lambda$8/0x00000001000c1c00
6906:             1             16  org.springframework.boot.loader.launch.ClassPathIndexFile$$Lambda$11/0x00000001000c26e8
6907:             1             16  org.springframework.boot.loader.launch.ClassPathIndexFile$$Lambda$14/0x00000001000c2b80
6908:             1             16  org.springframework.boot.loader.launch.ExplodedArchive$$Lambda$9/0x00000001000c2298
6909:             1             16  org.springframework.boot.logging.DeferredLog$Lines
6910:             1             16  org.springframework.boot.logging.DelegatingLoggingSystemFactory
6911:             1             16  org.springframework.boot.logging.LogLevel$$Lambda$52/0x0000000100128678
6912:             1             16  org.springframework.boot.logging.LogLevel$$Lambda$53/0x0000000100128898
6913:             1             16  org.springframework.boot.logging.LogLevel$$Lambda$54/0x0000000100128ab8
6914:             1             16  org.springframework.boot.logging.LogLevel$$Lambda$55/0x0000000100128cd8
6915:             1             16  org.springframework.boot.logging.LogLevel$$Lambda$56/0x0000000100128ef8
6916:             1             16  org.springframework.boot.logging.LogLevel$$Lambda$57/0x0000000100129118
6917:             1             16  org.springframework.boot.logging.LoggerConfigurationComparator
6918:             1             16  org.springframework.boot.logging.LoggerGroups
6919:             1             16  org.springframework.boot.logging.LoggingInitializationContext
6920:             1             16  org.springframework.boot.logging.LoggingSystemFactory$$Lambda$84/0x000000010013a6d0
6921:             1             16  org.springframework.boot.logging.LoggingSystemProperties$$Lambda$690/0x00000001006052d8
6922:             1             16  org.springframework.boot.logging.logback.SpringBootJoranConfigurator$$Lambda$739/0x000000010061c058
6923:             1             16  org.springframework.boot.logging.logback.SpringBootJoranConfigurator$$Lambda$740/0x000000010061c860
6924:             1             16  org.springframework.boot.logging.logback.SpringBootJoranConfigurator$$Lambda$748/0x0000000100621228
6925:             1             16  org.springframework.boot.logging.logback.SpringBootJoranConfigurator$$Lambda$749/0x0000000100620a00
6926:             1             16  org.springframework.boot.logging.logback.SpringBootJoranConfigurator$$Lambda$750/0x0000000100628438
6927:             1             16  org.springframework.boot.rsocket.context.RSocketPortInfoApplicationContextInitializer
6928:             1             16  org.springframework.boot.rsocket.context.RSocketPortInfoApplicationContextInitializer$Listener
6929:             1             16  org.springframework.boot.sql.init.dependency.BeansOfTypeDetector$$Lambda$992/0x00000001008667b8
6930:             1             16  org.springframework.boot.sql.init.dependency.DatabaseInitializationDependencyConfigurer$DependsOnDatabaseInitializationPostProcessor
6931:             1             16  org.springframework.boot.ssl.DefaultSslBundleRegistry
6932:             1             16  org.springframework.boot.task.ThreadPoolTaskExecutorBuilder$$Lambda$1532/0x00000001009d4040
6933:             1             16  org.springframework.boot.task.ThreadPoolTaskExecutorBuilder$$Lambda$1537/0x00000001009d4b60
6934:             1             16  org.springframework.boot.task.ThreadPoolTaskSchedulerBuilder$$Lambda$1563/0x00000001009fbe88
6935:             1             16  org.springframework.boot.util.LambdaSafe$InvocationResult
6936:             1             16  org.springframework.boot.validation.beanvalidation.FilteredMethodValidationPostProcessor$$Lambda$1020/0x0000000100876118
6937:             1             16  org.springframework.boot.web.context.ServerPortInfoApplicationContextInitializer
6938:             1             16  org.springframework.boot.web.embedded.tomcat.TomcatEmbeddedContext$$Lambda$2092/0x0000000100b7d228
6939:             1             16  org.springframework.boot.web.embedded.tomcat.TomcatServletWebServerFactory$DisablePersistSessionListener
6940:             1             16  org.springframework.boot.web.embedded.tomcat.TomcatWebServer$$Lambda$1187/0x00000001008d3e58
6941:             1             16  org.springframework.boot.web.embedded.tomcat.TomcatWebServer$$Lambda$2097/0x0000000100b7dd98
6942:             1             16  org.springframework.boot.web.embedded.tomcat.TomcatWebServer$$Lambda$2098/0x0000000100b80000
6943:             1             16  org.springframework.boot.web.server.Http2
6944:             1             16  org.springframework.boot.web.servlet.ServletContextInitializerBeans$$Lambda$1273/0x000000010091f138
6945:             1             16  org.springframework.boot.web.servlet.ServletContextInitializerBeans$$Lambda$1275/0x0000000100920220
6946:             1             16  org.springframework.boot.web.servlet.ServletContextInitializerBeans$Seen$$Lambda$1274/0x000000010091f3d0
6947:             1             16  org.springframework.boot.web.servlet.context.ServletWebServerApplicationContext$$Lambda$1181/0x00000001008bad50
6948:             1             16  org.springframework.boot.web.servlet.error.DefaultErrorAttributes
6949:             1             16  org.springframework.boot.web.servlet.server.AbstractServletWebServerFactory$$Lambda$1184/0x00000001008d1ab8
6950:             1             16  org.springframework.boot.web.servlet.server.AbstractServletWebServerFactory$SessionConfiguringInitializer
6951:             1             16  org.springframework.boot.web.servlet.server.AbstractServletWebServerFactory$SessionConfiguringInitializer$$Lambda$1200/0x00000001008ea778
6952:             1             16  org.springframework.boot.web.servlet.server.SessionStoreDirectory
6953:             1             16  org.springframework.boot.web.servlet.server.StaticResourceJars
6954:             1             16  org.springframework.cglib.core.AbstractClassGenerator$ClassLoaderData$$Lambda$977/0x0000000100847bc8
6955:             1             16  org.springframework.cglib.core.AbstractClassGenerator$ClassLoaderData$$Lambda$978/0x0000000100848000
6956:             1             16  org.springframework.cglib.core.AbstractClassGenerator$ClassLoaderData$$Lambda$979/0x0000000100848228
6957:             1             16  org.springframework.cglib.core.DefaultGeneratorStrategy
6958:             1             16  org.springframework.cglib.core.DefaultNamingPolicy
6959:             1             16  org.springframework.cglib.core.EmitUtils$$Lambda$984/0x000000010085dc78
6960:             1             16  org.springframework.cglib.core.EmitUtils$$Lambda$987/0x0000000100860468
6961:             1             16  org.springframework.cglib.core.MethodInfoTransformer
6962:             1             16  org.springframework.cglib.core.SpringNamingPolicy
6963:             1             16  org.springframework.cglib.core.internal.LoadingCache$$Lambda$980/0x0000000100848670
6964:             1             16  org.springframework.cglib.proxy.Enhancer$$Lambda$975/0x0000000100841a48
6965:             1             16  org.springframework.cglib.proxy.FixedValueGenerator
6966:             1             16  org.springframework.cglib.proxy.InvocationHandlerGenerator
6967:             1             16  org.springframework.cglib.proxy.LazyLoaderGenerator
6968:             1             16  org.springframework.cglib.proxy.MethodInterceptorGenerator
6969:             1             16  org.springframework.cglib.proxy.MethodInterceptorGenerator$$Lambda$976/0x0000000100844ec8
6970:             1             16  org.springframework.cglib.proxy.NoOp$1
6971:             1             16  org.springframework.cglib.proxy.NoOpGenerator
6972:             1             16  org.springframework.cglib.reflect.FastClassEmitter$$Lambda$985/0x000000010085bd88
6973:             1             16  org.springframework.cloud.autoconfigure.ConfigurationPropertiesRebinderAutoConfiguration
6974:             1             16  org.springframework.cloud.autoconfigure.LifecycleMvcEndpointAutoConfiguration
6975:             1             16  org.springframework.cloud.autoconfigure.PauseResumeEndpointsConfiguration
6976:             1             16  org.springframework.cloud.autoconfigure.RefreshAutoConfiguration
6977:             1             16  org.springframework.cloud.autoconfigure.RefreshAutoConfiguration$RefreshProperties
6978:             1             16  org.springframework.cloud.autoconfigure.RefreshEndpointAutoConfiguration
6979:             1             16  org.springframework.cloud.autoconfigure.RefreshEndpointAutoConfiguration$RefreshEndpointConfiguration
6980:             1             16  org.springframework.cloud.autoconfigure.RestartEndpointWithIntegrationConfiguration
6981:             1             16  org.springframework.cloud.bootstrap.BootstrapApplicationListener
6982:             1             16  org.springframework.cloud.bootstrap.BootstrapConfigFileApplicationListener$$Lambda$127/0x00000001001afc70
6983:             1             16  org.springframework.cloud.bootstrap.LoggingSystemShutdownListener
6984:             1             16  org.springframework.cloud.bootstrap.RefreshBootstrapRegistryInitializer
6985:             1             16  org.springframework.cloud.bootstrap.RefreshBootstrapRegistryInitializer$$Lambda$71/0x0000000100136478
6986:             1             16  org.springframework.cloud.bootstrap.TextEncryptorConfigBootstrapper
6987:             1             16  org.springframework.cloud.bootstrap.TextEncryptorConfigBootstrapper$$Lambda$212/0x00000001002652d8
6988:             1             16  org.springframework.cloud.bootstrap.TextEncryptorConfigBootstrapper$$Lambda$72/0x0000000100136f00
6989:             1             16  org.springframework.cloud.bootstrap.TextEncryptorConfigBootstrapper$$Lambda$73/0x0000000100137380
6990:             1             16  org.springframework.cloud.bootstrap.TextEncryptorConfigBootstrapper$$Lambda$76/0x000000010013c240
6991:             1             16  org.springframework.cloud.bootstrap.TextEncryptorConfigBootstrapper$$Lambda$820/0x000000010069b0e0
6992:             1             16  org.springframework.cloud.bootstrap.encrypt.TextEncryptorUtils$$Lambda$687/0x0000000100603978
6993:             1             16  org.springframework.cloud.bootstrap.encrypt.TextEncryptorUtils$$Lambda$74/0x0000000100137bc8
6994:             1             16  org.springframework.cloud.bootstrap.encrypt.TextEncryptorUtils$$Lambda$75/0x000000010013c000
6995:             1             16  org.springframework.cloud.bootstrap.encrypt.TextEncryptorUtils$FailsafeTextEncryptor
6996:             1             16  org.springframework.cloud.client.CommonsClientAutoConfiguration
6997:             1             16  org.springframework.cloud.client.CommonsClientAutoConfiguration$ActuatorConfiguration
6998:             1             16  org.springframework.cloud.client.CommonsClientAutoConfiguration$DiscoveryLoadBalancerConfiguration
6999:             1             16  org.springframework.cloud.client.ReactiveCommonsClientAutoConfiguration
7000:             1             16  org.springframework.cloud.client.ReactiveCommonsClientAutoConfiguration$ReactiveDiscoveryLoadBalancerConfiguration
7001:             1             16  org.springframework.cloud.client.discovery.composite.CompositeDiscoveryClient
7002:             1             16  org.springframework.cloud.client.discovery.composite.CompositeDiscoveryClientAutoConfiguration
7003:             1             16  org.springframework.cloud.client.discovery.composite.reactive.ReactiveCompositeDiscoveryClient
7004:             1             16  org.springframework.cloud.client.discovery.composite.reactive.ReactiveCompositeDiscoveryClientAutoConfiguration
7005:             1             16  org.springframework.cloud.client.discovery.health.DiscoveryClientHealthIndicatorProperties
7006:             1             16  org.springframework.cloud.client.discovery.health.DiscoveryCompositeHealthContributor
7007:             1             16  org.springframework.cloud.client.discovery.health.DiscoveryCompositeHealthContributor$$Lambda$1420/0x000000010098b3c0
7008:             1             16  org.springframework.cloud.client.discovery.health.reactive.ReactiveDiscoveryCompositeHealthContributor
7009:             1             16  org.springframework.cloud.client.discovery.health.reactive.ReactiveDiscoveryCompositeHealthContributor$$Lambda$1423/0x0000000100990760
7010:             1             16  org.springframework.cloud.client.discovery.simple.SimpleDiscoveryClient
7011:             1             16  org.springframework.cloud.client.discovery.simple.reactive.SimpleReactiveDiscoveryClient
7012:             1             16  org.springframework.cloud.client.discovery.simple.reactive.SimpleReactiveDiscoveryClientAutoConfiguration$HealthConfiguration
7013:             1             16  org.springframework.cloud.client.loadbalancer.LoadBalancerDefaultMappingsProviderAutoConfiguration
7014:             1             16  org.springframework.cloud.client.loadbalancer.LoadBalancerDefaultMappingsProviderAutoConfiguration$$Lambda$1038/0x0000000100895758
7015:             1             16  org.springframework.cloud.client.serviceregistry.AutoServiceRegistrationConfiguration
7016:             1             16  org.springframework.cloud.client.serviceregistry.AutoServiceRegistrationProperties
7017:             1             16  org.springframework.cloud.client.serviceregistry.ServiceRegistryAutoConfiguration
7018:             1             16  org.springframework.cloud.commons.config.CommonsConfigAutoConfiguration
7019:             1             16  org.springframework.cloud.commons.config.DefaultsBindHandlerAdvisor
7020:             1             16  org.springframework.cloud.commons.security.ResourceServerTokenRelayAutoConfiguration
7021:             1             16  org.springframework.cloud.commons.security.ResourceServerTokenRelayAutoConfiguration$ResourceServerTokenRelayRegistrationAutoConfiguration
7022:             1             16  org.springframework.cloud.commons.security.ResourceServerTokenRelayAutoConfiguration$ResourceServerTokenRelayRegistrationAutoConfiguration$1
7023:             1             16  org.springframework.cloud.commons.util.InetUtils$$Lambda$676/0x00000001006006b8
7024:             1             16  org.springframework.cloud.commons.util.UtilAutoConfiguration
7025:             1             16  org.springframework.cloud.config.client.ConfigClientAutoConfiguration
7026:             1             16  org.springframework.cloud.config.client.ConfigClientAutoConfiguration$ConfigServerHealthIndicatorConfiguration
7027:             1             16  org.springframework.cloud.config.client.ConfigClientHealthProperties
7028:             1             16  org.springframework.cloud.config.client.ConfigClientRetryBootstrapper
7029:             1             16  org.springframework.cloud.config.client.ConfigClientRetryBootstrapper$$Lambda$225/0x0000000100269dd8
7030:             1             16  org.springframework.cloud.config.client.ConfigClientRetryBootstrapper$$Lambda$69/0x0000000100136010
7031:             1             16  org.springframework.cloud.config.client.ConfigServerConfigDataLocationResolver
7032:             1             16  org.springframework.cloud.config.client.ConfigServerConfigDataLocationResolver$$Lambda$216/0x0000000100267c60
7033:             1             16  org.springframework.cloud.config.client.ConfigServerConfigDataLocationResolver$$Lambda$217/0x0000000100263468
7034:             1             16  org.springframework.cloud.config.client.ConfigServerConfigDataLocationResolver$$Lambda$219/0x00000001002638d0
7035:             1             16  org.springframework.cloud.config.client.ConfigServerConfigDataLocationResolver$$Lambda$220/0x0000000100263d48
7036:             1             16  org.springframework.cloud.config.client.ConfigServerConfigDataLocationResolver$$Lambda$221/0x00000001002689c8
7037:             1             16  org.springframework.cloud.config.client.ConfigServerConfigDataLocationResolver$$Lambda$319/0x000000010032d088
7038:             1             16  org.springframework.cloud.config.client.ConfigServerHealthIndicator$$Lambda$2205/0x0000000100bd4480
7039:             1             16  org.springframework.cloud.configuration.CompatibilityVerifierAutoConfiguration
7040:             1             16  org.springframework.cloud.configuration.CompositeCompatibilityVerifier
7041:             1             16  org.springframework.cloud.configuration.SleuthPresentVerifier
7042:             1             16  org.springframework.cloud.configuration.SpringBootVersionVerifier$2
7043:             1             16  org.springframework.cloud.configuration.SpringBootVersionVerifier$3
7044:             1             16  org.springframework.cloud.context.scope.GenericScope$BeanLifecycleWrapperCache
7045:             1             16  org.springframework.cloud.context.scope.StandardScopeCache
7046:             1             16  org.springframework.cloud.function.cloudevent.CloudEventMessageUtils$1
7047:             1             16  org.springframework.cloud.function.cloudevent.CloudEventsFunctionExtensionConfiguration
7048:             1             16  org.springframework.cloud.function.context.catalog.SimpleFunctionRegistry$PassThruFunction
7049:             1             16  org.springframework.cloud.function.context.config.ContextFunctionCatalogAutoConfiguration
7050:             1             16  org.springframework.cloud.function.context.config.ContextFunctionCatalogAutoConfiguration$JsonMapperConfiguration
7051:             1             16  org.springframework.cloud.function.context.config.ContextFunctionCatalogAutoConfiguration$PlainFunctionScanConfiguration
7052:             1             16  org.springframework.cloud.function.context.config.ContextFunctionCatalogInitializer
7053:             1             16  org.springframework.cloud.function.context.config.FunctionsEndpointAutoConfiguration
7054:             1             16  org.springframework.cloud.function.json.JacksonMapper
7055:             1             16  org.springframework.cloud.function.observability.ObservationAutoConfiguration
7056:             1             16  org.springframework.cloud.function.observability.ObservationAutoConfiguration$$Lambda$1555/0x00000001009f0930
7057:             1             16  org.springframework.cloud.stream.binder.BinderChildContextInitializer$$Lambda$1557/0x00000001009fa948
7058:             1             16  org.springframework.cloud.stream.binder.DefaultBinderTypeRegistry
7059:             1             16  org.springframework.cloud.stream.binder.kafka.config.ExtendedBindingHandlerMappingsProviderConfiguration
7060:             1             16  org.springframework.cloud.stream.binder.kafka.config.ExtendedBindingHandlerMappingsProviderConfiguration$$Lambda$1036/0x0000000100895318
7061:             1             16  org.springframework.cloud.stream.binder.kafka.streams.AbstractKafkaStreamsBinderProcessor$$Lambda$1752/0x0000000100a3e9e0
7062:             1             16  org.springframework.cloud.stream.binder.kafka.streams.EncodingDecodingBindAdviceHandler
7063:             1             16  org.springframework.cloud.stream.binder.kafka.streams.ExtendedBindingHandlerMappingsProviderAutoConfiguration
7064:             1             16  org.springframework.cloud.stream.binder.kafka.streams.ExtendedBindingHandlerMappingsProviderAutoConfiguration$$Lambda$1037/0x0000000100895538
7065:             1             16  org.springframework.cloud.stream.binder.kafka.streams.KStreamBinderConfiguration$$Lambda$2105/0x0000000100b84f78
7066:             1             16  org.springframework.cloud.stream.binder.kafka.streams.KafkaStreamsBinderHealthIndicator$$Lambda$2693/0x0000000100c6f6b8
7067:             1             16  org.springframework.cloud.stream.binder.kafka.streams.KafkaStreamsBinderSupportAutoConfiguration
7068:             1             16  org.springframework.cloud.stream.binder.kafka.streams.KafkaStreamsBinderSupportAutoConfiguration$$Lambda$1749/0x0000000100a36a48
7069:             1             16  org.springframework.cloud.stream.binder.kafka.streams.KafkaStreamsBinderSupportAutoConfiguration$$Lambda$1750/0x0000000100a36c88
7070:             1             16  org.springframework.cloud.stream.binder.kafka.streams.KafkaStreamsBinderSupportAutoConfiguration$KafkaStreamsBinderMetricsConfiguration
7071:             1             16  org.springframework.cloud.stream.binder.kafka.streams.KafkaStreamsBinderSupportAutoConfiguration$KafkaStreamsBinderMetricsConfiguration$KafkaMicrometer
7072:             1             16  org.springframework.cloud.stream.binder.kafka.streams.KafkaStreamsBinderUtils$$Lambda$1759/0x0000000100a40b50
7073:             1             16  org.springframework.cloud.stream.binder.kafka.streams.KafkaStreamsBinderUtils$$Lambda$1760/0x0000000100a40d90
7074:             1             16  org.springframework.cloud.stream.binder.kafka.streams.KafkaStreamsBindingInformationCatalogue$$Lambda$1780/0x0000000100a5cc60
7075:             1             16  org.springframework.cloud.stream.binder.kafka.streams.SendToDlqAndContinue
7076:             1             16  org.springframework.cloud.stream.binder.kafka.streams.StreamsBuilderFactoryManager$$Lambda$2223/0x0000000100bdc910
7077:             1             16  org.springframework.cloud.stream.binder.kafka.streams.StreamsBuilderFactoryManager$$Lambda$2224/0x0000000100bdcb30
7078:             1             16  org.springframework.cloud.stream.binder.kafka.streams.endpoint.KafkaStreamsTopologyEndpointAutoConfiguration
7079:             1             16  org.springframework.cloud.stream.binder.kafka.streams.function.FunctionDetectorCondition$$Lambda$961/0x000000010081c480
7080:             1             16  org.springframework.cloud.stream.binder.kafka.streams.function.KafkaStreamsFunctionAutoConfiguration
7081:             1             16  org.springframework.cloud.stream.binder.kafka.streams.function.KafkaStreamsFunctionBeanPostProcessor$$Lambda$1753/0x0000000100a40000
7082:             1             16  org.springframework.cloud.stream.binder.kafka.utils.DlqPartitionFunction$$Lambda$2121/0x0000000100b8ca88
7083:             1             16  org.springframework.cloud.stream.binder.kafka.utils.DlqPartitionFunction$$Lambda$2122/0x0000000100b8cca8
7084:             1             16  org.springframework.cloud.stream.binding.BindingService$$Lambda$2099/0x0000000100b80468
7085:             1             16  org.springframework.cloud.stream.binding.CompositeMessageChannelConfigurer
7086:             1             16  org.springframework.cloud.stream.binding.ContextStartAfterRefreshListener
7087:             1             16  org.springframework.cloud.stream.binding.DynamicDestinationsBindable
7088:             1             16  org.springframework.cloud.stream.config.BindersHealthIndicatorAutoConfiguration
7089:             1             16  org.springframework.cloud.stream.config.BindersHealthIndicatorAutoConfiguration$BindersHealthContributor$$Lambda$1035/0x0000000100894a88
7090:             1             16  org.springframework.cloud.stream.config.BindersHealthIndicatorAutoConfiguration$BindersHealthContributor$$Lambda$2199/0x0000000100bcf3b8
7091:             1             16  org.springframework.cloud.stream.config.BindersHealthIndicatorAutoConfiguration$BindersHealthIndicatorListener
7092:             1             16  org.springframework.cloud.stream.config.BindingHandlerAdvise
7093:             1             16  org.springframework.cloud.stream.config.BindingServiceConfiguration
7094:             1             16  org.springframework.cloud.stream.config.BindingServiceConfiguration$$Lambda$1566/0x0000000100a00000
7095:             1             16  org.springframework.cloud.stream.config.BindingServiceConfiguration$1
7096:             1             16  org.springframework.cloud.stream.config.BindingsEndpointAutoConfiguration
7097:             1             16  org.springframework.cloud.stream.config.ChannelsEndpointAutoConfiguration
7098:             1             16  org.springframework.cloud.stream.config.ContentTypeConfiguration
7099:             1             16  org.springframework.cloud.stream.config.ContentTypeConfiguration$$Lambda$1551/0x00000001009ed480
7100:             1             16  org.springframework.cloud.stream.config.PollerConfigEnvironmentPostProcessor$$Lambda$683/0x0000000100602a70
7101:             1             16  org.springframework.cloud.stream.config.SpelExpressionConverterConfiguration
7102:             1             16  org.springframework.cloud.stream.config.SpringIntegrationProperties
7103:             1             16  org.springframework.cloud.stream.converter.CompositeMessageConverterFactory$$Lambda$1552/0x00000001009eebc8
7104:             1             16  org.springframework.cloud.stream.function.FunctionConfiguration
7105:             1             16  org.springframework.cloud.stream.function.PollableSourceInitializer
7106:             1             16  org.springframework.cloud.stream.function.StreamFunctionConfigurationProperties
7107:             1             16  org.springframework.cloud.vault.config.VaultAutoConfiguration$$Lambda$1571/0x0000000100a00d40
7108:             1             16  org.springframework.cloud.vault.config.VaultAutoConfiguration$$Lambda$1572/0x0000000100a00f60
7109:             1             16  org.springframework.cloud.vault.config.VaultConfigDataLoader$$Lambda$173/0x0000000100247ba0
7110:             1             16  org.springframework.cloud.vault.config.VaultConfigDataLoader$$Lambda$331/0x0000000100333278
7111:             1             16  org.springframework.cloud.vault.config.VaultConfigDataLoader$$Lambda$332/0x0000000100333498
7112:             1             16  org.springframework.cloud.vault.config.VaultConfigDataLoader$$Lambda$333/0x00000001003336c8
7113:             1             16  org.springframework.cloud.vault.config.VaultConfigDataLoader$$Lambda$338/0x0000000100339110
7114:             1             16  org.springframework.cloud.vault.config.VaultConfigDataLoader$$Lambda$341/0x0000000100339a30
7115:             1             16  org.springframework.cloud.vault.config.VaultConfigDataLoader$$Lambda$343/0x000000010033a650
7116:             1             16  org.springframework.cloud.vault.config.VaultConfigDataLoader$$Lambda$351/0x000000010033cc60
7117:             1             16  org.springframework.cloud.vault.config.VaultConfigDataLoader$$Lambda$352/0x000000010033d0e8
7118:             1             16  org.springframework.cloud.vault.config.VaultConfigDataLoader$$Lambda$437/0x000000010043c2b0
7119:             1             16  org.springframework.cloud.vault.config.VaultConfigDataLoader$ImperativeInfrastructure$$Lambda$336/0x0000000100338ca0
7120:             1             16  org.springframework.cloud.vault.config.VaultConfigDataLoader$ImperativeInfrastructure$$Lambda$339/0x00000001003395a0
7121:             1             16  org.springframework.cloud.vault.config.VaultConfigDataLoader$ImperativeInfrastructure$$Lambda$340/0x00000001003397e8
7122:             1             16  org.springframework.cloud.vault.config.VaultConfigDataLoader$ImperativeInfrastructure$$Lambda$342/0x0000000100339e60
7123:             1             16  org.springframework.cloud.vault.config.VaultConfigDataLoader$ImperativeInfrastructure$$Lambda$391/0x00000001003dbb58
7124:             1             16  org.springframework.cloud.vault.config.VaultConfigDataLoader$NonInitializingClientFactoryWrapper
7125:             1             16  org.springframework.cloud.vault.config.VaultConfigDataLoader$ReactiveInfrastructure$$Lambda$344/0x000000010033b540
7126:             1             16  org.springframework.cloud.vault.config.VaultConfigDataLoader$ReactiveInfrastructure$$Lambda$345/0x000000010033b9c8
7127:             1             16  org.springframework.cloud.vault.config.VaultConfigDataLoader$ReactiveInfrastructure$$Lambda$346/0x000000010033bc10
7128:             1             16  org.springframework.cloud.vault.config.VaultConfigDataLoader$ReactiveInfrastructure$$Lambda$347/0x000000010033be58
7129:             1             16  org.springframework.cloud.vault.config.VaultConfigDataLoader$ReactiveInfrastructure$$Lambda$348/0x000000010033c0a0
7130:             1             16  org.springframework.cloud.vault.config.VaultConfigDataLoader$ReactiveInfrastructure$$Lambda$349/0x000000010033c2e8
7131:             1             16  org.springframework.cloud.vault.config.VaultConfigDataLoader$ReactiveInfrastructure$$Lambda$350/0x000000010033c518
7132:             1             16  org.springframework.cloud.vault.config.VaultConfigDataLoader$ReactiveInfrastructure$$Lambda$388/0x00000001003dac60
7133:             1             16  org.springframework.cloud.vault.config.VaultConfigDataLocationResolver$$Lambda$325/0x000000010032f960
7134:             1             16  org.springframework.cloud.vault.config.VaultHealthIndicatorAutoConfiguration
7135:             1             16  org.springframework.cloud.vault.config.VaultHealthIndicatorConfiguration$$Lambda$1573/0x0000000100a013c0
7136:             1             16  org.springframework.cloud.vault.config.VaultObservationAutoConfiguration
7137:             1             16  org.springframework.cloud.vault.config.VaultReactiveAutoConfiguration$$Lambda$1570/0x0000000100a00b20
7138:             1             16  org.springframework.cloud.vault.config.VaultReactiveAutoConfiguration$ClientHttpConnectorWrapper
7139:             1             16  org.springframework.cloud.vault.config.VaultReactiveHealthIndicator$$Lambda$2206/0x0000000100bd46d0
7140:             1             16  org.springframework.cloud.vault.config.VaultReactiveHealthIndicator$$Lambda$2207/0x0000000100bd4910
7141:             1             16  org.springframework.cloud.vault.config.VaultReactiveHealthIndicator$$Lambda$2208/0x0000000100bd4b50
7142:             1             16  org.springframework.cloud.vault.config.VaultReactiveHealthIndicatorConfiguration$$Lambda$1421/0x0000000100989c40
7143:             1             16  org.springframework.cloud.vault.config.VaultReactiveObservationAutoConfiguration
7144:             1             16  org.springframework.context.annotation.AnnotationBeanNameGenerator
7145:             1             16  org.springframework.context.annotation.AnnotationBeanNameGenerator$$Lambda$840/0x00000001006c5620
7146:             1             16  org.springframework.context.annotation.AnnotationBeanNameGenerator$$Lambda$841/0x00000001006c5860
7147:             1             16  org.springframework.context.annotation.AnnotationBeanNameGenerator$$Lambda$842/0x00000001006c5d00
7148:             1             16  org.springframework.context.annotation.AnnotationBeanNameGenerator$$Lambda$844/0x00000001006c6368
7149:             1             16  org.springframework.context.annotation.AnnotationBeanNameGenerator$$Lambda$847/0x00000001006c6ea8
7150:             1             16  org.springframework.context.annotation.AnnotationBeanNameGenerator$$Lambda$848/0x00000001006c70e8
7151:             1             16  org.springframework.context.annotation.ConfigurationClassEnhancer$BeanFactoryAwareMethodInterceptor
7152:             1             16  org.springframework.context.annotation.ConfigurationClassEnhancer$BeanMethodInterceptor
7153:             1             16  org.springframework.context.annotation.ConfigurationClassParser$$Lambda$865/0x00000001006e9d00
7154:             1             16  org.springframework.context.annotation.ConfigurationClassParser$$Lambda$866/0x00000001006ea170
7155:             1             16  org.springframework.context.annotation.ConfigurationClassParser$$Lambda$878/0x00000001006edd20
7156:             1             16  org.springframework.context.annotation.ConfigurationClassParser$$Lambda$879/0x00000001006edf70
7157:             1             16  org.springframework.context.annotation.ConfigurationClassPostProcessor$$Lambda$863/0x00000001006e8878
7158:             1             16  org.springframework.context.annotation.FullyQualifiedAnnotationBeanNameGenerator
7159:             1             16  org.springframework.context.event.EventListenerMethodProcessor$$Lambda$1798/0x0000000100a6b5c8
7160:             1             16  org.springframework.context.expression.BeanExpressionContextAccessor
7161:             1             16  org.springframework.context.expression.BeanFactoryAccessor
7162:             1             16  org.springframework.context.expression.EnvironmentAccessor
7163:             1             16  org.springframework.context.expression.StandardBeanExpressionResolver$$Lambda$861/0x00000001006e2d40
7164:             1             16  org.springframework.context.index.CandidateComponentsIndexLoader$$Lambda$814/0x000000010068f8d0
7165:             1             16  org.springframework.context.support.DefaultLifecycleProcessor$$Lambda$2084/0x0000000100b7afc8
7166:             1             16  org.springframework.context.support.ResourceBundleMessageSource$MessageSourceControl
7167:             1             16  org.springframework.core.$Proxy75
7168:             1             16  org.springframework.core.$Proxy84
7169:             1             16  org.springframework.core.ReactiveAdapterRegistry
7170:             1             16  org.springframework.core.ReactiveAdapterRegistry$ReactorRegistrar$$Lambda$503/0x000000010047ca30
7171:             1             16  org.springframework.core.ReactiveAdapterRegistry$ReactorRegistrar$$Lambda$504/0x000000010047c400
7172:             1             16  org.springframework.core.ReactiveAdapterRegistry$ReactorRegistrar$$Lambda$505/0x0000000100480000
7173:             1             16  org.springframework.core.ReactiveAdapterRegistry$ReactorRegistrar$$Lambda$506/0x0000000100480240
7174:             1             16  org.springframework.core.ReactiveAdapterRegistry$ReactorRegistrar$$Lambda$507/0x0000000100480460
7175:             1             16  org.springframework.core.ReactiveAdapterRegistry$ReactorRegistrar$$Lambda$508/0x00000001004806a0
7176:             1             16  org.springframework.core.ReactiveAdapterRegistry$ReactorRegistrar$$Lambda$509/0x00000001004808e0
7177:             1             16  org.springframework.core.ReactiveAdapterRegistry$ReactorRegistrar$$Lambda$510/0x0000000100480b00
7178:             1             16  org.springframework.core.ReactiveAdapterRegistry$ReactorRegistrar$$Lambda$511/0x0000000100480d40
7179:             1             16  org.springframework.core.ReactiveAdapterRegistry$ReactorRegistrar$$Lambda$512/0x0000000100481688
7180:             1             16  org.springframework.core.ReactiveAdapterRegistry$ReactorRegistrar$$Lambda$513/0x00000001004818a8
7181:             1             16  org.springframework.core.ReactiveAdapterRegistry$ReactorRegistrar$$Lambda$514/0x0000000100481ae8
7182:             1             16  org.springframework.core.ReactiveAdapterRegistry$ReactorRegistrar$$Lambda$515/0x0000000100481d28
7183:             1             16  org.springframework.core.ReactiveAdapterRegistry$ReactorRegistrar$$Lambda$516/0x0000000100481f48
7184:             1             16  org.springframework.core.ReactiveAdapterRegistry$ReactorRegistrar$$Lambda$517/0x0000000100482188
7185:             1             16  org.springframework.core.ResolvableType$EmptyType
7186:             1             16  org.springframework.core.SortedProperties$$Lambda$304/0x000000010032a848
7187:             1             16  org.springframework.core.annotation.AbstractMergedAnnotation$$Lambda$845/0x00000001006c6808
7188:             1             16  org.springframework.core.annotation.AnnotatedElementUtils$$Lambda$1021/0x000000010087cdf8
7189:             1             16  org.springframework.core.annotation.AnnotatedElementUtils$$Lambda$670/0x00000001005bbaf8
7190:             1             16  org.springframework.core.annotation.AnnotationAwareOrderComparator
7191:             1             16  org.springframework.core.annotation.AnnotationFilter$1
7192:             1             16  org.springframework.core.annotation.AnnotationFilter$2
7193:             1             16  org.springframework.core.annotation.AnnotationTypeMapping$$Lambda$837/0x00000001006b5758
7194:             1             16  org.springframework.core.annotation.AnnotationTypeMapping$$Lambda$839/0x00000001006b9f28
7195:             1             16  org.springframework.core.annotation.AnnotationTypeMapping$$Lambda$90/0x0000000100185d88
7196:             1             16  org.springframework.core.annotation.AnnotationTypeMappings$$Lambda$92/0x0000000100186a38
7197:             1             16  org.springframework.core.annotation.AnnotationUtils$$Lambda$1022/0x000000010087d248
7198:             1             16  org.springframework.core.annotation.AnnotationUtils$$Lambda$1034/0x00000001008945f8
7199:             1             16  org.springframework.core.annotation.AnnotationUtils$$Lambda$1040/0x0000000100896b58
7200:             1             16  org.springframework.core.annotation.AnnotationUtils$$Lambda$1287/0x0000000100937b58
7201:             1             16  org.springframework.core.annotation.AnnotationUtils$$Lambda$1368/0x0000000100978698
7202:             1             16  org.springframework.core.annotation.AnnotationUtils$$Lambda$2184/0x0000000100bc8000
7203:             1             16  org.springframework.core.annotation.AttributeMethods$$Lambda$85/0x0000000100184210
7204:             1             16  org.springframework.core.annotation.AttributeMethods$$Lambda$86/0x00000001001844a8
7205:             1             16  org.springframework.core.annotation.MergedAnnotationCollectors$$Lambda$901/0x00000001006fe208
7206:             1             16  org.springframework.core.annotation.MergedAnnotationCollectors$$Lambda$903/0x00000001006fe660
7207:             1             16  org.springframework.core.annotation.MergedAnnotationSelectors$FirstDirectlyDeclared
7208:             1             16  org.springframework.core.annotation.MergedAnnotationSelectors$Nearest
7209:             1             16  org.springframework.core.annotation.MergedAnnotations$Search$$Lambda$44/0x0000000100124790
7210:             1             16  org.springframework.core.annotation.MergedAnnotations$Search$$Lambda$45/0x00000001001249e0
7211:             1             16  org.springframework.core.annotation.MissingMergedAnnotation
7212:             1             16  org.springframework.core.annotation.RepeatableContainers$NoRepeatableContainers
7213:             1             16  org.springframework.core.annotation.RepeatableContainers$StandardRepeatableContainers
7214:             1             16  org.springframework.core.annotation.RepeatableContainers$StandardRepeatableContainers$$Lambda$87/0x00000001001846e8
7215:             1             16  org.springframework.core.annotation.TypeMappedAnnotation$$Lambda$1041/0x0000000100896ff0
7216:             1             16  org.springframework.core.annotation.TypeMappedAnnotation$$Lambda$853/0x00000001006d6d30
7217:             1             16  org.springframework.core.annotation.TypeMappedAnnotation$$Lambda$893/0x00000001006f1920
7218:             1             16  org.springframework.core.annotation.TypeMappedAnnotation$$Lambda$904/0x00000001006fe8a8
7219:             1             16  org.springframework.core.annotation.TypeMappedAnnotation$$Lambda$93/0x00000001001875a8
7220:             1             16  org.springframework.core.convert.support.GenericConversionService$Converters$$Lambda$108/0x0000000100194888
7221:             1             16  org.springframework.core.env.PropertiesPropertySource$$Lambda$117/0x00000001001a68f8
7222:             1             16  org.springframework.core.env.PropertiesPropertySource$$Lambda$118/0x00000001001a6b48
7223:             1             16  org.springframework.core.io.DefaultResourceLoader$$Lambda$813/0x000000010068eff0
7224:             1             16  org.springframework.core.io.buffer.DataBufferUtils$$Lambda$463/0x000000010046dbc8
7225:             1             16  org.springframework.core.io.buffer.DataBufferUtils$$Lambda$466/0x000000010046e268
7226:             1             16  org.springframework.core.io.buffer.DataBufferUtils$$Lambda$467/0x000000010046e498
7227:             1             16  org.springframework.core.io.buffer.DataBufferUtils$$Lambda$471/0x000000010046f2b8
7228:             1             16  org.springframework.core.io.buffer.DataBufferUtils$$Lambda$472/0x000000010046f4e8
7229:             1             16  org.springframework.core.io.buffer.DataBufferUtils$$Lambda$473/0x000000010046f738
7230:             1             16  org.springframework.core.io.buffer.DataBufferUtils$$Lambda$474/0x000000010046f978
7231:             1             16  org.springframework.core.io.buffer.DefaultDataBuffer$$Lambda$495/0x000000010047b608
7232:             1             16  org.springframework.core.io.buffer.DefaultDataBufferFactory$$Lambda$493/0x000000010047afb8
7233:             1             16  org.springframework.core.io.buffer.DefaultDataBufferFactory$$Lambda$497/0x000000010047ba60
7234:             1             16  org.springframework.core.io.support.DefaultPropertySourceFactory
7235:             1             16  org.springframework.core.io.support.PathMatchingResourcePatternResolver$$Lambda$175/0x0000000100256b98
7236:             1             16  org.springframework.core.io.support.PathMatchingResourcePatternResolver$$Lambda$179/0x0000000100256dd8
7237:             1             16  org.springframework.core.io.support.PathMatchingResourcePatternResolver$$Lambda$887/0x00000001006f4708
7238:             1             16  org.springframework.core.io.support.SpringFactoriesLoader$$Lambda$32/0x0000000100119a40
7239:             1             16  org.springframework.core.io.support.SpringFactoriesLoader$$Lambda$37/0x000000010011e888
7240:             1             16  org.springframework.core.io.support.SpringFactoriesLoader$$Lambda$39/0x000000010011ed00
7241:             1             16  org.springframework.core.io.support.SpringFactoriesLoader$FailureHandler$$Lambda$29/0x00000001001191a8
7242:             1             16  org.springframework.core.io.support.SpringFactoriesLoader$FailureHandler$$Lambda$30/0x00000001001193d8
7243:             1             16  org.springframework.core.io.support.SpringFactoriesLoader$FailureHandler$$Lambda$31/0x0000000100119610
7244:             1             16  org.springframework.core.log.CompositeLog$$Lambda$267/0x00000001002a8438
7245:             1             16  org.springframework.core.metrics.DefaultApplicationStartup
7246:             1             16  org.springframework.core.metrics.DefaultApplicationStartup$DefaultStartupStep
7247:             1             16  org.springframework.core.metrics.DefaultApplicationStartup$DefaultStartupStep$DefaultTags
7248:             1             16  org.springframework.core.type.AnnotatedTypeMetadata$$Lambda$870/0x00000001006ecda0
7249:             1             16  org.springframework.core.type.AnnotatedTypeMetadata$$Lambda$872/0x00000001006ed450
7250:             1             16  org.springframework.core.type.AnnotatedTypeMetadata$$Lambda$876/0x00000001006edb00
7251:             1             16  org.springframework.core.type.AnnotatedTypeMetadata$$Lambda$898/0x00000001006fb518
7252:             1             16  org.springframework.core.type.AnnotatedTypeMetadata$$Lambda$899/0x00000001006fb9c0
7253:             1             16  org.springframework.core.type.AnnotatedTypeMetadata$$Lambda$900/0x00000001006fbc00
7254:             1             16  org.springframework.core.type.AnnotationMetadata$$Lambda$897/0x00000001006fb028
7255:             1             16  org.springframework.core.type.AnnotationMetadata$$Lambda$906/0x00000001006fdd80
7256:             1             16  org.springframework.core.type.AnnotationMetadata$$Lambda$907/0x00000001006fcd20
7257:             1             16  org.springframework.core.type.AnnotationMetadata$$Lambda$908/0x0000000100700340
7258:             1             16  org.springframework.expression.spel.support.ReflectiveMethodResolver$$Lambda$1791/0x0000000100a63988
7259:             1             16  org.springframework.expression.spel.support.ReflectivePropertyAccessor$$Lambda$1789/0x0000000100a62df0
7260:             1             16  org.springframework.expression.spel.support.ReflectivePropertyAccessor$$Lambda$1790/0x0000000100a63030
7261:             1             16  org.springframework.expression.spel.support.SimpleEvaluationContext$$Lambda$1556/0x00000001009f1388
7262:             1             16  org.springframework.expression.spel.support.StandardOperatorOverloader
7263:             1             16  org.springframework.expression.spel.support.StandardTypeComparator
7264:             1             16  org.springframework.expression.spel.support.StandardTypeConverter$$Lambda$1003/0x000000010086d268
7265:             1             16  org.springframework.http.MediaType$$Lambda$232/0x000000010027ec30
7266:             1             16  org.springframework.http.MediaType$1
7267:             1             16  org.springframework.http.ReadOnlyHttpHeaders$$Lambda$498/0x000000010047e8e8
7268:             1             16  org.springframework.http.ReadOnlyHttpHeaders$$Lambda$499/0x000000010047eb28
7269:             1             16  org.springframework.http.ReadOnlyHttpHeaders$$Lambda$500/0x000000010047ed48
7270:             1             16  org.springframework.http.client.ReactorResourceFactory$$Lambda$1637/0x0000000100a106d0
7271:             1             16  org.springframework.http.client.ReactorResourceFactory$$Lambda$1638/0x0000000100a108f0
7272:             1             16  org.springframework.http.client.observation.ClientRequestObservationContext$$Lambda$268/0x00000001002a9850
7273:             1             16  org.springframework.http.client.reactive.ReactorClientHttpConnector$$Lambda$374/0x000000010038b6d0
7274:             1             16  org.springframework.http.client.reactive.ReactorClientHttpRequest$$Lambda$637/0x0000000100591440
7275:             1             16  org.springframework.http.codec.EncoderHttpMessageWriter$$Lambda$419/0x0000000100429080
7276:             1             16  org.springframework.http.codec.EncoderHttpMessageWriter$$Lambda$630/0x000000010058ae48
7277:             1             16  org.springframework.http.codec.EncoderHttpMessageWriter$$Lambda$633/0x0000000100590b98
7278:             1             16  org.springframework.http.codec.multipart.FileStorage$TempFileStorage$$Lambda$417/0x00000001004237e0
7279:             1             16  org.springframework.http.codec.support.BaseDefaultCodecs$$Lambda$422/0x000000010042e7c8
7280:             1             16  org.springframework.http.codec.support.BaseDefaultCodecs$$Lambda$423/0x000000010042ea18
7281:             1             16  org.springframework.http.converter.json.AbstractJackson2HttpMessageConverter$$Lambda$1380/0x0000000100980000
7282:             1             16  org.springframework.http.converter.json.SpringHandlerInstantiator
7283:             1             16  org.springframework.http.server.observation.DefaultServerRequestObservationConvention$$Lambda$1254/0x0000000100912308
7284:             1             16  org.springframework.http.server.observation.ServerRequestObservationContext$$Lambda$2136/0x0000000100baf220
7285:             1             16  org.springframework.integration.channel.MessagePublishingErrorHandler$$Lambda$1788/0x0000000100a65940
7286:             1             16  org.springframework.integration.channel.PublishSubscribeChannel$$Lambda$1793/0x0000000100a61a90
7287:             1             16  org.springframework.integration.config.ConverterRegistrar
7288:             1             16  org.springframework.integration.config.ConverterRegistrar$$Lambda$1797/0x0000000100a6a2f0
7289:             1             16  org.springframework.integration.config.ConverterRegistrar$IntegrationConverterRegistration
7290:             1             16  org.springframework.integration.config.DefaultConfiguringBeanFactoryPostProcessor$$Lambda$963/0x0000000100825bf8
7291:             1             16  org.springframework.integration.config.DefaultConfiguringBeanFactoryPostProcessor$$Lambda$964/0x000000010082a3c0
7292:             1             16  org.springframework.integration.config.IntegrationComponentScanRegistrar$$Lambda$958/0x00000001007e4e80
7293:             1             16  org.springframework.integration.config.IntegrationConfigurationBeanFactoryPostProcessor
7294:             1             16  org.springframework.integration.config.IntegrationConfigurationReport
7295:             1             16  org.springframework.integration.config.IntegrationManagementConfigurer$$Lambda$2064/0x0000000100b72ef8
7296:             1             16  org.springframework.integration.config.IntegrationManagementConfigurer$$Lambda$2065/0x0000000100b73c00
7297:             1             16  org.springframework.integration.config.IntegrationManagementConfigurer$$Lambda$2066/0x0000000100b76000
7298:             1             16  org.springframework.integration.config.MessagingAnnotationBeanPostProcessor$$Lambda$2068/0x0000000100b76460
7299:             1             16  org.springframework.integration.config.MessagingAnnotationBeanPostProcessor$$Lambda$969/0x000000010083c340
7300:             1             16  org.springframework.integration.config.MessagingAnnotationBeanPostProcessor$$Lambda$970/0x000000010083c580
7301:             1             16  org.springframework.integration.config.MessagingAnnotationBeanPostProcessor$$Lambda$973/0x000000010083d050
7302:             1             16  org.springframework.integration.dispatcher.BroadcastingDispatcher$$Lambda$1792/0x0000000100a61618
7303:             1             16  org.springframework.integration.dsl.BaseIntegrationFlowDefinition$ReplyProducerCleaner
7304:             1             16  org.springframework.integration.expression.SpelPropertyAccessorRegistrar
7305:             1             16  org.springframework.integration.handler.LoggingHandler$$Lambda$1794/0x0000000100a68588
7306:             1             16  org.springframework.integration.handler.support.ContinuationHandlerMethodArgumentResolver
7307:             1             16  org.springframework.integration.json.JsonNodeWrapperToJsonNodeConverter
7308:             1             16  org.springframework.integration.json.JsonPropertyAccessor
7309:             1             16  org.springframework.integration.support.MutableMessageBuilderFactory
7310:             1             16  org.springframework.integration.support.management.micrometer.MicrometerMetricsCaptorConfiguration
7311:             1             16  org.springframework.kafka.annotation.KafkaListenerAnnotationBeanPostProcessor$$Lambda$2069/0x0000000100b76bc8
7312:             1             16  org.springframework.kafka.annotation.KafkaListenerAnnotationBeanPostProcessor$ListenerScope
7313:             1             16  org.springframework.kafka.core.DefaultKafkaConsumerFactory$$Lambda$1674/0x0000000100a22d68
7314:             1             16  org.springframework.kafka.core.DefaultKafkaConsumerFactory$$Lambda$1675/0x0000000100a22f88
7315:             1             16  org.springframework.kafka.core.DefaultKafkaProducerFactory$$Lambda$1643/0x0000000100a17830
7316:             1             16  org.springframework.kafka.core.DefaultKafkaProducerFactory$$Lambda$1644/0x0000000100a17a50
7317:             1             16  org.springframework.kafka.core.KafkaAdmin$$Lambda$1332/0x0000000100941bd8
7318:             1             16  org.springframework.kafka.core.KafkaAdmin$$Lambda$1800/0x0000000100a6ba20
7319:             1             16  org.springframework.kafka.core.KafkaAdmin$$Lambda$1801/0x0000000100a6bc70
7320:             1             16  org.springframework.kafka.core.KafkaAdmin$$Lambda$1802/0x0000000100a6beb0
7321:             1             16  org.springframework.kafka.core.KafkaAdmin$$Lambda$1804/0x0000000100a6c590
7322:             1             16  org.springframework.kafka.core.KafkaAdmin$$Lambda$1805/0x0000000100a6c7d0
7323:             1             16  org.springframework.kafka.core.KafkaAdmin$$Lambda$1856/0x0000000100ad0000
7324:             1             16  org.springframework.kafka.core.KafkaTemplate$$Lambda$2070/0x0000000100b76df8
7325:             1             16  org.springframework.kafka.listener.DeadLetterPublishingRecoverer$$Lambda$2124/0x0000000100b8d808
7326:             1             16  org.springframework.kafka.listener.DeadLetterPublishingRecoverer$$Lambda$2125/0x0000000100b8da38
7327:             1             16  org.springframework.kafka.listener.DeadLetterPublishingRecoverer$$Lambda$2129/0x0000000100b8efb0
7328:             1             16  org.springframework.kafka.listener.DeadLetterPublishingRecoverer$$Lambda$2131/0x0000000100b8f418
7329:             1             16  org.springframework.kafka.listener.ExceptionClassifier$$Lambda$2126/0x0000000100b8e0a8
7330:             1             16  org.springframework.kafka.listener.ExceptionClassifier$$Lambda$2127/0x0000000100b8e2e8
7331:             1             16  org.springframework.kafka.support.KafkaUtils$$Lambda$1649/0x0000000100a1a6c0
7332:             1             16  org.springframework.kafka.support.KafkaUtils$$Lambda$1650/0x0000000100a1ab68
7333:             1             16  org.springframework.kafka.support.converter.MessagingMessageConverter$$Lambda$1648/0x0000000100a19e70
7334:             1             16  org.springframework.messaging.converter.CompositeMessageConverter
7335:             1             16  org.springframework.messaging.converter.SimpleMessageConverter
7336:             1             16  org.springframework.messaging.handler.annotation.support.MessageMethodArgumentResolver
7337:             1             16  org.springframework.objenesis.strategy.StdInstantiatorStrategy
7338:             1             16  org.springframework.retry.policy.CompositeRetryPolicy$$Lambda$228/0x0000000100270ac0
7339:             1             16  org.springframework.retry.policy.CompositeRetryPolicy$$Lambda$229/0x0000000100270d00
7340:             1             16  org.springframework.scheduling.support.TaskUtils$LoggingErrorHandler
7341:             1             16  org.springframework.scheduling.support.TaskUtils$PropagatingErrorHandler
7342:             1             16  org.springframework.security.access.expression.DenyAllPermissionEvaluator
7343:             1             16  org.springframework.security.authentication.AuthenticationObservationConvention
7344:             1             16  org.springframework.security.authorization.AuthenticatedAuthorizationManager
7345:             1             16  org.springframework.security.authorization.AuthenticatedAuthorizationManager$AuthenticatedAuthorizationStrategy
7346:             1             16  org.springframework.security.authorization.AuthorizationDecision
7347:             1             16  org.springframework.security.authorization.AuthorizationObservationConvention
7348:             1             16  org.springframework.security.authorization.SpringAuthorizationEventPublisher
7349:             1             16  org.springframework.security.authorization.method.ThrowingMethodAuthorizationDeniedHandler
7350:             1             16  org.springframework.security.config.Customizer$$Lambda$1346/0x000000010095b670
7351:             1             16  org.springframework.security.config.annotation.authentication.configuration.AuthenticationConfiguration$EnableGlobalAuthenticationAutowiredConfigurer
7352:             1             16  org.springframework.security.config.annotation.authentication.configuration.InitializeAuthenticationProviderBeanManagerConfigurer
7353:             1             16  org.springframework.security.config.annotation.authentication.configuration.InitializeUserDetailsBeanManagerConfigurer
7354:             1             16  org.springframework.security.config.annotation.configuration.ObjectPostProcessorConfiguration
7355:             1             16  org.springframework.security.config.annotation.web.builders.FilterOrderRegistration
7356:             1             16  org.springframework.security.config.annotation.web.builders.WebSecurity$$Lambda$1349/0x0000000100968440
7357:             1             16  org.springframework.security.config.annotation.web.builders.WebSecurity$$Lambda$1497/0x00000001009c4fa0
7358:             1             16  org.springframework.security.config.annotation.web.builders.WebSecurity$$Lambda$1499/0x00000001009c5628
7359:             1             16  org.springframework.security.config.annotation.web.configuration.SecurityReactorContextConfiguration
7360:             1             16  org.springframework.security.config.annotation.web.configuration.SecurityReactorContextConfiguration$SecurityReactorContextSubscriberRegistrar$$Lambda$1507/0x00000001009c8900
7361:             1             16  org.springframework.security.config.annotation.web.configuration.SecurityReactorContextConfiguration$SecurityReactorContextSubscriberRegistrar$$Lambda$1508/0x00000001009c8b20
7362:             1             16  org.springframework.security.config.annotation.web.configuration.SecurityReactorContextConfiguration$SecurityReactorContextSubscriberRegistrar$$Lambda$1509/0x00000001009c8d40
7363:             1             16  org.springframework.security.config.annotation.web.configuration.SecurityReactorContextConfiguration$SecurityReactorContextSubscriberRegistrar$$Lambda$1510/0x00000001009c8f68
7364:             1             16  org.springframework.security.config.annotation.web.configuration.SecurityReactorContextConfiguration$SecurityReactorContextSubscriberRegistrar$$Lambda$1512/0x00000001009c9620
7365:             1             16  org.springframework.security.config.annotation.web.configuration.WebMvcSecurityConfiguration$1
7366:             1             16  org.springframework.security.config.annotation.web.configuration.WebSecurityConfiguration$$Lambda$1496/0x00000001009c4d78
7367:             1             16  org.springframework.security.config.annotation.web.configuration.WebSecurityConfiguration$AnnotationAwareOrderComparator
7368:             1             16  org.springframework.security.config.annotation.web.configurers.AuthorizeHttpRequestsConfigurer$$Lambda$1463/0x00000001009a5328
7369:             1             16  org.springframework.security.config.annotation.web.configurers.oauth2.server.resource.OAuth2ResourceServerConfigurer$$Lambda$1491/0x00000001009c2e50
7370:             1             16  org.springframework.security.context.DelegatingApplicationListener
7371:             1             16  org.springframework.security.converter.RsaKeyConverters$$Lambda$998/0x0000000100868d70
7372:             1             16  org.springframework.security.converter.RsaKeyConverters$X509CertificateDecoder
7373:             1             16  org.springframework.security.converter.RsaKeyConverters$X509PemDecoder
7374:             1             16  org.springframework.security.core.context.ThreadLocalSecurityContextHolderStrategy
7375:             1             16  org.springframework.security.oauth2.core.DelegatingOAuth2TokenValidator
7376:             1             16  org.springframework.security.oauth2.core.converter.ObjectToBooleanConverter
7377:             1             16  org.springframework.security.oauth2.core.converter.ObjectToInstantConverter
7378:             1             16  org.springframework.security.oauth2.core.converter.ObjectToListStringConverter
7379:             1             16  org.springframework.security.oauth2.core.converter.ObjectToMapStringObjectConverter
7380:             1             16  org.springframework.security.oauth2.core.converter.ObjectToStringConverter
7381:             1             16  org.springframework.security.oauth2.core.converter.ObjectToURLConverter
7382:             1             16  org.springframework.security.oauth2.jwt.JwtIssuerValidator
7383:             1             16  org.springframework.security.oauth2.jwt.JwtIssuerValidator$$Lambda$1484/0x00000001009bce28
7384:             1             16  org.springframework.security.oauth2.jwt.MappedJwtClaimSetConverter
7385:             1             16  org.springframework.security.oauth2.jwt.MappedJwtClaimSetConverter$$Lambda$1480/0x00000001009bb6a8
7386:             1             16  org.springframework.security.oauth2.jwt.MappedJwtClaimSetConverter$$Lambda$1481/0x00000001009bb8d8
7387:             1             16  org.springframework.security.oauth2.jwt.MappedJwtClaimSetConverter$$Lambda$1482/0x00000001009bbb08
7388:             1             16  org.springframework.security.oauth2.jwt.MappedJwtClaimSetConverter$$Lambda$1483/0x00000001009bbd38
7389:             1             16  org.springframework.security.oauth2.jwt.NimbusJwtDecoder$JwkSetUriJwtDecoderBuilder$$Lambda$1473/0x00000001009af9d0
7390:             1             16  org.springframework.security.oauth2.jwt.NimbusJwtDecoder$JwkSetUriJwtDecoderBuilder$$Lambda$1475/0x00000001009b0000
7391:             1             16  org.springframework.security.oauth2.jwt.NimbusJwtDecoder$JwkSetUriJwtDecoderBuilder$$Lambda$1478/0x00000001009b9f90
7392:             1             16  org.springframework.security.oauth2.jwt.NimbusJwtDecoder$JwkSetUriJwtDecoderBuilder$RestOperationsResourceRetriever
7393:             1             16  org.springframework.security.oauth2.jwt.X509CertificateThumbprintValidator$DefaultX509CertificateSupplier
7394:             1             16  org.springframework.security.oauth2.server.resource.web.BearerTokenAuthenticationEntryPoint
7395:             1             16  org.springframework.security.oauth2.server.resource.web.access.BearerTokenAccessDeniedHandler
7396:             1             16  org.springframework.security.oauth2.server.resource.web.authentication.BearerTokenAuthenticationFilter$$Lambda$1492/0x00000001009c3650
7397:             1             16  org.springframework.security.web.FilterChainProxy$VirtualFilterChainDecorator
7398:             1             16  org.springframework.security.web.ObservationFilterChainDecorator
7399:             1             16  org.springframework.security.web.ObservationFilterChainDecorator$AroundFilterObservation$1
7400:             1             16  org.springframework.security.web.ObservationFilterChainDecorator$FilterObservation$1
7401:             1             16  org.springframework.security.web.PortMapperImpl
7402:             1             16  org.springframework.security.web.PortResolverImpl
7403:             1             16  org.springframework.security.web.access.AccessDeniedHandlerImpl
7404:             1             16  org.springframework.security.web.access.AuthorizationManagerWebInvocationPrivilegeEvaluator$HttpServletRequestTransformer$$Lambda$1498/0x00000001009c5408
7405:             1             16  org.springframework.security.web.access.ExceptionTranslationFilter$DefaultThrowableAnalyzer
7406:             1             16  org.springframework.security.web.access.ExceptionTranslationFilter$DefaultThrowableAnalyzer$$Lambda$1488/0x00000001009bfc20
7407:             1             16  org.springframework.security.web.access.HandlerMappingIntrospectorRequestTransformer
7408:             1             16  org.springframework.security.web.access.intercept.AuthorizationFilter$$Lambda$1490/0x00000001009c2a08
7409:             1             16  org.springframework.security.web.authentication.logout.CompositeLogoutHandler
7410:             1             16  org.springframework.security.web.authentication.logout.LogoutSuccessEventPublishingLogoutHandler
7411:             1             16  org.springframework.security.web.authentication.session.AbstractSessionFixationProtectionStrategy$NullEventPublisher
7412:             1             16  org.springframework.security.web.authentication.ui.DefaultLoginPageGeneratingFilter$$Lambda$1347/0x0000000100965368
7413:             1             16  org.springframework.security.web.authentication.ui.DefaultLogoutPageGeneratingFilter$$Lambda$1348/0x0000000100965e20
7414:             1             16  org.springframework.security.web.bind.support.AuthenticationPrincipalArgumentResolver
7415:             1             16  org.springframework.security.web.context.DelegatingSecurityContextRepository
7416:             1             16  org.springframework.security.web.csrf.CsrfFilter$DefaultRequiresCsrfMatcher
7417:             1             16  org.springframework.security.web.firewall.CompositeRequestRejectedHandler
7418:             1             16  org.springframework.security.web.firewall.ObservationMarkingRequestRejectedHandler
7419:             1             16  org.springframework.security.web.firewall.StrictHttpFirewall$$Lambda$1503/0x00000001009c6a50
7420:             1             16  org.springframework.security.web.firewall.StrictHttpFirewall$$Lambda$1504/0x00000001009c6ca0
7421:             1             16  org.springframework.security.web.firewall.StrictHttpFirewall$$Lambda$1505/0x00000001009c6ef0
7422:             1             16  org.springframework.security.web.firewall.StrictHttpFirewall$$Lambda$1506/0x00000001009c7140
7423:             1             16  org.springframework.security.web.method.annotation.CsrfTokenArgumentResolver
7424:             1             16  org.springframework.security.web.util.ThrowableAnalyzer$$Lambda$1485/0x00000001009bf548
7425:             1             16  org.springframework.security.web.util.ThrowableAnalyzer$$Lambda$1486/0x00000001009bf768
7426:             1             16  org.springframework.security.web.util.ThrowableAnalyzer$$Lambda$1487/0x00000001009bf988
7427:             1             16  org.springframework.security.web.util.matcher.AnyRequestMatcher
7428:             1             16  org.springframework.security.web.util.matcher.OrRequestMatcher
7429:             1             16  org.springframework.util.AlternativeJdkIdGenerator
7430:             1             16  org.springframework.util.ClassUtils$$Lambda$956/0x00000001007db490
7431:             1             16  org.springframework.util.ConcurrentLruCache$WriteOperations
7432:             1             16  org.springframework.util.ConcurrentReferenceHashMap$EntrySet
7433:             1             16  org.springframework.util.DefaultPropertiesPersister
7434:             1             16  org.springframework.util.MimeType$SpecificityComparator
7435:             1             16  org.springframework.util.MimeTypeUtils$$Lambda$257/0x000000010029f680
7436:             1             16  org.springframework.util.MimeTypeUtils$$Lambda$276/0x00000001002bfd28
7437:             1             16  org.springframework.util.MultiValueMapAdapter$$Lambda$59/0x00000001001304c0
7438:             1             16  org.springframework.util.ReflectionUtils$$Lambda$42/0x0000000100121490
7439:             1             16  org.springframework.util.ReflectionUtils$$Lambda$43/0x00000001001218c0
7440:             1             16  org.springframework.validation.beanvalidation.LocaleContextMessageInterpolator
7441:             1             16  org.springframework.validation.beanvalidation.MethodValidationAdapter$$Lambda$1543/0x00000001009e3d78
7442:             1             16  org.springframework.validation.beanvalidation.MethodValidationAdapter$DefaultObjectNameResolver
7443:             1             16  org.springframework.validation.beanvalidation.MethodValidationAdapter$ResultComparator
7444:             1             16  org.springframework.validation.beanvalidation.MethodValidationPostProcessor$$Lambda$1016/0x0000000100870908
7445:             1             16  org.springframework.validation.beanvalidation.MethodValidationPostProcessor$$Lambda$1018/0x0000000100870d70
7446:             1             16  org.springframework.validation.beanvalidation.SpringConstraintValidatorFactory
7447:             1             16  org.springframework.validation.method.EmptyMethodValidationResult
7448:             1             16  org.springframework.vault.authentication.AuthenticationSteps
7449:             1             16  org.springframework.vault.authentication.AuthenticationSteps$Node
7450:             1             16  org.springframework.vault.authentication.AuthenticationStepsOperator$$Lambda$449/0x000000010043fc28
7451:             1             16  org.springframework.vault.authentication.AuthenticationStepsOperator$$Lambda$450/0x0000000100444000
7452:             1             16  org.springframework.vault.authentication.AuthenticationStepsOperator$$Lambda$475/0x000000010046fba8
7453:             1             16  org.springframework.vault.authentication.KubernetesAuthentication$$Lambda$433/0x0000000100434f70
7454:             1             16  org.springframework.vault.authentication.KubernetesServiceAccountTokenFile
7455:             1             16  org.springframework.vault.authentication.ReactiveLifecycleAwareSessionManager$$Lambda$2759/0x0000000100ca5400
7456:             1             16  org.springframework.vault.authentication.ReactiveLifecycleAwareSessionManager$$Lambda$455/0x0000000100444d70
7457:             1             16  org.springframework.vault.authentication.ReactiveLifecycleAwareSessionManager$$Lambda$658/0x000000010059f010
7458:             1             16  org.springframework.vault.client.ReactiveVaultClients$$Lambda$426/0x000000010042f0c8
7459:             1             16  org.springframework.vault.client.ReactiveVaultClients$VaultEndpointProviderAdapter$$Lambda$400/0x00000001003dfd28
7460:             1             16  org.springframework.vault.client.RestTemplateBuilder$$Lambda$370/0x0000000100389450
7461:             1             16  org.springframework.vault.client.RestTemplateBuilder$$Lambda$371/0x0000000100389670
7462:             1             16  org.springframework.vault.client.RestTemplateFactory$$Lambda$392/0x00000001003dbda0
7463:             1             16  org.springframework.vault.client.VaultClients$$Lambda$393/0x00000001003dca48
7464:             1             16  org.springframework.vault.client.WebClientBuilder$$Lambda$398/0x00000001003df2a8
7465:             1             16  org.springframework.vault.client.WebClientBuilder$$Lambda$399/0x00000001003df4c8
7466:             1             16  org.springframework.vault.client.WebClientFactory$$Lambda$397/0x00000001003df078
7467:             1             16  org.springframework.vault.core.ReactiveVaultTemplate$$Lambda$823/0x000000010069f678
7468:             1             16  org.springframework.vault.core.VaultTemplate$$Lambda$438/0x000000010043c4e0
7469:             1             16  org.springframework.vault.core.util.KeyValueDelegate$$Lambda$439/0x000000010043c930
7470:             1             16  org.springframework.vault.support.LeaseStrategy$$Lambda$435/0x000000010043b998
7471:             1             16  org.springframework.vault.support.SslConfiguration$AbsentResource
7472:             1             16  org.springframework.web.accept.ContentNegotiationManager$$Lambda$1541/0x00000001009dbcc0
7473:             1             16  org.springframework.web.accept.MappingMediaTypeFileExtensionResolver$$Lambda$1345/0x000000010094d430
7474:             1             16  org.springframework.web.bind.support.DefaultSessionAttributeStore
7475:             1             16  org.springframework.web.client.RestTemplate$AcceptHeaderRequestCallback$$Lambda$275/0x00000001002bfae8
7476:             1             16  org.springframework.web.context.request.SessionScope
7477:             1             16  org.springframework.web.context.request.async.TimeoutCallableProcessingInterceptor
7478:             1             16  org.springframework.web.context.request.async.TimeoutDeferredResultProcessingInterceptor
7479:             1             16  org.springframework.web.context.support.WebApplicationContextUtils$RequestObjectFactory
7480:             1             16  org.springframework.web.context.support.WebApplicationContextUtils$ResponseObjectFactory
7481:             1             16  org.springframework.web.context.support.WebApplicationContextUtils$SessionObjectFactory
7482:             1             16  org.springframework.web.context.support.WebApplicationContextUtils$WebRequestObjectFactory
7483:             1             16  org.springframework.web.filter.CompositeFilter
7484:             1             16  org.springframework.web.method.annotation.ErrorsMethodArgumentResolver
7485:             1             16  org.springframework.web.method.annotation.HandlerMethodValidator$WebObjectNameResolver
7486:             1             16  org.springframework.web.method.annotation.RequestHeaderMapMethodArgumentResolver
7487:             1             16  org.springframework.web.method.annotation.SessionStatusMethodArgumentResolver
7488:             1             16  org.springframework.web.multipart.support.StandardServletMultipartResolver
7489:             1             16  org.springframework.web.reactive.function.BodyInserters$$Lambda$502/0x000000010047fa30
7490:             1             16  org.springframework.web.reactive.function.BodyInserters$$Lambda$518/0x00000001004823c8
7491:             1             16  org.springframework.web.reactive.function.client.ClientRequestObservationContext$$Lambda$524/0x0000000100484300
7492:             1             16  org.springframework.web.reactive.function.client.DefaultWebClient$$Lambda$432/0x0000000100430eb0
7493:             1             16  org.springframework.web.reactive.function.client.DefaultWebClient$DefaultResponseSpec$$Lambda$519/0x0000000100482b10
7494:             1             16  org.springframework.web.reactive.function.client.DefaultWebClient$DefaultResponseSpec$$Lambda$520/0x0000000100482f60
7495:             1             16  org.springframework.web.reactive.function.client.DefaultWebClientBuilder$$Lambda$431/0x0000000100430000
7496:             1             16  org.springframework.web.reactive.function.client.ExchangeFilterFunction$$Lambda$824/0x000000010069f8c0
7497:             1             16  org.springframework.web.reactive.function.client.WebClientUtils$$Lambda$530/0x0000000100485c80
7498:             1             16  org.springframework.web.servlet.config.annotation.InterceptorRegistry$$Lambda$1351/0x000000010096b920
7499:             1             16  org.springframework.web.servlet.config.annotation.InterceptorRegistry$$Lambda$1352/0x000000010096c9e8
7500:             1             16  org.springframework.web.servlet.config.annotation.WebMvcConfigurerComposite
7501:             1             16  org.springframework.web.servlet.function.support.RouterFunctionMapping$$Lambda$1382/0x0000000100980a78
7502:             1             16  org.springframework.web.servlet.function.support.RouterFunctionMapping$$Lambda$1383/0x0000000100980cb8
7503:             1             16  org.springframework.web.servlet.handler.AbstractHandlerMethodMapping$$Lambda$1369/0x0000000100978b20
7504:             1             16  org.springframework.web.servlet.handler.AbstractHandlerMethodMapping$$Lambda$1370/0x0000000100978d60
7505:             1             16  org.springframework.web.servlet.handler.AbstractHandlerMethodMapping$EmptyHandler
7506:             1             16  org.springframework.web.servlet.handler.ConversionServiceExposingInterceptor
7507:             1             16  org.springframework.web.servlet.handler.HandlerMappingIntrospector$$Lambda$1458/0x000000010099f110
7508:             1             16  org.springframework.web.servlet.handler.HandlerMappingIntrospector$$Lambda$1459/0x000000010099f360
7509:             1             16  org.springframework.web.servlet.handler.HandlerMappingIntrospector$$Lambda$1460/0x000000010099f5a0
7510:             1             16  org.springframework.web.servlet.handler.HandlerMappingIntrospector$$Lambda$1461/0x000000010099fa58
7511:             1             16  org.springframework.web.servlet.handler.HandlerMappingIntrospector$$Lambda$1495/0x00000001009c4b30
7512:             1             16  org.springframework.web.servlet.handler.HandlerMappingIntrospector$CacheResultLogHelper
7513:             1             16  org.springframework.web.servlet.mvc.HttpRequestHandlerAdapter
7514:             1             16  org.springframework.web.servlet.mvc.SimpleControllerHandlerAdapter
7515:             1             16  org.springframework.web.servlet.mvc.condition.ParamsRequestCondition
7516:             1             16  org.springframework.web.servlet.mvc.condition.RequestConditionHolder
7517:             1             16  org.springframework.web.servlet.mvc.method.annotation.AsyncTaskMethodReturnValueHandler
7518:             1             16  org.springframework.web.servlet.mvc.method.annotation.CallableMethodReturnValueHandler
7519:             1             16  org.springframework.web.servlet.mvc.method.annotation.ContinuationHandlerMethodArgumentResolver
7520:             1             16  org.springframework.web.servlet.mvc.method.annotation.DeferredResultMethodReturnValueHandler
7521:             1             16  org.springframework.web.servlet.mvc.method.annotation.HttpHeadersReturnValueHandler
7522:             1             16  org.springframework.web.servlet.mvc.method.annotation.JsonViewRequestBodyAdvice
7523:             1             16  org.springframework.web.servlet.mvc.method.annotation.RequestMappingHandlerAdapter$$Lambda$1527/0x00000001009d0af0
7524:             1             16  org.springframework.web.servlet.mvc.method.annotation.RequestMappingHandlerAdapter$$Lambda$1528/0x00000001009d0d20
7525:             1             16  org.springframework.web.servlet.mvc.method.annotation.RequestMappingHandlerMapping$$Lambda$1357/0x0000000100972c08
7526:             1             16  org.springframework.web.servlet.mvc.method.annotation.RequestMappingHandlerMapping$$Lambda$1358/0x00000001009730b0
7527:             1             16  org.springframework.web.servlet.mvc.method.annotation.RequestMappingHandlerMapping$$Lambda$1359/0x00000001009732f0
7528:             1             16  org.springframework.web.servlet.mvc.method.annotation.RequestMappingHandlerMapping$$Lambda$1360/0x0000000100973540
7529:             1             16  org.springframework.web.servlet.mvc.method.annotation.StreamingResponseBodyReturnValueHandler
7530:             1             16  org.springframework.web.servlet.mvc.method.annotation.UriComponentsBuilderMethodArgumentResolver
7531:             1             16  org.springframework.web.servlet.resource.ResourceUrlProviderExposingInterceptor
7532:             1             16  org.springframework.web.servlet.theme.FixedThemeResolver
7533:             1             16  org.springframework.web.servlet.view.AbstractCachingViewResolver$$Lambda$1544/0x00000001009e7918
7534:             1             16  org.springframework.web.servlet.view.AbstractCachingViewResolver$1
7535:             1             16  org.springframework.web.servlet.view.ContentNegotiatingViewResolver$1
7536:             1             16  org.springframework.web.util.DisconnectedClientHelper
7537:             1             16  org.springframework.web.util.HierarchicalUriComponents$1
7538:             1             16  org.springframework.web.util.ServletRequestPathUtils$$Lambda$2155/0x0000000100bb88f8
7539:             1             16  org.springframework.web.util.pattern.PathPattern$$Lambda$1361/0x0000000100975d80
7540:             1             16  org.springframework.web.util.pattern.PathPattern$$Lambda$1362/0x0000000100975fa0
7541:             1             16  org.springframework.web.util.pattern.PathPattern$$Lambda$1364/0x00000001009761c0
7542:             1             16  org.springframework.web.util.pattern.PathPattern$$Lambda$1365/0x00000001009763e0
7543:             1             16  org.yaml.snakeyaml.constructor.SafeConstructor$ConstructUndefined
7544:             1             16  org.yaml.snakeyaml.external.com.google.gdata.util.common.base.UnicodeEscaper$2
7545:             1             16  org.yaml.snakeyaml.internal.Logger
7546:             1             16  reactor.adapter.JdkFlowAdapter$PublisherAsFlowPublisher
7547:             1             16  reactor.core.publisher.ContextPropagation$$Lambda$2767/0x0000000100ca9e28
7548:             1             16  reactor.core.publisher.ContextPropagation$ContextCaptureNoPredicate
7549:             1             16  reactor.core.publisher.Flux$$Lambda$458/0x0000000100467980
7550:             1             16  reactor.core.publisher.Flux$$Lambda$459/0x0000000100467bb0
7551:             1             16  reactor.core.publisher.Flux$$Lambda$460/0x0000000100467dd0
7552:             1             16  reactor.core.publisher.Flux$$Lambda$461/0x000000010046c000
7553:             1             16  reactor.core.publisher.Flux$$Lambda$462/0x000000010046c220
7554:             1             16  reactor.core.publisher.FluxCreate$BaseSink$$Lambda$483/0x0000000100476410
7555:             1             16  reactor.core.publisher.FluxEmpty
7556:             1             16  reactor.core.publisher.Mono$$Lambda$401/0x00000001004167c0
7557:             1             16  reactor.core.publisher.MonoCacheTime$$Lambda$418/0x0000000100426148
7558:             1             16  reactor.core.publisher.MonoCreate
7559:             1             16  reactor.core.publisher.MonoEmpty
7560:             1             16  reactor.core.publisher.OnNextFailureStrategy$1
7561:             1             16  reactor.core.publisher.OnNextFailureStrategy$ResumeDropStrategy
7562:             1             16  reactor.core.publisher.Operators$1
7563:             1             16  reactor.core.publisher.Operators$CancelledSubscription
7564:             1             16  reactor.core.publisher.Operators$LiftFunction$$Lambda$1511/0x00000001009c93e8
7565:             1             16  reactor.core.publisher.SinksSpecs$DefaultSinksSpecs
7566:             1             16  reactor.core.publisher.SinksSpecs$UnsafeSpecImpl
7567:             1             16  reactor.core.scheduler.BoundedElasticScheduler$BoundedServices$$Lambda$412/0x000000010041b480
7568:             1             16  reactor.core.scheduler.BoundedElasticSchedulerSupplier
7569:             1             16  reactor.core.scheduler.ImmediateScheduler
7570:             1             16  reactor.core.scheduler.Schedulers$$Lambda$403/0x0000000100417668
7571:             1             16  reactor.core.scheduler.Schedulers$$Lambda$404/0x00000001004178a8
7572:             1             16  reactor.core.scheduler.Schedulers$$Lambda$405/0x0000000100417ac8
7573:             1             16  reactor.core.scheduler.Schedulers$$Lambda$406/0x0000000100417d08
7574:             1             16  reactor.core.scheduler.Schedulers$$Lambda$407/0x0000000100418000
7575:             1             16  reactor.core.scheduler.Schedulers$$Lambda$408/0x0000000100418240
7576:             1             16  reactor.core.scheduler.Schedulers$$Lambda$409/0x0000000100418480
7577:             1             16  reactor.core.scheduler.Schedulers$$Lambda$410/0x0000000100418900
7578:             1             16  reactor.core.scheduler.Schedulers$$Lambda$411/0x0000000100418b20
7579:             1             16  reactor.core.scheduler.Schedulers$$Lambda$413/0x000000010041ba20
7580:             1             16  reactor.core.scheduler.Schedulers$1
7581:             1             16  reactor.netty.ByteBufFlux$$Lambda$650/0x000000010059ca88
7582:             1             16  reactor.netty.ReactorNetty$$Lambda$379/0x00000001003bd4b0
7583:             1             16  reactor.netty.ReactorNetty$$Lambda$380/0x00000001003bd6e0
7584:             1             16  reactor.netty.ReactorNetty$$Lambda$381/0x00000001003bd930
7585:             1             16  reactor.netty.ReactorNetty$$Lambda$382/0x00000001003be608
7586:             1             16  reactor.netty.ReactorNetty$$Lambda$383/0x00000001003be858
7587:             1             16  reactor.netty.ReactorNetty$$Lambda$384/0x00000001003d2cd8
7588:             1             16  reactor.netty.ReactorNetty$1
7589:             1             16  reactor.netty.ReactorNetty$2
7590:             1             16  reactor.netty.ReactorNetty$3
7591:             1             16  reactor.netty.ReactorNetty$4
7592:             1             16  reactor.netty.ReactorNetty$5
7593:             1             16  reactor.netty.channel.ChannelOperations$$Lambda$600/0x0000000100542120
7594:             1             16  reactor.netty.channel.FluxReceive$$Lambda$620/0x0000000100586ad8
7595:             1             16  reactor.netty.contextpropagation.ChannelContextAccessor
7596:             1             16  reactor.netty.http.Http2SslContextSpec$$Lambda$564/0x000000010049c0d0
7597:             1             16  reactor.netty.http.HttpOperations$$Lambda$619/0x0000000100586148
7598:             1             16  reactor.netty.http.HttpOperations$$Lambda$639/0x0000000100591c18
7599:             1             16  reactor.netty.http.HttpResources$$Lambda$572/0x00000001004b2260
7600:             1             16  reactor.netty.http.client.Http2StreamBridgeClientHandler
7601:             1             16  reactor.netty.http.client.HttpClientConfig$$Lambda$377/0x00000001003b48d0
7602:             1             16  reactor.netty.http.client.HttpClientConnect
7603:             1             16  reactor.netty.http.client.HttpClientConnect$$Lambda$375/0x00000001003aaf08
7604:             1             16  reactor.netty.http.client.HttpClientConnect$$Lambda$378/0x00000001003bbc00
7605:             1             16  reactor.netty.http.client.HttpClientFinalizer$$Lambda$540/0x000000010048aa48
7606:             1             16  reactor.netty.http.client.HttpClientFinalizer$$Lambda$541/0x000000010048ac88
7607:             1             16  reactor.netty.http.client.HttpClientSecurityUtils$$Lambda$570/0x00000001004b0e28
7608:             1             16  reactor.netty.http.client.HttpConnectionProvider$$Lambda$376/0x00000001003ae838
7609:             1             16  reactor.netty.http.logging.ReactorNettyHttpMessageLogFactory
7610:             1             16  reactor.netty.http.logging.ReactorNettyHttpMessageLogFactory$$Lambda$385/0x00000001003c0a88
7611:             1             16  reactor.netty.http.logging.ReactorNettyHttpMessageLogFactory$$Lambda$386/0x00000001003d8000
7612:             1             16  reactor.netty.http.logging.ReactorNettyHttpMessageLogFactory$$Lambda$387/0x00000001003d8240
7613:             1             16  reactor.netty.internal.shaded.reactor.pool.NoOpPoolMetricsRecorder
7614:             1             16  reactor.netty.internal.shaded.reactor.pool.PoolBuilder$$Lambda$583/0x000000010051f390
7615:             1             16  reactor.netty.internal.shaded.reactor.pool.PoolBuilder$$Lambda$584/0x000000010051f5d0
7616:             1             16  reactor.netty.internal.shaded.reactor.pool.PoolBuilder$$Lambda$585/0x000000010051f820
7617:             1             16  reactor.netty.internal.shaded.reactor.pool.SimpleDequePool$$Lambda$590/0x0000000100521e10
7618:             1             16  reactor.netty.resources.DefaultLoopEpoll
7619:             1             16  reactor.netty.resources.DefaultLoopNIO
7620:             1             16  reactor.netty.resources.DefaultPooledConnectionProvider$PooledConnectionAllocator$$Lambda$580/0x000000010051e9f0
7621:             1             16  reactor.netty.resources.DefaultPooledConnectionProvider$PooledConnectionAllocator$$Lambda$581/0x000000010051ec40
7622:             1             16  reactor.netty.resources.DefaultPooledConnectionProvider$PooledConnectionAllocator$$Lambda$582/0x000000010051ee80
7623:             1             16  reactor.netty.resources.PooledConnectionProvider$PoolFactory$$Lambda$586/0x000000010051fcc0
7624:             1             16  reactor.netty.tcp.TcpResources$$Lambda$571/0x00000001004b2030
7625:             1             16  reactor.netty.tcp.TcpSslContextSpec$$Lambda$569/0x00000001004afd80
7626:             1             16  reactor.netty.transport.TransportConnector$$Lambda$593/0x0000000100526ed0
7627:             1             16  reactor.util.Loggers$Slf4JLoggerFactory
7628:             1             16  reactor.util.concurrent.Queues$$Lambda$484/0x0000000100476848
7629:             1             16  reactor.util.concurrent.Queues$$Lambda$485/0x0000000100476a68
7630:             1             16  reactor.util.concurrent.Queues$$Lambda$486/0x0000000100476c88
7631:             1             16  reactor.util.concurrent.Queues$$Lambda$487/0x0000000100476ea8
7632:             1             16  reactor.util.concurrent.Queues$$Lambda$488/0x00000001004770c8
7633:             1             16  reactor.util.concurrent.Queues$$Lambda$489/0x00000001004772e8
7634:             1             16  reactor.util.concurrent.Queues$$Lambda$490/0x0000000100477cd0
7635:             1             16  reactor.util.context.Context0
7636:             1             16  reactor.util.context.ReactorContextAccessor
7637:             1             16  reactor.util.retry.Retry$$Lambda$556/0x0000000100491f90
7638:             1             16  reactor.util.retry.RetrySpec$$Lambda$553/0x0000000100491900
7639:             1             16  reactor.util.retry.RetrySpec$$Lambda$554/0x0000000100491b30
7640:             1             16  reactor.util.retry.RetrySpec$$Lambda$555/0x0000000100491d60
7641:             1             16  sun.management.ClassLoadingImpl (java.management@17.0.13)
7642:             1             16  sun.management.HotspotThread (java.management@17.0.13)
7643:             1             16  sun.management.ManagementFactoryHelper$$Lambda$1736/0x000000010076d690 (java.management@17.0.13)
7644:             1             16  sun.management.ManagementFactoryHelper$$Lambda$1737/0x000000010076d8d0 (java.management@17.0.13)
7645:             1             16  sun.management.ManagementFactoryHelper$$Lambda$1834/0x0000000100a858a8 (java.management@17.0.13)
7646:             1             16  sun.misc.Unsafe (jdk.unsupported@17.0.13)
7647:             1             16  sun.net.DefaultProgressMeteringPolicy (java.base@17.0.13)
7648:             1             16  sun.net.spi.DefaultProxySelector (java.base@17.0.13)
7649:             1             16  sun.net.www.protocol.http.AuthCacheImpl (java.base@17.0.13)
7650:             1             16  sun.net.www.protocol.jar.JarFileFactory (java.base@17.0.13)
7651:             1             16  sun.nio.ch.DefaultSelectorProvider$$Lambda$574/0x00000001004ccbb8 (java.base@17.0.13)
7652:             1             16  sun.nio.ch.EPollSelectorProvider (java.base@17.0.13)
7653:             1             16  sun.nio.ch.ExtendedSocketOption$1 (java.base@17.0.13)
7654:             1             16  sun.nio.ch.FileChannelImpl$1 (java.base@17.0.13)
7655:             1             16  sun.nio.ch.FileChannelImpl$2 (java.base@17.0.13)
7656:             1             16  sun.nio.ch.FileDispatcherImpl (java.base@17.0.13)
7657:             1             16  sun.nio.ch.Invoker$1 (java.base@17.0.13)
7658:             1             16  sun.nio.ch.Net$1 (java.base@17.0.13)
7659:             1             16  sun.nio.ch.NioSocketImpl$1 (java.base@17.0.13)
7660:             1             16  sun.nio.ch.NioSocketImpl$2 (java.base@17.0.13)
7661:             1             16  sun.nio.ch.ThreadPool$$Lambda$481/0x00000001003ea268 (java.base@17.0.13)
7662:             1             16  sun.nio.ch.Util$1 (java.base@17.0.13)
7663:             1             16  sun.nio.fs.LinuxFileSystemProvider (java.base@17.0.13)
7664:             1             16  sun.nio.fs.NativeBuffers$1 (java.base@17.0.13)
7665:             1             16  sun.reflect.generics.tree.BooleanSignature (java.base@17.0.13)
7666:             1             16  sun.reflect.generics.tree.BottomSignature (java.base@17.0.13)
7667:             1             16  sun.reflect.generics.tree.ByteSignature (java.base@17.0.13)
7668:             1             16  sun.reflect.generics.tree.CharSignature (java.base@17.0.13)
7669:             1             16  sun.reflect.generics.tree.DoubleSignature (java.base@17.0.13)
7670:             1             16  sun.reflect.generics.tree.FloatSignature (java.base@17.0.13)
7671:             1             16  sun.reflect.generics.tree.IntSignature (java.base@17.0.13)
7672:             1             16  sun.reflect.generics.tree.LongSignature (java.base@17.0.13)
7673:             1             16  sun.reflect.generics.tree.ShortSignature (java.base@17.0.13)
7674:             1             16  sun.reflect.generics.tree.VoidDescriptor (java.base@17.0.13)
7675:             1             16  sun.security.ec.XDHKeyAgreement$$Lambda$613/0x00000001005706c0 (jdk.crypto.ec@17.0.13)
7676:             1             16  sun.security.ec.XDHKeyAgreement$$Lambda$614/0x0000000100570900 (jdk.crypto.ec@17.0.13)
7677:             1             16  sun.security.ec.XDHKeyAgreement$$Lambda$615/0x0000000100570b40 (jdk.crypto.ec@17.0.13)
7678:             1             16  sun.security.ec.XDHKeyAgreement$$Lambda$616/0x0000000100570d60 (jdk.crypto.ec@17.0.13)
7679:             1             16  sun.security.ec.XDHKeyFactory$$Lambda$611/0x0000000100570000 (jdk.crypto.ec@17.0.13)
7680:             1             16  sun.security.ec.XDHKeyFactory$$Lambda$612/0x0000000100570240 (jdk.crypto.ec@17.0.13)
7681:             1             16  sun.security.ec.XDHKeyPairGenerator$$Lambda$609/0x00000001004aa150 (jdk.crypto.ec@17.0.13)
7682:             1             16  sun.security.ec.ed.EdDSAParameters$$Lambda$567/0x00000001004a8bb8 (jdk.crypto.ec@17.0.13)
7683:             1             16  sun.security.ec.ed.EdDSAParameters$$Lambda$568/0x00000001004a9580 (jdk.crypto.ec@17.0.13)
7684:             1             16  sun.security.ec.ed.EdDSAParameters$SHA512DigesterFactory (jdk.crypto.ec@17.0.13)
7685:             1             16  sun.security.ec.ed.EdDSAParameters$SHAKE256DigesterFactory (jdk.crypto.ec@17.0.13)
7686:             1             16  sun.security.ec.ed.EdDSASignature$$Lambda$566/0x00000001004a6a88 (jdk.crypto.ec@17.0.13)
7687:             1             16  sun.security.jca.ProviderConfig$ProviderLoader (java.base@17.0.13)
7688:             1             16  sun.security.ssl.Alert$AlertConsumer (java.base@17.0.13)
7689:             1             16  sun.security.ssl.AlpnExtension$$Lambda$608/0x00000001004e1ba8 (java.base@17.0.13)
7690:             1             16  sun.security.ssl.AlpnExtension$AlpnStringizer (java.base@17.0.13)
7691:             1             16  sun.security.ssl.AlpnExtension$CHAlpnAbsence (java.base@17.0.13)
7692:             1             16  sun.security.ssl.AlpnExtension$CHAlpnConsumer (java.base@17.0.13)
7693:             1             16  sun.security.ssl.AlpnExtension$CHAlpnProducer (java.base@17.0.13)
7694:             1             16  sun.security.ssl.CertSignAlgsExtension$CHCertSignatureSchemesConsumer (java.base@17.0.13)
7695:             1             16  sun.security.ssl.CertSignAlgsExtension$CHCertSignatureSchemesProducer (java.base@17.0.13)
7696:             1             16  sun.security.ssl.CertSignAlgsExtension$CHCertSignatureSchemesUpdate (java.base@17.0.13)
7697:             1             16  sun.security.ssl.CertSignAlgsExtension$CRCertSignatureSchemesConsumer (java.base@17.0.13)
7698:             1             16  sun.security.ssl.CertSignAlgsExtension$CRCertSignatureSchemesProducer (java.base@17.0.13)
7699:             1             16  sun.security.ssl.CertSignAlgsExtension$CRCertSignatureSchemesUpdate (java.base@17.0.13)
7700:             1             16  sun.security.ssl.CertSignAlgsExtension$CertSignatureSchemesStringizer (java.base@17.0.13)
7701:             1             16  sun.security.ssl.CertStatusExtension$CHCertStatusReqConsumer (java.base@17.0.13)
7702:             1             16  sun.security.ssl.CertStatusExtension$CHCertStatusReqProducer (java.base@17.0.13)
7703:             1             16  sun.security.ssl.CertStatusExtension$CHCertStatusReqV2Consumer (java.base@17.0.13)
7704:             1             16  sun.security.ssl.CertStatusExtension$CHCertStatusReqV2Producer (java.base@17.0.13)
7705:             1             16  sun.security.ssl.CertStatusExtension$CTCertStatusResponseConsumer (java.base@17.0.13)
7706:             1             16  sun.security.ssl.CertStatusExtension$CTCertStatusResponseProducer (java.base@17.0.13)
7707:             1             16  sun.security.ssl.CertStatusExtension$CertStatusRequestSpec (java.base@17.0.13)
7708:             1             16  sun.security.ssl.CertStatusExtension$CertStatusRequestStringizer (java.base@17.0.13)
7709:             1             16  sun.security.ssl.CertStatusExtension$CertStatusRequestV2Spec (java.base@17.0.13)
7710:             1             16  sun.security.ssl.CertStatusExtension$CertStatusRequestsStringizer (java.base@17.0.13)
7711:             1             16  sun.security.ssl.CertStatusExtension$CertStatusRespStringizer (java.base@17.0.13)
7712:             1             16  sun.security.ssl.CertStatusExtension$SHCertStatusReqConsumer (java.base@17.0.13)
7713:             1             16  sun.security.ssl.CertStatusExtension$SHCertStatusReqProducer (java.base@17.0.13)
7714:             1             16  sun.security.ssl.CertStatusExtension$SHCertStatusReqV2Consumer (java.base@17.0.13)
7715:             1             16  sun.security.ssl.CertStatusExtension$SHCertStatusReqV2Producer (java.base@17.0.13)
7716:             1             16  sun.security.ssl.CertificateAuthoritiesExtension$CHCertificateAuthoritiesConsumer (java.base@17.0.13)
7717:             1             16  sun.security.ssl.CertificateAuthoritiesExtension$CHCertificateAuthoritiesProducer (java.base@17.0.13)
7718:             1             16  sun.security.ssl.CertificateAuthoritiesExtension$CRCertificateAuthoritiesConsumer (java.base@17.0.13)
7719:             1             16  sun.security.ssl.CertificateAuthoritiesExtension$CRCertificateAuthoritiesProducer (java.base@17.0.13)
7720:             1             16  sun.security.ssl.CertificateAuthoritiesExtension$CertificateAuthoritiesStringizer (java.base@17.0.13)
7721:             1             16  sun.security.ssl.CertificateMessage$T12CertificateConsumer (java.base@17.0.13)
7722:             1             16  sun.security.ssl.CertificateMessage$T12CertificateProducer (java.base@17.0.13)
7723:             1             16  sun.security.ssl.CertificateMessage$T13CertificateConsumer (java.base@17.0.13)
7724:             1             16  sun.security.ssl.CertificateMessage$T13CertificateProducer (java.base@17.0.13)
7725:             1             16  sun.security.ssl.CertificateMessage$T13CertificateProducer$$Lambda$618/0x00000001005c9080 (java.base@17.0.13)
7726:             1             16  sun.security.ssl.CertificateRequest$T10CertificateRequestConsumer (java.base@17.0.13)
7727:             1             16  sun.security.ssl.CertificateRequest$T10CertificateRequestProducer (java.base@17.0.13)
7728:             1             16  sun.security.ssl.CertificateRequest$T12CertificateRequestConsumer (java.base@17.0.13)
7729:             1             16  sun.security.ssl.CertificateRequest$T12CertificateRequestProducer (java.base@17.0.13)
7730:             1             16  sun.security.ssl.CertificateRequest$T13CertificateRequestConsumer (java.base@17.0.13)
7731:             1             16  sun.security.ssl.CertificateRequest$T13CertificateRequestProducer (java.base@17.0.13)
7732:             1             16  sun.security.ssl.CertificateStatus$CertificateStatusAbsence (java.base@17.0.13)
7733:             1             16  sun.security.ssl.CertificateStatus$CertificateStatusConsumer (java.base@17.0.13)
7734:             1             16  sun.security.ssl.CertificateStatus$CertificateStatusProducer (java.base@17.0.13)
7735:             1             16  sun.security.ssl.CertificateVerify$S30CertificateVerifyConsumer (java.base@17.0.13)
7736:             1             16  sun.security.ssl.CertificateVerify$S30CertificateVerifyProducer (java.base@17.0.13)
7737:             1             16  sun.security.ssl.CertificateVerify$T10CertificateVerifyConsumer (java.base@17.0.13)
7738:             1             16  sun.security.ssl.CertificateVerify$T10CertificateVerifyProducer (java.base@17.0.13)
7739:             1             16  sun.security.ssl.CertificateVerify$T12CertificateVerifyConsumer (java.base@17.0.13)
7740:             1             16  sun.security.ssl.CertificateVerify$T12CertificateVerifyProducer (java.base@17.0.13)
7741:             1             16  sun.security.ssl.CertificateVerify$T13CertificateVerifyConsumer (java.base@17.0.13)
7742:             1             16  sun.security.ssl.CertificateVerify$T13CertificateVerifyProducer (java.base@17.0.13)
7743:             1             16  sun.security.ssl.ChangeCipherSpec$T10ChangeCipherSpecConsumer (java.base@17.0.13)
7744:             1             16  sun.security.ssl.ChangeCipherSpec$T10ChangeCipherSpecProducer (java.base@17.0.13)
7745:             1             16  sun.security.ssl.ChangeCipherSpec$T13ChangeCipherSpecConsumer (java.base@17.0.13)
7746:             1             16  sun.security.ssl.ClientHello$ClientHelloConsumer (java.base@17.0.13)
7747:             1             16  sun.security.ssl.ClientHello$ClientHelloKickstartProducer (java.base@17.0.13)
7748:             1             16  sun.security.ssl.ClientHello$ClientHelloProducer (java.base@17.0.13)
7749:             1             16  sun.security.ssl.ClientHello$D12ClientHelloConsumer (java.base@17.0.13)
7750:             1             16  sun.security.ssl.ClientHello$D13ClientHelloConsumer (java.base@17.0.13)
7751:             1             16  sun.security.ssl.ClientHello$T12ClientHelloConsumer (java.base@17.0.13)
7752:             1             16  sun.security.ssl.ClientHello$T13ClientHelloConsumer (java.base@17.0.13)
7753:             1             16  sun.security.ssl.ClientKeyExchange$ClientKeyExchangeConsumer (java.base@17.0.13)
7754:             1             16  sun.security.ssl.ClientKeyExchange$ClientKeyExchangeProducer (java.base@17.0.13)
7755:             1             16  sun.security.ssl.CookieExtension$CHCookieConsumer (java.base@17.0.13)
7756:             1             16  sun.security.ssl.CookieExtension$CHCookieProducer (java.base@17.0.13)
7757:             1             16  sun.security.ssl.CookieExtension$CHCookieUpdate (java.base@17.0.13)
7758:             1             16  sun.security.ssl.CookieExtension$CookieStringizer (java.base@17.0.13)
7759:             1             16  sun.security.ssl.CookieExtension$HRRCookieConsumer (java.base@17.0.13)
7760:             1             16  sun.security.ssl.CookieExtension$HRRCookieProducer (java.base@17.0.13)
7761:             1             16  sun.security.ssl.CookieExtension$HRRCookieReproducer (java.base@17.0.13)
7762:             1             16  sun.security.ssl.DummyX509KeyManager (java.base@17.0.13)
7763:             1             16  sun.security.ssl.DummyX509TrustManager (java.base@17.0.13)
7764:             1             16  sun.security.ssl.ECDHClientKeyExchange$ECDHClientKeyExchangeConsumer (java.base@17.0.13)
7765:             1             16  sun.security.ssl.ECDHClientKeyExchange$ECDHClientKeyExchangeProducer (java.base@17.0.13)
7766:             1             16  sun.security.ssl.ECDHClientKeyExchange$ECDHEClientKeyExchangeConsumer (java.base@17.0.13)
7767:             1             16  sun.security.ssl.ECDHClientKeyExchange$ECDHEClientKeyExchangeProducer (java.base@17.0.13)
7768:             1             16  sun.security.ssl.ECDHKeyExchange$ECDHEKAGenerator (java.base@17.0.13)
7769:             1             16  sun.security.ssl.ECDHKeyExchange$ECDHEPossessionGenerator (java.base@17.0.13)
7770:             1             16  sun.security.ssl.ECDHKeyExchange$ECDHEXDHKAGenerator (java.base@17.0.13)
7771:             1             16  sun.security.ssl.ECDHKeyExchange$ECDHKAGenerator (java.base@17.0.13)
7772:             1             16  sun.security.ssl.ECDHServerKeyExchange$ECDHServerKeyExchangeConsumer (java.base@17.0.13)
7773:             1             16  sun.security.ssl.ECDHServerKeyExchange$ECDHServerKeyExchangeProducer (java.base@17.0.13)
7774:             1             16  sun.security.ssl.ECPointFormatsExtension$CHECPointFormatsConsumer (java.base@17.0.13)
7775:             1             16  sun.security.ssl.ECPointFormatsExtension$CHECPointFormatsProducer (java.base@17.0.13)
7776:             1             16  sun.security.ssl.ECPointFormatsExtension$ECPointFormatsSpec (java.base@17.0.13)
7777:             1             16  sun.security.ssl.ECPointFormatsExtension$ECPointFormatsStringizer (java.base@17.0.13)
7778:             1             16  sun.security.ssl.ECPointFormatsExtension$SHECPointFormatsConsumer (java.base@17.0.13)
7779:             1             16  sun.security.ssl.EncryptedExtensions$EncryptedExtensionsConsumer (java.base@17.0.13)
7780:             1             16  sun.security.ssl.EncryptedExtensions$EncryptedExtensionsProducer (java.base@17.0.13)
7781:             1             16  sun.security.ssl.ExtendedMasterSecretExtension$CHExtendedMasterSecretAbsence (java.base@17.0.13)
7782:             1             16  sun.security.ssl.ExtendedMasterSecretExtension$CHExtendedMasterSecretConsumer (java.base@17.0.13)
7783:             1             16  sun.security.ssl.ExtendedMasterSecretExtension$CHExtendedMasterSecretProducer (java.base@17.0.13)
7784:             1             16  sun.security.ssl.ExtendedMasterSecretExtension$ExtendedMasterSecretSpec (java.base@17.0.13)
7785:             1             16  sun.security.ssl.ExtendedMasterSecretExtension$ExtendedMasterSecretStringizer (java.base@17.0.13)
7786:             1             16  sun.security.ssl.ExtendedMasterSecretExtension$SHExtendedMasterSecretAbsence (java.base@17.0.13)
7787:             1             16  sun.security.ssl.ExtendedMasterSecretExtension$SHExtendedMasterSecretConsumer (java.base@17.0.13)
7788:             1             16  sun.security.ssl.ExtendedMasterSecretExtension$SHExtendedMasterSecretProducer (java.base@17.0.13)
7789:             1             16  sun.security.ssl.Finished$S30VerifyDataGenerator (java.base@17.0.13)
7790:             1             16  sun.security.ssl.Finished$T10VerifyDataGenerator (java.base@17.0.13)
7791:             1             16  sun.security.ssl.Finished$T12FinishedConsumer (java.base@17.0.13)
7792:             1             16  sun.security.ssl.Finished$T12FinishedProducer (java.base@17.0.13)
7793:             1             16  sun.security.ssl.Finished$T12VerifyDataGenerator (java.base@17.0.13)
7794:             1             16  sun.security.ssl.Finished$T13FinishedConsumer (java.base@17.0.13)
7795:             1             16  sun.security.ssl.Finished$T13FinishedProducer (java.base@17.0.13)
7796:             1             16  sun.security.ssl.Finished$T13VerifyDataGenerator (java.base@17.0.13)
7797:             1             16  sun.security.ssl.HelloRequest$HelloRequestConsumer (java.base@17.0.13)
7798:             1             16  sun.security.ssl.HelloRequest$HelloRequestKickstartProducer (java.base@17.0.13)
7799:             1             16  sun.security.ssl.HelloRequest$HelloRequestProducer (java.base@17.0.13)
7800:             1             16  sun.security.ssl.HelloVerifyRequest$HelloVerifyRequestConsumer (java.base@17.0.13)
7801:             1             16  sun.security.ssl.HelloVerifyRequest$HelloVerifyRequestProducer (java.base@17.0.13)
7802:             1             16  sun.security.ssl.KeyShareExtension$CHKeyShareConsumer (java.base@17.0.13)
7803:             1             16  sun.security.ssl.KeyShareExtension$CHKeyShareOnTradeAbsence (java.base@17.0.13)
7804:             1             16  sun.security.ssl.KeyShareExtension$CHKeyShareProducer (java.base@17.0.13)
7805:             1             16  sun.security.ssl.KeyShareExtension$CHKeyShareStringizer (java.base@17.0.13)
7806:             1             16  sun.security.ssl.KeyShareExtension$HRRKeyShareConsumer (java.base@17.0.13)
7807:             1             16  sun.security.ssl.KeyShareExtension$HRRKeyShareProducer (java.base@17.0.13)
7808:             1             16  sun.security.ssl.KeyShareExtension$HRRKeyShareReproducer (java.base@17.0.13)
7809:             1             16  sun.security.ssl.KeyShareExtension$HRRKeyShareStringizer (java.base@17.0.13)
7810:             1             16  sun.security.ssl.KeyShareExtension$SHKeyShareAbsence (java.base@17.0.13)
7811:             1             16  sun.security.ssl.KeyShareExtension$SHKeyShareConsumer (java.base@17.0.13)
7812:             1             16  sun.security.ssl.KeyShareExtension$SHKeyShareProducer (java.base@17.0.13)
7813:             1             16  sun.security.ssl.KeyShareExtension$SHKeyShareStringizer (java.base@17.0.13)
7814:             1             16  sun.security.ssl.KeyUpdate$KeyUpdateConsumer (java.base@17.0.13)
7815:             1             16  sun.security.ssl.KeyUpdate$KeyUpdateKickstartProducer (java.base@17.0.13)
7816:             1             16  sun.security.ssl.KeyUpdate$KeyUpdateProducer (java.base@17.0.13)
7817:             1             16  sun.security.ssl.MaxFragExtension$CHMaxFragmentLengthConsumer (java.base@17.0.13)
7818:             1             16  sun.security.ssl.MaxFragExtension$CHMaxFragmentLengthProducer (java.base@17.0.13)
7819:             1             16  sun.security.ssl.MaxFragExtension$EEMaxFragmentLengthConsumer (java.base@17.0.13)
7820:             1             16  sun.security.ssl.MaxFragExtension$EEMaxFragmentLengthProducer (java.base@17.0.13)
7821:             1             16  sun.security.ssl.MaxFragExtension$EEMaxFragmentLengthUpdate (java.base@17.0.13)
7822:             1             16  sun.security.ssl.MaxFragExtension$MaxFragLenStringizer (java.base@17.0.13)
7823:             1             16  sun.security.ssl.MaxFragExtension$SHMaxFragmentLengthConsumer (java.base@17.0.13)
7824:             1             16  sun.security.ssl.MaxFragExtension$SHMaxFragmentLengthProducer (java.base@17.0.13)
7825:             1             16  sun.security.ssl.MaxFragExtension$SHMaxFragmentLengthUpdate (java.base@17.0.13)
7826:             1             16  sun.security.ssl.NamedGroup$ECDHEScheme (java.base@17.0.13)
7827:             1             16  sun.security.ssl.NamedGroup$FFDHEScheme (java.base@17.0.13)
7828:             1             16  sun.security.ssl.NamedGroup$XDHScheme (java.base@17.0.13)
7829:             1             16  sun.security.ssl.NewSessionTicket$T12NewSessionTicketConsumer (java.base@17.0.13)
7830:             1             16  sun.security.ssl.NewSessionTicket$T12NewSessionTicketProducer (java.base@17.0.13)
7831:             1             16  sun.security.ssl.NewSessionTicket$T13NewSessionTicketConsumer (java.base@17.0.13)
7832:             1             16  sun.security.ssl.NewSessionTicket$T13NewSessionTicketProducer (java.base@17.0.13)
7833:             1             16  sun.security.ssl.PreSharedKeyExtension$CHPreSharedKeyConsumer (java.base@17.0.13)
7834:             1             16  sun.security.ssl.PreSharedKeyExtension$CHPreSharedKeyOnLoadAbsence (java.base@17.0.13)
7835:             1             16  sun.security.ssl.PreSharedKeyExtension$CHPreSharedKeyOnTradeAbsence (java.base@17.0.13)
7836:             1             16  sun.security.ssl.PreSharedKeyExtension$CHPreSharedKeyProducer (java.base@17.0.13)
7837:             1             16  sun.security.ssl.PreSharedKeyExtension$CHPreSharedKeyStringizer (java.base@17.0.13)
7838:             1             16  sun.security.ssl.PreSharedKeyExtension$CHPreSharedKeyUpdate (java.base@17.0.13)
7839:             1             16  sun.security.ssl.PreSharedKeyExtension$SHPreSharedKeyAbsence (java.base@17.0.13)
7840:             1             16  sun.security.ssl.PreSharedKeyExtension$SHPreSharedKeyConsumer (java.base@17.0.13)
7841:             1             16  sun.security.ssl.PreSharedKeyExtension$SHPreSharedKeyProducer (java.base@17.0.13)
7842:             1             16  sun.security.ssl.PreSharedKeyExtension$SHPreSharedKeyStringizer (java.base@17.0.13)
7843:             1             16  sun.security.ssl.PskKeyExchangeModesExtension$PskKeyExchangeModesConsumer (java.base@17.0.13)
7844:             1             16  sun.security.ssl.PskKeyExchangeModesExtension$PskKeyExchangeModesOnLoadAbsence (java.base@17.0.13)
7845:             1             16  sun.security.ssl.PskKeyExchangeModesExtension$PskKeyExchangeModesOnTradeAbsence (java.base@17.0.13)
7846:             1             16  sun.security.ssl.PskKeyExchangeModesExtension$PskKeyExchangeModesProducer (java.base@17.0.13)
7847:             1             16  sun.security.ssl.PskKeyExchangeModesExtension$PskKeyExchangeModesSpec (java.base@17.0.13)
7848:             1             16  sun.security.ssl.PskKeyExchangeModesExtension$PskKeyExchangeModesStringizer (java.base@17.0.13)
7849:             1             16  sun.security.ssl.RSAKeyExchange$EphemeralRSAPossessionGenerator (java.base@17.0.13)
7850:             1             16  sun.security.ssl.RSAKeyExchange$RSAKAGenerator (java.base@17.0.13)
7851:             1             16  sun.security.ssl.RandomCookie (java.base@17.0.13)
7852:             1             16  sun.security.ssl.RenegoInfoExtension$CHRenegotiationInfoAbsence (java.base@17.0.13)
7853:             1             16  sun.security.ssl.RenegoInfoExtension$CHRenegotiationInfoConsumer (java.base@17.0.13)
7854:             1             16  sun.security.ssl.RenegoInfoExtension$CHRenegotiationInfoProducer (java.base@17.0.13)
7855:             1             16  sun.security.ssl.RenegoInfoExtension$RenegotiationInfoSpec (java.base@17.0.13)
7856:             1             16  sun.security.ssl.RenegoInfoExtension$RenegotiationInfoStringizer (java.base@17.0.13)
7857:             1             16  sun.security.ssl.RenegoInfoExtension$SHRenegotiationInfoAbsence (java.base@17.0.13)
7858:             1             16  sun.security.ssl.RenegoInfoExtension$SHRenegotiationInfoConsumer (java.base@17.0.13)
7859:             1             16  sun.security.ssl.RenegoInfoExtension$SHRenegotiationInfoProducer (java.base@17.0.13)
7860:             1             16  sun.security.ssl.SSLCipher$T12CC20P1305ReadCipherGenerator (java.base@17.0.13)
7861:             1             16  sun.security.ssl.SSLCipher$T12CC20P1305WriteCipherGenerator (java.base@17.0.13)
7862:             1             16  sun.security.ssl.SSLCipher$T13CC20P1305ReadCipherGenerator (java.base@17.0.13)
7863:             1             16  sun.security.ssl.SSLCipher$T13CC20P1305WriteCipherGenerator (java.base@17.0.13)
7864:             1             16  sun.security.ssl.SSLSocketFactoryImpl (java.base@17.0.13)
7865:             1             16  sun.security.ssl.SSLTrafficKeyDerivation$S30TrafficKeyDerivationGenerator (java.base@17.0.13)
7866:             1             16  sun.security.ssl.SSLTrafficKeyDerivation$T10TrafficKeyDerivationGenerator (java.base@17.0.13)
7867:             1             16  sun.security.ssl.SSLTrafficKeyDerivation$T12TrafficKeyDerivationGenerator (java.base@17.0.13)
7868:             1             16  sun.security.ssl.SSLTrafficKeyDerivation$T13TrafficKeyDerivationGenerator (java.base@17.0.13)
7869:             1             16  sun.security.ssl.ServerHello$ServerHelloConsumer (java.base@17.0.13)
7870:             1             16  sun.security.ssl.ServerHello$T12ServerHelloProducer (java.base@17.0.13)
7871:             1             16  sun.security.ssl.ServerHello$T13HelloRetryRequestProducer (java.base@17.0.13)
7872:             1             16  sun.security.ssl.ServerHello$T13HelloRetryRequestReproducer (java.base@17.0.13)
7873:             1             16  sun.security.ssl.ServerHello$T13ServerHelloProducer (java.base@17.0.13)
7874:             1             16  sun.security.ssl.ServerHelloDone$ServerHelloDoneConsumer (java.base@17.0.13)
7875:             1             16  sun.security.ssl.ServerHelloDone$ServerHelloDoneProducer (java.base@17.0.13)
7876:             1             16  sun.security.ssl.ServerKeyExchange$ServerKeyExchangeConsumer (java.base@17.0.13)
7877:             1             16  sun.security.ssl.ServerKeyExchange$ServerKeyExchangeProducer (java.base@17.0.13)
7878:             1             16  sun.security.ssl.ServerNameExtension$CHServerNameConsumer (java.base@17.0.13)
7879:             1             16  sun.security.ssl.ServerNameExtension$CHServerNameProducer (java.base@17.0.13)
7880:             1             16  sun.security.ssl.ServerNameExtension$CHServerNamesStringizer (java.base@17.0.13)
7881:             1             16  sun.security.ssl.ServerNameExtension$EEServerNameConsumer (java.base@17.0.13)
7882:             1             16  sun.security.ssl.ServerNameExtension$EEServerNameProducer (java.base@17.0.13)
7883:             1             16  sun.security.ssl.ServerNameExtension$SHServerNameConsumer (java.base@17.0.13)
7884:             1             16  sun.security.ssl.ServerNameExtension$SHServerNameProducer (java.base@17.0.13)
7885:             1             16  sun.security.ssl.ServerNameExtension$SHServerNamesSpec (java.base@17.0.13)
7886:             1             16  sun.security.ssl.ServerNameExtension$SHServerNamesStringizer (java.base@17.0.13)
7887:             1             16  sun.security.ssl.SessionTicketExtension$SessionTicketStringizer (java.base@17.0.13)
7888:             1             16  sun.security.ssl.SessionTicketExtension$T12CHSessionTicketConsumer (java.base@17.0.13)
7889:             1             16  sun.security.ssl.SessionTicketExtension$T12CHSessionTicketProducer (java.base@17.0.13)
7890:             1             16  sun.security.ssl.SessionTicketExtension$T12SHSessionTicketConsumer (java.base@17.0.13)
7891:             1             16  sun.security.ssl.SessionTicketExtension$T12SHSessionTicketProducer (java.base@17.0.13)
7892:             1             16  sun.security.ssl.SignatureAlgorithmsExtension$CHSignatureSchemesConsumer (java.base@17.0.13)
7893:             1             16  sun.security.ssl.SignatureAlgorithmsExtension$CHSignatureSchemesOnLoadAbsence (java.base@17.0.13)
7894:             1             16  sun.security.ssl.SignatureAlgorithmsExtension$CHSignatureSchemesOnTradeAbsence (java.base@17.0.13)
7895:             1             16  sun.security.ssl.SignatureAlgorithmsExtension$CHSignatureSchemesProducer (java.base@17.0.13)
7896:             1             16  sun.security.ssl.SignatureAlgorithmsExtension$CHSignatureSchemesUpdate (java.base@17.0.13)
7897:             1             16  sun.security.ssl.SignatureAlgorithmsExtension$CRSignatureSchemesAbsence (java.base@17.0.13)
7898:             1             16  sun.security.ssl.SignatureAlgorithmsExtension$CRSignatureSchemesConsumer (java.base@17.0.13)
7899:             1             16  sun.security.ssl.SignatureAlgorithmsExtension$CRSignatureSchemesProducer (java.base@17.0.13)
7900:             1             16  sun.security.ssl.SignatureAlgorithmsExtension$CRSignatureSchemesUpdate (java.base@17.0.13)
7901:             1             16  sun.security.ssl.SignatureAlgorithmsExtension$SignatureSchemesStringizer (java.base@17.0.13)
7902:             1             16  sun.security.ssl.SupportedGroupsExtension$CHSupportedGroupsConsumer (java.base@17.0.13)
7903:             1             16  sun.security.ssl.SupportedGroupsExtension$CHSupportedGroupsOnTradeAbsence (java.base@17.0.13)
7904:             1             16  sun.security.ssl.SupportedGroupsExtension$CHSupportedGroupsProducer (java.base@17.0.13)
7905:             1             16  sun.security.ssl.SupportedGroupsExtension$EESupportedGroupsConsumer (java.base@17.0.13)
7906:             1             16  sun.security.ssl.SupportedGroupsExtension$EESupportedGroupsProducer (java.base@17.0.13)
7907:             1             16  sun.security.ssl.SupportedGroupsExtension$SupportedGroupsStringizer (java.base@17.0.13)
7908:             1             16  sun.security.ssl.SupportedVersionsExtension$CHSupportedVersionsConsumer (java.base@17.0.13)
7909:             1             16  sun.security.ssl.SupportedVersionsExtension$CHSupportedVersionsProducer (java.base@17.0.13)
7910:             1             16  sun.security.ssl.SupportedVersionsExtension$CHSupportedVersionsStringizer (java.base@17.0.13)
7911:             1             16  sun.security.ssl.SupportedVersionsExtension$HRRSupportedVersionsConsumer (java.base@17.0.13)
7912:             1             16  sun.security.ssl.SupportedVersionsExtension$HRRSupportedVersionsProducer (java.base@17.0.13)
7913:             1             16  sun.security.ssl.SupportedVersionsExtension$HRRSupportedVersionsReproducer (java.base@17.0.13)
7914:             1             16  sun.security.ssl.SupportedVersionsExtension$SHSupportedVersionsConsumer (java.base@17.0.13)
7915:             1             16  sun.security.ssl.SupportedVersionsExtension$SHSupportedVersionsProducer (java.base@17.0.13)
7916:             1             16  sun.security.ssl.XDHKeyExchange$XDHEKAGenerator (java.base@17.0.13)
7917:             1             16  sun.security.util.AlgorithmDecomposer (java.base@17.0.13)
7918:             1             16  sun.security.util.ArrayUtil$$Lambda$610/0x00000001004f7bf0 (java.base@17.0.13)
7919:             1             16  sun.security.util.ByteArrayLexOrder (java.base@17.0.13)
7920:             1             16  sun.security.util.ByteArrayTagOrder (java.base@17.0.13)
7921:             1             16  sun.security.util.HostnameChecker$$Lambda$1870/0x0000000100a96d08 (java.base@17.0.13)
7922:             1             16  sun.security.util.HostnameChecker$$Lambda$1871/0x0000000100a96f58 (java.base@17.0.13)
7923:             1             16  sun.security.util.KeyStoreDelegator$$Lambda$369/0x0000000100370f70 (java.base@17.0.13)
7924:             1             16  sun.security.util.ResourcesMgr$$Lambda$1844/0x0000000100a8b690 (java.base@17.0.13)
7925:             1             16  sun.util.calendar.Gregorian (java.base@17.0.13)
7926:             1             16  sun.util.cldr.CLDRBaseLocaleDataMetaInfo (java.base@17.0.13)
7927:             1             16  sun.util.cldr.CLDRLocaleProviderAdapter$$Lambda$134/0x000000010017dd40 (java.base@17.0.13)
7928:             1             16  sun.util.locale.InternalLocaleBuilder$CaseInsensitiveChar (java.base@17.0.13)
7929:             1             16  sun.util.locale.provider.CalendarDataUtility$CalendarWeekParameterGetter (java.base@17.0.13)
7930:             1             16  sun.util.locale.provider.TimeZoneNameUtility$TimeZoneNameGetter (java.base@17.0.13)
7931:             1             16  sun.util.logging.PlatformLogger (java.base@17.0.13)
7932:             1             16  sun.util.logging.internal.LoggingProviderImpl (java.logging@17.0.13)
7933:             1             16  sun.util.resources.LocaleData$LocaleDataStrategy (java.base@17.0.13)
7934:             1             16  sun.util.resources.cldr.provider.CLDRLocaleDataMetaInfo (jdk.localedata@17.0.13)
7935:             1             16  uk.co.santander.datadomainclientsplitter.config.ConfluentConfig$$Lambda$1333/0x0000000100941e28
7936:             1             16  uk.co.santander.datadomainclientsplitter.config.KafkaConfig$$Lambda$1336/0x0000000100943ac8
7937:             1             16  uk.co.santander.datadomainclientsplitter.config.SecurityConfig$$Lambda$1462/0x00000001009a46d0
7938:             1             16  uk.co.santander.datadomainclientsplitter.config.SecurityConfig$$Lambda$1465/0x00000001009a77d8
7939:             1             16  uk.co.santander.datadomainclientsplitter.config.SecurityConfig$$Lambda$1466/0x00000001009a8258
7940:             1             16  uk.co.santander.datadomainclientsplitter.config.properties.ClientSplitterProperties$$Lambda$1284/0x000000010092bc70
7941:             1             16  uk.co.santander.datadomainclientsplitter.config.properties.ClientSplitterProperties$$Lambda$1286/0x0000000100934238
7942:             1             16  uk.co.santander.datadomainclientsplitter.streamer.ClientSplitterConfluentStreamer$$Lambda$1513/0x00000001009c9868
7943:             1             16  uk.co.santander.datadomainclientsplitter.streamer.ClientSplitterConfluentStreamer$$Lambda$1781/0x0000000100a5cea0
7944:             1             16  uk.co.santander.datadomainclientsplitter.streamer.ClientSplitterConfluentStreamer$$Lambda$1782/0x0000000100a5d770
7945:             1             16  uk.co.santander.datadomainclientsplitter.streamer.ClientSplitterStreamer$$Lambda$1514/0x00000001009c9aa0
7946:             1             16  uk.co.santander.datadomainclientsplitter.streamer.ClientSplitterStreamer$$Lambda$1784/0x0000000100a5e028
7947:             1             16  uk.co.santander.datadomainclientsplitter.streamer.ClientSplitterStreamer$$Lambda$1785/0x0000000100a5e250
7948:             1             16  uk.co.santander.datadomainclientsplitter.streamer.ClientSplitterStreamerCommonConfluent
7949:             1             16  uk.co.santander.datadomainclientsplitter.streamer.ClientSplitterStreamerCommonConfluent$$Lambda$1783/0x0000000100a5dc08
7950:             1             16  uk.co.santander.datadomainclientsplitter.streamer.ClientSplitterStreamerCommonKafka
7951:             1             16  uk.co.santander.datadomainclientsplitter.streamer.ClientSplitterStreamerCommonKafka$$Lambda$1786/0x0000000100a5e470
7952:             1             16  uk.co.santander.datadomainclientsplitter.streamer.ClientSplitterStreamerCommonKafka$$Lambda$2700/0x0000000100c7b410
7953:             1             16  uk.co.santander.datadomainclientsplitter.streamer.ClientSplitterStreamerCommonKafka$$Lambda$2724/0x0000000100c82a08
7954:             1             16  uk.co.santander.datadomainclientsplitter.streamer.ClientSplitterStreamerCommonKafka$$Lambda$2725/0x0000000100c82c48
7955:             1             16  uk.co.santander.datadomainclientsplitter.streamer.ClientSplitterStreamerCommonKafka$$Lambda$2726/0x0000000100c82e88
Total       1106979       89423856
